[0.005s][info][gc,init] CardTable entry size: 512
[0.005s][info][gc     ] Using Serial
[0.010s][info][gc,init] Version: 21.0.6+8-LTS-188 (release)
[0.010s][info][gc,init] CPUs: 12 total, 12 available
[0.010s][info][gc,init] Memory: 32343M
[0.010s][info][gc,init] Large Page Support: Disabled
[0.010s][info][gc,init] NUMA Support: Disabled
[0.010s][info][gc,init] Compressed Oops: Enabled (Zero based)
[0.010s][info][gc,init] Heap Min Capacity: 4G
[0.010s][info][gc,init] Heap Initial Capacity: 4G
[0.010s][info][gc,init] Heap Max Capacity: 4G
[0.010s][info][gc,init] Pre-touch: Disabled
[0.016s][info][gc,metaspace] CDS archive(s) mapped at: [0x000000001b000000-0x000000001bc90000-0x000000001bc90000), size 13172736, SharedBaseAddress: 0x000000001b000000, ArchiveRelocationMode: 1.
[0.016s][info][gc,metaspace] Compressed class space mapped at: 0x000000001c000000-0x000000005c000000, reserved size: 1073741824
[0.016s][info][gc,metaspace] Narrow klass base: 0x000000001b000000, Narrow klass shift: 0, Narrow klass range: 0x100000000
[0.302s][info][gc,start    ] GC(0) Pause Young (Allocation Failure)
[0.568s][info][gc,heap     ] GC(0) DefNew: 1118317K(1258304K)->139666K(1258304K) Eden: 1118317K(1118528K)->0K(1118528K) From: 0K(139776K)->139666K(139776K)
[0.568s][info][gc,heap     ] GC(0) Tenured: 0K(2796224K)->887323K(2796224K)
[0.568s][info][gc,metaspace] GC(0) Metaspace: 742K(896K)->742K(896K) NonClass: 670K(768K)->670K(768K) Class: 72K(128K)->72K(128K)
[0.568s][info][gc          ] GC(0) Pause Young (Allocation Failure) 1092M->1002M(3959M) 265.607ms
[0.568s][info][gc,cpu      ] GC(0) User=0.03s Sys=0.16s Real=0.27s
[0.619s][info][gc,start    ] GC(1) Pause Young (Allocation Failure)
[1.025s][info][gc,heap     ] GC(1) DefNew: 1258194K(1258304K)->139284K(1258304K) Eden: 1118528K(1118528K)->0K(1118528K) From: 139666K(139776K)->139284K(139776K)
[1.025s][info][gc,heap     ] GC(1) Tenured: 887323K(2796224K)->1971134K(2796224K)
[1.025s][info][gc,metaspace] GC(1) Metaspace: 744K(896K)->744K(896K) NonClass: 671K(768K)->671K(768K) Class: 72K(128K)->72K(128K)
[1.025s][info][gc          ] GC(1) Pause Young (Allocation Failure) 2095M->2060M(3959M) 405.701ms
[1.025s][info][gc,cpu      ] GC(1) User=0.05s Sys=0.22s Real=0.41s
[1.100s][info][gc,start    ] GC(2) Pause Young (Allocation Failure)
[1.100s][info][gc          ] GC(2) Pause Young (Allocation Failure) 3153M->3153M(3959M) 0.063ms
[1.100s][info][gc,cpu      ] GC(2) User=0.00s Sys=0.00s Real=0.00s
[1.100s][info][gc,start    ] GC(3) Pause Full (Allocation Failure)
[1.100s][info][gc,phases,start] GC(3) Phase 1: Mark live objects
[1.102s][info][gc,phases      ] GC(3) Phase 1: Mark live objects 1.338ms
[1.102s][info][gc,phases,start] GC(3) Phase 2: Compute new object addresses
[1.102s][info][gc,phases      ] GC(3) Phase 2: Compute new object addresses 0.430ms
[1.102s][info][gc,phases,start] GC(3) Phase 3: Adjust pointers
[1.103s][info][gc,phases      ] GC(3) Phase 3: Adjust pointers 0.444ms
[1.103s][info][gc,phases,start] GC(3) Phase 4: Move objects
[1.152s][info][gc,phases      ] GC(3) Phase 4: Move objects 49.440ms
[1.153s][info][gc,heap        ] GC(3) DefNew: 1257812K(1258304K)->0K(1258304K) Eden: 1118528K(1118528K)->0K(1118528K) From: 139284K(139776K)->0K(139776K)
[1.153s][info][gc,heap        ] GC(3) Tenured: 1971134K(2796224K)->666543K(2796224K)
[1.153s][info][gc,metaspace   ] GC(3) Metaspace: 744K(896K)->744K(896K) NonClass: 671K(768K)->671K(768K) Class: 72K(128K)->72K(128K)
[1.153s][info][gc             ] GC(3) Pause Full (Allocation Failure) 3153M->650M(3959M) 52.163ms
[1.153s][info][gc,cpu         ] GC(3) User=0.06s Sys=0.00s Real=0.05s
[1.194s][info][gc,start       ] GC(4) Pause Young (Allocation Failure)
[1.282s][info][gc,heap        ] GC(4) DefNew: 1118528K(1258304K)->139268K(1258304K) Eden: 1118528K(1118528K)->0K(1118528K) From: 0K(139776K)->139268K(139776K)
[1.282s][info][gc,heap        ] GC(4) Tenured: 666543K(2796224K)->1629644K(2796224K)
[1.282s][info][gc,metaspace   ] GC(4) Metaspace: 744K(896K)->744K(896K) NonClass: 671K(768K)->671K(768K) Class: 72K(128K)->72K(128K)
[1.282s][info][gc             ] GC(4) Pause Young (Allocation Failure) 1743M->1727M(3959M) 87.773ms
[1.282s][info][gc,cpu         ] GC(4) User=0.06s Sys=0.00s Real=0.09s
[1.348s][info][gc,start       ] GC(5) Pause Young (Allocation Failure)
[1.375s][info][gc,heap        ] GC(5) DefNew: 1257774K(1258304K)->139268K(1258304K) Eden: 1118506K(1118528K)->0K(1118528K) From: 139268K(139776K)->139268K(139776K)
[1.375s][info][gc,heap        ] GC(5) Tenured: 1629644K(2796224K)->1816018K(2796224K)
[1.375s][info][gc,metaspace   ] GC(5) Metaspace: 744K(896K)->744K(896K) NonClass: 671K(768K)->671K(768K) Class: 72K(128K)->72K(128K)
[1.375s][info][gc             ] GC(5) Pause Young (Allocation Failure) 2819M->1909M(3959M) 26.400ms
[1.375s][info][gc,cpu         ] GC(5) User=0.00s Sys=0.00s Real=0.03s
[1.423s][info][gc,start       ] GC(6) Pause Young (Allocation Failure)
[1.423s][info][gc             ] GC(6) Pause Young (Allocation Failure) 3001M->3001M(3959M) 0.073ms
[1.423s][info][gc,cpu         ] GC(6) User=0.00s Sys=0.00s Real=0.00s
[1.423s][info][gc,start       ] GC(7) Pause Full (Allocation Failure)
[1.423s][info][gc,phases,start] GC(7) Phase 1: Mark live objects
[1.425s][info][gc,phases      ] GC(7) Phase 1: Mark live objects 1.231ms
[1.425s][info][gc,phases,start] GC(7) Phase 2: Compute new object addresses
[1.426s][info][gc,phases      ] GC(7) Phase 2: Compute new object addresses 0.932ms
[1.426s][info][gc,phases,start] GC(7) Phase 3: Adjust pointers
[1.426s][info][gc,phases      ] GC(7) Phase 3: Adjust pointers 0.498ms
[1.426s][info][gc,phases,start] GC(7) Phase 4: Move objects
[1.537s][info][gc,phases      ] GC(7) Phase 4: Move objects 111.020ms
[1.537s][info][gc,heap        ] GC(7) DefNew: 1257292K(1258304K)->0K(1258304K) Eden: 1118024K(1118528K)->0K(1118528K) From: 139268K(139776K)->0K(139776K)
[1.537s][info][gc,heap        ] GC(7) Tenured: 1816018K(2796224K)->1577418K(2796224K)
[1.537s][info][gc,metaspace   ] GC(7) Metaspace: 744K(896K)->744K(896K) NonClass: 671K(768K)->671K(768K) Class: 72K(128K)->72K(128K)
[1.537s][info][gc             ] GC(7) Pause Full (Allocation Failure) 3001M->1540M(3959M) 114.005ms
[1.537s][info][gc,cpu         ] GC(7) User=0.05s Sys=0.00s Real=0.12s
[1.579s][info][gc,start       ] GC(8) Pause Young (Allocation Failure)
[1.889s][info][gc,heap        ] GC(8) DefNew: 1118528K(1258304K)->139268K(1258304K) Eden: 1118528K(1118528K)->0K(1118528K) From: 0K(139776K)->139268K(139776K)
[1.889s][info][gc,heap        ] GC(8) Tenured: 1577418K(2796224K)->2554344K(2796224K)
[1.889s][info][gc,metaspace   ] GC(8) Metaspace: 744K(896K)->744K(896K) NonClass: 671K(768K)->671K(768K) Class: 72K(128K)->72K(128K)
[1.889s][info][gc             ] GC(8) Pause Young (Allocation Failure) 2632M->2630M(3959M) 309.828ms
[1.889s][info][gc,cpu         ] GC(8) User=0.06s Sys=0.20s Real=0.31s
[1.972s][info][gc,start       ] GC(9) Pause Young (Allocation Failure)
[1.972s][info][gc             ] GC(9) Pause Young (Allocation Failure) 3722M->3722M(3959M) 0.065ms
[1.972s][info][gc,cpu         ] GC(9) User=0.00s Sys=0.00s Real=0.00s
[1.972s][info][gc,start       ] GC(10) Pause Full (Allocation Failure)
[1.972s][info][gc,phases,start] GC(10) Phase 1: Mark live objects
[1.973s][info][gc,phases      ] GC(10) Phase 1: Mark live objects 0.897ms
[1.973s][info][gc,phases,start] GC(10) Phase 2: Compute new object addresses
[1.973s][info][gc,phases      ] GC(10) Phase 2: Compute new object addresses 0.435ms
[1.973s][info][gc,phases,start] GC(10) Phase 3: Adjust pointers
[1.974s][info][gc,phases      ] GC(10) Phase 3: Adjust pointers 0.555ms
[1.974s][info][gc,phases,start] GC(10) Phase 4: Move objects
[2.058s][info][gc,phases      ] GC(10) Phase 4: Move objects 84.129ms
[2.058s][info][gc,heap        ] GC(10) DefNew: 1257796K(1258304K)->0K(1258304K) Eden: 1118528K(1118528K)->0K(1118528K) From: 139268K(139776K)->0K(139776K)
[2.058s][info][gc,heap        ] GC(10) Tenured: 2554344K(2796224K)->1244096K(2796224K)
[2.058s][info][gc,metaspace   ] GC(10) Metaspace: 744K(896K)->744K(896K) NonClass: 671K(768K)->671K(768K) Class: 72K(128K)->72K(128K)
[2.058s][info][gc             ] GC(10) Pause Full (Allocation Failure) 3722M->1214M(3959M) 86.658ms
[2.058s][info][gc,cpu         ] GC(10) User=0.05s Sys=0.00s Real=0.09s
[2.114s][info][gc,start       ] GC(11) Pause Young (Allocation Failure)
[2.216s][info][gc,heap        ] GC(11) DefNew: 1118528K(1258304K)->139268K(1258304K) Eden: 1118528K(1118528K)->0K(1118528K) From: 0K(139776K)->139268K(139776K)
[2.216s][info][gc,heap        ] GC(11) Tenured: 1244096K(2796224K)->2216926K(2796224K)
[2.216s][info][gc,metaspace   ] GC(11) Metaspace: 744K(896K)->744K(896K) NonClass: 671K(768K)->671K(768K) Class: 72K(128K)->72K(128K)
[2.216s][info][gc             ] GC(11) Pause Young (Allocation Failure) 2307M->2300M(3959M) 102.024ms
[2.216s][info][gc,cpu         ] GC(11) User=0.05s Sys=0.00s Real=0.10s
[2.282s][info][gc,start       ] GC(12) Pause Young (Allocation Failure)
[2.282s][info][gc             ] GC(12) Pause Young (Allocation Failure) 3393M->3393M(3959M) 0.070ms
[2.282s][info][gc,cpu         ] GC(12) User=0.00s Sys=0.00s Real=0.00s
[2.282s][info][gc,start       ] GC(13) Pause Full (Allocation Failure)
[2.282s][info][gc,phases,start] GC(13) Phase 1: Mark live objects
[2.283s][info][gc,phases      ] GC(13) Phase 1: Mark live objects 1.024ms
[2.283s][info][gc,phases,start] GC(13) Phase 2: Compute new object addresses
[2.283s][info][gc,phases      ] GC(13) Phase 2: Compute new object addresses 0.357ms
[2.283s][info][gc,phases,start] GC(13) Phase 3: Adjust pointers
[2.284s][info][gc,phases      ] GC(13) Phase 3: Adjust pointers 0.450ms
[2.284s][info][gc,phases,start] GC(13) Phase 4: Move objects
[2.343s][info][gc,phases      ] GC(13) Phase 4: Move objects 59.172ms
[2.343s][info][gc,heap        ] GC(13) DefNew: 1257796K(1258304K)->0K(1258304K) Eden: 1118528K(1118528K)->0K(1118528K) From: 139268K(139776K)->0K(139776K)
[2.343s][info][gc,heap        ] GC(13) Tenured: 2216926K(2796224K)->770994K(2796224K)
[2.343s][info][gc,metaspace   ] GC(13) Metaspace: 744K(896K)->744K(896K) NonClass: 671K(768K)->671K(768K) Class: 72K(128K)->72K(128K)
[2.343s][info][gc             ] GC(13) Pause Full (Allocation Failure) 3393M->752M(3959M) 61.330ms
[2.343s][info][gc,cpu         ] GC(13) User=0.02s Sys=0.00s Real=0.06s
[2.385s][info][gc,start       ] GC(14) Pause Young (Allocation Failure)
[2.468s][info][gc,heap        ] GC(14) DefNew: 1118528K(1258304K)->139268K(1258304K) Eden: 1118528K(1118528K)->0K(1118528K) From: 0K(139776K)->139268K(139776K)
[2.468s][info][gc,heap        ] GC(14) Tenured: 770994K(2796224K)->1740751K(2796224K)
[2.468s][info][gc,metaspace   ] GC(14) Metaspace: 744K(896K)->744K(896K) NonClass: 671K(768K)->671K(768K) Class: 72K(128K)->72K(128K)
[2.468s][info][gc             ] GC(14) Pause Young (Allocation Failure) 1845M->1835M(3959M) 82.988ms
[2.468s][info][gc,cpu         ] GC(14) User=0.08s Sys=0.00s Real=0.08s
[2.535s][info][gc,start       ] GC(15) Pause Young (Allocation Failure)
[2.535s][info][gc             ] GC(15) Pause Young (Allocation Failure) 2928M->2928M(3959M) 0.081ms
[2.535s][info][gc,cpu         ] GC(15) User=0.00s Sys=0.00s Real=0.00s
[2.535s][info][gc,start       ] GC(16) Pause Full (Allocation Failure)
[2.535s][info][gc,phases,start] GC(16) Phase 1: Mark live objects
[2.536s][info][gc,phases      ] GC(16) Phase 1: Mark live objects 0.893ms
[2.536s][info][gc,phases,start] GC(16) Phase 2: Compute new object addresses
[2.537s][info][gc,phases      ] GC(16) Phase 2: Compute new object addresses 0.297ms
[2.537s][info][gc,phases,start] GC(16) Phase 3: Adjust pointers
[2.537s][info][gc,phases      ] GC(16) Phase 3: Adjust pointers 0.340ms
[2.537s][info][gc,phases,start] GC(16) Phase 4: Move objects
[2.569s][info][gc,phases      ] GC(16) Phase 4: Move objects 32.093ms
[2.569s][info][gc,heap        ] GC(16) DefNew: 1257796K(1258304K)->0K(1258304K) Eden: 1118528K(1118528K)->0K(1118528K) From: 139268K(139776K)->0K(139776K)
[2.569s][info][gc,heap        ] GC(16) Tenured: 1740751K(2796224K)->431015K(2796224K)
[2.569s][info][gc,metaspace   ] GC(16) Metaspace: 744K(896K)->744K(896K) NonClass: 671K(768K)->671K(768K) Class: 72K(128K)->72K(128K)
[2.569s][info][gc             ] GC(16) Pause Full (Allocation Failure) 2928M->420M(3959M) 33.931ms
[2.569s][info][gc,cpu         ] GC(16) User=0.03s Sys=0.00s Real=0.03s
[2.610s][info][gc,start       ] GC(17) Pause Young (Allocation Failure)
[2.694s][info][gc,heap        ] GC(17) DefNew: 1118528K(1258304K)->139268K(1258304K) Eden: 1118528K(1118528K)->0K(1118528K) From: 0K(139776K)->139268K(139776K)
[2.694s][info][gc,heap        ] GC(17) Tenured: 431015K(2796224K)->1400261K(2796224K)
[2.694s][info][gc,metaspace   ] GC(17) Metaspace: 744K(896K)->744K(896K) NonClass: 671K(768K)->671K(768K) Class: 72K(128K)->72K(128K)
[2.694s][info][gc             ] GC(17) Pause Young (Allocation Failure) 1513M->1503M(3959M) 83.524ms
[2.694s][info][gc,cpu         ] GC(17) User=0.08s Sys=0.00s Real=0.08s
[2.754s][info][gc,start       ] GC(18) Pause Young (Allocation Failure)
[2.761s][info][gc,heap        ] GC(18) DefNew: 1257796K(1258304K)->88066K(1258304K) Eden: 1118528K(1118528K)->0K(1118528K) From: 139268K(139776K)->88066K(139776K)
[2.761s][info][gc,heap        ] GC(18) Tenured: 1400261K(2796224K)->1400261K(2796224K)
[2.761s][info][gc,metaspace   ] GC(18) Metaspace: 744K(896K)->744K(896K) NonClass: 671K(768K)->671K(768K) Class: 72K(128K)->72K(128K)
[2.761s][info][gc             ] GC(18) Pause Young (Allocation Failure) 2595M->1453M(3959M) 6.803ms
[2.761s][info][gc,cpu         ] GC(18) User=0.00s Sys=0.00s Real=0.01s
[2.802s][info][gc,start       ] GC(19) Pause Young (Allocation Failure)
[2.889s][info][gc,heap        ] GC(19) DefNew: 1206594K(1258304K)->139268K(1258304K) Eden: 1118528K(1118528K)->0K(1118528K) From: 88066K(139776K)->139268K(139776K)
[2.889s][info][gc,heap        ] GC(19) Tenured: 1400261K(2796224K)->2458597K(2796224K)
[2.889s][info][gc,metaspace   ] GC(19) Metaspace: 744K(896K)->744K(896K) NonClass: 671K(768K)->671K(768K) Class: 72K(128K)->72K(128K)
[2.889s][info][gc             ] GC(19) Pause Young (Allocation Failure) 2545M->2536M(3959M) 87.460ms
[2.889s][info][gc,cpu         ] GC(19) User=0.06s Sys=0.00s Real=0.09s
[2.929s][info][gc,start       ] GC(20) Pause Young (Allocation Failure)
[2.929s][info][gc             ] GC(20) Pause Young (Allocation Failure) 3629M->3629M(3959M) 0.065ms
[2.929s][info][gc,cpu         ] GC(20) User=0.00s Sys=0.00s Real=0.00s
[2.929s][info][gc,start       ] GC(21) Pause Full (Allocation Failure)
[2.929s][info][gc,phases,start] GC(21) Phase 1: Mark live objects
[2.930s][info][gc,phases      ] GC(21) Phase 1: Mark live objects 0.872ms
[2.930s][info][gc,phases,start] GC(21) Phase 2: Compute new object addresses
[2.931s][info][gc,phases      ] GC(21) Phase 2: Compute new object addresses 0.423ms
[2.931s][info][gc,phases,start] GC(21) Phase 3: Adjust pointers
[2.931s][info][gc,phases      ] GC(21) Phase 3: Adjust pointers 0.500ms
[2.931s][info][gc,phases,start] GC(21) Phase 4: Move objects
[3.098s][info][gc,phases      ] GC(21) Phase 4: Move objects 167.121ms
[3.098s][info][gc,heap        ] GC(21) DefNew: 1257796K(1258304K)->0K(1258304K) Eden: 1118528K(1118528K)->0K(1118528K) From: 139268K(139776K)->0K(139776K)
[3.098s][info][gc,heap        ] GC(21) Tenured: 2458597K(2796224K)->2308065K(2796224K)
[3.098s][info][gc,metaspace   ] GC(21) Metaspace: 744K(896K)->744K(896K) NonClass: 671K(768K)->671K(768K) Class: 72K(128K)->72K(128K)
[3.099s][info][gc             ] GC(21) Pause Full (Allocation Failure) 3629M->2253M(3959M) 169.267ms
[3.099s][info][gc,cpu         ] GC(21) User=0.16s Sys=0.00s Real=0.17s
[3.158s][info][gc,start       ] GC(22) Pause Young (Allocation Failure)
[3.158s][info][gc             ] GC(22) Pause Young (Allocation Failure) 3346M->3346M(3959M) 0.072ms
[3.158s][info][gc,cpu         ] GC(22) User=0.00s Sys=0.00s Real=0.00s
[3.158s][info][gc,start       ] GC(23) Pause Full (Allocation Failure)
[3.158s][info][gc,phases,start] GC(23) Phase 1: Mark live objects
[3.159s][info][gc,phases      ] GC(23) Phase 1: Mark live objects 0.791ms
[3.159s][info][gc,phases,start] GC(23) Phase 2: Compute new object addresses
[3.160s][info][gc,phases      ] GC(23) Phase 2: Compute new object addresses 0.356ms
[3.160s][info][gc,phases,start] GC(23) Phase 3: Adjust pointers
[3.160s][info][gc,phases      ] GC(23) Phase 3: Adjust pointers 0.383ms
[3.160s][info][gc,phases,start] GC(23) Phase 4: Move objects
[3.223s][info][gc,phases      ] GC(23) Phase 4: Move objects 63.429ms
[3.224s][info][gc,heap        ] GC(23) DefNew: 1118528K(1258304K)->0K(1258304K) Eden: 1118528K(1118528K)->0K(1118528K) From: 0K(139776K)->0K(139776K)
[3.224s][info][gc,heap        ] GC(23) Tenured: 2308065K(2796224K)->857524K(2796224K)
[3.224s][info][gc,metaspace   ] GC(23) Metaspace: 744K(896K)->744K(896K) NonClass: 671K(768K)->671K(768K) Class: 72K(128K)->72K(128K)
[3.224s][info][gc             ] GC(23) Pause Full (Allocation Failure) 3346M->837M(3959M) 65.308ms
[3.224s][info][gc,cpu         ] GC(23) User=0.06s Sys=0.00s Real=0.07s
[3.265s][info][gc,start       ] GC(24) Pause Young (Allocation Failure)
[3.348s][info][gc,heap        ] GC(24) DefNew: 1118528K(1258304K)->139268K(1258304K) Eden: 1118528K(1118528K)->0K(1118528K) From: 0K(139776K)->139268K(139776K)
[3.348s][info][gc,heap        ] GC(24) Tenured: 857524K(2796224K)->1827794K(2796224K)
[3.348s][info][gc,metaspace   ] GC(24) Metaspace: 744K(896K)->744K(896K) NonClass: 671K(768K)->671K(768K) Class: 72K(128K)->72K(128K)
[3.348s][info][gc             ] GC(24) Pause Young (Allocation Failure) 1929M->1920M(3959M) 83.314ms
[3.349s][info][gc,cpu         ] GC(24) User=0.05s Sys=0.03s Real=0.08s
[3.411s][info][gc,start       ] GC(25) Pause Young (Allocation Failure)
[3.412s][info][gc             ] GC(25) Pause Young (Allocation Failure) 3013M->3013M(3959M) 0.070ms
[3.412s][info][gc,cpu         ] GC(25) User=0.00s Sys=0.00s Real=0.00s
[3.412s][info][gc,start       ] GC(26) Pause Full (Allocation Failure)
[3.412s][info][gc,phases,start] GC(26) Phase 1: Mark live objects
[3.412s][info][gc,phases      ] GC(26) Phase 1: Mark live objects 0.758ms
[3.412s][info][gc,phases,start] GC(26) Phase 2: Compute new object addresses
[3.413s][info][gc,phases      ] GC(26) Phase 2: Compute new object addresses 0.283ms
[3.413s][info][gc,phases,start] GC(26) Phase 3: Adjust pointers
[3.413s][info][gc,phases      ] GC(26) Phase 3: Adjust pointers 0.268ms
[3.413s][info][gc,phases,start] GC(26) Phase 4: Move objects
[3.450s][info][gc,phases      ] GC(26) Phase 4: Move objects 37.254ms
[3.450s][info][gc,heap        ] GC(26) DefNew: 1257796K(1258304K)->0K(1258304K) Eden: 1118528K(1118528K)->0K(1118528K) From: 139268K(139776K)->0K(139776K)
[3.450s][info][gc,heap        ] GC(26) Tenured: 1827794K(2796224K)->518570K(2796224K)
[3.450s][info][gc,metaspace   ] GC(26) Metaspace: 744K(896K)->744K(896K) NonClass: 671K(768K)->671K(768K) Class: 72K(128K)->72K(128K)
[3.450s][info][gc             ] GC(26) Pause Full (Allocation Failure) 3013M->506M(3959M) 38.859ms
[3.450s][info][gc,cpu         ] GC(26) User=0.03s Sys=0.00s Real=0.04s
[3.492s][info][gc,start       ] GC(27) Pause Young (Allocation Failure)
[3.575s][info][gc,heap        ] GC(27) DefNew: 1118528K(1258304K)->139268K(1258304K) Eden: 1118528K(1118528K)->0K(1118528K) From: 0K(139776K)->139268K(139776K)
[3.575s][info][gc,heap        ] GC(27) Tenured: 518570K(2796224K)->1487815K(2796224K)
[3.575s][info][gc,metaspace   ] GC(27) Metaspace: 744K(896K)->744K(896K) NonClass: 671K(768K)->671K(768K) Class: 72K(128K)->72K(128K)
[3.575s][info][gc             ] GC(27) Pause Young (Allocation Failure) 1598M->1588M(3959M) 82.624ms
[3.575s][info][gc,cpu         ] GC(27) User=0.03s Sys=0.00s Real=0.08s
[3.632s][info][gc,start       ] GC(28) Pause Young (Allocation Failure)
[3.645s][info][gc,heap        ] GC(28) DefNew: 1257796K(1258304K)->139268K(1258304K) Eden: 1118528K(1118528K)->0K(1118528K) From: 139268K(139776K)->139268K(139776K)
[3.645s][info][gc,heap        ] GC(28) Tenured: 1487815K(2796224K)->1523657K(2796224K)
[3.645s][info][gc,metaspace   ] GC(28) Metaspace: 744K(896K)->744K(896K) NonClass: 671K(768K)->671K(768K) Class: 72K(128K)->72K(128K)
[3.645s][info][gc             ] GC(28) Pause Young (Allocation Failure) 2681M->1623M(3959M) 13.149ms
[3.645s][info][gc,cpu         ] GC(28) User=0.02s Sys=0.00s Real=0.01s
[3.685s][info][gc,start       ] GC(29) Pause Young (Allocation Failure)
[3.799s][info][gc,heap        ] GC(29) DefNew: 1257796K(1258304K)->139268K(1258304K) Eden: 1118528K(1118528K)->0K(1118528K) From: 139268K(139776K)->139268K(139776K)
[3.799s][info][gc,heap        ] GC(29) Tenured: 1523657K(2796224K)->2634730K(2796224K)
[3.799s][info][gc,metaspace   ] GC(29) Metaspace: 744K(896K)->744K(896K) NonClass: 671K(768K)->671K(768K) Class: 72K(128K)->72K(128K)
[3.799s][info][gc             ] GC(29) Pause Young (Allocation Failure) 2716M->2708M(3959M) 113.156ms
[3.799s][info][gc,cpu         ] GC(29) User=0.09s Sys=0.02s Real=0.11s
[3.840s][info][gc,start       ] GC(30) Pause Young (Allocation Failure)
[3.840s][info][gc             ] GC(30) Pause Young (Allocation Failure) 3801M->3801M(3959M) 0.057ms
[3.840s][info][gc,cpu         ] GC(30) User=0.00s Sys=0.00s Real=0.00s
[3.840s][info][gc,start       ] GC(31) Pause Full (Allocation Failure)
[3.840s][info][gc,phases,start] GC(31) Phase 1: Mark live objects
[3.841s][info][gc,phases      ] GC(31) Phase 1: Mark live objects 0.889ms
[3.841s][info][gc,phases,start] GC(31) Phase 2: Compute new object addresses
[3.842s][info][gc,phases      ] GC(31) Phase 2: Compute new object addresses 0.500ms
[3.842s][info][gc,phases,start] GC(31) Phase 3: Adjust pointers
[3.842s][info][gc,phases      ] GC(31) Phase 3: Adjust pointers 0.464ms
[3.842s][info][gc,phases,start] GC(31) Phase 4: Move objects
[4.002s][info][gc,phases      ] GC(31) Phase 4: Move objects 159.601ms
[4.002s][info][gc,heap        ] GC(31) DefNew: 1257796K(1258304K)->0K(1258304K) Eden: 1118528K(1118528K)->0K(1118528K) From: 139268K(139776K)->0K(139776K)
[4.002s][info][gc,heap        ] GC(31) Tenured: 2634730K(2796224K)->2395619K(2796224K)
[4.002s][info][gc,metaspace   ] GC(31) Metaspace: 744K(896K)->744K(896K) NonClass: 671K(768K)->671K(768K) Class: 72K(128K)->72K(128K)
[4.002s][info][gc             ] GC(31) Pause Full (Allocation Failure) 3801M->2339M(3959M) 161.903ms
[4.002s][info][gc,cpu         ] GC(31) User=0.14s Sys=0.00s Real=0.16s
[4.064s][info][gc,start       ] GC(32) Pause Young (Allocation Failure)
[4.064s][info][gc             ] GC(32) Pause Young (Allocation Failure) 3431M->3431M(3959M) 0.065ms
[4.064s][info][gc,cpu         ] GC(32) User=0.00s Sys=0.00s Real=0.00s
[4.064s][info][gc,start       ] GC(33) Pause Full (Allocation Failure)
[4.064s][info][gc,phases,start] GC(33) Phase 1: Mark live objects
[4.065s][info][gc,phases      ] GC(33) Phase 1: Mark live objects 0.865ms
[4.065s][info][gc,phases,start] GC(33) Phase 2: Compute new object addresses
[4.066s][info][gc,phases      ] GC(33) Phase 2: Compute new object addresses 0.391ms
[4.066s][info][gc,phases,start] GC(33) Phase 3: Adjust pointers
[4.066s][info][gc,phases      ] GC(33) Phase 3: Adjust pointers 0.449ms
[4.066s][info][gc,phases,start] GC(33) Phase 4: Move objects
[4.135s][info][gc,phases      ] GC(33) Phase 4: Move objects 68.478ms
[4.135s][info][gc,heap        ] GC(33) DefNew: 1118528K(1258304K)->0K(1258304K) Eden: 1118528K(1118528K)->0K(1118528K) From: 0K(139776K)->0K(139776K)
[4.135s][info][gc,heap        ] GC(33) Tenured: 2395619K(2796224K)->945079K(2796224K)
[4.135s][info][gc,metaspace   ] GC(33) Metaspace: 744K(896K)->744K(896K) NonClass: 671K(768K)->671K(768K) Class: 72K(128K)->72K(128K)
[4.135s][info][gc             ] GC(33) Pause Full (Allocation Failure) 3431M->922M(3959M) 70.508ms
[4.135s][info][gc,cpu         ] GC(33) User=0.05s Sys=0.00s Real=0.07s
[4.175s][info][gc,start       ] GC(34) Pause Young (Allocation Failure)
[4.252s][info][gc,heap        ] GC(34) DefNew: 1118528K(1258304K)->139268K(1258304K) Eden: 1118528K(1118528K)->0K(1118528K) From: 0K(139776K)->139268K(139776K)
[4.252s][info][gc,heap        ] GC(34) Tenured: 945079K(2796224K)->1915349K(2796224K)
[4.252s][info][gc,metaspace   ] GC(34) Metaspace: 744K(896K)->744K(896K) NonClass: 671K(768K)->671K(768K) Class: 72K(128K)->72K(128K)
[4.252s][info][gc             ] GC(34) Pause Young (Allocation Failure) 2015M->2006M(3959M) 77.194ms
[4.252s][info][gc,cpu         ] GC(34) User=0.08s Sys=0.00s Real=0.08s
[4.316s][info][gc,start       ] GC(35) Pause Young (Allocation Failure)
[4.316s][info][gc             ] GC(35) Pause Young (Allocation Failure) 3098M->3098M(3959M) 0.075ms
[4.316s][info][gc,cpu         ] GC(35) User=0.00s Sys=0.00s Real=0.00s
[4.316s][info][gc,start       ] GC(36) Pause Full (Allocation Failure)
[4.316s][info][gc,phases,start] GC(36) Phase 1: Mark live objects
[4.317s][info][gc,phases      ] GC(36) Phase 1: Mark live objects 0.920ms
[4.317s][info][gc,phases,start] GC(36) Phase 2: Compute new object addresses
[4.317s][info][gc,phases      ] GC(36) Phase 2: Compute new object addresses 0.407ms
[4.317s][info][gc,phases,start] GC(36) Phase 3: Adjust pointers
[4.318s][info][gc,phases      ] GC(36) Phase 3: Adjust pointers 0.452ms
[4.318s][info][gc,phases,start] GC(36) Phase 4: Move objects
[4.361s][info][gc,phases      ] GC(36) Phase 4: Move objects 43.418ms
[4.361s][info][gc,heap        ] GC(36) DefNew: 1257796K(1258304K)->0K(1258304K) Eden: 1118528K(1118528K)->0K(1118528K) From: 139268K(139776K)->0K(139776K)
[4.361s][info][gc,heap        ] GC(36) Tenured: 1915349K(2796224K)->604077K(2796224K)
[4.361s][info][gc,metaspace   ] GC(36) Metaspace: 744K(896K)->744K(896K) NonClass: 671K(768K)->671K(768K) Class: 72K(128K)->72K(128K)
[4.361s][info][gc             ] GC(36) Pause Full (Allocation Failure) 3098M->589M(3959M) 45.496ms
[4.361s][info][gc,cpu         ] GC(36) User=0.05s Sys=0.00s Real=0.05s
[4.404s][info][gc,start       ] GC(37) Pause Young (Allocation Failure)
[4.486s][info][gc,heap        ] GC(37) DefNew: 1118528K(1258304K)->139268K(1258304K) Eden: 1118528K(1118528K)->0K(1118528K) From: 0K(139776K)->139268K(139776K)
[4.486s][info][gc,heap        ] GC(37) Tenured: 604077K(2796224K)->1574346K(2796224K)
[4.486s][info][gc,metaspace   ] GC(37) Metaspace: 744K(896K)->744K(896K) NonClass: 671K(768K)->671K(768K) Class: 72K(128K)->72K(128K)
[4.486s][info][gc             ] GC(37) Pause Young (Allocation Failure) 1682M->1673M(3959M) 82.192ms
[4.486s][info][gc,cpu         ] GC(37) User=0.05s Sys=0.00s Real=0.08s
[4.553s][info][gc,start       ] GC(38) Pause Young (Allocation Failure)
[4.553s][info][gc             ] GC(38) Pause Young (Allocation Failure) 2765M->2765M(3959M) 0.060ms
[4.553s][info][gc,cpu         ] GC(38) User=0.00s Sys=0.00s Real=0.00s
[4.553s][info][gc,start       ] GC(39) Pause Full (Allocation Failure)
[4.553s][info][gc,phases,start] GC(39) Phase 1: Mark live objects
[4.554s][info][gc,phases      ] GC(39) Phase 1: Mark live objects 0.880ms
[4.554s][info][gc,phases,start] GC(39) Phase 2: Compute new object addresses
[4.554s][info][gc,phases      ] GC(39) Phase 2: Compute new object addresses 0.488ms
[4.554s][info][gc,phases,start] GC(39) Phase 3: Adjust pointers
[4.555s][info][gc,phases      ] GC(39) Phase 3: Adjust pointers 0.467ms
[4.555s][info][gc,phases,start] GC(39) Phase 4: Move objects
[4.573s][info][gc,phases      ] GC(39) Phase 4: Move objects 18.779ms
[4.574s][info][gc,heap        ] GC(39) DefNew: 1257796K(1258304K)->0K(1258304K) Eden: 1118528K(1118528K)->0K(1118528K) From: 139268K(139776K)->0K(139776K)
[4.574s][info][gc,heap        ] GC(39) Tenured: 1574346K(2796224K)->257954K(2796224K)
[4.574s][info][gc,metaspace   ] GC(39) Metaspace: 753K(896K)->753K(896K) NonClass: 681K(768K)->681K(768K) Class: 72K(128K)->72K(128K)
[4.574s][info][gc             ] GC(39) Pause Full (Allocation Failure) 2765M->251M(3959M) 20.959ms
[4.574s][info][gc,cpu         ] GC(39) User=0.00s Sys=0.00s Real=0.02s
[4.619s][info][gc,start       ] GC(40) Pause Young (Allocation Failure)
[4.702s][info][gc,heap        ] GC(40) DefNew: 1118528K(1258304K)->139268K(1258304K) Eden: 1118528K(1118528K)->0K(1118528K) From: 0K(139776K)->139268K(139776K)
[4.702s][info][gc,heap        ] GC(40) Tenured: 257954K(2796224K)->1230272K(2796224K)
[4.702s][info][gc,metaspace   ] GC(40) Metaspace: 753K(896K)->753K(896K) NonClass: 681K(768K)->681K(768K) Class: 72K(128K)->72K(128K)
[4.702s][info][gc             ] GC(40) Pause Young (Allocation Failure) 1344M->1337M(3959M) 83.553ms
[4.702s][info][gc,cpu         ] GC(40) User=0.08s Sys=0.00s Real=0.08s
[4.749s][info][gc,start       ] GC(41) Pause Young (Allocation Failure)
[4.849s][info][gc,heap        ] GC(41) DefNew: 1257796K(1258304K)->139268K(1258304K) Eden: 1118528K(1118528K)->0K(1118528K) From: 139268K(139776K)->139268K(139776K)
[4.849s][info][gc,heap        ] GC(41) Tenured: 1230272K(2796224K)->2340322K(2796224K)
[4.849s][info][gc,metaspace   ] GC(41) Metaspace: 753K(896K)->753K(896K) NonClass: 681K(768K)->681K(768K) Class: 72K(128K)->72K(128K)
[4.849s][info][gc             ] GC(41) Pause Young (Allocation Failure) 2429M->2421M(3959M) 100.352ms
[4.849s][info][gc,cpu         ] GC(41) User=0.03s Sys=0.00s Real=0.10s
[4.912s][info][gc,start       ] GC(42) Pause Young (Allocation Failure)
[4.912s][info][gc             ] GC(42) Pause Young (Allocation Failure) 3513M->3513M(3959M) 0.069ms
[4.912s][info][gc,cpu         ] GC(42) User=0.00s Sys=0.00s Real=0.00s
[4.912s][info][gc,start       ] GC(43) Pause Full (Allocation Failure)
[4.912s][info][gc,phases,start] GC(43) Phase 1: Mark live objects
[4.913s][info][gc,phases      ] GC(43) Phase 1: Mark live objects 0.892ms
[4.913s][info][gc,phases,start] GC(43) Phase 2: Compute new object addresses
[4.914s][info][gc,phases      ] GC(43) Phase 2: Compute new object addresses 0.386ms
[4.914s][info][gc,phases,start] GC(43) Phase 3: Adjust pointers
[4.914s][info][gc,phases      ] GC(43) Phase 3: Adjust pointers 0.498ms
[4.914s][info][gc,phases,start] GC(43) Phase 4: Move objects
[4.993s][info][gc,phases      ] GC(43) Phase 4: Move objects 78.541ms
[4.993s][info][gc,heap        ] GC(43) DefNew: 1257796K(1258304K)->0K(1258304K) Eden: 1118528K(1118528K)->0K(1118528K) From: 139268K(139776K)->0K(139776K)
[4.993s][info][gc,heap        ] GC(43) Tenured: 2340322K(2796224K)->1031098K(2796224K)
[4.993s][info][gc,metaspace   ] GC(43) Metaspace: 753K(896K)->753K(896K) NonClass: 681K(768K)->681K(768K) Class: 72K(128K)->72K(128K)
[4.993s][info][gc             ] GC(43) Pause Full (Allocation Failure) 3513M->1006M(3959M) 80.646ms
[4.993s][info][gc,cpu         ] GC(43) User=0.02s Sys=0.00s Real=0.08s
[5.040s][info][gc,start       ] GC(44) Pause Young (Allocation Failure)
[5.118s][info][gc,heap        ] GC(44) DefNew: 1118528K(1258304K)->139268K(1258304K) Eden: 1118528K(1118528K)->0K(1118528K) From: 0K(139776K)->139268K(139776K)
[5.118s][info][gc,heap        ] GC(44) Tenured: 1031098K(2796224K)->2002903K(2796224K)
[5.118s][info][gc,metaspace   ] GC(44) Metaspace: 753K(896K)->753K(896K) NonClass: 681K(768K)->681K(768K) Class: 72K(128K)->72K(128K)
[5.118s][info][gc             ] GC(44) Pause Young (Allocation Failure) 2099M->2091M(3959M) 77.981ms
[5.118s][info][gc,cpu         ] GC(44) User=0.02s Sys=0.00s Real=0.08s
[5.179s][info][gc,start       ] GC(45) Pause Young (Allocation Failure)
[5.179s][info][gc             ] GC(45) Pause Young (Allocation Failure) 3184M->3184M(3959M) 0.073ms
[5.179s][info][gc,cpu         ] GC(45) User=0.00s Sys=0.00s Real=0.00s
[5.179s][info][gc,start       ] GC(46) Pause Full (Allocation Failure)
[5.179s][info][gc,phases,start] GC(46) Phase 1: Mark live objects
[5.180s][info][gc,phases      ] GC(46) Phase 1: Mark live objects 0.896ms
[5.180s][info][gc,phases,start] GC(46) Phase 2: Compute new object addresses
[5.180s][info][gc,phases      ] GC(46) Phase 2: Compute new object addresses 0.338ms
[5.180s][info][gc,phases,start] GC(46) Phase 3: Adjust pointers
[5.180s][info][gc,phases      ] GC(46) Phase 3: Adjust pointers 0.373ms
[5.180s][info][gc,phases,start] GC(46) Phase 4: Move objects
[5.229s][info][gc,phases      ] GC(46) Phase 4: Move objects 48.639ms
[5.229s][info][gc,heap        ] GC(46) DefNew: 1257796K(1258304K)->0K(1258304K) Eden: 1118528K(1118528K)->0K(1118528K) From: 139268K(139776K)->0K(139776K)
[5.229s][info][gc,heap        ] GC(46) Tenured: 2002903K(2796224K)->689583K(2796224K)
[5.229s][info][gc,metaspace   ] GC(46) Metaspace: 753K(896K)->753K(896K) NonClass: 681K(768K)->681K(768K) Class: 72K(128K)->72K(128K)
[5.229s][info][gc             ] GC(46) Pause Full (Allocation Failure) 3184M->673M(3959M) 50.591ms
[5.229s][info][gc,cpu         ] GC(46) User=0.00s Sys=0.00s Real=0.05s
[5.283s][info][gc,start       ] GC(47) Pause Young (Allocation Failure)
[5.370s][info][gc,heap        ] GC(47) DefNew: 1118528K(1258304K)->139268K(1258304K) Eden: 1118528K(1118528K)->0K(1118528K) From: 0K(139776K)->139268K(139776K)
[5.370s][info][gc,heap        ] GC(47) Tenured: 689583K(2796224K)->1659341K(2796224K)
[5.370s][info][gc,metaspace   ] GC(47) Metaspace: 753K(896K)->753K(896K) NonClass: 681K(768K)->681K(768K) Class: 72K(128K)->72K(128K)
[5.370s][info][gc             ] GC(47) Pause Young (Allocation Failure) 1765M->1756M(3959M) 87.087ms
[5.370s][info][gc,cpu         ] GC(47) User=0.00s Sys=0.00s Real=0.09s
[5.430s][info][gc,start       ] GC(48) Pause Young (Allocation Failure)
[5.430s][info][gc             ] GC(48) Pause Young (Allocation Failure) 2848M->2848M(3959M) 0.069ms
[5.430s][info][gc,cpu         ] GC(48) User=0.00s Sys=0.00s Real=0.00s
[5.430s][info][gc,start       ] GC(49) Pause Full (Allocation Failure)
[5.430s][info][gc,phases,start] GC(49) Phase 1: Mark live objects
[5.431s][info][gc,phases      ] GC(49) Phase 1: Mark live objects 0.950ms
[5.431s][info][gc,phases,start] GC(49) Phase 2: Compute new object addresses
[5.432s][info][gc,phases      ] GC(49) Phase 2: Compute new object addresses 0.335ms
[5.432s][info][gc,phases,start] GC(49) Phase 3: Adjust pointers
[5.432s][info][gc,phases      ] GC(49) Phase 3: Adjust pointers 0.432ms
[5.432s][info][gc,phases,start] GC(49) Phase 4: Move objects
[5.456s][info][gc,phases      ] GC(49) Phase 4: Move objects 24.199ms
[5.456s][info][gc,heap        ] GC(49) DefNew: 1257796K(1258304K)->0K(1258304K) Eden: 1118528K(1118528K)->0K(1118528K) From: 139268K(139776K)->0K(139776K)
[5.456s][info][gc,heap        ] GC(49) Tenured: 1659341K(2796224K)->348069K(2796224K)
[5.456s][info][gc,metaspace   ] GC(49) Metaspace: 753K(896K)->753K(896K) NonClass: 681K(768K)->681K(768K) Class: 72K(128K)->72K(128K)
[5.456s][info][gc             ] GC(49) Pause Full (Allocation Failure) 2848M->339M(3959M) 26.239ms
[5.457s][info][gc,cpu         ] GC(49) User=0.00s Sys=0.00s Real=0.03s
[5.503s][info][gc,start       ] GC(50) Pause Young (Allocation Failure)
[5.578s][info][gc,heap        ] GC(50) DefNew: 1118528K(1258304K)->139268K(1258304K) Eden: 1118528K(1118528K)->0K(1118528K) From: 0K(139776K)->139268K(139776K)
[5.578s][info][gc,heap        ] GC(50) Tenured: 348069K(2796224K)->1318338K(2796224K)
[5.578s][info][gc,metaspace   ] GC(50) Metaspace: 753K(896K)->753K(896K) NonClass: 681K(768K)->681K(768K) Class: 72K(128K)->72K(128K)
[5.578s][info][gc             ] GC(50) Pause Young (Allocation Failure) 1432M->1423M(3959M) 75.316ms
[5.578s][info][gc,cpu         ] GC(50) User=0.02s Sys=0.00s Real=0.08s
[5.650s][info][gc,start       ] GC(51) Pause Young (Allocation Failure)
[5.651s][info][gc,heap        ] GC(51) DefNew: 1257796K(1258304K)->6144K(1258304K) Eden: 1118528K(1118528K)->0K(1118528K) From: 139268K(139776K)->6144K(139776K)
[5.651s][info][gc,heap        ] GC(51) Tenured: 1318338K(2796224K)->1318338K(2796224K)
[5.651s][info][gc,metaspace   ] GC(51) Metaspace: 753K(896K)->753K(896K) NonClass: 681K(768K)->681K(768K) Class: 72K(128K)->72K(128K)
[5.651s][info][gc             ] GC(51) Pause Young (Allocation Failure) 2515M->1293M(3959M) 0.846ms
[5.651s][info][gc,cpu         ] GC(51) User=0.00s Sys=0.00s Real=0.00s
[5.705s][info][gc,start       ] GC(52) Pause Young (Allocation Failure)
[5.790s][info][gc,heap        ] GC(52) DefNew: 1124672K(1258304K)->139268K(1258304K) Eden: 1118528K(1118528K)->0K(1118528K) From: 6144K(139776K)->139268K(139776K)
[5.790s][info][gc,heap        ] GC(52) Tenured: 1318338K(2796224K)->2294752K(2796224K)
[5.790s][info][gc,metaspace   ] GC(52) Metaspace: 753K(896K)->753K(896K) NonClass: 681K(768K)->681K(768K) Class: 72K(128K)->72K(128K)
[5.790s][info][gc             ] GC(52) Pause Young (Allocation Failure) 2385M->2376M(3959M) 84.345ms
[5.790s][info][gc,cpu         ] GC(52) User=0.00s Sys=0.00s Real=0.08s
[5.841s][info][gc,start       ] GC(53) Pause Young (Allocation Failure)
[5.841s][info][gc             ] GC(53) Pause Young (Allocation Failure) 3469M->3469M(3959M) 0.060ms
[5.841s][info][gc,cpu         ] GC(53) User=0.00s Sys=0.00s Real=0.00s
[5.841s][info][gc,start       ] GC(54) Pause Full (Allocation Failure)
[5.841s][info][gc,phases,start] GC(54) Phase 1: Mark live objects
[5.842s][info][gc,phases      ] GC(54) Phase 1: Mark live objects 1.010ms
[5.842s][info][gc,phases,start] GC(54) Phase 2: Compute new object addresses
[5.843s][info][gc,phases      ] GC(54) Phase 2: Compute new object addresses 0.440ms
[5.843s][info][gc,phases,start] GC(54) Phase 3: Adjust pointers
[5.843s][info][gc,phases      ] GC(54) Phase 3: Adjust pointers 0.500ms
[5.843s][info][gc,phases,start] GC(54) Phase 4: Move objects
[6.005s][info][gc,phases      ] GC(54) Phase 4: Move objects 161.929ms
[6.005s][info][gc,heap        ] GC(54) DefNew: 1257796K(1258304K)->0K(1258304K) Eden: 1118528K(1118528K)->0K(1118528K) From: 139268K(139776K)->0K(139776K)
[6.005s][info][gc,heap        ] GC(54) Tenured: 2294752K(2796224K)->2228190K(2796224K)
[6.005s][info][gc,metaspace   ] GC(54) Metaspace: 753K(896K)->753K(896K) NonClass: 681K(768K)->681K(768K) Class: 72K(128K)->72K(128K)
[6.005s][info][gc             ] GC(54) Pause Full (Allocation Failure) 3469M->2175M(3959M) 164.219ms
[6.005s][info][gc,cpu         ] GC(54) User=0.06s Sys=0.00s Real=0.16s
[6.073s][info][gc,start       ] GC(55) Pause Young (Allocation Failure)
[6.073s][info][gc             ] GC(55) Pause Young (Allocation Failure) 3268M->3268M(3959M) 0.073ms
[6.073s][info][gc,cpu         ] GC(55) User=0.00s Sys=0.00s Real=0.00s
[6.073s][info][gc,start       ] GC(56) Pause Full (Allocation Failure)
[6.073s][info][gc,phases,start] GC(56) Phase 1: Mark live objects
[6.074s][info][gc,phases      ] GC(56) Phase 1: Mark live objects 0.992ms
[6.074s][info][gc,phases,start] GC(56) Phase 2: Compute new object addresses
[6.075s][info][gc,phases      ] GC(56) Phase 2: Compute new object addresses 0.375ms
[6.075s][info][gc,phases,start] GC(56) Phase 3: Adjust pointers
[6.075s][info][gc,phases      ] GC(56) Phase 3: Adjust pointers 0.384ms
[6.075s][info][gc,phases,start] GC(56) Phase 4: Move objects
[6.130s][info][gc,phases      ] GC(56) Phase 4: Move objects 54.478ms
[6.130s][info][gc,heap        ] GC(56) DefNew: 1118528K(1258304K)->0K(1258304K) Eden: 1118528K(1118528K)->0K(1118528K) From: 0K(139776K)->0K(139776K)
[6.130s][info][gc,heap        ] GC(56) Tenured: 2228190K(2796224K)->776626K(2796224K)
[6.130s][info][gc,metaspace   ] GC(56) Metaspace: 753K(896K)->753K(896K) NonClass: 681K(768K)->681K(768K) Class: 72K(128K)->72K(128K)
[6.130s][info][gc             ] GC(56) Pause Full (Allocation Failure) 3268M->758M(3959M) 56.596ms
[6.130s][info][gc,cpu         ] GC(56) User=0.05s Sys=0.00s Real=0.06s
[6.176s][info][gc,start       ] GC(57) Pause Young (Allocation Failure)
[6.261s][info][gc,heap        ] GC(57) DefNew: 1118528K(1258304K)->139268K(1258304K) Eden: 1118528K(1118528K)->0K(1118528K) From: 0K(139776K)->139268K(139776K)
[6.261s][info][gc,heap        ] GC(57) Tenured: 776626K(2796224K)->1746383K(2796224K)
[6.261s][info][gc,metaspace   ] GC(57) Metaspace: 753K(896K)->753K(896K) NonClass: 681K(768K)->681K(768K) Class: 72K(128K)->72K(128K)
[6.261s][info][gc             ] GC(57) Pause Young (Allocation Failure) 1850M->1841M(3959M) 85.327ms
[6.261s][info][gc,cpu         ] GC(57) User=0.03s Sys=0.00s Real=0.08s
[6.322s][info][gc,start       ] GC(58) Pause Young (Allocation Failure)
[6.322s][info][gc             ] GC(58) Pause Young (Allocation Failure) 2933M->2933M(3959M) 0.065ms
[6.322s][info][gc,cpu         ] GC(58) User=0.00s Sys=0.00s Real=0.00s
[6.322s][info][gc,start       ] GC(59) Pause Full (Allocation Failure)
[6.322s][info][gc,phases,start] GC(59) Phase 1: Mark live objects
[6.323s][info][gc,phases      ] GC(59) Phase 1: Mark live objects 0.875ms
[6.323s][info][gc,phases,start] GC(59) Phase 2: Compute new object addresses
[6.323s][info][gc,phases      ] GC(59) Phase 2: Compute new object addresses 0.346ms
[6.323s][info][gc,phases,start] GC(59) Phase 3: Adjust pointers
[6.324s][info][gc,phases      ] GC(59) Phase 3: Adjust pointers 0.583ms
[6.324s][info][gc,phases,start] GC(59) Phase 4: Move objects
[6.355s][info][gc,phases      ] GC(59) Phase 4: Move objects 31.760ms
[6.356s][info][gc,heap        ] GC(59) DefNew: 1257796K(1258304K)->0K(1258304K) Eden: 1118528K(1118528K)->0K(1118528K) From: 139268K(139776K)->0K(139776K)
[6.356s][info][gc,heap        ] GC(59) Tenured: 1746383K(2796224K)->436648K(2796224K)
[6.356s][info][gc,metaspace   ] GC(59) Metaspace: 753K(896K)->753K(896K) NonClass: 681K(768K)->681K(768K) Class: 72K(128K)->72K(128K)
[6.356s][info][gc             ] GC(59) Pause Full (Allocation Failure) 2933M->426M(3959M) 33.903ms
[6.356s][info][gc,cpu         ] GC(59) User=0.05s Sys=0.00s Real=0.03s
[6.402s][info][gc,start       ] GC(60) Pause Young (Allocation Failure)
[6.485s][info][gc,heap        ] GC(60) DefNew: 1118528K(1258304K)->139268K(1258304K) Eden: 1118528K(1118528K)->0K(1118528K) From: 0K(139776K)->139268K(139776K)
[6.485s][info][gc,heap        ] GC(60) Tenured: 436648K(2796224K)->1405893K(2796224K)
[6.485s][info][gc,metaspace   ] GC(60) Metaspace: 753K(896K)->753K(896K) NonClass: 681K(768K)->681K(768K) Class: 72K(128K)->72K(128K)
[6.486s][info][gc             ] GC(60) Pause Young (Allocation Failure) 1518M->1508M(3959M) 83.197ms
[6.486s][info][gc,cpu         ] GC(60) User=0.05s Sys=0.00s Real=0.08s
[6.557s][info][gc,start       ] GC(61) Pause Young (Allocation Failure)
[6.564s][info][gc,heap        ] GC(61) DefNew: 1257796K(1258304K)->93698K(1258304K) Eden: 1118528K(1118528K)->0K(1118528K) From: 139268K(139776K)->93698K(139776K)
[6.564s][info][gc,heap        ] GC(61) Tenured: 1405893K(2796224K)->1405893K(2796224K)
[6.564s][info][gc,metaspace   ] GC(61) Metaspace: 753K(896K)->753K(896K) NonClass: 681K(768K)->681K(768K) Class: 72K(128K)->72K(128K)
[6.564s][info][gc             ] GC(61) Pause Young (Allocation Failure) 2601M->1464M(3959M) 6.185ms
[6.564s][info][gc,cpu         ] GC(61) User=0.00s Sys=0.00s Real=0.00s
[6.610s][info][gc,start       ] GC(62) Pause Young (Allocation Failure)
[6.701s][info][gc,heap        ] GC(62) DefNew: 1212226K(1258304K)->139268K(1258304K) Eden: 1118528K(1118528K)->0K(1118528K) From: 93698K(139776K)->139268K(139776K)
[6.701s][info][gc,heap        ] GC(62) Tenured: 1405893K(2796224K)->2469862K(2796224K)
[6.701s][info][gc,metaspace   ] GC(62) Metaspace: 753K(896K)->753K(896K) NonClass: 681K(768K)->681K(768K) Class: 72K(128K)->72K(128K)
[6.701s][info][gc             ] GC(62) Pause Young (Allocation Failure) 2556M->2547M(3959M) 91.015ms
[6.701s][info][gc,cpu         ] GC(62) User=0.06s Sys=0.00s Real=0.09s
[6.746s][info][gc,start       ] GC(63) Pause Young (Allocation Failure)
[6.746s][info][gc             ] GC(63) Pause Young (Allocation Failure) 3640M->3640M(3959M) 0.064ms
[6.746s][info][gc,cpu         ] GC(63) User=0.00s Sys=0.00s Real=0.00s
[6.746s][info][gc,start       ] GC(64) Pause Full (Allocation Failure)
[6.746s][info][gc,phases,start] GC(64) Phase 1: Mark live objects
[6.747s][info][gc,phases      ] GC(64) Phase 1: Mark live objects 0.999ms
[6.747s][info][gc,phases,start] GC(64) Phase 2: Compute new object addresses
[6.748s][info][gc,phases      ] GC(64) Phase 2: Compute new object addresses 0.385ms
[6.748s][info][gc,phases,start] GC(64) Phase 3: Adjust pointers
[6.748s][info][gc,phases      ] GC(64) Phase 3: Adjust pointers 0.396ms
[6.748s][info][gc,phases,start] GC(64) Phase 4: Move objects
[6.900s][info][gc,phases      ] GC(64) Phase 4: Move objects 151.305ms
[6.900s][info][gc,heap        ] GC(64) DefNew: 1257796K(1258304K)->0K(1258304K) Eden: 1118528K(1118528K)->0K(1118528K) From: 139268K(139776K)->0K(139776K)
[6.900s][info][gc,heap        ] GC(64) Tenured: 2469862K(2796224K)->2313697K(2796224K)
[6.900s][info][gc,metaspace   ] GC(64) Metaspace: 753K(896K)->753K(896K) NonClass: 681K(768K)->681K(768K) Class: 72K(128K)->72K(128K)
[6.900s][info][gc             ] GC(64) Pause Full (Allocation Failure) 3640M->2259M(3959M) 153.529ms
[6.900s][info][gc,cpu         ] GC(64) User=0.11s Sys=0.02s Real=0.15s
[6.963s][info][gc,start       ] GC(65) Pause Young (Allocation Failure)
[6.963s][info][gc             ] GC(65) Pause Young (Allocation Failure) 3351M->3351M(3959M) 0.059ms
[6.963s][info][gc,cpu         ] GC(65) User=0.00s Sys=0.00s Real=0.00s
[6.963s][info][gc,start       ] GC(66) Pause Full (Allocation Failure)
[6.963s][info][gc,phases,start] GC(66) Phase 1: Mark live objects
[6.964s][info][gc,phases      ] GC(66) Phase 1: Mark live objects 0.993ms
[6.964s][info][gc,phases,start] GC(66) Phase 2: Compute new object addresses
[6.965s][info][gc,phases      ] GC(66) Phase 2: Compute new object addresses 0.349ms
[6.965s][info][gc,phases,start] GC(66) Phase 3: Adjust pointers
[6.965s][info][gc,phases      ] GC(66) Phase 3: Adjust pointers 0.387ms
[6.965s][info][gc,phases,start] GC(66) Phase 4: Move objects
[7.025s][info][gc,phases      ] GC(66) Phase 4: Move objects 59.733ms
[7.025s][info][gc,heap        ] GC(66) DefNew: 1118528K(1258304K)->0K(1258304K) Eden: 1118528K(1118528K)->0K(1118528K) From: 0K(139776K)->0K(139776K)
[7.025s][info][gc,heap        ] GC(66) Tenured: 2313697K(2796224K)->863157K(2796224K)
[7.025s][info][gc,metaspace   ] GC(66) Metaspace: 753K(896K)->753K(896K) NonClass: 681K(768K)->681K(768K) Class: 72K(128K)->72K(128K)
[7.025s][info][gc             ] GC(66) Pause Full (Allocation Failure) 3351M->842M(3959M) 61.801ms
[7.025s][info][gc,cpu         ] GC(66) User=0.05s Sys=0.00s Real=0.06s
[7.074s][info][gc,start       ] GC(67) Pause Young (Allocation Failure)
[7.157s][info][gc,heap        ] GC(67) DefNew: 1118528K(1258304K)->139268K(1258304K) Eden: 1118528K(1118528K)->0K(1118528K) From: 0K(139776K)->139268K(139776K)
[7.157s][info][gc,heap        ] GC(67) Tenured: 863157K(2796224K)->1833426K(2796224K)
[7.157s][info][gc,metaspace   ] GC(67) Metaspace: 753K(896K)->753K(896K) NonClass: 681K(768K)->681K(768K) Class: 72K(128K)->72K(128K)
[7.157s][info][gc             ] GC(67) Pause Young (Allocation Failure) 1935M->1926M(3959M) 83.062ms
[7.157s][info][gc,cpu         ] GC(67) User=0.08s Sys=0.00s Real=0.08s
[7.218s][info][gc,start       ] GC(68) Pause Young (Allocation Failure)
[7.218s][info][gc             ] GC(68) Pause Young (Allocation Failure) 3018M->3018M(3959M) 0.058ms
[7.218s][info][gc,cpu         ] GC(68) User=0.00s Sys=0.00s Real=0.00s
[7.218s][info][gc,start       ] GC(69) Pause Full (Allocation Failure)
[7.218s][info][gc,phases,start] GC(69) Phase 1: Mark live objects
[7.219s][info][gc,phases      ] GC(69) Phase 1: Mark live objects 0.847ms
[7.219s][info][gc,phases,start] GC(69) Phase 2: Compute new object addresses
[7.219s][info][gc,phases      ] GC(69) Phase 2: Compute new object addresses 0.465ms
[7.219s][info][gc,phases,start] GC(69) Phase 3: Adjust pointers
[7.220s][info][gc,phases      ] GC(69) Phase 3: Adjust pointers 0.430ms
[7.220s][info][gc,phases,start] GC(69) Phase 4: Move objects
[7.257s][info][gc,phases      ] GC(69) Phase 4: Move objects 37.241ms
[7.257s][info][gc,heap        ] GC(69) DefNew: 1257796K(1258304K)->0K(1258304K) Eden: 1118528K(1118528K)->0K(1118528K) From: 139268K(139776K)->0K(139776K)
[7.257s][info][gc,heap        ] GC(69) Tenured: 1833426K(2796224K)->524202K(2796224K)
[7.257s][info][gc,metaspace   ] GC(69) Metaspace: 753K(896K)->753K(896K) NonClass: 681K(768K)->681K(768K) Class: 72K(128K)->72K(128K)
[7.257s][info][gc             ] GC(69) Pause Full (Allocation Failure) 3018M->511M(3959M) 39.301ms
[7.257s][info][gc,cpu         ] GC(69) User=0.00s Sys=0.00s Real=0.04s
[7.302s][info][gc,start       ] GC(70) Pause Young (Allocation Failure)
[7.386s][info][gc,heap        ] GC(70) DefNew: 1118528K(1258304K)->139268K(1258304K) Eden: 1118528K(1118528K)->0K(1118528K) From: 0K(139776K)->139268K(139776K)
[7.386s][info][gc,heap        ] GC(70) Tenured: 524202K(2796224K)->1493448K(2796224K)
[7.386s][info][gc,metaspace   ] GC(70) Metaspace: 753K(896K)->753K(896K) NonClass: 681K(768K)->681K(768K) Class: 72K(128K)->72K(128K)
[7.386s][info][gc             ] GC(70) Pause Young (Allocation Failure) 1604M->1594M(3959M) 83.590ms
[7.386s][info][gc,cpu         ] GC(70) User=0.09s Sys=0.00s Real=0.08s
[7.453s][info][gc,start       ] GC(71) Pause Young (Allocation Failure)
[7.468s][info][gc,heap        ] GC(71) DefNew: 1257796K(1258304K)->139268K(1258304K) Eden: 1118528K(1118528K)->0K(1118528K) From: 139268K(139776K)->139268K(139776K)
[7.468s][info][gc,heap        ] GC(71) Tenured: 1493448K(2796224K)->1534921K(2796224K)
[7.468s][info][gc,metaspace   ] GC(71) Metaspace: 753K(896K)->753K(896K) NonClass: 681K(768K)->681K(768K) Class: 72K(128K)->72K(128K)
[7.468s][info][gc             ] GC(71) Pause Young (Allocation Failure) 2686M->1634M(3959M) 14.696ms
[7.468s][info][gc,cpu         ] GC(71) User=0.02s Sys=0.00s Real=0.01s
[7.516s][info][gc,start       ] GC(72) Pause Young (Allocation Failure)
[7.620s][info][gc,heap        ] GC(72) DefNew: 1257796K(1258304K)->139268K(1258304K) Eden: 1118528K(1118528K)->0K(1118528K) From: 139268K(139776K)->139268K(139776K)
[7.620s][info][gc,heap        ] GC(72) Tenured: 1534921K(2796224K)->2645995K(2796224K)
[7.620s][info][gc,metaspace   ] GC(72) Metaspace: 753K(896K)->753K(896K) NonClass: 681K(768K)->681K(768K) Class: 72K(128K)->72K(128K)
[7.620s][info][gc             ] GC(72) Pause Young (Allocation Failure) 2727M->2719M(3959M) 104.203ms
[7.620s][info][gc,cpu         ] GC(72) User=0.03s Sys=0.00s Real=0.10s
[7.665s][info][gc,start       ] GC(73) Pause Young (Allocation Failure)
[7.665s][info][gc             ] GC(73) Pause Young (Allocation Failure) 3812M->3812M(3959M) 0.067ms
[7.665s][info][gc,cpu         ] GC(73) User=0.00s Sys=0.00s Real=0.00s
[7.665s][info][gc,start       ] GC(74) Pause Full (Allocation Failure)
[7.665s][info][gc,phases,start] GC(74) Phase 1: Mark live objects
[7.666s][info][gc,phases      ] GC(74) Phase 1: Mark live objects 0.956ms
[7.666s][info][gc,phases,start] GC(74) Phase 2: Compute new object addresses
[7.667s][info][gc,phases      ] GC(74) Phase 2: Compute new object addresses 0.448ms
[7.667s][info][gc,phases,start] GC(74) Phase 3: Adjust pointers
[7.667s][info][gc,phases      ] GC(74) Phase 3: Adjust pointers 0.541ms
[7.667s][info][gc,phases,start] GC(74) Phase 4: Move objects
[7.864s][info][gc,phases      ] GC(74) Phase 4: Move objects 196.301ms
[7.864s][info][gc,heap        ] GC(74) DefNew: 1257796K(1258304K)->0K(1258304K) Eden: 1118528K(1118528K)->0K(1118528K) From: 139268K(139776K)->0K(139776K)
[7.864s][info][gc,heap        ] GC(74) Tenured: 2645995K(2796224K)->2401252K(2796224K)
[7.864s][info][gc,metaspace   ] GC(74) Metaspace: 753K(896K)->753K(896K) NonClass: 681K(768K)->681K(768K) Class: 72K(128K)->72K(128K)
[7.864s][info][gc             ] GC(74) Pause Full (Allocation Failure) 3812M->2344M(3959M) 198.637ms
[7.864s][info][gc,cpu         ] GC(74) User=0.05s Sys=0.00s Real=0.20s
[7.934s][info][gc,start       ] GC(75) Pause Young (Allocation Failure)
[7.934s][info][gc             ] GC(75) Pause Young (Allocation Failure) 3437M->3437M(3959M) 0.073ms
[7.934s][info][gc,cpu         ] GC(75) User=0.00s Sys=0.00s Real=0.00s
[7.934s][info][gc,start       ] GC(76) Pause Full (Allocation Failure)
[7.934s][info][gc,phases,start] GC(76) Phase 1: Mark live objects
[7.935s][info][gc,phases      ] GC(76) Phase 1: Mark live objects 1.112ms
[7.935s][info][gc,phases,start] GC(76) Phase 2: Compute new object addresses
[7.935s][info][gc,phases      ] GC(76) Phase 2: Compute new object addresses 0.435ms
[7.935s][info][gc,phases,start] GC(76) Phase 3: Adjust pointers
[7.936s][info][gc,phases      ] GC(76) Phase 3: Adjust pointers 0.492ms
[7.936s][info][gc,phases,start] GC(76) Phase 4: Move objects
[8.009s][info][gc,phases      ] GC(76) Phase 4: Move objects 72.916ms
[8.009s][info][gc,heap        ] GC(76) DefNew: 1118528K(1258304K)->0K(1258304K) Eden: 1118528K(1118528K)->0K(1118528K) From: 0K(139776K)->0K(139776K)
[8.009s][info][gc,heap        ] GC(76) Tenured: 2401252K(2796224K)->950711K(2796224K)
[8.009s][info][gc,metaspace   ] GC(76) Metaspace: 753K(896K)->753K(896K) NonClass: 681K(768K)->681K(768K) Class: 72K(128K)->72K(128K)
[8.009s][info][gc             ] GC(76) Pause Full (Allocation Failure) 3437M->928M(3959M) 75.299ms
[8.009s][info][gc,cpu         ] GC(76) User=0.02s Sys=0.00s Real=0.08s
[8.052s][info][gc,start       ] GC(77) Pause Young (Allocation Failure)
[8.142s][info][gc,heap        ] GC(77) DefNew: 1118528K(1258304K)->139268K(1258304K) Eden: 1118528K(1118528K)->0K(1118528K) From: 0K(139776K)->139268K(139776K)
[8.142s][info][gc,heap        ] GC(77) Tenured: 950711K(2796224K)->1920981K(2796224K)
[8.142s][info][gc,metaspace   ] GC(77) Metaspace: 753K(896K)->753K(896K) NonClass: 681K(768K)->681K(768K) Class: 72K(128K)->72K(128K)
[8.142s][info][gc             ] GC(77) Pause Young (Allocation Failure) 2020M->2011M(3959M) 89.789ms
[8.142s][info][gc,cpu         ] GC(77) User=0.02s Sys=0.00s Real=0.09s
[8.199s][info][gc,start       ] GC(78) Pause Young (Allocation Failure)
[8.199s][info][gc             ] GC(78) Pause Young (Allocation Failure) 3104M->3104M(3959M) 0.073ms
[8.199s][info][gc,cpu         ] GC(78) User=0.00s Sys=0.00s Real=0.00s
[8.199s][info][gc,start       ] GC(79) Pause Full (Allocation Failure)
[8.199s][info][gc,phases,start] GC(79) Phase 1: Mark live objects
[8.200s][info][gc,phases      ] GC(79) Phase 1: Mark live objects 0.889ms
[8.200s][info][gc,phases,start] GC(79) Phase 2: Compute new object addresses
[8.200s][info][gc,phases      ] GC(79) Phase 2: Compute new object addresses 0.340ms
[8.200s][info][gc,phases,start] GC(79) Phase 3: Adjust pointers
[8.201s][info][gc,phases      ] GC(79) Phase 3: Adjust pointers 0.338ms
[8.201s][info][gc,phases,start] GC(79) Phase 4: Move objects
[8.250s][info][gc,phases      ] GC(79) Phase 4: Move objects 49.206ms
[8.250s][info][gc,heap        ] GC(79) DefNew: 1257796K(1258304K)->0K(1258304K) Eden: 1118528K(1118528K)->0K(1118528K) From: 139268K(139776K)->0K(139776K)
[8.250s][info][gc,heap        ] GC(79) Tenured: 1920981K(2796224K)->609709K(2796224K)
[8.250s][info][gc,metaspace   ] GC(79) Metaspace: 753K(896K)->753K(896K) NonClass: 681K(768K)->681K(768K) Class: 72K(128K)->72K(128K)
[8.250s][info][gc             ] GC(79) Pause Full (Allocation Failure) 3104M->595M(3959M) 51.083ms
[8.250s][info][gc,cpu         ] GC(79) User=0.00s Sys=0.00s Real=0.05s
[8.295s][info][gc,start       ] GC(80) Pause Young (Allocation Failure)
[8.381s][info][gc,heap        ] GC(80) DefNew: 1118528K(1258304K)->139268K(1258304K) Eden: 1118528K(1118528K)->0K(1118528K) From: 0K(139776K)->139268K(139776K)
[8.382s][info][gc,heap        ] GC(80) Tenured: 609709K(2796224K)->1579979K(2796224K)
[8.382s][info][gc,metaspace   ] GC(80) Metaspace: 753K(896K)->753K(896K) NonClass: 681K(768K)->681K(768K) Class: 72K(128K)->72K(128K)
[8.382s][info][gc             ] GC(80) Pause Young (Allocation Failure) 1687M->1678M(3959M) 86.916ms
[8.382s][info][gc,cpu         ] GC(80) User=0.02s Sys=0.00s Real=0.09s
[8.436s][info][gc,start       ] GC(81) Pause Young (Allocation Failure)
[8.436s][info][gc             ] GC(81) Pause Young (Allocation Failure) 2771M->2771M(3959M) 0.065ms
[8.436s][info][gc,cpu         ] GC(81) User=0.00s Sys=0.00s Real=0.00s
[8.436s][info][gc,start       ] GC(82) Pause Full (Allocation Failure)
[8.436s][info][gc,phases,start] GC(82) Phase 1: Mark live objects
[8.437s][info][gc,phases      ] GC(82) Phase 1: Mark live objects 0.854ms
[8.437s][info][gc,phases,start] GC(82) Phase 2: Compute new object addresses
[8.437s][info][gc,phases      ] GC(82) Phase 2: Compute new object addresses 0.320ms
[8.437s][info][gc,phases,start] GC(82) Phase 3: Adjust pointers
[8.437s][info][gc,phases      ] GC(82) Phase 3: Adjust pointers 0.375ms
[8.437s][info][gc,phases,start] GC(82) Phase 4: Move objects
[8.457s][info][gc,phases      ] GC(82) Phase 4: Move objects 19.341ms
[8.457s][info][gc,heap        ] GC(82) DefNew: 1257796K(1258304K)->0K(1258304K) Eden: 1118528K(1118528K)->0K(1118528K) From: 139268K(139776K)->0K(139776K)
[8.457s][info][gc,heap        ] GC(82) Tenured: 1579979K(2796224K)->268707K(2796224K)
[8.457s][info][gc,metaspace   ] GC(82) Metaspace: 753K(896K)->753K(896K) NonClass: 681K(768K)->681K(768K) Class: 72K(128K)->72K(128K)
[8.457s][info][gc             ] GC(82) Pause Full (Allocation Failure) 2771M->262M(3959M) 21.167ms
[8.457s][info][gc,cpu         ] GC(82) User=0.00s Sys=0.00s Real=0.02s
[8.499s][info][gc,start       ] GC(83) Pause Young (Allocation Failure)
[8.580s][info][gc,heap        ] GC(83) DefNew: 1118528K(1258304K)->139268K(1258304K) Eden: 1118528K(1118528K)->0K(1118528K) From: 0K(139776K)->139268K(139776K)
[8.580s][info][gc,heap        ] GC(83) Tenured: 268707K(2796224K)->1241024K(2796224K)
[8.580s][info][gc,metaspace   ] GC(83) Metaspace: 753K(896K)->753K(896K) NonClass: 681K(768K)->681K(768K) Class: 72K(128K)->72K(128K)
[8.580s][info][gc             ] GC(83) Pause Young (Allocation Failure) 1354M->1347M(3959M) 81.445ms
[8.580s][info][gc,cpu         ] GC(83) User=0.06s Sys=0.00s Real=0.08s
[8.629s][info][gc,start       ] GC(84) Pause Young (Allocation Failure)
[8.725s][info][gc,heap        ] GC(84) DefNew: 1257796K(1258304K)->139268K(1258304K) Eden: 1118528K(1118528K)->0K(1118528K) From: 139268K(139776K)->139268K(139776K)
[8.725s][info][gc,heap        ] GC(84) Tenured: 1241024K(2796224K)->2349538K(2796224K)
[8.725s][info][gc,metaspace   ] GC(84) Metaspace: 753K(896K)->753K(896K) NonClass: 681K(768K)->681K(768K) Class: 72K(128K)->72K(128K)
[8.725s][info][gc             ] GC(84) Pause Young (Allocation Failure) 2440M->2430M(3959M) 95.979ms
[8.725s][info][gc,cpu         ] GC(84) User=0.03s Sys=0.00s Real=0.10s
[8.779s][info][gc,start       ] GC(85) Pause Young (Allocation Failure)
[8.779s][info][gc             ] GC(85) Pause Young (Allocation Failure) 3522M->3522M(3959M) 0.061ms
[8.779s][info][gc,cpu         ] GC(85) User=0.00s Sys=0.00s Real=0.00s
[8.779s][info][gc,start       ] GC(86) Pause Full (Allocation Failure)
[8.779s][info][gc,phases,start] GC(86) Phase 1: Mark live objects
[8.780s][info][gc,phases      ] GC(86) Phase 1: Mark live objects 0.911ms
[8.780s][info][gc,phases,start] GC(86) Phase 2: Compute new object addresses
[8.780s][info][gc,phases      ] GC(86) Phase 2: Compute new object addresses 0.389ms
[8.780s][info][gc,phases,start] GC(86) Phase 3: Adjust pointers
[8.781s][info][gc,phases      ] GC(86) Phase 3: Adjust pointers 0.482ms
[8.781s][info][gc,phases,start] GC(86) Phase 4: Move objects
[8.848s][info][gc,phases      ] GC(86) Phase 4: Move objects 66.661ms
[8.848s][info][gc,heap        ] GC(86) DefNew: 1257796K(1258304K)->0K(1258304K) Eden: 1118528K(1118528K)->0K(1118528K) From: 139268K(139776K)->0K(139776K)
[8.848s][info][gc,heap        ] GC(86) Tenured: 2349538K(2796224K)->1037754K(2796224K)
[8.848s][info][gc,metaspace   ] GC(86) Metaspace: 753K(896K)->753K(896K) NonClass: 681K(768K)->681K(768K) Class: 72K(128K)->72K(128K)
[8.848s][info][gc             ] GC(86) Pause Full (Allocation Failure) 3522M->1013M(3959M) 68.759ms
[8.848s][info][gc,cpu         ] GC(86) User=0.06s Sys=0.00s Real=0.07s
[8.892s][info][gc,start       ] GC(87) Pause Young (Allocation Failure)
[8.977s][info][gc,heap        ] GC(87) DefNew: 1118528K(1258304K)->139268K(1258304K) Eden: 1118528K(1118528K)->0K(1118528K) From: 0K(139776K)->139268K(139776K)
[8.977s][info][gc,heap        ] GC(87) Tenured: 1037754K(2796224K)->2009560K(2796224K)
[8.977s][info][gc,metaspace   ] GC(87) Metaspace: 753K(896K)->753K(896K) NonClass: 681K(768K)->681K(768K) Class: 72K(128K)->72K(128K)
[8.977s][info][gc             ] GC(87) Pause Young (Allocation Failure) 2105M->2098M(3959M) 85.328ms
[8.977s][info][gc,cpu         ] GC(87) User=0.05s Sys=0.00s Real=0.09s
[9.028s][info][gc,start       ] GC(88) Pause Young (Allocation Failure)
[9.028s][info][gc             ] GC(88) Pause Young (Allocation Failure) 3190M->3190M(3959M) 0.059ms
[9.028s][info][gc,cpu         ] GC(88) User=0.00s Sys=0.00s Real=0.00s
[9.028s][info][gc,start       ] GC(89) Pause Full (Allocation Failure)
[9.028s][info][gc,phases,start] GC(89) Phase 1: Mark live objects
[9.029s][info][gc,phases      ] GC(89) Phase 1: Mark live objects 0.787ms
[9.029s][info][gc,phases,start] GC(89) Phase 2: Compute new object addresses
[9.029s][info][gc,phases      ] GC(89) Phase 2: Compute new object addresses 0.327ms
[9.029s][info][gc,phases,start] GC(89) Phase 3: Adjust pointers
[9.030s][info][gc,phases      ] GC(89) Phase 3: Adjust pointers 0.369ms
[9.030s][info][gc,phases,start] GC(89) Phase 4: Move objects
[9.078s][info][gc,phases      ] GC(89) Phase 4: Move objects 48.785ms
[9.079s][info][gc,heap        ] GC(89) DefNew: 1257796K(1258304K)->0K(1258304K) Eden: 1118528K(1118528K)->0K(1118528K) From: 139268K(139776K)->0K(139776K)
[9.079s][info][gc,heap        ] GC(89) Tenured: 2009560K(2796224K)->697264K(2796224K)
[9.079s][info][gc,metaspace   ] GC(89) Metaspace: 753K(896K)->753K(896K) NonClass: 681K(768K)->681K(768K) Class: 72K(128K)->72K(128K)
[9.079s][info][gc             ] GC(89) Pause Full (Allocation Failure) 3190M->680M(3959M) 50.556ms
[9.079s][info][gc,cpu         ] GC(89) User=0.05s Sys=0.00s Real=0.05s
[9.121s][info][gc,start       ] GC(90) Pause Young (Allocation Failure)
[9.204s][info][gc,heap        ] GC(90) DefNew: 1118528K(1258304K)->139268K(1258304K) Eden: 1118528K(1118528K)->0K(1118528K) From: 0K(139776K)->139268K(139776K)
[9.204s][info][gc,heap        ] GC(90) Tenured: 697264K(2796224K)->1667533K(2796224K)
[9.204s][info][gc,metaspace   ] GC(90) Metaspace: 753K(896K)->753K(896K) NonClass: 681K(768K)->681K(768K) Class: 72K(128K)->72K(128K)
[9.204s][info][gc             ] GC(90) Pause Young (Allocation Failure) 1773M->1764M(3959M) 83.210ms
[9.204s][info][gc,cpu         ] GC(90) User=0.05s Sys=0.00s Real=0.08s
[9.265s][info][gc,start       ] GC(91) Pause Young (Allocation Failure)
[9.265s][info][gc             ] GC(91) Pause Young (Allocation Failure) 2856M->2856M(3959M) 0.073ms
[9.265s][info][gc,cpu         ] GC(91) User=0.00s Sys=0.00s Real=0.00s
[9.265s][info][gc,start       ] GC(92) Pause Full (Allocation Failure)
[9.265s][info][gc,phases,start] GC(92) Phase 1: Mark live objects
[9.266s][info][gc,phases      ] GC(92) Phase 1: Mark live objects 0.945ms
[9.266s][info][gc,phases,start] GC(92) Phase 2: Compute new object addresses
[9.266s][info][gc,phases      ] GC(92) Phase 2: Compute new object addresses 0.296ms
[9.266s][info][gc,phases,start] GC(92) Phase 3: Adjust pointers
[9.267s][info][gc,phases      ] GC(92) Phase 3: Adjust pointers 0.322ms
[9.267s][info][gc,phases,start] GC(92) Phase 4: Move objects
[9.295s][info][gc,phases      ] GC(92) Phase 4: Move objects 28.106ms
[9.295s][info][gc,heap        ] GC(92) DefNew: 1257796K(1258304K)->0K(1258304K) Eden: 1118528K(1118528K)->0K(1118528K) From: 139268K(139776K)->0K(139776K)
[9.295s][info][gc,heap        ] GC(92) Tenured: 1667533K(2796224K)->356261K(2796224K)
[9.295s][info][gc,metaspace   ] GC(92) Metaspace: 753K(896K)->753K(896K) NonClass: 681K(768K)->681K(768K) Class: 72K(128K)->72K(128K)
[9.295s][info][gc             ] GC(92) Pause Full (Allocation Failure) 2856M->347M(3959M) 29.988ms
[9.295s][info][gc,cpu         ] GC(92) User=0.00s Sys=0.00s Real=0.03s
[9.342s][info][gc,start       ] GC(93) Pause Young (Allocation Failure)
[9.443s][info][gc,heap        ] GC(93) DefNew: 1118528K(1258304K)->139268K(1258304K) Eden: 1118528K(1118528K)->0K(1118528K) From: 0K(139776K)->139268K(139776K)
[9.443s][info][gc,heap        ] GC(93) Tenured: 356261K(2796224K)->1326531K(2796224K)
[9.443s][info][gc,metaspace   ] GC(93) Metaspace: 753K(896K)->753K(896K) NonClass: 681K(768K)->681K(768K) Class: 72K(128K)->72K(128K)
[9.443s][info][gc             ] GC(93) Pause Young (Allocation Failure) 1440M->1431M(3959M) 101.706ms
[9.443s][info][gc,cpu         ] GC(93) User=0.00s Sys=0.00s Real=0.10s
[9.514s][info][gc,start       ] GC(94) Pause Young (Allocation Failure)
[9.516s][info][gc,heap        ] GC(94) DefNew: 1257796K(1258304K)->14336K(1258304K) Eden: 1118528K(1118528K)->0K(1118528K) From: 139268K(139776K)->14336K(139776K)
[9.516s][info][gc,heap        ] GC(94) Tenured: 1326531K(2796224K)->1326531K(2796224K)
[9.516s][info][gc,metaspace   ] GC(94) Metaspace: 753K(896K)->753K(896K) NonClass: 681K(768K)->681K(768K) Class: 72K(128K)->72K(128K)
[9.516s][info][gc             ] GC(94) Pause Young (Allocation Failure) 2523M->1309M(3959M) 1.757ms
[9.516s][info][gc,cpu         ] GC(94) User=0.00s Sys=0.00s Real=0.00s
[9.625s][info][gc,start       ] GC(95) Pause Young (Allocation Failure)
[9.728s][info][gc,heap        ] GC(95) DefNew: 1132864K(1258304K)->139268K(1258304K) Eden: 1118528K(1118528K)->0K(1118528K) From: 14336K(139776K)->139268K(139776K)
[9.728s][info][gc,heap        ] GC(95) Tenured: 1326531K(2796224K)->2311137K(2796224K)
[9.728s][info][gc,metaspace   ] GC(95) Metaspace: 753K(896K)->753K(896K) NonClass: 681K(768K)->681K(768K) Class: 72K(128K)->72K(128K)
[9.728s][info][gc             ] GC(95) Pause Young (Allocation Failure) 2401M->2392M(3959M) 103.464ms
[9.728s][info][gc,cpu         ] GC(95) User=0.08s Sys=0.00s Real=0.10s
[9.778s][info][gc,start       ] GC(96) Pause Young (Allocation Failure)
[9.778s][info][gc             ] GC(96) Pause Young (Allocation Failure) 3485M->3485M(3959M) 0.066ms
[9.778s][info][gc,cpu         ] GC(96) User=0.00s Sys=0.00s Real=0.00s
[9.778s][info][gc,start       ] GC(97) Pause Full (Allocation Failure)
[9.778s][info][gc,phases,start] GC(97) Phase 1: Mark live objects
[9.779s][info][gc,phases      ] GC(97) Phase 1: Mark live objects 1.264ms
[9.779s][info][gc,phases,start] GC(97) Phase 2: Compute new object addresses
[9.780s][info][gc,phases      ] GC(97) Phase 2: Compute new object addresses 0.491ms
[9.780s][info][gc,phases,start] GC(97) Phase 3: Adjust pointers
[9.780s][info][gc,phases      ] GC(97) Phase 3: Adjust pointers 0.450ms
[9.780s][info][gc,phases,start] GC(97) Phase 4: Move objects
[9.947s][info][gc,phases      ] GC(97) Phase 4: Move objects 166.811ms
[9.947s][info][gc,heap        ] GC(97) DefNew: 1257796K(1258304K)->0K(1258304K) Eden: 1118528K(1118528K)->0K(1118528K) From: 139268K(139776K)->0K(139776K)
[9.947s][info][gc,heap        ] GC(97) Tenured: 2311137K(2796224K)->2236383K(2796224K)
[9.947s][info][gc,metaspace   ] GC(97) Metaspace: 753K(896K)->753K(896K) NonClass: 681K(768K)->681K(768K) Class: 72K(128K)->72K(128K)
[9.947s][info][gc             ] GC(97) Pause Full (Allocation Failure) 3485M->2183M(3959M) 169.365ms
[9.947s][info][gc,cpu         ] GC(97) User=0.05s Sys=0.00s Real=0.17s
[10.007s][info][gc,start       ] GC(98) Pause Young (Allocation Failure)
[10.007s][info][gc             ] GC(98) Pause Young (Allocation Failure) 3276M->3276M(3959M) 0.077ms
[10.007s][info][gc,cpu         ] GC(98) User=0.00s Sys=0.00s Real=0.00s
[10.007s][info][gc,start       ] GC(99) Pause Full (Allocation Failure)
[10.007s][info][gc,phases,start] GC(99) Phase 1: Mark live objects
[10.008s][info][gc,phases      ] GC(99) Phase 1: Mark live objects 1.014ms
[10.008s][info][gc,phases,start] GC(99) Phase 2: Compute new object addresses
[10.009s][info][gc,phases      ] GC(99) Phase 2: Compute new object addresses 0.426ms
[10.009s][info][gc,phases,start] GC(99) Phase 3: Adjust pointers
[10.009s][info][gc,phases      ] GC(99) Phase 3: Adjust pointers 0.489ms
[10.009s][info][gc,phases,start] GC(99) Phase 4: Move objects
[10.066s][info][gc,phases      ] GC(99) Phase 4: Move objects 56.477ms
[10.066s][info][gc,heap        ] GC(99) DefNew: 1118528K(1258304K)->0K(1258304K) Eden: 1118528K(1118528K)->0K(1118528K) From: 0K(139776K)->0K(139776K)
[10.066s][info][gc,heap        ] GC(99) Tenured: 2236383K(2796224K)->784818K(2796224K)
[10.066s][info][gc,metaspace   ] GC(99) Metaspace: 753K(896K)->753K(896K) NonClass: 681K(768K)->681K(768K) Class: 72K(128K)->72K(128K)
[10.066s][info][gc             ] GC(99) Pause Full (Allocation Failure) 3276M->766M(3959M) 58.724ms
[10.066s][info][gc,cpu         ] GC(99) User=0.02s Sys=0.00s Real=0.06s
[10.109s][info][gc,start       ] GC(100) Pause Young (Allocation Failure)
[10.185s][info][gc,heap        ] GC(100) DefNew: 1118528K(1258304K)->139268K(1258304K) Eden: 1118528K(1118528K)->0K(1118528K) From: 0K(139776K)->139268K(139776K)
[10.185s][info][gc,heap        ] GC(100) Tenured: 784818K(2796224K)->1754576K(2796224K)
[10.185s][info][gc,metaspace   ] GC(100) Metaspace: 753K(896K)->753K(896K) NonClass: 681K(768K)->681K(768K) Class: 72K(128K)->72K(128K)
[10.185s][info][gc             ] GC(100) Pause Young (Allocation Failure) 1858M->1849M(3959M) 76.112ms
[10.185s][info][gc,cpu         ] GC(100) User=0.00s Sys=0.00s Real=0.08s
[10.241s][info][gc,start       ] GC(101) Pause Young (Allocation Failure)
[10.241s][info][gc             ] GC(101) Pause Young (Allocation Failure) 2941M->2941M(3959M) 0.063ms
[10.241s][info][gc,cpu         ] GC(101) User=0.00s Sys=0.00s Real=0.00s
[10.241s][info][gc,start       ] GC(102) Pause Full (Allocation Failure)
[10.241s][info][gc,phases,start] GC(102) Phase 1: Mark live objects
[10.242s][info][gc,phases      ] GC(102) Phase 1: Mark live objects 0.888ms
[10.242s][info][gc,phases,start] GC(102) Phase 2: Compute new object addresses
[10.243s][info][gc,phases      ] GC(102) Phase 2: Compute new object addresses 0.349ms
[10.243s][info][gc,phases,start] GC(102) Phase 3: Adjust pointers
[10.243s][info][gc,phases      ] GC(102) Phase 3: Adjust pointers 0.372ms
[10.243s][info][gc,phases,start] GC(102) Phase 4: Move objects
[10.275s][info][gc,phases      ] GC(102) Phase 4: Move objects 32.265ms
[10.275s][info][gc,heap        ] GC(102) DefNew: 1257796K(1258304K)->0K(1258304K) Eden: 1118528K(1118528K)->0K(1118528K) From: 139268K(139776K)->0K(139776K)
[10.275s][info][gc,heap        ] GC(102) Tenured: 1754576K(2796224K)->444840K(2796224K)
[10.275s][info][gc,metaspace   ] GC(102) Metaspace: 753K(896K)->753K(896K) NonClass: 681K(768K)->681K(768K) Class: 72K(128K)->72K(128K)
[10.276s][info][gc             ] GC(102) Pause Full (Allocation Failure) 2941M->434M(3959M) 34.220ms
[10.276s][info][gc,cpu         ] GC(102) User=0.02s Sys=0.00s Real=0.04s
[10.316s][info][gc,start       ] GC(103) Pause Young (Allocation Failure)
[10.397s][info][gc,heap        ] GC(103) DefNew: 1118528K(1258304K)->139268K(1258304K) Eden: 1118528K(1118528K)->0K(1118528K) From: 0K(139776K)->139268K(139776K)
[10.397s][info][gc,heap        ] GC(103) Tenured: 444840K(2796224K)->1414086K(2796224K)
[10.397s][info][gc,metaspace   ] GC(103) Metaspace: 753K(896K)->753K(896K) NonClass: 681K(768K)->681K(768K) Class: 72K(128K)->72K(128K)
[10.397s][info][gc             ] GC(103) Pause Young (Allocation Failure) 1526M->1516M(3959M) 81.602ms
[10.397s][info][gc,cpu         ] GC(103) User=0.06s Sys=0.00s Real=0.08s
[10.461s][info][gc,start       ] GC(104) Pause Young (Allocation Failure)
[10.468s][info][gc,heap        ] GC(104) DefNew: 1257796K(1258304K)->101891K(1258304K) Eden: 1118528K(1118528K)->0K(1118528K) From: 139268K(139776K)->101891K(139776K)
[10.468s][info][gc,heap        ] GC(104) Tenured: 1414086K(2796224K)->1414086K(2796224K)
[10.468s][info][gc,metaspace   ] GC(104) Metaspace: 753K(896K)->753K(896K) NonClass: 681K(768K)->681K(768K) Class: 72K(128K)->72K(128K)
[10.468s][info][gc             ] GC(104) Pause Young (Allocation Failure) 2609M->1480M(3959M) 7.192ms
[10.468s][info][gc,cpu         ] GC(104) User=0.00s Sys=0.00s Real=0.01s
[10.514s][info][gc,start       ] GC(105) Pause Young (Allocation Failure)
[10.606s][info][gc,heap        ] GC(105) DefNew: 1220419K(1258304K)->139268K(1258304K) Eden: 1118528K(1118528K)->0K(1118528K) From: 101891K(139776K)->139268K(139776K)
[10.606s][info][gc,heap        ] GC(105) Tenured: 1414086K(2796224K)->2486246K(2796224K)
[10.606s][info][gc,metaspace   ] GC(105) Metaspace: 753K(896K)->753K(896K) NonClass: 681K(768K)->681K(768K) Class: 72K(128K)->72K(128K)
[10.606s][info][gc             ] GC(105) Pause Young (Allocation Failure) 2572M->2563M(3959M) 92.430ms
[10.606s][info][gc,cpu         ] GC(105) User=0.08s Sys=0.00s Real=0.09s
[10.649s][info][gc,start       ] GC(106) Pause Young (Allocation Failure)
[10.649s][info][gc             ] GC(106) Pause Young (Allocation Failure) 3656M->3656M(3959M) 0.075ms
[10.649s][info][gc,cpu         ] GC(106) User=0.00s Sys=0.00s Real=0.00s
[10.649s][info][gc,start       ] GC(107) Pause Full (Allocation Failure)
[10.649s][info][gc,phases,start] GC(107) Phase 1: Mark live objects
[10.650s][info][gc,phases      ] GC(107) Phase 1: Mark live objects 1.270ms
[10.650s][info][gc,phases,start] GC(107) Phase 2: Compute new object addresses
[10.651s][info][gc,phases      ] GC(107) Phase 2: Compute new object addresses 0.517ms
[10.651s][info][gc,phases,start] GC(107) Phase 3: Adjust pointers
[10.651s][info][gc,phases      ] GC(107) Phase 3: Adjust pointers 0.481ms
[10.651s][info][gc,phases,start] GC(107) Phase 4: Move objects
[10.819s][info][gc,phases      ] GC(107) Phase 4: Move objects 167.361ms
[10.819s][info][gc,heap        ] GC(107) DefNew: 1257796K(1258304K)->0K(1258304K) Eden: 1118528K(1118528K)->0K(1118528K) From: 139268K(139776K)->0K(139776K)
[10.819s][info][gc,heap        ] GC(107) Tenured: 2486246K(2796224K)->2321889K(2796224K)
[10.819s][info][gc,metaspace   ] GC(107) Metaspace: 753K(896K)->753K(896K) NonClass: 681K(768K)->681K(768K) Class: 72K(128K)->72K(128K)
[10.819s][info][gc             ] GC(107) Pause Full (Allocation Failure) 3656M->2267M(3959M) 169.982ms
[10.819s][info][gc,cpu         ] GC(107) User=0.09s Sys=0.00s Real=0.17s
[10.881s][info][gc,start       ] GC(108) Pause Young (Allocation Failure)
[10.881s][info][gc             ] GC(108) Pause Young (Allocation Failure) 3359M->3359M(3959M) 0.068ms
[10.881s][info][gc,cpu         ] GC(108) User=0.00s Sys=0.00s Real=0.00s
[10.881s][info][gc,start       ] GC(109) Pause Full (Allocation Failure)
[10.881s][info][gc,phases,start] GC(109) Phase 1: Mark live objects
[10.882s][info][gc,phases      ] GC(109) Phase 1: Mark live objects 0.938ms
[10.882s][info][gc,phases,start] GC(109) Phase 2: Compute new object addresses
[10.883s][info][gc,phases      ] GC(109) Phase 2: Compute new object addresses 0.369ms
[10.883s][info][gc,phases,start] GC(109) Phase 3: Adjust pointers
[10.883s][info][gc,phases      ] GC(109) Phase 3: Adjust pointers 0.429ms
[10.883s][info][gc,phases,start] GC(109) Phase 4: Move objects
[10.949s][info][gc,phases      ] GC(109) Phase 4: Move objects 66.094ms
[10.950s][info][gc,heap        ] GC(109) DefNew: 1118528K(1258304K)->0K(1258304K) Eden: 1118528K(1118528K)->0K(1118528K) From: 0K(139776K)->0K(139776K)
[10.950s][info][gc,heap        ] GC(109) Tenured: 2321889K(2796224K)->871349K(2796224K)
[10.950s][info][gc,metaspace   ] GC(109) Metaspace: 753K(896K)->753K(896K) NonClass: 681K(768K)->681K(768K) Class: 72K(128K)->72K(128K)
[10.950s][info][gc             ] GC(109) Pause Full (Allocation Failure) 3359M->850M(3959M) 68.147ms
[10.950s][info][gc,cpu         ] GC(109) User=0.06s Sys=0.00s Real=0.07s
[10.991s][info][gc,start       ] GC(110) Pause Young (Allocation Failure)
[11.075s][info][gc,heap        ] GC(110) DefNew: 1118528K(1258304K)->139268K(1258304K) Eden: 1118528K(1118528K)->0K(1118528K) From: 0K(139776K)->139268K(139776K)
[11.075s][info][gc,heap        ] GC(110) Tenured: 871349K(2796224K)->1841619K(2796224K)
[11.075s][info][gc,metaspace   ] GC(110) Metaspace: 753K(896K)->753K(896K) NonClass: 681K(768K)->681K(768K) Class: 72K(128K)->72K(128K)
[11.075s][info][gc             ] GC(110) Pause Young (Allocation Failure) 1943M->1934M(3959M) 83.875ms
[11.075s][info][gc,cpu         ] GC(110) User=0.03s Sys=0.00s Real=0.08s
[11.133s][info][gc,start       ] GC(111) Pause Young (Allocation Failure)
[11.133s][info][gc             ] GC(111) Pause Young (Allocation Failure) 3026M->3026M(3959M) 0.069ms
[11.133s][info][gc,cpu         ] GC(111) User=0.00s Sys=0.00s Real=0.00s
[11.133s][info][gc,start       ] GC(112) Pause Full (Allocation Failure)
[11.133s][info][gc,phases,start] GC(112) Phase 1: Mark live objects
[11.133s][info][gc,phases      ] GC(112) Phase 1: Mark live objects 0.789ms
[11.133s][info][gc,phases,start] GC(112) Phase 2: Compute new object addresses
[11.134s][info][gc,phases      ] GC(112) Phase 2: Compute new object addresses 0.349ms
[11.134s][info][gc,phases,start] GC(112) Phase 3: Adjust pointers
[11.134s][info][gc,phases      ] GC(112) Phase 3: Adjust pointers 0.386ms
[11.134s][info][gc,phases,start] GC(112) Phase 4: Move objects
[11.173s][info][gc,phases      ] GC(112) Phase 4: Move objects 39.069ms
[11.173s][info][gc,heap        ] GC(112) DefNew: 1257796K(1258304K)->0K(1258304K) Eden: 1118528K(1118528K)->0K(1118528K) From: 139268K(139776K)->0K(139776K)
[11.173s][info][gc,heap        ] GC(112) Tenured: 1841619K(2796224K)->532395K(2796224K)
[11.173s][info][gc,metaspace   ] GC(112) Metaspace: 753K(896K)->753K(896K) NonClass: 681K(768K)->681K(768K) Class: 72K(128K)->72K(128K)
[11.173s][info][gc             ] GC(112) Pause Full (Allocation Failure) 3026M->519M(3959M) 40.879ms
[11.174s][info][gc,cpu         ] GC(112) User=0.05s Sys=0.00s Real=0.04s
[11.215s][info][gc,start       ] GC(113) Pause Young (Allocation Failure)
[11.299s][info][gc,heap        ] GC(113) DefNew: 1118528K(1258304K)->139268K(1258304K) Eden: 1118528K(1118528K)->0K(1118528K) From: 0K(139776K)->139268K(139776K)
[11.299s][info][gc,heap        ] GC(113) Tenured: 532395K(2796224K)->1501640K(2796224K)
[11.299s][info][gc,metaspace   ] GC(113) Metaspace: 753K(896K)->753K(896K) NonClass: 681K(768K)->681K(768K) Class: 72K(128K)->72K(128K)
[11.299s][info][gc             ] GC(113) Pause Young (Allocation Failure) 1612M->1602M(3959M) 83.379ms
[11.299s][info][gc,cpu         ] GC(113) User=0.08s Sys=0.00s Real=0.08s
[11.354s][info][gc,start       ] GC(114) Pause Young (Allocation Failure)
[11.369s][info][gc,heap        ] GC(114) DefNew: 1257796K(1258304K)->139268K(1258304K) Eden: 1118528K(1118528K)->0K(1118528K) From: 139268K(139776K)->139268K(139776K)
[11.369s][info][gc,heap        ] GC(114) Tenured: 1501640K(2796224K)->1551306K(2796224K)
[11.369s][info][gc,metaspace   ] GC(114) Metaspace: 753K(896K)->753K(896K) NonClass: 681K(768K)->681K(768K) Class: 72K(128K)->72K(128K)
[11.369s][info][gc             ] GC(114) Pause Young (Allocation Failure) 2694M->1650M(3959M) 14.311ms
[11.369s][info][gc,cpu         ] GC(114) User=0.00s Sys=0.00s Real=0.01s
[11.413s][info][gc,start       ] GC(115) Pause Young (Allocation Failure)
[11.413s][info][gc             ] GC(115) Pause Young (Allocation Failure) 2743M->2743M(3959M) 0.087ms
[11.413s][info][gc,cpu         ] GC(115) User=0.00s Sys=0.00s Real=0.00s
[11.413s][info][gc,start       ] GC(116) Pause Full (Allocation Failure)
[11.413s][info][gc,phases,start] GC(116) Phase 1: Mark live objects
[11.414s][info][gc,phases      ] GC(116) Phase 1: Mark live objects 1.126ms
[11.414s][info][gc,phases,start] GC(116) Phase 2: Compute new object addresses
[11.415s][info][gc,phases      ] GC(116) Phase 2: Compute new object addresses 0.571ms
[11.415s][info][gc,phases,start] GC(116) Phase 3: Adjust pointers
[11.415s][info][gc,phases      ] GC(116) Phase 3: Adjust pointers 0.433ms
[11.415s][info][gc,phases,start] GC(116) Phase 4: Move objects
[11.515s][info][gc,phases      ] GC(116) Phase 4: Move objects 99.780ms
[11.515s][info][gc,heap        ] GC(116) DefNew: 1257796K(1258304K)->0K(1258304K) Eden: 1118528K(1118528K)->0K(1118528K) From: 139268K(139776K)->0K(139776K)
[11.515s][info][gc,heap        ] GC(116) Tenured: 1551306K(2796224K)->1300930K(2796224K)
[11.515s][info][gc,metaspace   ] GC(116) Metaspace: 753K(896K)->753K(896K) NonClass: 681K(768K)->681K(768K) Class: 72K(128K)->72K(128K)
[11.515s][info][gc             ] GC(116) Pause Full (Allocation Failure) 2743M->1270M(3959M) 102.220ms
[11.515s][info][gc,cpu         ] GC(116) User=0.05s Sys=0.00s Real=0.10s
[11.558s][info][gc,start       ] GC(117) Pause Young (Allocation Failure)
[11.640s][info][gc,heap        ] GC(117) DefNew: 1118528K(1258304K)->139268K(1258304K) Eden: 1118528K(1118528K)->0K(1118528K) From: 0K(139776K)->139268K(139776K)
[11.640s][info][gc,heap        ] GC(117) Tenured: 1300930K(2796224K)->2270176K(2796224K)
[11.640s][info][gc,metaspace   ] GC(117) Metaspace: 753K(896K)->753K(896K) NonClass: 681K(768K)->681K(768K) Class: 72K(128K)->72K(128K)
[11.640s][info][gc             ] GC(117) Pause Young (Allocation Failure) 2362M->2352M(3959M) 81.445ms
[11.640s][info][gc,cpu         ] GC(117) User=0.02s Sys=0.00s Real=0.08s
[11.697s][info][gc,start       ] GC(118) Pause Young (Allocation Failure)
[11.697s][info][gc             ] GC(118) Pause Young (Allocation Failure) 3445M->3445M(3959M) 0.069ms
[11.697s][info][gc,cpu         ] GC(118) User=0.00s Sys=0.00s Real=0.00s
[11.697s][info][gc,start       ] GC(119) Pause Full (Allocation Failure)
[11.697s][info][gc,phases,start] GC(119) Phase 1: Mark live objects
[11.698s][info][gc,phases      ] GC(119) Phase 1: Mark live objects 0.950ms
[11.698s][info][gc,phases,start] GC(119) Phase 2: Compute new object addresses
[11.698s][info][gc,phases      ] GC(119) Phase 2: Compute new object addresses 0.331ms
[11.698s][info][gc,phases,start] GC(119) Phase 3: Adjust pointers
[11.699s][info][gc,phases      ] GC(119) Phase 3: Adjust pointers 0.436ms
[11.699s][info][gc,phases,start] GC(119) Phase 4: Move objects
[11.764s][info][gc,phases      ] GC(119) Phase 4: Move objects 65.822ms
[11.765s][info][gc,heap        ] GC(119) DefNew: 1257796K(1258304K)->0K(1258304K) Eden: 1118528K(1118528K)->0K(1118528K) From: 139268K(139776K)->0K(139776K)
[11.765s][info][gc,heap        ] GC(119) Tenured: 2270176K(2796224K)->958904K(2796224K)
[11.765s][info][gc,metaspace   ] GC(119) Metaspace: 753K(896K)->753K(896K) NonClass: 681K(768K)->681K(768K) Class: 72K(128K)->72K(128K)
[11.765s][info][gc             ] GC(119) Pause Full (Allocation Failure) 3445M->936M(3959M) 67.892ms
[11.765s][info][gc,cpu         ] GC(119) User=0.05s Sys=0.00s Real=0.07s
[11.807s][info][gc,start       ] GC(120) Pause Young (Allocation Failure)
[11.889s][info][gc,heap        ] GC(120) DefNew: 1118528K(1258304K)->139268K(1258304K) Eden: 1118528K(1118528K)->0K(1118528K) From: 0K(139776K)->139268K(139776K)
[11.889s][info][gc,heap        ] GC(120) Tenured: 958904K(2796224K)->1929173K(2796224K)
[11.889s][info][gc,metaspace   ] GC(120) Metaspace: 753K(896K)->753K(896K) NonClass: 681K(768K)->681K(768K) Class: 72K(128K)->72K(128K)
[11.889s][info][gc             ] GC(120) Pause Young (Allocation Failure) 2028M->2019M(3959M) 82.451ms
[11.889s][info][gc,cpu         ] GC(120) User=0.06s Sys=0.00s Real=0.08s
[11.946s][info][gc,start       ] GC(121) Pause Young (Allocation Failure)
[11.946s][info][gc             ] GC(121) Pause Young (Allocation Failure) 3112M->3112M(3959M) 0.069ms
[11.946s][info][gc,cpu         ] GC(121) User=0.00s Sys=0.00s Real=0.00s
[11.946s][info][gc,start       ] GC(122) Pause Full (Allocation Failure)
[11.947s][info][gc,phases,start] GC(122) Phase 1: Mark live objects
[11.947s][info][gc,phases      ] GC(122) Phase 1: Mark live objects 0.971ms
[11.948s][info][gc,phases,start] GC(122) Phase 2: Compute new object addresses
[11.948s][info][gc,phases      ] GC(122) Phase 2: Compute new object addresses 0.360ms
[11.948s][info][gc,phases,start] GC(122) Phase 3: Adjust pointers
[11.948s][info][gc,phases      ] GC(122) Phase 3: Adjust pointers 0.439ms
[11.948s][info][gc,phases,start] GC(122) Phase 4: Move objects
[11.997s][info][gc,phases      ] GC(122) Phase 4: Move objects 48.354ms
[11.997s][info][gc,heap        ] GC(122) DefNew: 1257796K(1258304K)->0K(1258304K) Eden: 1118528K(1118528K)->0K(1118528K) From: 139268K(139776K)->0K(139776K)
[11.997s][info][gc,heap        ] GC(122) Tenured: 1929173K(2796224K)->617901K(2796224K)
[11.997s][info][gc,metaspace   ] GC(122) Metaspace: 753K(896K)->753K(896K) NonClass: 681K(768K)->681K(768K) Class: 72K(128K)->72K(128K)
[11.997s][info][gc             ] GC(122) Pause Full (Allocation Failure) 3112M->603M(3959M) 50.549ms
[11.997s][info][gc,cpu         ] GC(122) User=0.03s Sys=0.00s Real=0.05s
[12.039s][info][gc,start       ] GC(123) Pause Young (Allocation Failure)
[12.121s][info][gc,heap        ] GC(123) DefNew: 1118528K(1258304K)->139268K(1258304K) Eden: 1118528K(1118528K)->0K(1118528K) From: 0K(139776K)->139268K(139776K)
[12.121s][info][gc,heap        ] GC(123) Tenured: 617901K(2796224K)->1588171K(2796224K)
[12.121s][info][gc,metaspace   ] GC(123) Metaspace: 753K(896K)->753K(896K) NonClass: 681K(768K)->681K(768K) Class: 72K(128K)->72K(128K)
[12.121s][info][gc             ] GC(123) Pause Young (Allocation Failure) 1695M->1686M(3959M) 82.285ms
[12.121s][info][gc,cpu         ] GC(123) User=0.03s Sys=0.00s Real=0.08s
[12.183s][info][gc,start       ] GC(124) Pause Young (Allocation Failure)
[12.183s][info][gc             ] GC(124) Pause Young (Allocation Failure) 2779M->2779M(3959M) 0.065ms
[12.183s][info][gc,cpu         ] GC(124) User=0.00s Sys=0.00s Real=0.00s
[12.183s][info][gc,start       ] GC(125) Pause Full (Allocation Failure)
[12.183s][info][gc,phases,start] GC(125) Phase 1: Mark live objects
[12.184s][info][gc,phases      ] GC(125) Phase 1: Mark live objects 0.896ms
[12.184s][info][gc,phases,start] GC(125) Phase 2: Compute new object addresses
[12.184s][info][gc,phases      ] GC(125) Phase 2: Compute new object addresses 0.340ms
[12.184s][info][gc,phases,start] GC(125) Phase 3: Adjust pointers
[12.185s][info][gc,phases      ] GC(125) Phase 3: Adjust pointers 0.540ms
[12.185s][info][gc,phases,start] GC(125) Phase 4: Move objects
[12.209s][info][gc,phases      ] GC(125) Phase 4: Move objects 24.519ms
[12.209s][info][gc,heap        ] GC(125) DefNew: 1257796K(1258304K)->0K(1258304K) Eden: 1118528K(1118528K)->0K(1118528K) From: 139268K(139776K)->0K(139776K)
[12.209s][info][gc,heap        ] GC(125) Tenured: 1588171K(2796224K)->276899K(2796224K)
[12.209s][info][gc,metaspace   ] GC(125) Metaspace: 753K(896K)->753K(896K) NonClass: 681K(768K)->681K(768K) Class: 72K(128K)->72K(128K)
[12.209s][info][gc             ] GC(125) Pause Full (Allocation Failure) 2779M->270M(3959M) 26.661ms
[12.209s][info][gc,cpu         ] GC(125) User=0.00s Sys=0.00s Real=0.03s
[12.255s][info][gc,start       ] GC(126) Pause Young (Allocation Failure)
[12.348s][info][gc,heap        ] GC(126) DefNew: 1118528K(1258304K)->139268K(1258304K) Eden: 1118528K(1118528K)->0K(1118528K) From: 0K(139776K)->139268K(139776K)
[12.348s][info][gc,heap        ] GC(126) Tenured: 276899K(2796224K)->1249217K(2796224K)
[12.348s][info][gc,metaspace   ] GC(126) Metaspace: 753K(896K)->753K(896K) NonClass: 681K(768K)->681K(768K) Class: 72K(128K)->72K(128K)
[12.348s][info][gc             ] GC(126) Pause Young (Allocation Failure) 1362M->1355M(3959M) 92.177ms
[12.348s][info][gc,cpu         ] GC(126) User=0.02s Sys=0.00s Real=0.09s
[12.388s][info][gc,start       ] GC(127) Pause Young (Allocation Failure)
[12.483s][info][gc,heap        ] GC(127) DefNew: 1257796K(1258304K)->139268K(1258304K) Eden: 1118528K(1118528K)->0K(1118528K) From: 139268K(139776K)->139268K(139776K)
[12.483s][info][gc,heap        ] GC(127) Tenured: 1249217K(2796224K)->2357730K(2796224K)
[12.483s][info][gc,metaspace   ] GC(127) Metaspace: 753K(896K)->753K(896K) NonClass: 681K(768K)->681K(768K) Class: 72K(128K)->72K(128K)
[12.483s][info][gc             ] GC(127) Pause Young (Allocation Failure) 2448M->2438M(3959M) 95.278ms
[12.483s][info][gc,cpu         ] GC(127) User=0.09s Sys=0.00s Real=0.10s
[12.537s][info][gc,start       ] GC(128) Pause Young (Allocation Failure)
[12.537s][info][gc             ] GC(128) Pause Young (Allocation Failure) 3530M->3530M(3959M) 0.052ms
[12.537s][info][gc,cpu         ] GC(128) User=0.00s Sys=0.00s Real=0.00s
[12.537s][info][gc,start       ] GC(129) Pause Full (Allocation Failure)
[12.537s][info][gc,phases,start] GC(129) Phase 1: Mark live objects
[12.537s][info][gc,phases      ] GC(129) Phase 1: Mark live objects 0.847ms
[12.537s][info][gc,phases,start] GC(129) Phase 2: Compute new object addresses
[12.538s][info][gc,phases      ] GC(129) Phase 2: Compute new object addresses 0.374ms
[12.538s][info][gc,phases,start] GC(129) Phase 3: Adjust pointers
[12.538s][info][gc,phases      ] GC(129) Phase 3: Adjust pointers 0.453ms
[12.538s][info][gc,phases,start] GC(129) Phase 4: Move objects
[12.605s][info][gc,phases      ] GC(129) Phase 4: Move objects 66.797ms
[12.605s][info][gc,heap        ] GC(129) DefNew: 1257796K(1258304K)->0K(1258304K) Eden: 1118528K(1118528K)->0K(1118528K) From: 139268K(139776K)->0K(139776K)
[12.605s][info][gc,heap        ] GC(129) Tenured: 2357730K(2796224K)->1045946K(2796224K)
[12.605s][info][gc,metaspace   ] GC(129) Metaspace: 753K(896K)->753K(896K) NonClass: 681K(768K)->681K(768K) Class: 72K(128K)->72K(128K)
[12.605s][info][gc             ] GC(129) Pause Full (Allocation Failure) 3530M->1021M(3959M) 68.796ms
[12.605s][info][gc,cpu         ] GC(129) User=0.03s Sys=0.00s Real=0.07s
[12.649s][info][gc,start       ] GC(130) Pause Young (Allocation Failure)
[12.739s][info][gc,heap        ] GC(130) DefNew: 1118528K(1258304K)->139268K(1258304K) Eden: 1118528K(1118528K)->0K(1118528K) From: 0K(139776K)->139268K(139776K)
[12.739s][info][gc,heap        ] GC(130) Tenured: 1045946K(2796224K)->2017752K(2796224K)
[12.739s][info][gc,metaspace   ] GC(130) Metaspace: 753K(896K)->753K(896K) NonClass: 681K(768K)->681K(768K) Class: 72K(128K)->72K(128K)
[12.739s][info][gc             ] GC(130) Pause Young (Allocation Failure) 2113M->2106M(3959M) 90.087ms
[12.739s][info][gc,cpu         ] GC(130) User=0.06s Sys=0.00s Real=0.09s
[12.790s][info][gc,start       ] GC(131) Pause Young (Allocation Failure)
[12.790s][info][gc             ] GC(131) Pause Young (Allocation Failure) 3198M->3198M(3959M) 0.067ms
[12.790s][info][gc,cpu         ] GC(131) User=0.00s Sys=0.00s Real=0.00s
[12.790s][info][gc,start       ] GC(132) Pause Full (Allocation Failure)
[12.790s][info][gc,phases,start] GC(132) Phase 1: Mark live objects
[12.791s][info][gc,phases      ] GC(132) Phase 1: Mark live objects 0.893ms
[12.791s][info][gc,phases,start] GC(132) Phase 2: Compute new object addresses
[12.791s][info][gc,phases      ] GC(132) Phase 2: Compute new object addresses 0.349ms
[12.791s][info][gc,phases,start] GC(132) Phase 3: Adjust pointers
[12.791s][info][gc,phases      ] GC(132) Phase 3: Adjust pointers 0.374ms
[12.791s][info][gc,phases,start] GC(132) Phase 4: Move objects
[12.840s][info][gc,phases      ] GC(132) Phase 4: Move objects 48.724ms
[12.840s][info][gc,heap        ] GC(132) DefNew: 1257796K(1258304K)->0K(1258304K) Eden: 1118528K(1118528K)->0K(1118528K) From: 139268K(139776K)->0K(139776K)
[12.840s][info][gc,heap        ] GC(132) Tenured: 2017752K(2796224K)->705456K(2796224K)
[12.840s][info][gc,metaspace   ] GC(132) Metaspace: 753K(896K)->753K(896K) NonClass: 681K(768K)->681K(768K) Class: 72K(128K)->72K(128K)
[12.840s][info][gc             ] GC(132) Pause Full (Allocation Failure) 3198M->688M(3959M) 50.633ms
[12.840s][info][gc,cpu         ] GC(132) User=0.06s Sys=0.00s Real=0.05s
[12.881s][info][gc,start       ] GC(133) Pause Young (Allocation Failure)
[12.961s][info][gc,heap        ] GC(133) DefNew: 1118528K(1258304K)->139268K(1258304K) Eden: 1118528K(1118528K)->0K(1118528K) From: 0K(139776K)->139268K(139776K)
[12.961s][info][gc,heap        ] GC(133) Tenured: 705456K(2796224K)->1675726K(2796224K)
[12.961s][info][gc,metaspace   ] GC(133) Metaspace: 753K(896K)->753K(896K) NonClass: 681K(768K)->681K(768K) Class: 72K(128K)->72K(128K)
[12.961s][info][gc             ] GC(133) Pause Young (Allocation Failure) 1781M->1772M(3959M) 80.570ms
[12.961s][info][gc,cpu         ] GC(133) User=0.06s Sys=0.00s Real=0.08s
[13.017s][info][gc,start       ] GC(134) Pause Young (Allocation Failure)
[13.017s][info][gc             ] GC(134) Pause Young (Allocation Failure) 2864M->2864M(3959M) 0.056ms
[13.017s][info][gc,cpu         ] GC(134) User=0.00s Sys=0.00s Real=0.00s
[13.017s][info][gc,start       ] GC(135) Pause Full (Allocation Failure)
[13.017s][info][gc,phases,start] GC(135) Phase 1: Mark live objects
[13.018s][info][gc,phases      ] GC(135) Phase 1: Mark live objects 0.837ms
[13.018s][info][gc,phases,start] GC(135) Phase 2: Compute new object addresses
[13.018s][info][gc,phases      ] GC(135) Phase 2: Compute new object addresses 0.373ms
[13.018s][info][gc,phases,start] GC(135) Phase 3: Adjust pointers
[13.018s][info][gc,phases      ] GC(135) Phase 3: Adjust pointers 0.421ms
[13.019s][info][gc,phases,start] GC(135) Phase 4: Move objects
[13.045s][info][gc,phases      ] GC(135) Phase 4: Move objects 26.171ms
[13.045s][info][gc,heap        ] GC(135) DefNew: 1257796K(1258304K)->0K(1258304K) Eden: 1118528K(1118528K)->0K(1118528K) From: 139268K(139776K)->0K(139776K)
[13.045s][info][gc,heap        ] GC(135) Tenured: 1675726K(2796224K)->364454K(2796224K)
[13.045s][info][gc,metaspace   ] GC(135) Metaspace: 753K(896K)->753K(896K) NonClass: 681K(768K)->681K(768K) Class: 72K(128K)->72K(128K)
[13.045s][info][gc             ] GC(135) Pause Full (Allocation Failure) 2864M->355M(3959M) 28.087ms
[13.045s][info][gc,cpu         ] GC(135) User=0.02s Sys=0.00s Real=0.03s
[13.087s][info][gc,start       ] GC(136) Pause Young (Allocation Failure)
[13.168s][info][gc,heap        ] GC(136) DefNew: 1118528K(1258304K)->139268K(1258304K) Eden: 1118528K(1118528K)->0K(1118528K) From: 0K(139776K)->139268K(139776K)
[13.168s][info][gc,heap        ] GC(136) Tenured: 364454K(2796224K)->1334723K(2796224K)
[13.168s][info][gc,metaspace   ] GC(136) Metaspace: 753K(896K)->753K(896K) NonClass: 681K(768K)->681K(768K) Class: 72K(128K)->72K(128K)
[13.168s][info][gc             ] GC(136) Pause Young (Allocation Failure) 1448M->1439M(3959M) 81.557ms
[13.168s][info][gc,cpu         ] GC(136) User=0.00s Sys=0.00s Real=0.08s
[13.235s][info][gc,start       ] GC(137) Pause Young (Allocation Failure)
[13.237s][info][gc,heap        ] GC(137) DefNew: 1257796K(1258304K)->22528K(1258304K) Eden: 1118528K(1118528K)->0K(1118528K) From: 139268K(139776K)->22528K(139776K)
[13.237s][info][gc,heap        ] GC(137) Tenured: 1334723K(2796224K)->1334723K(2796224K)
[13.237s][info][gc,metaspace   ] GC(137) Metaspace: 753K(896K)->753K(896K) NonClass: 681K(768K)->681K(768K) Class: 72K(128K)->72K(128K)
[13.237s][info][gc             ] GC(137) Pause Young (Allocation Failure) 2531M->1325M(3959M) 1.934ms
[13.237s][info][gc,cpu         ] GC(137) User=0.00s Sys=0.00s Real=0.00s
[13.276s][info][gc,start       ] GC(138) Pause Young (Allocation Failure)
[13.363s][info][gc,heap        ] GC(138) DefNew: 1141056K(1258304K)->139268K(1258304K) Eden: 1118528K(1118528K)->0K(1118528K) From: 22528K(139776K)->139268K(139776K)
[13.363s][info][gc,heap        ] GC(138) Tenured: 1334723K(2796224K)->2327521K(2796224K)
[13.363s][info][gc,metaspace   ] GC(138) Metaspace: 753K(896K)->753K(896K) NonClass: 681K(768K)->681K(768K) Class: 72K(128K)->72K(128K)
[13.363s][info][gc             ] GC(138) Pause Young (Allocation Failure) 2417M->2408M(3959M) 86.742ms
[13.363s][info][gc,cpu         ] GC(138) User=0.06s Sys=0.00s Real=0.09s
[13.406s][info][gc,start       ] GC(139) Pause Young (Allocation Failure)
[13.406s][info][gc             ] GC(139) Pause Young (Allocation Failure) 3501M->3501M(3959M) 0.074ms
[13.406s][info][gc,cpu         ] GC(139) User=0.00s Sys=0.00s Real=0.00s
[13.406s][info][gc,start       ] GC(140) Pause Full (Allocation Failure)
[13.406s][info][gc,phases,start] GC(140) Phase 1: Mark live objects
[13.407s][info][gc,phases      ] GC(140) Phase 1: Mark live objects 1.291ms
[13.407s][info][gc,phases,start] GC(140) Phase 2: Compute new object addresses
[13.408s][info][gc,phases      ] GC(140) Phase 2: Compute new object addresses 0.594ms
[13.408s][info][gc,phases,start] GC(140) Phase 3: Adjust pointers
[13.408s][info][gc,phases      ] GC(140) Phase 3: Adjust pointers 0.489ms
[13.408s][info][gc,phases,start] GC(140) Phase 4: Move objects
[13.580s][info][gc,phases      ] GC(140) Phase 4: Move objects 171.974ms
[13.581s][info][gc,heap        ] GC(140) DefNew: 1257796K(1258304K)->0K(1258304K) Eden: 1118528K(1118528K)->0K(1118528K) From: 139268K(139776K)->0K(139776K)
[13.581s][info][gc,heap        ] GC(140) Tenured: 2327521K(2796224K)->2244575K(2796224K)
[13.581s][info][gc,metaspace   ] GC(140) Metaspace: 753K(896K)->753K(896K) NonClass: 681K(768K)->681K(768K) Class: 72K(128K)->72K(128K)
[13.581s][info][gc             ] GC(140) Pause Full (Allocation Failure) 3501M->2191M(3959M) 174.685ms
[13.581s][info][gc,cpu         ] GC(140) User=0.11s Sys=0.00s Real=0.17s
[13.638s][info][gc,start       ] GC(141) Pause Young (Allocation Failure)
[13.638s][info][gc             ] GC(141) Pause Young (Allocation Failure) 3284M->3284M(3959M) 0.070ms
[13.638s][info][gc,cpu         ] GC(141) User=0.00s Sys=0.00s Real=0.00s
[13.638s][info][gc,start       ] GC(142) Pause Full (Allocation Failure)
[13.638s][info][gc,phases,start] GC(142) Phase 1: Mark live objects
[13.639s][info][gc,phases      ] GC(142) Phase 1: Mark live objects 1.001ms
[13.639s][info][gc,phases,start] GC(142) Phase 2: Compute new object addresses
[13.640s][info][gc,phases      ] GC(142) Phase 2: Compute new object addresses 0.415ms
[13.640s][info][gc,phases,start] GC(142) Phase 3: Adjust pointers
[13.640s][info][gc,phases      ] GC(142) Phase 3: Adjust pointers 0.537ms
[13.640s][info][gc,phases,start] GC(142) Phase 4: Move objects
[13.701s][info][gc,phases      ] GC(142) Phase 4: Move objects 60.411ms
[13.701s][info][gc,heap        ] GC(142) DefNew: 1118528K(1258304K)->0K(1258304K) Eden: 1118528K(1118528K)->0K(1118528K) From: 0K(139776K)->0K(139776K)
[13.701s][info][gc,heap        ] GC(142) Tenured: 2244575K(2796224K)->793011K(2796224K)
[13.701s][info][gc,metaspace   ] GC(142) Metaspace: 753K(896K)->753K(896K) NonClass: 681K(768K)->681K(768K) Class: 72K(128K)->72K(128K)
[13.701s][info][gc             ] GC(142) Pause Full (Allocation Failure) 3284M->774M(3959M) 62.710ms
[13.701s][info][gc,cpu         ] GC(142) User=0.00s Sys=0.00s Real=0.06s
[13.742s][info][gc,start       ] GC(143) Pause Young (Allocation Failure)
[13.812s][info][gc,heap        ] GC(143) DefNew: 1118528K(1258304K)->139268K(1258304K) Eden: 1118528K(1118528K)->0K(1118528K) From: 0K(139776K)->139268K(139776K)
[13.812s][info][gc,heap        ] GC(143) Tenured: 793011K(2796224K)->1762768K(2796224K)
[13.812s][info][gc,metaspace   ] GC(143) Metaspace: 753K(896K)->753K(896K) NonClass: 681K(768K)->681K(768K) Class: 72K(128K)->72K(128K)
[13.812s][info][gc             ] GC(143) Pause Young (Allocation Failure) 1866M->1857M(3959M) 70.303ms
[13.812s][info][gc,cpu         ] GC(143) User=0.08s Sys=0.00s Real=0.07s
[13.874s][info][gc,start       ] GC(144) Pause Young (Allocation Failure)
[13.874s][info][gc             ] GC(144) Pause Young (Allocation Failure) 2949M->2949M(3959M) 0.155ms
[13.874s][info][gc,cpu         ] GC(144) User=0.00s Sys=0.00s Real=0.00s
[13.874s][info][gc,start       ] GC(145) Pause Full (Allocation Failure)
[13.874s][info][gc,phases,start] GC(145) Phase 1: Mark live objects
[13.875s][info][gc,phases      ] GC(145) Phase 1: Mark live objects 0.998ms
[13.875s][info][gc,phases,start] GC(145) Phase 2: Compute new object addresses
[13.875s][info][gc,phases      ] GC(145) Phase 2: Compute new object addresses 0.317ms
[13.875s][info][gc,phases,start] GC(145) Phase 3: Adjust pointers
[13.876s][info][gc,phases      ] GC(145) Phase 3: Adjust pointers 0.352ms
[13.876s][info][gc,phases,start] GC(145) Phase 4: Move objects
[13.909s][info][gc,phases      ] GC(145) Phase 4: Move objects 33.826ms
[13.910s][info][gc,heap        ] GC(145) DefNew: 1257796K(1258304K)->0K(1258304K) Eden: 1118528K(1118528K)->0K(1118528K) From: 139268K(139776K)->0K(139776K)
[13.910s][info][gc,heap        ] GC(145) Tenured: 1762768K(2796224K)->453032K(2796224K)
[13.910s][info][gc,metaspace   ] GC(145) Metaspace: 753K(896K)->753K(896K) NonClass: 681K(768K)->681K(768K) Class: 72K(128K)->72K(128K)
[13.910s][info][gc             ] GC(145) Pause Full (Allocation Failure) 2949M->442M(3959M) 35.818ms
[13.910s][info][gc,cpu         ] GC(145) User=0.03s Sys=0.00s Real=0.04s
[13.951s][info][gc,start       ] GC(146) Pause Young (Allocation Failure)
[14.030s][info][gc,heap        ] GC(146) DefNew: 1118528K(1258304K)->139268K(1258304K) Eden: 1118528K(1118528K)->0K(1118528K) From: 0K(139776K)->139268K(139776K)
[14.030s][info][gc,heap        ] GC(146) Tenured: 453032K(2796224K)->1422278K(2796224K)
[14.030s][info][gc,metaspace   ] GC(146) Metaspace: 753K(896K)->753K(896K) NonClass: 681K(768K)->681K(768K) Class: 72K(128K)->72K(128K)
[14.030s][info][gc             ] GC(146) Pause Young (Allocation Failure) 1534M->1524M(3959M) 79.553ms
[14.030s][info][gc,cpu         ] GC(146) User=0.03s Sys=0.00s Real=0.08s
[14.095s][info][gc,start       ] GC(147) Pause Young (Allocation Failure)
[14.102s][info][gc,heap        ] GC(147) DefNew: 1257796K(1258304K)->110083K(1258304K) Eden: 1118528K(1118528K)->0K(1118528K) From: 139268K(139776K)->110083K(139776K)
[14.102s][info][gc,heap        ] GC(147) Tenured: 1422278K(2796224K)->1422278K(2796224K)
[14.102s][info][gc,metaspace   ] GC(147) Metaspace: 753K(896K)->753K(896K) NonClass: 681K(768K)->681K(768K) Class: 72K(128K)->72K(128K)
[14.102s][info][gc             ] GC(147) Pause Young (Allocation Failure) 2617M->1496M(3959M) 7.440ms
[14.102s][info][gc,cpu         ] GC(147) User=0.00s Sys=0.00s Real=0.01s
[14.142s][info][gc,start       ] GC(148) Pause Young (Allocation Failure)
[14.237s][info][gc,heap        ] GC(148) DefNew: 1228611K(1258304K)->139268K(1258304K) Eden: 1118528K(1118528K)->0K(1118528K) From: 110083K(139776K)->139268K(139776K)
[14.237s][info][gc,heap        ] GC(148) Tenured: 1422278K(2796224K)->2502631K(2796224K)
[14.237s][info][gc,metaspace   ] GC(148) Metaspace: 753K(896K)->753K(896K) NonClass: 681K(768K)->681K(768K) Class: 72K(128K)->72K(128K)
[14.237s][info][gc             ] GC(148) Pause Young (Allocation Failure) 2588M->2579M(3959M) 95.312ms
[14.237s][info][gc,cpu         ] GC(148) User=0.09s Sys=0.00s Real=0.10s
[14.277s][info][gc,start       ] GC(149) Pause Young (Allocation Failure)
[14.277s][info][gc             ] GC(149) Pause Young (Allocation Failure) 3672M->3672M(3959M) 0.059ms
[14.277s][info][gc,cpu         ] GC(149) User=0.00s Sys=0.00s Real=0.00s
[14.277s][info][gc,start       ] GC(150) Pause Full (Allocation Failure)
[14.277s][info][gc,phases,start] GC(150) Phase 1: Mark live objects
[14.278s][info][gc,phases      ] GC(150) Phase 1: Mark live objects 0.954ms
[14.278s][info][gc,phases,start] GC(150) Phase 2: Compute new object addresses
[14.278s][info][gc,phases      ] GC(150) Phase 2: Compute new object addresses 0.429ms
[14.278s][info][gc,phases,start] GC(150) Phase 3: Adjust pointers
[14.279s][info][gc,phases      ] GC(150) Phase 3: Adjust pointers 0.522ms
[14.279s][info][gc,phases,start] GC(150) Phase 4: Move objects
[14.440s][info][gc,phases      ] GC(150) Phase 4: Move objects 160.816ms
[14.440s][info][gc,heap        ] GC(150) DefNew: 1257796K(1258304K)->0K(1258304K) Eden: 1118528K(1118528K)->0K(1118528K) From: 139268K(139776K)->0K(139776K)
[14.440s][info][gc,heap        ] GC(150) Tenured: 2502631K(2796224K)->2330082K(2796224K)
[14.440s][info][gc,metaspace   ] GC(150) Metaspace: 753K(896K)->753K(896K) NonClass: 681K(768K)->681K(768K) Class: 72K(128K)->72K(128K)
[14.440s][info][gc             ] GC(150) Pause Full (Allocation Failure) 3672M->2275M(3959M) 163.073ms
[14.440s][info][gc,cpu         ] GC(150) User=0.14s Sys=0.00s Real=0.16s
[14.503s][info][gc,start       ] GC(151) Pause Young (Allocation Failure)
[14.503s][info][gc             ] GC(151) Pause Young (Allocation Failure) 3367M->3367M(3959M) 0.056ms
[14.503s][info][gc,cpu         ] GC(151) User=0.00s Sys=0.00s Real=0.00s
[14.503s][info][gc,start       ] GC(152) Pause Full (Allocation Failure)
[14.503s][info][gc,phases,start] GC(152) Phase 1: Mark live objects
[14.504s][info][gc,phases      ] GC(152) Phase 1: Mark live objects 0.874ms
[14.504s][info][gc,phases,start] GC(152) Phase 2: Compute new object addresses
[14.504s][info][gc,phases      ] GC(152) Phase 2: Compute new object addresses 0.470ms
[14.504s][info][gc,phases,start] GC(152) Phase 3: Adjust pointers
[14.505s][info][gc,phases      ] GC(152) Phase 3: Adjust pointers 0.479ms
[14.505s][info][gc,phases,start] GC(152) Phase 4: Move objects
[14.572s][info][gc,phases      ] GC(152) Phase 4: Move objects 67.036ms
[14.572s][info][gc,heap        ] GC(152) DefNew: 1118528K(1258304K)->0K(1258304K) Eden: 1118528K(1118528K)->0K(1118528K) From: 0K(139776K)->0K(139776K)
[14.572s][info][gc,heap        ] GC(152) Tenured: 2330082K(2796224K)->879541K(2796224K)
[14.572s][info][gc,metaspace   ] GC(152) Metaspace: 753K(896K)->753K(896K) NonClass: 681K(768K)->681K(768K) Class: 72K(128K)->72K(128K)
[14.572s][info][gc             ] GC(152) Pause Full (Allocation Failure) 3367M->858M(3959M) 69.178ms
[14.572s][info][gc,cpu         ] GC(152) User=0.00s Sys=0.00s Real=0.07s
[14.617s][info][gc,start       ] GC(153) Pause Young (Allocation Failure)
[14.705s][info][gc,heap        ] GC(153) DefNew: 1118528K(1258304K)->139268K(1258304K) Eden: 1118528K(1118528K)->0K(1118528K) From: 0K(139776K)->139268K(139776K)
[14.705s][info][gc,heap        ] GC(153) Tenured: 879541K(2796224K)->1849811K(2796224K)
[14.705s][info][gc,metaspace   ] GC(153) Metaspace: 753K(896K)->753K(896K) NonClass: 681K(768K)->681K(768K) Class: 72K(128K)->72K(128K)
[14.705s][info][gc             ] GC(153) Pause Young (Allocation Failure) 1951M->1942M(3959M) 88.125ms
[14.705s][info][gc,cpu         ] GC(153) User=0.00s Sys=0.00s Real=0.09s
[14.767s][info][gc,start       ] GC(154) Pause Young (Allocation Failure)
[14.767s][info][gc             ] GC(154) Pause Young (Allocation Failure) 3034M->3034M(3959M) 0.053ms
[14.767s][info][gc,cpu         ] GC(154) User=0.00s Sys=0.00s Real=0.00s
[14.767s][info][gc,start       ] GC(155) Pause Full (Allocation Failure)
[14.767s][info][gc,phases,start] GC(155) Phase 1: Mark live objects
[14.768s][info][gc,phases      ] GC(155) Phase 1: Mark live objects 0.967ms
[14.768s][info][gc,phases,start] GC(155) Phase 2: Compute new object addresses
[14.768s][info][gc,phases      ] GC(155) Phase 2: Compute new object addresses 0.398ms
[14.768s][info][gc,phases,start] GC(155) Phase 3: Adjust pointers
[14.768s][info][gc,phases      ] GC(155) Phase 3: Adjust pointers 0.436ms
[14.769s][info][gc,phases,start] GC(155) Phase 4: Move objects
[14.810s][info][gc,phases      ] GC(155) Phase 4: Move objects 41.115ms
[14.810s][info][gc,heap        ] GC(155) DefNew: 1257796K(1258304K)->0K(1258304K) Eden: 1118528K(1118528K)->0K(1118528K) From: 139268K(139776K)->0K(139776K)
[14.810s][info][gc,heap        ] GC(155) Tenured: 1849811K(2796224K)->540587K(2796224K)
[14.810s][info][gc,metaspace   ] GC(155) Metaspace: 753K(896K)->753K(896K) NonClass: 681K(768K)->681K(768K) Class: 72K(128K)->72K(128K)
[14.810s][info][gc             ] GC(155) Pause Full (Allocation Failure) 3034M->527M(3959M) 43.263ms
[14.810s][info][gc,cpu         ] GC(155) User=0.00s Sys=0.00s Real=0.04s
[14.850s][info][gc,start       ] GC(156) Pause Young (Allocation Failure)
[14.933s][info][gc,heap        ] GC(156) DefNew: 1118528K(1258304K)->139268K(1258304K) Eden: 1118528K(1118528K)->0K(1118528K) From: 0K(139776K)->139268K(139776K)
[14.933s][info][gc,heap        ] GC(156) Tenured: 540587K(2796224K)->1509832K(2796224K)
[14.933s][info][gc,metaspace   ] GC(156) Metaspace: 753K(896K)->753K(896K) NonClass: 681K(768K)->681K(768K) Class: 72K(128K)->72K(128K)
[14.933s][info][gc             ] GC(156) Pause Young (Allocation Failure) 1620M->1610M(3959M) 82.429ms
[14.933s][info][gc,cpu         ] GC(156) User=0.03s Sys=0.00s Real=0.08s
[14.986s][info][gc,start       ] GC(157) Pause Young (Allocation Failure)
[15.003s][info][gc,heap        ] GC(157) DefNew: 1257796K(1258304K)->139268K(1258304K) Eden: 1118528K(1118528K)->0K(1118528K) From: 139268K(139776K)->139268K(139776K)
[15.003s][info][gc,heap        ] GC(157) Tenured: 1509832K(2796224K)->1567690K(2796224K)
[15.003s][info][gc,metaspace   ] GC(157) Metaspace: 753K(896K)->753K(896K) NonClass: 681K(768K)->681K(768K) Class: 72K(128K)->72K(128K)
[15.003s][info][gc             ] GC(157) Pause Young (Allocation Failure) 2702M->1666M(3959M) 17.548ms
[15.003s][info][gc,cpu         ] GC(157) User=0.00s Sys=0.00s Real=0.02s
[15.047s][info][gc,start       ] GC(158) Pause Young (Allocation Failure)
[15.048s][info][gc             ] GC(158) Pause Young (Allocation Failure) 2759M->2759M(3959M) 0.064ms
[15.048s][info][gc,cpu         ] GC(158) User=0.00s Sys=0.00s Real=0.00s
[15.048s][info][gc,start       ] GC(159) Pause Full (Allocation Failure)
[15.048s][info][gc,phases,start] GC(159) Phase 1: Mark live objects
[15.048s][info][gc,phases      ] GC(159) Phase 1: Mark live objects 0.863ms
[15.048s][info][gc,phases,start] GC(159) Phase 2: Compute new object addresses
[15.049s][info][gc,phases      ] GC(159) Phase 2: Compute new object addresses 0.345ms
[15.049s][info][gc,phases,start] GC(159) Phase 3: Adjust pointers
[15.049s][info][gc,phases      ] GC(159) Phase 3: Adjust pointers 0.435ms
[15.049s][info][gc,phases,start] GC(159) Phase 4: Move objects
[15.143s][info][gc,phases      ] GC(159) Phase 4: Move objects 93.492ms
[15.143s][info][gc,heap        ] GC(159) DefNew: 1257796K(1258304K)->0K(1258304K) Eden: 1118528K(1118528K)->0K(1118528K) From: 139268K(139776K)->0K(139776K)
[15.143s][info][gc,heap        ] GC(159) Tenured: 1567690K(2796224K)->1309122K(2796224K)
[15.143s][info][gc,metaspace   ] GC(159) Metaspace: 753K(896K)->753K(896K) NonClass: 681K(768K)->681K(768K) Class: 72K(128K)->72K(128K)
[15.143s][info][gc             ] GC(159) Pause Full (Allocation Failure) 2759M->1278M(3959M) 95.475ms
[15.143s][info][gc,cpu         ] GC(159) User=0.08s Sys=0.00s Real=0.10s
[15.184s][info][gc,start       ] GC(160) Pause Young (Allocation Failure)
[15.264s][info][gc,heap        ] GC(160) DefNew: 1118528K(1258304K)->139268K(1258304K) Eden: 1118528K(1118528K)->0K(1118528K) From: 0K(139776K)->139268K(139776K)
[15.264s][info][gc,heap        ] GC(160) Tenured: 1309122K(2796224K)->2278368K(2796224K)
[15.264s][info][gc,metaspace   ] GC(160) Metaspace: 753K(896K)->753K(896K) NonClass: 681K(768K)->681K(768K) Class: 72K(128K)->72K(128K)
[15.264s][info][gc             ] GC(160) Pause Young (Allocation Failure) 2370M->2360M(3959M) 80.035ms
[15.264s][info][gc,cpu         ] GC(160) User=0.08s Sys=0.00s Real=0.08s
[15.323s][info][gc,start       ] GC(161) Pause Young (Allocation Failure)
[15.323s][info][gc             ] GC(161) Pause Young (Allocation Failure) 3453M->3453M(3959M) 0.065ms
[15.323s][info][gc,cpu         ] GC(161) User=0.00s Sys=0.00s Real=0.00s
[15.323s][info][gc,start       ] GC(162) Pause Full (Allocation Failure)
[15.323s][info][gc,phases,start] GC(162) Phase 1: Mark live objects
[15.324s][info][gc,phases      ] GC(162) Phase 1: Mark live objects 0.930ms
[15.324s][info][gc,phases,start] GC(162) Phase 2: Compute new object addresses
[15.325s][info][gc,phases      ] GC(162) Phase 2: Compute new object addresses 0.458ms
[15.325s][info][gc,phases,start] GC(162) Phase 3: Adjust pointers
[15.325s][info][gc,phases      ] GC(162) Phase 3: Adjust pointers 0.497ms
[15.325s][info][gc,phases,start] GC(162) Phase 4: Move objects
[15.392s][info][gc,phases      ] GC(162) Phase 4: Move objects 67.144ms
[15.392s][info][gc,heap        ] GC(162) DefNew: 1257796K(1258304K)->0K(1258304K) Eden: 1118528K(1118528K)->0K(1118528K) From: 139268K(139776K)->0K(139776K)
[15.392s][info][gc,heap        ] GC(162) Tenured: 2278368K(2796224K)->967096K(2796224K)
[15.392s][info][gc,metaspace   ] GC(162) Metaspace: 753K(896K)->753K(896K) NonClass: 681K(768K)->681K(768K) Class: 72K(128K)->72K(128K)
[15.392s][info][gc             ] GC(162) Pause Full (Allocation Failure) 3453M->944M(3959M) 69.377ms
[15.393s][info][gc,cpu         ] GC(162) User=0.06s Sys=0.00s Real=0.07s
[15.433s][info][gc,start       ] GC(163) Pause Young (Allocation Failure)
[15.519s][info][gc,heap        ] GC(163) DefNew: 1118528K(1258304K)->139268K(1258304K) Eden: 1118528K(1118528K)->0K(1118528K) From: 0K(139776K)->139268K(139776K)
[15.519s][info][gc,heap        ] GC(163) Tenured: 967096K(2796224K)->1937366K(2796224K)
[15.519s][info][gc,metaspace   ] GC(163) Metaspace: 753K(896K)->753K(896K) NonClass: 681K(768K)->681K(768K) Class: 72K(128K)->72K(128K)
[15.519s][info][gc             ] GC(163) Pause Young (Allocation Failure) 2036M->2027M(3959M) 86.774ms
[15.519s][info][gc,cpu         ] GC(163) User=0.05s Sys=0.00s Real=0.09s
[15.578s][info][gc,start       ] GC(164) Pause Young (Allocation Failure)
[15.578s][info][gc             ] GC(164) Pause Young (Allocation Failure) 3120M->3120M(3959M) 0.060ms
[15.578s][info][gc,cpu         ] GC(164) User=0.00s Sys=0.00s Real=0.00s
[15.578s][info][gc,start       ] GC(165) Pause Full (Allocation Failure)
[15.578s][info][gc,phases,start] GC(165) Phase 1: Mark live objects
[15.579s][info][gc,phases      ] GC(165) Phase 1: Mark live objects 0.898ms
[15.579s][info][gc,phases,start] GC(165) Phase 2: Compute new object addresses
[15.579s][info][gc,phases      ] GC(165) Phase 2: Compute new object addresses 0.333ms
[15.579s][info][gc,phases,start] GC(165) Phase 3: Adjust pointers
[15.580s][info][gc,phases      ] GC(165) Phase 3: Adjust pointers 0.376ms
[15.580s][info][gc,phases,start] GC(165) Phase 4: Move objects
[15.623s][info][gc,phases      ] GC(165) Phase 4: Move objects 43.650ms
[15.623s][info][gc,heap        ] GC(165) DefNew: 1257796K(1258304K)->0K(1258304K) Eden: 1118528K(1118528K)->0K(1118528K) From: 139268K(139776K)->0K(139776K)
[15.623s][info][gc,heap        ] GC(165) Tenured: 1937366K(2796224K)->626094K(2796224K)
[15.623s][info][gc,metaspace   ] GC(165) Metaspace: 753K(896K)->753K(896K) NonClass: 681K(768K)->681K(768K) Class: 72K(128K)->72K(128K)
[15.623s][info][gc             ] GC(165) Pause Full (Allocation Failure) 3120M->611M(3959M) 45.592ms
[15.623s][info][gc,cpu         ] GC(165) User=0.05s Sys=0.00s Real=0.04s
[15.664s][info][gc,start       ] GC(166) Pause Young (Allocation Failure)
[15.747s][info][gc,heap        ] GC(166) DefNew: 1118528K(1258304K)->139268K(1258304K) Eden: 1118528K(1118528K)->0K(1118528K) From: 0K(139776K)->139268K(139776K)
[15.747s][info][gc,heap        ] GC(166) Tenured: 626094K(2796224K)->1596363K(2796224K)
[15.747s][info][gc,metaspace   ] GC(166) Metaspace: 753K(896K)->753K(896K) NonClass: 681K(768K)->681K(768K) Class: 72K(128K)->72K(128K)
[15.747s][info][gc             ] GC(166) Pause Young (Allocation Failure) 1703M->1694M(3959M) 82.945ms
[15.747s][info][gc,cpu         ] GC(166) User=0.09s Sys=0.00s Real=0.08s
[15.814s][info][gc,start       ] GC(167) Pause Young (Allocation Failure)
[15.814s][info][gc             ] GC(167) Pause Young (Allocation Failure) 2787M->2787M(3959M) 0.096ms
[15.814s][info][gc,cpu         ] GC(167) User=0.00s Sys=0.00s Real=0.00s
[15.814s][info][gc,start       ] GC(168) Pause Full (Allocation Failure)
[15.814s][info][gc,phases,start] GC(168) Phase 1: Mark live objects
[15.815s][info][gc,phases      ] GC(168) Phase 1: Mark live objects 0.837ms
[15.815s][info][gc,phases,start] GC(168) Phase 2: Compute new object addresses
[15.815s][info][gc,phases      ] GC(168) Phase 2: Compute new object addresses 0.313ms
[15.815s][info][gc,phases,start] GC(168) Phase 3: Adjust pointers
[15.816s][info][gc,phases      ] GC(168) Phase 3: Adjust pointers 0.388ms
[15.816s][info][gc,phases,start] GC(168) Phase 4: Move objects
[15.835s][info][gc,phases      ] GC(168) Phase 4: Move objects 19.824ms
[15.836s][info][gc,heap        ] GC(168) DefNew: 1257796K(1258304K)->0K(1258304K) Eden: 1118528K(1118528K)->0K(1118528K) From: 139268K(139776K)->0K(139776K)
[15.836s][info][gc,heap        ] GC(168) Tenured: 1596363K(2796224K)->285091K(2796224K)
[15.836s][info][gc,metaspace   ] GC(168) Metaspace: 753K(896K)->753K(896K) NonClass: 681K(768K)->681K(768K) Class: 72K(128K)->72K(128K)
[15.836s][info][gc             ] GC(168) Pause Full (Allocation Failure) 2787M->278M(3959M) 21.639ms
[15.836s][info][gc,cpu         ] GC(168) User=0.02s Sys=0.00s Real=0.02s
[15.876s][info][gc,start       ] GC(169) Pause Young (Allocation Failure)
[15.959s][info][gc,heap        ] GC(169) DefNew: 1118528K(1258304K)->139268K(1258304K) Eden: 1118528K(1118528K)->0K(1118528K) From: 0K(139776K)->139268K(139776K)
[15.959s][info][gc,heap        ] GC(169) Tenured: 285091K(2796224K)->1257409K(2796224K)
[15.959s][info][gc,metaspace   ] GC(169) Metaspace: 753K(896K)->753K(896K) NonClass: 681K(768K)->681K(768K) Class: 72K(128K)->72K(128K)
[15.959s][info][gc             ] GC(169) Pause Young (Allocation Failure) 1370M->1363M(3959M) 82.869ms
[15.959s][info][gc,cpu         ] GC(169) User=0.08s Sys=0.00s Real=0.08s
[16.002s][info][gc,start       ] GC(170) Pause Young (Allocation Failure)
[16.098s][info][gc,heap        ] GC(170) DefNew: 1257796K(1258304K)->139268K(1258304K) Eden: 1118528K(1118528K)->0K(1118528K) From: 139268K(139776K)->139268K(139776K)
[16.098s][info][gc,heap        ] GC(170) Tenured: 1257409K(2796224K)->2365923K(2796224K)
[16.098s][info][gc,metaspace   ] GC(170) Metaspace: 753K(896K)->753K(896K) NonClass: 681K(768K)->681K(768K) Class: 72K(128K)->72K(128K)
[16.098s][info][gc             ] GC(170) Pause Young (Allocation Failure) 2456M->2446M(3959M) 96.308ms
[16.098s][info][gc,cpu         ] GC(170) User=0.05s Sys=0.00s Real=0.10s
[16.153s][info][gc,start       ] GC(171) Pause Young (Allocation Failure)
[16.153s][info][gc             ] GC(171) Pause Young (Allocation Failure) 3538M->3538M(3959M) 0.063ms
[16.153s][info][gc,cpu         ] GC(171) User=0.00s Sys=0.00s Real=0.00s
[16.153s][info][gc,start       ] GC(172) Pause Full (Allocation Failure)
[16.153s][info][gc,phases,start] GC(172) Phase 1: Mark live objects
[16.154s][info][gc,phases      ] GC(172) Phase 1: Mark live objects 0.831ms
[16.154s][info][gc,phases,start] GC(172) Phase 2: Compute new object addresses
[16.155s][info][gc,phases      ] GC(172) Phase 2: Compute new object addresses 0.347ms
[16.155s][info][gc,phases,start] GC(172) Phase 3: Adjust pointers
[16.155s][info][gc,phases      ] GC(172) Phase 3: Adjust pointers 0.386ms
[16.155s][info][gc,phases,start] GC(172) Phase 4: Move objects
[16.223s][info][gc,phases      ] GC(172) Phase 4: Move objects 67.987ms
[16.223s][info][gc,heap        ] GC(172) DefNew: 1257796K(1258304K)->0K(1258304K) Eden: 1118528K(1118528K)->0K(1118528K) From: 139268K(139776K)->0K(139776K)
[16.223s][info][gc,heap        ] GC(172) Tenured: 2365923K(2796224K)->1054139K(2796224K)
[16.223s][info][gc,metaspace   ] GC(172) Metaspace: 753K(896K)->753K(896K) NonClass: 681K(768K)->681K(768K) Class: 72K(128K)->72K(128K)
[16.223s][info][gc             ] GC(172) Pause Full (Allocation Failure) 3538M->1029M(3959M) 69.870ms
[16.223s][info][gc,cpu         ] GC(172) User=0.02s Sys=0.00s Real=0.07s
[16.269s][info][gc,start       ] GC(173) Pause Young (Allocation Failure)
[16.353s][info][gc,heap        ] GC(173) DefNew: 1118528K(1258304K)->139268K(1258304K) Eden: 1118528K(1118528K)->0K(1118528K) From: 0K(139776K)->139268K(139776K)
[16.353s][info][gc,heap        ] GC(173) Tenured: 1054139K(2796224K)->2025944K(2796224K)
[16.353s][info][gc,metaspace   ] GC(173) Metaspace: 753K(896K)->753K(896K) NonClass: 681K(768K)->681K(768K) Class: 72K(128K)->72K(128K)
[16.353s][info][gc             ] GC(173) Pause Young (Allocation Failure) 2121M->2114M(3959M) 84.216ms
[16.353s][info][gc,cpu         ] GC(173) User=0.06s Sys=0.00s Real=0.08s
[16.406s][info][gc,start       ] GC(174) Pause Young (Allocation Failure)
[16.406s][info][gc             ] GC(174) Pause Young (Allocation Failure) 3206M->3206M(3959M) 0.059ms
[16.406s][info][gc,cpu         ] GC(174) User=0.00s Sys=0.00s Real=0.00s
[16.406s][info][gc,start       ] GC(175) Pause Full (Allocation Failure)
[16.406s][info][gc,phases,start] GC(175) Phase 1: Mark live objects
[16.406s][info][gc,phases      ] GC(175) Phase 1: Mark live objects 0.793ms
[16.406s][info][gc,phases,start] GC(175) Phase 2: Compute new object addresses
[16.407s][info][gc,phases      ] GC(175) Phase 2: Compute new object addresses 0.367ms
[16.407s][info][gc,phases,start] GC(175) Phase 3: Adjust pointers
[16.407s][info][gc,phases      ] GC(175) Phase 3: Adjust pointers 0.430ms
[16.407s][info][gc,phases,start] GC(175) Phase 4: Move objects
[16.457s][info][gc,phases      ] GC(175) Phase 4: Move objects 49.663ms
[16.457s][info][gc,heap        ] GC(175) DefNew: 1257796K(1258304K)->0K(1258304K) Eden: 1118528K(1118528K)->0K(1118528K) From: 139268K(139776K)->0K(139776K)
[16.457s][info][gc,heap        ] GC(175) Tenured: 2025944K(2796224K)->713648K(2796224K)
[16.457s][info][gc,metaspace   ] GC(175) Metaspace: 753K(896K)->753K(896K) NonClass: 681K(768K)->681K(768K) Class: 72K(128K)->72K(128K)
[16.457s][info][gc             ] GC(175) Pause Full (Allocation Failure) 3206M->696M(3959M) 51.657ms
[16.457s][info][gc,cpu         ] GC(175) User=0.00s Sys=0.00s Real=0.05s
[16.500s][info][gc,start       ] GC(176) Pause Young (Allocation Failure)
[16.580s][info][gc,heap        ] GC(176) DefNew: 1118528K(1258304K)->139268K(1258304K) Eden: 1118528K(1118528K)->0K(1118528K) From: 0K(139776K)->139268K(139776K)
[16.580s][info][gc,heap        ] GC(176) Tenured: 713648K(2796224K)->1683918K(2796224K)
[16.580s][info][gc,metaspace   ] GC(176) Metaspace: 753K(896K)->753K(896K) NonClass: 681K(768K)->681K(768K) Class: 72K(128K)->72K(128K)
[16.580s][info][gc             ] GC(176) Pause Young (Allocation Failure) 1789M->1780M(3959M) 79.453ms
[16.580s][info][gc,cpu         ] GC(176) User=0.05s Sys=0.00s Real=0.08s
[16.643s][info][gc,start       ] GC(177) Pause Young (Allocation Failure)
[16.643s][info][gc             ] GC(177) Pause Young (Allocation Failure) 2872M->2872M(3959M) 0.051ms
[16.643s][info][gc,cpu         ] GC(177) User=0.00s Sys=0.00s Real=0.00s
[16.643s][info][gc,start       ] GC(178) Pause Full (Allocation Failure)
[16.643s][info][gc,phases,start] GC(178) Phase 1: Mark live objects
[16.644s][info][gc,phases      ] GC(178) Phase 1: Mark live objects 1.048ms
[16.644s][info][gc,phases,start] GC(178) Phase 2: Compute new object addresses
[16.644s][info][gc,phases      ] GC(178) Phase 2: Compute new object addresses 0.407ms
[16.644s][info][gc,phases,start] GC(178) Phase 3: Adjust pointers
[16.645s][info][gc,phases      ] GC(178) Phase 3: Adjust pointers 0.470ms
[16.645s][info][gc,phases,start] GC(178) Phase 4: Move objects
[16.672s][info][gc,phases      ] GC(178) Phase 4: Move objects 27.355ms
[16.672s][info][gc,heap        ] GC(178) DefNew: 1257796K(1258304K)->0K(1258304K) Eden: 1118528K(1118528K)->0K(1118528K) From: 139268K(139776K)->0K(139776K)
[16.672s][info][gc,heap        ] GC(178) Tenured: 1683918K(2796224K)->372646K(2796224K)
[16.672s][info][gc,metaspace   ] GC(178) Metaspace: 753K(896K)->753K(896K) NonClass: 681K(768K)->681K(768K) Class: 72K(128K)->72K(128K)
[16.672s][info][gc             ] GC(178) Pause Full (Allocation Failure) 2872M->363M(3959M) 29.579ms
[16.672s][info][gc,cpu         ] GC(178) User=0.00s Sys=0.00s Real=0.03s
[16.714s][info][gc,start       ] GC(179) Pause Young (Allocation Failure)
[16.798s][info][gc,heap        ] GC(179) DefNew: 1118528K(1258304K)->139268K(1258304K) Eden: 1118528K(1118528K)->0K(1118528K) From: 0K(139776K)->139268K(139776K)
[16.798s][info][gc,heap        ] GC(179) Tenured: 372646K(2796224K)->1342915K(2796224K)
[16.798s][info][gc,metaspace   ] GC(179) Metaspace: 753K(896K)->753K(896K) NonClass: 681K(768K)->681K(768K) Class: 72K(128K)->72K(128K)
[16.798s][info][gc             ] GC(179) Pause Young (Allocation Failure) 1456M->1447M(3959M) 83.452ms
[16.798s][info][gc,cpu         ] GC(179) User=0.08s Sys=0.00s Real=0.08s
[16.862s][info][gc,start       ] GC(180) Pause Young (Allocation Failure)
[16.865s][info][gc,heap        ] GC(180) DefNew: 1257796K(1258304K)->30720K(1258304K) Eden: 1118528K(1118528K)->0K(1118528K) From: 139268K(139776K)->30720K(139776K)
[16.865s][info][gc,heap        ] GC(180) Tenured: 1342915K(2796224K)->1342915K(2796224K)
[16.865s][info][gc,metaspace   ] GC(180) Metaspace: 753K(896K)->753K(896K) NonClass: 681K(768K)->681K(768K) Class: 72K(128K)->72K(128K)
[16.865s][info][gc             ] GC(180) Pause Young (Allocation Failure) 2539M->1341M(3959M) 2.401ms
[16.865s][info][gc,cpu         ] GC(180) User=0.00s Sys=0.00s Real=0.00s
[16.910s][info][gc,start       ] GC(181) Pause Young (Allocation Failure)
[17.000s][info][gc,heap        ] GC(181) DefNew: 1149248K(1258304K)->139268K(1258304K) Eden: 1118528K(1118528K)->0K(1118528K) From: 30720K(139776K)->139268K(139776K)
[17.000s][info][gc,heap        ] GC(181) Tenured: 1342915K(2796224K)->2343906K(2796224K)
[17.000s][info][gc,metaspace   ] GC(181) Metaspace: 753K(896K)->753K(896K) NonClass: 681K(768K)->681K(768K) Class: 72K(128K)->72K(128K)
[17.000s][info][gc             ] GC(181) Pause Young (Allocation Failure) 2433M->2424M(3959M) 90.661ms
[17.000s][info][gc,cpu         ] GC(181) User=0.05s Sys=0.00s Real=0.09s
[17.043s][info][gc,start       ] GC(182) Pause Young (Allocation Failure)
[17.043s][info][gc             ] GC(182) Pause Young (Allocation Failure) 3517M->3517M(3959M) 0.071ms
[17.043s][info][gc,cpu         ] GC(182) User=0.00s Sys=0.00s Real=0.00s
[17.043s][info][gc,start       ] GC(183) Pause Full (Allocation Failure)
[17.043s][info][gc,phases,start] GC(183) Phase 1: Mark live objects
[17.044s][info][gc,phases      ] GC(183) Phase 1: Mark live objects 1.038ms
[17.044s][info][gc,phases,start] GC(183) Phase 2: Compute new object addresses
[17.044s][info][gc,phases      ] GC(183) Phase 2: Compute new object addresses 0.453ms
[17.044s][info][gc,phases,start] GC(183) Phase 3: Adjust pointers
[17.045s][info][gc,phases      ] GC(183) Phase 3: Adjust pointers 0.553ms
[17.045s][info][gc,phases,start] GC(183) Phase 4: Move objects
[17.212s][info][gc,phases      ] GC(183) Phase 4: Move objects 167.256ms
[17.212s][info][gc,heap        ] GC(183) DefNew: 1257796K(1258304K)->0K(1258304K) Eden: 1118528K(1118528K)->0K(1118528K) From: 139268K(139776K)->0K(139776K)
[17.212s][info][gc,heap        ] GC(183) Tenured: 2343906K(2796224K)->2252767K(2796224K)
[17.212s][info][gc,metaspace   ] GC(183) Metaspace: 753K(896K)->753K(896K) NonClass: 681K(768K)->681K(768K) Class: 72K(128K)->72K(128K)
[17.212s][info][gc             ] GC(183) Pause Full (Allocation Failure) 3517M->2199M(3959M) 169.660ms
[17.212s][info][gc,cpu         ] GC(183) User=0.09s Sys=0.00s Real=0.17s
[17.266s][info][gc,start       ] GC(184) Pause Young (Allocation Failure)
[17.266s][info][gc             ] GC(184) Pause Young (Allocation Failure) 3292M->3292M(3959M) 0.068ms
[17.266s][info][gc,cpu         ] GC(184) User=0.00s Sys=0.00s Real=0.00s
[17.266s][info][gc,start       ] GC(185) Pause Full (Allocation Failure)
[17.266s][info][gc,phases,start] GC(185) Phase 1: Mark live objects
[17.267s][info][gc,phases      ] GC(185) Phase 1: Mark live objects 0.897ms
[17.267s][info][gc,phases,start] GC(185) Phase 2: Compute new object addresses
[17.268s][info][gc,phases      ] GC(185) Phase 2: Compute new object addresses 0.381ms
[17.268s][info][gc,phases,start] GC(185) Phase 3: Adjust pointers
[17.268s][info][gc,phases      ] GC(185) Phase 3: Adjust pointers 0.443ms
[17.268s][info][gc,phases,start] GC(185) Phase 4: Move objects
[17.326s][info][gc,phases      ] GC(185) Phase 4: Move objects 57.976ms
[17.326s][info][gc,heap        ] GC(185) DefNew: 1118528K(1258304K)->0K(1258304K) Eden: 1118528K(1118528K)->0K(1118528K) From: 0K(139776K)->0K(139776K)
[17.326s][info][gc,heap        ] GC(185) Tenured: 2252767K(2796224K)->801203K(2796224K)
[17.326s][info][gc,metaspace   ] GC(185) Metaspace: 753K(896K)->753K(896K) NonClass: 681K(768K)->681K(768K) Class: 72K(128K)->72K(128K)
[17.326s][info][gc             ] GC(185) Pause Full (Allocation Failure) 3292M->782M(3959M) 60.014ms
[17.326s][info][gc,cpu         ] GC(185) User=0.05s Sys=0.00s Real=0.06s
[17.365s][info][gc,start       ] GC(186) Pause Young (Allocation Failure)
[17.437s][info][gc,heap        ] GC(186) DefNew: 1118528K(1258304K)->139268K(1258304K) Eden: 1118528K(1118528K)->0K(1118528K) From: 0K(139776K)->139268K(139776K)
[17.437s][info][gc,heap        ] GC(186) Tenured: 801203K(2796224K)->1770960K(2796224K)
[17.437s][info][gc,metaspace   ] GC(186) Metaspace: 753K(896K)->753K(896K) NonClass: 681K(768K)->681K(768K) Class: 72K(128K)->72K(128K)
[17.437s][info][gc             ] GC(186) Pause Young (Allocation Failure) 1874M->1865M(3959M) 71.979ms
[17.437s][info][gc,cpu         ] GC(186) User=0.05s Sys=0.00s Real=0.07s
[17.506s][info][gc,start       ] GC(187) Pause Young (Allocation Failure)
[17.506s][info][gc             ] GC(187) Pause Young (Allocation Failure) 2957M->2957M(3959M) 0.066ms
[17.506s][info][gc,cpu         ] GC(187) User=0.00s Sys=0.00s Real=0.00s
[17.506s][info][gc,start       ] GC(188) Pause Full (Allocation Failure)
[17.506s][info][gc,phases,start] GC(188) Phase 1: Mark live objects
[17.507s][info][gc,phases      ] GC(188) Phase 1: Mark live objects 0.955ms
[17.507s][info][gc,phases,start] GC(188) Phase 2: Compute new object addresses
[17.507s][info][gc,phases      ] GC(188) Phase 2: Compute new object addresses 0.350ms
[17.507s][info][gc,phases,start] GC(188) Phase 3: Adjust pointers
[17.508s][info][gc,phases      ] GC(188) Phase 3: Adjust pointers 0.381ms
[17.508s][info][gc,phases,start] GC(188) Phase 4: Move objects
[17.542s][info][gc,phases      ] GC(188) Phase 4: Move objects 34.191ms
[17.542s][info][gc,heap        ] GC(188) DefNew: 1257796K(1258304K)->0K(1258304K) Eden: 1118528K(1118528K)->0K(1118528K) From: 139268K(139776K)->0K(139776K)
[17.542s][info][gc,heap        ] GC(188) Tenured: 1770960K(2796224K)->461224K(2796224K)
[17.542s][info][gc,metaspace   ] GC(188) Metaspace: 753K(896K)->753K(896K) NonClass: 681K(768K)->681K(768K) Class: 72K(128K)->72K(128K)
[17.542s][info][gc             ] GC(188) Pause Full (Allocation Failure) 2957M->450M(3959M) 36.223ms
[17.542s][info][gc,cpu         ] GC(188) User=0.00s Sys=0.00s Real=0.04s
[17.581s][info][gc,start       ] GC(189) Pause Young (Allocation Failure)
[17.660s][info][gc,heap        ] GC(189) DefNew: 1118528K(1258304K)->139268K(1258304K) Eden: 1118528K(1118528K)->0K(1118528K) From: 0K(139776K)->139268K(139776K)
[17.660s][info][gc,heap        ] GC(189) Tenured: 461224K(2796224K)->1430470K(2796224K)
[17.660s][info][gc,metaspace   ] GC(189) Metaspace: 753K(896K)->753K(896K) NonClass: 681K(768K)->681K(768K) Class: 72K(128K)->72K(128K)
[17.660s][info][gc             ] GC(189) Pause Young (Allocation Failure) 1542M->1532M(3959M) 78.915ms
[17.660s][info][gc,cpu         ] GC(189) User=0.00s Sys=0.00s Real=0.08s
[17.724s][info][gc,start       ] GC(190) Pause Young (Allocation Failure)
[17.732s][info][gc,heap        ] GC(190) DefNew: 1257796K(1258304K)->118275K(1258304K) Eden: 1118528K(1118528K)->0K(1118528K) From: 139268K(139776K)->118275K(139776K)
[17.732s][info][gc,heap        ] GC(190) Tenured: 1430470K(2796224K)->1430470K(2796224K)
[17.732s][info][gc,metaspace   ] GC(190) Metaspace: 753K(896K)->753K(896K) NonClass: 681K(768K)->681K(768K) Class: 72K(128K)->72K(128K)
[17.732s][info][gc             ] GC(190) Pause Young (Allocation Failure) 2625M->1512M(3959M) 8.511ms
[17.732s][info][gc,cpu         ] GC(190) User=0.00s Sys=0.00s Real=0.01s
[17.778s][info][gc,start       ] GC(191) Pause Young (Allocation Failure)
[17.871s][info][gc,heap        ] GC(191) DefNew: 1236803K(1258304K)->139268K(1258304K) Eden: 1118528K(1118528K)->0K(1118528K) From: 118275K(139776K)->139268K(139776K)
[17.871s][info][gc,heap        ] GC(191) Tenured: 1430470K(2796224K)->2519015K(2796224K)
[17.871s][info][gc,metaspace   ] GC(191) Metaspace: 753K(896K)->753K(896K) NonClass: 681K(768K)->681K(768K) Class: 72K(128K)->72K(128K)
[17.871s][info][gc             ] GC(191) Pause Young (Allocation Failure) 2604M->2595M(3959M) 93.065ms
[17.872s][info][gc,cpu         ] GC(191) User=0.05s Sys=0.00s Real=0.09s
[17.911s][info][gc,start       ] GC(192) Pause Young (Allocation Failure)
[17.911s][info][gc             ] GC(192) Pause Young (Allocation Failure) 3688M->3688M(3959M) 0.065ms
[17.911s][info][gc,cpu         ] GC(192) User=0.00s Sys=0.00s Real=0.00s
[17.911s][info][gc,start       ] GC(193) Pause Full (Allocation Failure)
[17.911s][info][gc,phases,start] GC(193) Phase 1: Mark live objects
[17.912s][info][gc,phases      ] GC(193) Phase 1: Mark live objects 0.891ms
[17.912s][info][gc,phases,start] GC(193) Phase 2: Compute new object addresses
[17.913s][info][gc,phases      ] GC(193) Phase 2: Compute new object addresses 0.442ms
[17.913s][info][gc,phases,start] GC(193) Phase 3: Adjust pointers
[17.913s][info][gc,phases      ] GC(193) Phase 3: Adjust pointers 0.483ms
[17.913s][info][gc,phases,start] GC(193) Phase 4: Move objects
[18.076s][info][gc,phases      ] GC(193) Phase 4: Move objects 162.531ms
[18.076s][info][gc,heap        ] GC(193) DefNew: 1257796K(1258304K)->0K(1258304K) Eden: 1118528K(1118528K)->0K(1118528K) From: 139268K(139776K)->0K(139776K)
[18.076s][info][gc,heap        ] GC(193) Tenured: 2519015K(2796224K)->2338274K(2796224K)
[18.076s][info][gc,metaspace   ] GC(193) Metaspace: 753K(896K)->753K(896K) NonClass: 681K(768K)->681K(768K) Class: 72K(128K)->72K(128K)
[18.076s][info][gc             ] GC(193) Pause Full (Allocation Failure) 3688M->2283M(3959M) 164.766ms
[18.076s][info][gc,cpu         ] GC(193) User=0.09s Sys=0.00s Real=0.16s
[18.128s][info][gc,start       ] GC(194) Pause Young (Allocation Failure)
[18.128s][info][gc             ] GC(194) Pause Young (Allocation Failure) 3375M->3375M(3959M) 0.072ms
[18.128s][info][gc,cpu         ] GC(194) User=0.00s Sys=0.00s Real=0.00s
[18.128s][info][gc,start       ] GC(195) Pause Full (Allocation Failure)
[18.128s][info][gc,phases,start] GC(195) Phase 1: Mark live objects
[18.129s][info][gc,phases      ] GC(195) Phase 1: Mark live objects 0.822ms
[18.129s][info][gc,phases,start] GC(195) Phase 2: Compute new object addresses
[18.129s][info][gc,phases      ] GC(195) Phase 2: Compute new object addresses 0.314ms
[18.129s][info][gc,phases,start] GC(195) Phase 3: Adjust pointers
[18.130s][info][gc,phases      ] GC(195) Phase 3: Adjust pointers 0.286ms
[18.130s][info][gc,phases,start] GC(195) Phase 4: Move objects
[18.195s][info][gc,phases      ] GC(195) Phase 4: Move objects 65.282ms
[18.195s][info][gc,heap        ] GC(195) DefNew: 1118528K(1258304K)->0K(1258304K) Eden: 1118528K(1118528K)->0K(1118528K) From: 0K(139776K)->0K(139776K)
[18.195s][info][gc,heap        ] GC(195) Tenured: 2338274K(2796224K)->887733K(2796224K)
[18.195s][info][gc,metaspace   ] GC(195) Metaspace: 753K(896K)->753K(896K) NonClass: 681K(768K)->681K(768K) Class: 72K(128K)->72K(128K)
[18.195s][info][gc             ] GC(195) Pause Full (Allocation Failure) 3375M->866M(3959M) 67.005ms
[18.195s][info][gc,cpu         ] GC(195) User=0.03s Sys=0.00s Real=0.07s
[18.237s][info][gc,start       ] GC(196) Pause Young (Allocation Failure)
[18.328s][info][gc,heap        ] GC(196) DefNew: 1118528K(1258304K)->139268K(1258304K) Eden: 1118528K(1118528K)->0K(1118528K) From: 0K(139776K)->139268K(139776K)
[18.328s][info][gc,heap        ] GC(196) Tenured: 887733K(2796224K)->1858003K(2796224K)
[18.328s][info][gc,metaspace   ] GC(196) Metaspace: 753K(896K)->753K(896K) NonClass: 681K(768K)->681K(768K) Class: 72K(128K)->72K(128K)
[18.328s][info][gc             ] GC(196) Pause Young (Allocation Failure) 1959M->1950M(3959M) 90.380ms
[18.328s][info][gc,cpu         ] GC(196) User=0.05s Sys=0.00s Real=0.09s
[18.394s][info][gc,start       ] GC(197) Pause Young (Allocation Failure)
[18.394s][info][gc             ] GC(197) Pause Young (Allocation Failure) 3042M->3042M(3959M) 0.067ms
[18.394s][info][gc,cpu         ] GC(197) User=0.00s Sys=0.00s Real=0.00s
[18.394s][info][gc,start       ] GC(198) Pause Full (Allocation Failure)
[18.394s][info][gc,phases,start] GC(198) Phase 1: Mark live objects
[18.395s][info][gc,phases      ] GC(198) Phase 1: Mark live objects 0.879ms
[18.395s][info][gc,phases,start] GC(198) Phase 2: Compute new object addresses
[18.396s][info][gc,phases      ] GC(198) Phase 2: Compute new object addresses 0.313ms
[18.396s][info][gc,phases,start] GC(198) Phase 3: Adjust pointers
[18.396s][info][gc,phases      ] GC(198) Phase 3: Adjust pointers 0.384ms
[18.396s][info][gc,phases,start] GC(198) Phase 4: Move objects
[18.435s][info][gc,phases      ] GC(198) Phase 4: Move objects 39.030ms
[18.435s][info][gc,heap        ] GC(198) DefNew: 1257796K(1258304K)->0K(1258304K) Eden: 1118528K(1118528K)->0K(1118528K) From: 139268K(139776K)->0K(139776K)
[18.435s][info][gc,heap        ] GC(198) Tenured: 1858003K(2796224K)->548779K(2796224K)
[18.435s][info][gc,metaspace   ] GC(198) Metaspace: 753K(896K)->753K(896K) NonClass: 681K(768K)->681K(768K) Class: 72K(128K)->72K(128K)
[18.435s][info][gc             ] GC(198) Pause Full (Allocation Failure) 3042M->535M(3959M) 40.904ms
[18.435s][info][gc,cpu         ] GC(198) User=0.05s Sys=0.00s Real=0.04s
[18.476s][info][gc,start       ] GC(199) Pause Young (Allocation Failure)
[18.559s][info][gc,heap        ] GC(199) DefNew: 1118528K(1258304K)->139268K(1258304K) Eden: 1118528K(1118528K)->0K(1118528K) From: 0K(139776K)->139268K(139776K)
[18.559s][info][gc,heap        ] GC(199) Tenured: 548779K(2796224K)->1518025K(2796224K)
[18.559s][info][gc,metaspace   ] GC(199) Metaspace: 753K(896K)->753K(896K) NonClass: 681K(768K)->681K(768K) Class: 72K(128K)->72K(128K)
[18.559s][info][gc             ] GC(199) Pause Young (Allocation Failure) 1628M->1618M(3959M) 83.612ms
[18.559s][info][gc,cpu         ] GC(199) User=0.06s Sys=0.00s Real=0.08s
[18.617s][info][gc,start       ] GC(200) Pause Young (Allocation Failure)
[18.634s][info][gc,heap        ] GC(200) DefNew: 1257796K(1258304K)->139268K(1258304K) Eden: 1118528K(1118528K)->0K(1118528K) From: 139268K(139776K)->139268K(139776K)
[18.634s][info][gc,heap        ] GC(200) Tenured: 1518025K(2796224K)->1584075K(2796224K)
[18.634s][info][gc,metaspace   ] GC(200) Metaspace: 753K(896K)->753K(896K) NonClass: 681K(768K)->681K(768K) Class: 72K(128K)->72K(128K)
[18.634s][info][gc             ] GC(200) Pause Young (Allocation Failure) 2710M->1682M(3959M) 16.989ms
[18.634s][info][gc,cpu         ] GC(200) User=0.00s Sys=0.00s Real=0.02s
[18.679s][info][gc,start       ] GC(201) Pause Young (Allocation Failure)
[18.679s][info][gc             ] GC(201) Pause Young (Allocation Failure) 2775M->2775M(3959M) 0.082ms
[18.679s][info][gc,cpu         ] GC(201) User=0.00s Sys=0.00s Real=0.00s
[18.679s][info][gc,start       ] GC(202) Pause Full (Allocation Failure)
[18.679s][info][gc,phases,start] GC(202) Phase 1: Mark live objects
[18.680s][info][gc,phases      ] GC(202) Phase 1: Mark live objects 0.870ms
[18.680s][info][gc,phases,start] GC(202) Phase 2: Compute new object addresses
[18.680s][info][gc,phases      ] GC(202) Phase 2: Compute new object addresses 0.358ms
[18.680s][info][gc,phases,start] GC(202) Phase 3: Adjust pointers
[18.681s][info][gc,phases      ] GC(202) Phase 3: Adjust pointers 0.485ms
[18.681s][info][gc,phases,start] GC(202) Phase 4: Move objects
[18.780s][info][gc,phases      ] GC(202) Phase 4: Move objects 99.119ms
[18.780s][info][gc,heap        ] GC(202) DefNew: 1257796K(1258304K)->0K(1258304K) Eden: 1118528K(1118528K)->0K(1118528K) From: 139268K(139776K)->0K(139776K)
[18.780s][info][gc,heap        ] GC(202) Tenured: 1584075K(2796224K)->1317315K(2796224K)
[18.780s][info][gc,metaspace   ] GC(202) Metaspace: 753K(896K)->753K(896K) NonClass: 681K(768K)->681K(768K) Class: 72K(128K)->72K(128K)
[18.780s][info][gc             ] GC(202) Pause Full (Allocation Failure) 2775M->1286M(3959M) 101.094ms
[18.780s][info][gc,cpu         ] GC(202) User=0.00s Sys=0.00s Real=0.10s
[18.827s][info][gc,start       ] GC(203) Pause Young (Allocation Failure)
[18.911s][info][gc,heap        ] GC(203) DefNew: 1118528K(1258304K)->139268K(1258304K) Eden: 1118528K(1118528K)->0K(1118528K) From: 0K(139776K)->139268K(139776K)
[18.911s][info][gc,heap        ] GC(203) Tenured: 1317315K(2796224K)->2286560K(2796224K)
[18.911s][info][gc,metaspace   ] GC(203) Metaspace: 753K(896K)->753K(896K) NonClass: 681K(768K)->681K(768K) Class: 72K(128K)->72K(128K)
[18.911s][info][gc             ] GC(203) Pause Young (Allocation Failure) 2378M->2368M(3959M) 84.368ms
[18.911s][info][gc,cpu         ] GC(203) User=0.02s Sys=0.00s Real=0.09s
[18.972s][info][gc,start       ] GC(204) Pause Young (Allocation Failure)
[18.972s][info][gc             ] GC(204) Pause Young (Allocation Failure) 3461M->3461M(3959M) 0.088ms
[18.972s][info][gc,cpu         ] GC(204) User=0.00s Sys=0.00s Real=0.00s
[18.972s][info][gc,start       ] GC(205) Pause Full (Allocation Failure)
[18.972s][info][gc,phases,start] GC(205) Phase 1: Mark live objects
[18.973s][info][gc,phases      ] GC(205) Phase 1: Mark live objects 1.150ms
[18.973s][info][gc,phases,start] GC(205) Phase 2: Compute new object addresses
[18.974s][info][gc,phases      ] GC(205) Phase 2: Compute new object addresses 0.341ms
[18.974s][info][gc,phases,start] GC(205) Phase 3: Adjust pointers
[18.974s][info][gc,phases      ] GC(205) Phase 3: Adjust pointers 0.386ms
[18.974s][info][gc,phases,start] GC(205) Phase 4: Move objects
[19.051s][info][gc,phases      ] GC(205) Phase 4: Move objects 77.285ms
[19.052s][info][gc,heap        ] GC(205) DefNew: 1257796K(1258304K)->0K(1258304K) Eden: 1118528K(1118528K)->0K(1118528K) From: 139268K(139776K)->0K(139776K)
[19.052s][info][gc,heap        ] GC(205) Tenured: 2286560K(2796224K)->975288K(2796224K)
[19.052s][info][gc,metaspace   ] GC(205) Metaspace: 753K(896K)->753K(896K) NonClass: 681K(768K)->681K(768K) Class: 72K(128K)->72K(128K)
[19.052s][info][gc             ] GC(205) Pause Full (Allocation Failure) 3461M->952M(3959M) 79.586ms
[19.052s][info][gc,cpu         ] GC(205) User=0.02s Sys=0.00s Real=0.08s
[19.095s][info][gc,start       ] GC(206) Pause Young (Allocation Failure)
[19.186s][info][gc,heap        ] GC(206) DefNew: 1118528K(1258304K)->139268K(1258304K) Eden: 1118528K(1118528K)->0K(1118528K) From: 0K(139776K)->139268K(139776K)
[19.186s][info][gc,heap        ] GC(206) Tenured: 975288K(2796224K)->1945558K(2796224K)
[19.186s][info][gc,metaspace   ] GC(206) Metaspace: 753K(896K)->753K(896K) NonClass: 681K(768K)->681K(768K) Class: 72K(128K)->72K(128K)
[19.187s][info][gc             ] GC(206) Pause Young (Allocation Failure) 2044M->2035M(3959M) 91.131ms
[19.187s][info][gc,cpu         ] GC(206) User=0.03s Sys=0.00s Real=0.09s
[19.256s][info][gc,start       ] GC(207) Pause Young (Allocation Failure)
[19.256s][info][gc             ] GC(207) Pause Young (Allocation Failure) 3128M->3128M(3959M) 0.104ms
[19.256s][info][gc,cpu         ] GC(207) User=0.00s Sys=0.00s Real=0.00s
[19.256s][info][gc,start       ] GC(208) Pause Full (Allocation Failure)
[19.256s][info][gc,phases,start] GC(208) Phase 1: Mark live objects
[19.257s][info][gc,phases      ] GC(208) Phase 1: Mark live objects 1.312ms
[19.257s][info][gc,phases,start] GC(208) Phase 2: Compute new object addresses
[19.258s][info][gc,phases      ] GC(208) Phase 2: Compute new object addresses 0.436ms
[19.258s][info][gc,phases,start] GC(208) Phase 3: Adjust pointers
[19.258s][info][gc,phases      ] GC(208) Phase 3: Adjust pointers 0.466ms
[19.258s][info][gc,phases,start] GC(208) Phase 4: Move objects
[19.310s][info][gc,phases      ] GC(208) Phase 4: Move objects 52.006ms
[19.311s][info][gc,heap        ] GC(208) DefNew: 1257796K(1258304K)->0K(1258304K) Eden: 1118528K(1118528K)->0K(1118528K) From: 139268K(139776K)->0K(139776K)
[19.311s][info][gc,heap        ] GC(208) Tenured: 1945558K(2796224K)->634286K(2796224K)
[19.311s][info][gc,metaspace   ] GC(208) Metaspace: 753K(896K)->753K(896K) NonClass: 681K(768K)->681K(768K) Class: 72K(128K)->72K(128K)
[19.311s][info][gc             ] GC(208) Pause Full (Allocation Failure) 3128M->619M(3959M) 54.603ms
[19.311s][info][gc,cpu         ] GC(208) User=0.02s Sys=0.00s Real=0.06s
[19.362s][info][gc,start       ] GC(209) Pause Young (Allocation Failure)
[19.466s][info][gc,heap        ] GC(209) DefNew: 1118528K(1258304K)->139268K(1258304K) Eden: 1118528K(1118528K)->0K(1118528K) From: 0K(139776K)->139268K(139776K)
[19.466s][info][gc,heap        ] GC(209) Tenured: 634286K(2796224K)->1604555K(2796224K)
[19.466s][info][gc,metaspace   ] GC(209) Metaspace: 753K(896K)->753K(896K) NonClass: 681K(768K)->681K(768K) Class: 72K(128K)->72K(128K)
[19.466s][info][gc             ] GC(209) Pause Young (Allocation Failure) 1711M->1702M(3959M) 103.791ms
[19.466s][info][gc,cpu         ] GC(209) User=0.08s Sys=0.00s Real=0.10s
[19.538s][info][gc,start       ] GC(210) Pause Young (Allocation Failure)
[19.538s][info][gc             ] GC(210) Pause Young (Allocation Failure) 2795M->2795M(3959M) 0.085ms
[19.538s][info][gc,cpu         ] GC(210) User=0.00s Sys=0.00s Real=0.00s
[19.538s][info][gc,start       ] GC(211) Pause Full (Allocation Failure)
[19.538s][info][gc,phases,start] GC(211) Phase 1: Mark live objects
[19.539s][info][gc,phases      ] GC(211) Phase 1: Mark live objects 1.203ms
[19.539s][info][gc,phases,start] GC(211) Phase 2: Compute new object addresses
[19.540s][info][gc,phases      ] GC(211) Phase 2: Compute new object addresses 0.472ms
[19.540s][info][gc,phases,start] GC(211) Phase 3: Adjust pointers
[19.540s][info][gc,phases      ] GC(211) Phase 3: Adjust pointers 0.615ms
[19.540s][info][gc,phases,start] GC(211) Phase 4: Move objects
[19.567s][info][gc,phases      ] GC(211) Phase 4: Move objects 26.650ms
[19.567s][info][gc,heap        ] GC(211) DefNew: 1257796K(1258304K)->0K(1258304K) Eden: 1118528K(1118528K)->0K(1118528K) From: 139268K(139776K)->0K(139776K)
[19.567s][info][gc,heap        ] GC(211) Tenured: 1604555K(2796224K)->293283K(2796224K)
[19.567s][info][gc,metaspace   ] GC(211) Metaspace: 753K(896K)->753K(896K) NonClass: 681K(768K)->681K(768K) Class: 72K(128K)->72K(128K)
[19.567s][info][gc             ] GC(211) Pause Full (Allocation Failure) 2795M->286M(3959M) 29.471ms
[19.567s][info][gc,cpu         ] GC(211) User=0.00s Sys=0.00s Real=0.03s
[19.627s][info][gc,start       ] GC(212) Pause Young (Allocation Failure)
[19.719s][info][gc,heap        ] GC(212) DefNew: 1118528K(1258304K)->139268K(1258304K) Eden: 1118528K(1118528K)->0K(1118528K) From: 0K(139776K)->139268K(139776K)
[19.719s][info][gc,heap        ] GC(212) Tenured: 293283K(2796224K)->1265601K(2796224K)
[19.719s][info][gc,metaspace   ] GC(212) Metaspace: 753K(896K)->753K(896K) NonClass: 681K(768K)->681K(768K) Class: 72K(128K)->72K(128K)
[19.719s][info][gc             ] GC(212) Pause Young (Allocation Failure) 1378M->1371M(3959M) 92.066ms
[19.719s][info][gc,cpu         ] GC(212) User=0.03s Sys=0.00s Real=0.09s
[19.764s][info][gc,start       ] GC(213) Pause Young (Allocation Failure)
[19.861s][info][gc,heap        ] GC(213) DefNew: 1257796K(1258304K)->139268K(1258304K) Eden: 1118528K(1118528K)->0K(1118528K) From: 139268K(139776K)->139268K(139776K)
[19.861s][info][gc,heap        ] GC(213) Tenured: 1265601K(2796224K)->2374115K(2796224K)
[19.861s][info][gc,metaspace   ] GC(213) Metaspace: 753K(896K)->753K(896K) NonClass: 681K(768K)->681K(768K) Class: 72K(128K)->72K(128K)
[19.861s][info][gc             ] GC(213) Pause Young (Allocation Failure) 2464M->2454M(3959M) 97.049ms
[19.861s][info][gc,cpu         ] GC(213) User=0.03s Sys=0.00s Real=0.10s
[19.917s][info][gc,start       ] GC(214) Pause Young (Allocation Failure)
[19.917s][info][gc             ] GC(214) Pause Young (Allocation Failure) 3546M->3546M(3959M) 0.068ms
[19.917s][info][gc,cpu         ] GC(214) User=0.00s Sys=0.00s Real=0.00s
[19.917s][info][gc,start       ] GC(215) Pause Full (Allocation Failure)
[19.917s][info][gc,phases,start] GC(215) Phase 1: Mark live objects
[19.918s][info][gc,phases      ] GC(215) Phase 1: Mark live objects 0.901ms
[19.918s][info][gc,phases,start] GC(215) Phase 2: Compute new object addresses
[19.919s][info][gc,phases      ] GC(215) Phase 2: Compute new object addresses 0.363ms
[19.919s][info][gc,phases,start] GC(215) Phase 3: Adjust pointers
[19.919s][info][gc,phases      ] GC(215) Phase 3: Adjust pointers 0.428ms
[19.919s][info][gc,phases,start] GC(215) Phase 4: Move objects
[19.985s][info][gc,phases      ] GC(215) Phase 4: Move objects 65.696ms
[19.985s][info][gc,heap        ] GC(215) DefNew: 1257796K(1258304K)->0K(1258304K) Eden: 1118528K(1118528K)->0K(1118528K) From: 139268K(139776K)->0K(139776K)
[19.985s][info][gc,heap        ] GC(215) Tenured: 2374115K(2796224K)->1062331K(2796224K)
[19.985s][info][gc,metaspace   ] GC(215) Metaspace: 753K(896K)->753K(896K) NonClass: 681K(768K)->681K(768K) Class: 72K(128K)->72K(128K)
[19.985s][info][gc             ] GC(215) Pause Full (Allocation Failure) 3546M->1037M(3959M) 67.764ms
[19.985s][info][gc,cpu         ] GC(215) User=0.06s Sys=0.00s Real=0.07s
[20.026s][info][gc,start       ] GC(216) Pause Young (Allocation Failure)
[20.112s][info][gc,heap        ] GC(216) DefNew: 1118528K(1258304K)->139268K(1258304K) Eden: 1118528K(1118528K)->0K(1118528K) From: 0K(139776K)->139268K(139776K)
[20.113s][info][gc,heap        ] GC(216) Tenured: 1062331K(2796224K)->2034136K(2796224K)
[20.113s][info][gc,metaspace   ] GC(216) Metaspace: 753K(896K)->753K(896K) NonClass: 681K(768K)->681K(768K) Class: 72K(128K)->72K(128K)
[20.113s][info][gc             ] GC(216) Pause Young (Allocation Failure) 2129M->2122M(3959M) 86.363ms
[20.113s][info][gc,cpu         ] GC(216) User=0.02s Sys=0.00s Real=0.09s
[20.163s][info][gc,start       ] GC(217) Pause Young (Allocation Failure)
[20.164s][info][gc             ] GC(217) Pause Young (Allocation Failure) 3214M->3214M(3959M) 0.088ms
[20.164s][info][gc,cpu         ] GC(217) User=0.00s Sys=0.00s Real=0.00s
[20.164s][info][gc,start       ] GC(218) Pause Full (Allocation Failure)
[20.164s][info][gc,phases,start] GC(218) Phase 1: Mark live objects
[20.165s][info][gc,phases      ] GC(218) Phase 1: Mark live objects 0.981ms
[20.165s][info][gc,phases,start] GC(218) Phase 2: Compute new object addresses
[20.165s][info][gc,phases      ] GC(218) Phase 2: Compute new object addresses 0.508ms
[20.165s][info][gc,phases,start] GC(218) Phase 3: Adjust pointers
[20.166s][info][gc,phases      ] GC(218) Phase 3: Adjust pointers 0.453ms
[20.166s][info][gc,phases,start] GC(218) Phase 4: Move objects
[20.215s][info][gc,phases      ] GC(218) Phase 4: Move objects 49.870ms
[20.216s][info][gc,heap        ] GC(218) DefNew: 1257796K(1258304K)->0K(1258304K) Eden: 1118528K(1118528K)->0K(1118528K) From: 139268K(139776K)->0K(139776K)
[20.216s][info][gc,heap        ] GC(218) Tenured: 2034136K(2796224K)->721840K(2796224K)
[20.216s][info][gc,metaspace   ] GC(218) Metaspace: 753K(896K)->753K(896K) NonClass: 681K(768K)->681K(768K) Class: 72K(128K)->72K(128K)
[20.216s][info][gc             ] GC(218) Pause Full (Allocation Failure) 3214M->704M(3959M) 52.163ms
[20.216s][info][gc,cpu         ] GC(218) User=0.06s Sys=0.00s Real=0.05s
[20.255s][info][gc,start       ] GC(219) Pause Young (Allocation Failure)
[20.335s][info][gc,heap        ] GC(219) DefNew: 1118528K(1258304K)->139268K(1258304K) Eden: 1118528K(1118528K)->0K(1118528K) From: 0K(139776K)->139268K(139776K)
[20.335s][info][gc,heap        ] GC(219) Tenured: 721840K(2796224K)->1692110K(2796224K)
[20.335s][info][gc,metaspace   ] GC(219) Metaspace: 753K(896K)->753K(896K) NonClass: 681K(768K)->681K(768K) Class: 72K(128K)->72K(128K)
[20.335s][info][gc             ] GC(219) Pause Young (Allocation Failure) 1797M->1788M(3959M) 79.664ms
[20.335s][info][gc,cpu         ] GC(219) User=0.05s Sys=0.00s Real=0.08s
[20.399s][info][gc,start       ] GC(220) Pause Young (Allocation Failure)
[20.399s][info][gc             ] GC(220) Pause Young (Allocation Failure) 2880M->2880M(3959M) 0.078ms
[20.400s][info][gc,cpu         ] GC(220) User=0.00s Sys=0.00s Real=0.00s
[20.400s][info][gc,start       ] GC(221) Pause Full (Allocation Failure)
[20.400s][info][gc,phases,start] GC(221) Phase 1: Mark live objects
[20.400s][info][gc,phases      ] GC(221) Phase 1: Mark live objects 0.954ms
[20.401s][info][gc,phases,start] GC(221) Phase 2: Compute new object addresses
[20.401s][info][gc,phases      ] GC(221) Phase 2: Compute new object addresses 0.317ms
[20.401s][info][gc,phases,start] GC(221) Phase 3: Adjust pointers
[20.401s][info][gc,phases      ] GC(221) Phase 3: Adjust pointers 0.383ms
[20.401s][info][gc,phases,start] GC(221) Phase 4: Move objects
[20.427s][info][gc,phases      ] GC(221) Phase 4: Move objects 25.801ms
[20.427s][info][gc,heap        ] GC(221) DefNew: 1257796K(1258304K)->0K(1258304K) Eden: 1118528K(1118528K)->0K(1118528K) From: 139268K(139776K)->0K(139776K)
[20.427s][info][gc,heap        ] GC(221) Tenured: 1692110K(2796224K)->380838K(2796224K)
[20.427s][info][gc,metaspace   ] GC(221) Metaspace: 753K(896K)->753K(896K) NonClass: 681K(768K)->681K(768K) Class: 72K(128K)->72K(128K)
[20.427s][info][gc             ] GC(221) Pause Full (Allocation Failure) 2880M->371M(3959M) 27.723ms
[20.427s][info][gc,cpu         ] GC(221) User=0.00s Sys=0.00s Real=0.03s
[20.470s][info][gc,start       ] GC(222) Pause Young (Allocation Failure)
[20.554s][info][gc,heap        ] GC(222) DefNew: 1118528K(1258304K)->139268K(1258304K) Eden: 1118528K(1118528K)->0K(1118528K) From: 0K(139776K)->139268K(139776K)
[20.554s][info][gc,heap        ] GC(222) Tenured: 380838K(2796224K)->1351108K(2796224K)
[20.554s][info][gc,metaspace   ] GC(222) Metaspace: 753K(896K)->753K(896K) NonClass: 681K(768K)->681K(768K) Class: 72K(128K)->72K(128K)
[20.555s][info][gc             ] GC(222) Pause Young (Allocation Failure) 1464M->1455M(3959M) 84.880ms
[20.555s][info][gc,cpu         ] GC(222) User=0.05s Sys=0.00s Real=0.09s
[20.620s][info][gc,start       ] GC(223) Pause Young (Allocation Failure)
[20.624s][info][gc,heap        ] GC(223) DefNew: 1257796K(1258304K)->38913K(1258304K) Eden: 1118528K(1118528K)->0K(1118528K) From: 139268K(139776K)->38913K(139776K)
[20.624s][info][gc,heap        ] GC(223) Tenured: 1351108K(2796224K)->1351108K(2796224K)
[20.624s][info][gc,metaspace   ] GC(223) Metaspace: 753K(896K)->753K(896K) NonClass: 681K(768K)->681K(768K) Class: 72K(128K)->72K(128K)
[20.624s][info][gc             ] GC(223) Pause Young (Allocation Failure) 2547M->1357M(3959M) 3.518ms
[20.624s][info][gc,cpu         ] GC(223) User=0.00s Sys=0.00s Real=0.00s
[20.665s][info][gc,start       ] GC(224) Pause Young (Allocation Failure)
[20.750s][info][gc,heap        ] GC(224) DefNew: 1157441K(1258304K)->139268K(1258304K) Eden: 1118528K(1118528K)->0K(1118528K) From: 38913K(139776K)->139268K(139776K)
[20.750s][info][gc,heap        ] GC(224) Tenured: 1351108K(2796224K)->2360290K(2796224K)
[20.750s][info][gc,metaspace   ] GC(224) Metaspace: 753K(896K)->753K(896K) NonClass: 681K(768K)->681K(768K) Class: 72K(128K)->72K(128K)
[20.750s][info][gc             ] GC(224) Pause Young (Allocation Failure) 2449M->2440M(3959M) 85.861ms
[20.750s][info][gc,cpu         ] GC(224) User=0.06s Sys=0.00s Real=0.09s
[20.790s][info][gc,start       ] GC(225) Pause Young (Allocation Failure)
[20.790s][info][gc             ] GC(225) Pause Young (Allocation Failure) 3533M->3533M(3959M) 0.062ms
[20.790s][info][gc,cpu         ] GC(225) User=0.00s Sys=0.00s Real=0.00s
[20.790s][info][gc,start       ] GC(226) Pause Full (Allocation Failure)
[20.790s][info][gc,phases,start] GC(226) Phase 1: Mark live objects
[20.791s][info][gc,phases      ] GC(226) Phase 1: Mark live objects 1.128ms
[20.791s][info][gc,phases,start] GC(226) Phase 2: Compute new object addresses
[20.792s][info][gc,phases      ] GC(226) Phase 2: Compute new object addresses 0.553ms
[20.792s][info][gc,phases,start] GC(226) Phase 3: Adjust pointers
[20.793s][info][gc,phases      ] GC(226) Phase 3: Adjust pointers 0.469ms
[20.793s][info][gc,phases,start] GC(226) Phase 4: Move objects
[20.964s][info][gc,phases      ] GC(226) Phase 4: Move objects 171.743ms
[20.965s][info][gc,heap        ] GC(226) DefNew: 1257796K(1258304K)->0K(1258304K) Eden: 1118528K(1118528K)->0K(1118528K) From: 139268K(139776K)->0K(139776K)
[20.965s][info][gc,heap        ] GC(226) Tenured: 2360290K(2796224K)->2260959K(2796224K)
[20.965s][info][gc,metaspace   ] GC(226) Metaspace: 753K(896K)->753K(896K) NonClass: 681K(768K)->681K(768K) Class: 72K(128K)->72K(128K)
[20.965s][info][gc             ] GC(226) Pause Full (Allocation Failure) 3533M->2207M(3959M) 174.236ms
[20.965s][info][gc,cpu         ] GC(226) User=0.16s Sys=0.00s Real=0.17s
[21.022s][info][gc,start       ] GC(227) Pause Young (Allocation Failure)
[21.022s][info][gc             ] GC(227) Pause Young (Allocation Failure) 3300M->3300M(3959M) 0.066ms
[21.022s][info][gc,cpu         ] GC(227) User=0.00s Sys=0.00s Real=0.00s
[21.022s][info][gc,start       ] GC(228) Pause Full (Allocation Failure)
[21.022s][info][gc,phases,start] GC(228) Phase 1: Mark live objects
[21.023s][info][gc,phases      ] GC(228) Phase 1: Mark live objects 0.801ms
[21.023s][info][gc,phases,start] GC(228) Phase 2: Compute new object addresses
[21.023s][info][gc,phases      ] GC(228) Phase 2: Compute new object addresses 0.334ms
[21.023s][info][gc,phases,start] GC(228) Phase 3: Adjust pointers
[21.024s][info][gc,phases      ] GC(228) Phase 3: Adjust pointers 0.379ms
[21.024s][info][gc,phases,start] GC(228) Phase 4: Move objects
[21.085s][info][gc,phases      ] GC(228) Phase 4: Move objects 61.187ms
[21.085s][info][gc,heap        ] GC(228) DefNew: 1118528K(1258304K)->0K(1258304K) Eden: 1118528K(1118528K)->0K(1118528K) From: 0K(139776K)->0K(139776K)
[21.085s][info][gc,heap        ] GC(228) Tenured: 2260959K(2796224K)->809395K(2796224K)
[21.085s][info][gc,metaspace   ] GC(228) Metaspace: 753K(896K)->753K(896K) NonClass: 681K(768K)->681K(768K) Class: 72K(128K)->72K(128K)
[21.085s][info][gc             ] GC(228) Pause Full (Allocation Failure) 3300M->790M(3959M) 63.052ms
[21.085s][info][gc,cpu         ] GC(228) User=0.06s Sys=0.00s Real=0.06s
[21.126s][info][gc,start       ] GC(229) Pause Young (Allocation Failure)
[21.196s][info][gc,heap        ] GC(229) DefNew: 1118528K(1258304K)->139268K(1258304K) Eden: 1118528K(1118528K)->0K(1118528K) From: 0K(139776K)->139268K(139776K)
[21.196s][info][gc,heap        ] GC(229) Tenured: 809395K(2796224K)->1779153K(2796224K)
[21.196s][info][gc,metaspace   ] GC(229) Metaspace: 753K(896K)->753K(896K) NonClass: 681K(768K)->681K(768K) Class: 72K(128K)->72K(128K)
[21.196s][info][gc             ] GC(229) Pause Young (Allocation Failure) 1882M->1873M(3959M) 69.464ms
[21.196s][info][gc,cpu         ] GC(229) User=0.06s Sys=0.00s Real=0.07s
[21.260s][info][gc,start       ] GC(230) Pause Young (Allocation Failure)
[21.260s][info][gc             ] GC(230) Pause Young (Allocation Failure) 2965M->2965M(3959M) 0.064ms
[21.260s][info][gc,cpu         ] GC(230) User=0.00s Sys=0.00s Real=0.00s
[21.260s][info][gc,start       ] GC(231) Pause Full (Allocation Failure)
[21.260s][info][gc,phases,start] GC(231) Phase 1: Mark live objects
[21.261s][info][gc,phases      ] GC(231) Phase 1: Mark live objects 0.789ms
[21.261s][info][gc,phases,start] GC(231) Phase 2: Compute new object addresses
[21.261s][info][gc,phases      ] GC(231) Phase 2: Compute new object addresses 0.292ms
[21.261s][info][gc,phases,start] GC(231) Phase 3: Adjust pointers
[21.262s][info][gc,phases      ] GC(231) Phase 3: Adjust pointers 0.275ms
[21.262s][info][gc,phases,start] GC(231) Phase 4: Move objects
[21.294s][info][gc,phases      ] GC(231) Phase 4: Move objects 32.219ms
[21.294s][info][gc,heap        ] GC(231) DefNew: 1257796K(1258304K)->0K(1258304K) Eden: 1118528K(1118528K)->0K(1118528K) From: 139268K(139776K)->0K(139776K)
[21.294s][info][gc,heap        ] GC(231) Tenured: 1779153K(2796224K)->469417K(2796224K)
[21.294s][info][gc,metaspace   ] GC(231) Metaspace: 753K(896K)->753K(896K) NonClass: 681K(768K)->681K(768K) Class: 72K(128K)->72K(128K)
[21.294s][info][gc             ] GC(231) Pause Full (Allocation Failure) 2965M->458M(3959M) 33.824ms
[21.294s][info][gc,cpu         ] GC(231) User=0.02s Sys=0.00s Real=0.03s
[21.338s][info][gc,start       ] GC(232) Pause Young (Allocation Failure)
[21.418s][info][gc,heap        ] GC(232) DefNew: 1118528K(1258304K)->139268K(1258304K) Eden: 1118528K(1118528K)->0K(1118528K) From: 0K(139776K)->139268K(139776K)
[21.419s][info][gc,heap        ] GC(232) Tenured: 469417K(2796224K)->1438662K(2796224K)
[21.419s][info][gc,metaspace   ] GC(232) Metaspace: 753K(896K)->753K(896K) NonClass: 681K(768K)->681K(768K) Class: 72K(128K)->72K(128K)
[21.419s][info][gc             ] GC(232) Pause Young (Allocation Failure) 1550M->1540M(3959M) 81.041ms
[21.419s][info][gc,cpu         ] GC(232) User=0.06s Sys=0.00s Real=0.08s
[21.480s][info][gc,start       ] GC(233) Pause Young (Allocation Failure)
[21.488s][info][gc,heap        ] GC(233) DefNew: 1257796K(1258304K)->126467K(1258304K) Eden: 1118528K(1118528K)->0K(1118528K) From: 139268K(139776K)->126467K(139776K)
[21.488s][info][gc,heap        ] GC(233) Tenured: 1438662K(2796224K)->1438662K(2796224K)
[21.488s][info][gc,metaspace   ] GC(233) Metaspace: 753K(896K)->753K(896K) NonClass: 681K(768K)->681K(768K) Class: 72K(128K)->72K(128K)
[21.488s][info][gc             ] GC(233) Pause Young (Allocation Failure) 2633M->1528M(3959M) 8.552ms
[21.489s][info][gc,cpu         ] GC(233) User=0.00s Sys=0.00s Real=0.01s
[21.529s][info][gc,start       ] GC(234) Pause Young (Allocation Failure)
[21.627s][info][gc,heap        ] GC(234) DefNew: 1244995K(1258304K)->139268K(1258304K) Eden: 1118528K(1118528K)->0K(1118528K) From: 126467K(139776K)->139268K(139776K)
[21.627s][info][gc,heap        ] GC(234) Tenured: 1438662K(2796224K)->2535400K(2796224K)
[21.627s][info][gc,metaspace   ] GC(234) Metaspace: 753K(896K)->753K(896K) NonClass: 681K(768K)->681K(768K) Class: 72K(128K)->72K(128K)
[21.627s][info][gc             ] GC(234) Pause Young (Allocation Failure) 2620M->2611M(3959M) 98.485ms
[21.627s][info][gc,cpu         ] GC(234) User=0.02s Sys=0.00s Real=0.10s
[21.668s][info][gc,start       ] GC(235) Pause Young (Allocation Failure)
[21.668s][info][gc             ] GC(235) Pause Young (Allocation Failure) 3704M->3704M(3959M) 0.064ms
[21.668s][info][gc,cpu         ] GC(235) User=0.00s Sys=0.00s Real=0.00s
[21.668s][info][gc,start       ] GC(236) Pause Full (Allocation Failure)
[21.668s][info][gc,phases,start] GC(236) Phase 1: Mark live objects
[21.669s][info][gc,phases      ] GC(236) Phase 1: Mark live objects 0.972ms
[21.669s][info][gc,phases,start] GC(236) Phase 2: Compute new object addresses
[21.669s][info][gc,phases      ] GC(236) Phase 2: Compute new object addresses 0.454ms
[21.669s][info][gc,phases,start] GC(236) Phase 3: Adjust pointers
[21.670s][info][gc,phases      ] GC(236) Phase 3: Adjust pointers 0.502ms
[21.670s][info][gc,phases,start] GC(236) Phase 4: Move objects
[21.828s][info][gc,phases      ] GC(236) Phase 4: Move objects 158.388ms
[21.828s][info][gc,heap        ] GC(236) DefNew: 1257796K(1258304K)->0K(1258304K) Eden: 1118528K(1118528K)->0K(1118528K) From: 139268K(139776K)->0K(139776K)
[21.828s][info][gc,heap        ] GC(236) Tenured: 2535400K(2796224K)->2346466K(2796224K)
[21.828s][info][gc,metaspace   ] GC(236) Metaspace: 753K(896K)->753K(896K) NonClass: 681K(768K)->681K(768K) Class: 72K(128K)->72K(128K)
[21.828s][info][gc             ] GC(236) Pause Full (Allocation Failure) 3704M->2291M(3959M) 160.647ms
[21.828s][info][gc,cpu         ] GC(236) User=0.14s Sys=0.00s Real=0.16s
[21.883s][info][gc,start       ] GC(237) Pause Young (Allocation Failure)
[21.883s][info][gc             ] GC(237) Pause Young (Allocation Failure) 3383M->3383M(3959M) 0.053ms
[21.883s][info][gc,cpu         ] GC(237) User=0.00s Sys=0.00s Real=0.00s
[21.883s][info][gc,start       ] GC(238) Pause Full (Allocation Failure)
[21.883s][info][gc,phases,start] GC(238) Phase 1: Mark live objects
[21.884s][info][gc,phases      ] GC(238) Phase 1: Mark live objects 0.887ms
[21.884s][info][gc,phases,start] GC(238) Phase 2: Compute new object addresses
[21.884s][info][gc,phases      ] GC(238) Phase 2: Compute new object addresses 0.393ms
[21.884s][info][gc,phases,start] GC(238) Phase 3: Adjust pointers
[21.885s][info][gc,phases      ] GC(238) Phase 3: Adjust pointers 0.439ms
[21.885s][info][gc,phases,start] GC(238) Phase 4: Move objects
[21.950s][info][gc,phases      ] GC(238) Phase 4: Move objects 65.070ms
[21.950s][info][gc,heap        ] GC(238) DefNew: 1118528K(1258304K)->0K(1258304K) Eden: 1118528K(1118528K)->0K(1118528K) From: 0K(139776K)->0K(139776K)
[21.950s][info][gc,heap        ] GC(238) Tenured: 2346466K(2796224K)->895926K(2796224K)
[21.950s][info][gc,metaspace   ] GC(238) Metaspace: 753K(896K)->753K(896K) NonClass: 681K(768K)->681K(768K) Class: 72K(128K)->72K(128K)
[21.950s][info][gc             ] GC(238) Pause Full (Allocation Failure) 3383M->874M(3959M) 67.112ms
[21.950s][info][gc,cpu         ] GC(238) User=0.05s Sys=0.00s Real=0.07s
[21.988s][info][gc,start       ] GC(239) Pause Young (Allocation Failure)
[22.068s][info][gc,heap        ] GC(239) DefNew: 1118528K(1258304K)->139268K(1258304K) Eden: 1118528K(1118528K)->0K(1118528K) From: 0K(139776K)->139268K(139776K)
[22.068s][info][gc,heap        ] GC(239) Tenured: 895926K(2796224K)->1866195K(2796224K)
[22.068s][info][gc,metaspace   ] GC(239) Metaspace: 753K(896K)->753K(896K) NonClass: 681K(768K)->681K(768K) Class: 72K(128K)->72K(128K)
[22.068s][info][gc             ] GC(239) Pause Young (Allocation Failure) 1967M->1958M(3959M) 79.983ms
[22.068s][info][gc,cpu         ] GC(239) User=0.06s Sys=0.00s Real=0.08s
[22.135s][info][gc,start       ] GC(240) Pause Young (Allocation Failure)
[22.135s][info][gc             ] GC(240) Pause Young (Allocation Failure) 3050M->3050M(3959M) 0.073ms
[22.135s][info][gc,cpu         ] GC(240) User=0.00s Sys=0.00s Real=0.00s
[22.135s][info][gc,start       ] GC(241) Pause Full (Allocation Failure)
[22.135s][info][gc,phases,start] GC(241) Phase 1: Mark live objects
[22.136s][info][gc,phases      ] GC(241) Phase 1: Mark live objects 0.846ms
[22.136s][info][gc,phases,start] GC(241) Phase 2: Compute new object addresses
[22.136s][info][gc,phases      ] GC(241) Phase 2: Compute new object addresses 0.296ms
[22.136s][info][gc,phases,start] GC(241) Phase 3: Adjust pointers
[22.136s][info][gc,phases      ] GC(241) Phase 3: Adjust pointers 0.328ms
[22.136s][info][gc,phases,start] GC(241) Phase 4: Move objects
[22.176s][info][gc,phases      ] GC(241) Phase 4: Move objects 40.032ms
[22.177s][info][gc,heap        ] GC(241) DefNew: 1257796K(1258304K)->0K(1258304K) Eden: 1118528K(1118528K)->0K(1118528K) From: 139268K(139776K)->0K(139776K)
[22.177s][info][gc,heap        ] GC(241) Tenured: 1866195K(2796224K)->556971K(2796224K)
[22.177s][info][gc,metaspace   ] GC(241) Metaspace: 753K(896K)->753K(896K) NonClass: 681K(768K)->681K(768K) Class: 72K(128K)->72K(128K)
[22.177s][info][gc             ] GC(241) Pause Full (Allocation Failure) 3050M->543M(3959M) 41.832ms
[22.177s][info][gc,cpu         ] GC(241) User=0.03s Sys=0.00s Real=0.04s
[22.221s][info][gc,start       ] GC(242) Pause Young (Allocation Failure)
[22.307s][info][gc,heap        ] GC(242) DefNew: 1118528K(1258304K)->139268K(1258304K) Eden: 1118528K(1118528K)->0K(1118528K) From: 0K(139776K)->139268K(139776K)
[22.307s][info][gc,heap        ] GC(242) Tenured: 556971K(2796224K)->1526217K(2796224K)
[22.307s][info][gc,metaspace   ] GC(242) Metaspace: 753K(896K)->753K(896K) NonClass: 681K(768K)->681K(768K) Class: 72K(128K)->72K(128K)
[22.307s][info][gc             ] GC(242) Pause Young (Allocation Failure) 1636M->1626M(3959M) 86.024ms
[22.307s][info][gc,cpu         ] GC(242) User=0.05s Sys=0.00s Real=0.08s
[22.371s][info][gc,start       ] GC(243) Pause Young (Allocation Failure)
[22.388s][info][gc,heap        ] GC(243) DefNew: 1257796K(1258304K)->139268K(1258304K) Eden: 1118528K(1118528K)->0K(1118528K) From: 139268K(139776K)->139268K(139776K)
[22.388s][info][gc,heap        ] GC(243) Tenured: 1526217K(2796224K)->1600459K(2796224K)
[22.388s][info][gc,metaspace   ] GC(243) Metaspace: 753K(896K)->753K(896K) NonClass: 681K(768K)->681K(768K) Class: 72K(128K)->72K(128K)
[22.388s][info][gc             ] GC(243) Pause Young (Allocation Failure) 2718M->1698M(3959M) 17.394ms
[22.388s][info][gc,cpu         ] GC(243) User=0.00s Sys=0.00s Real=0.02s
[22.427s][info][gc,start       ] GC(244) Pause Young (Allocation Failure)
[22.428s][info][gc             ] GC(244) Pause Young (Allocation Failure) 2791M->2791M(3959M) 0.061ms
[22.428s][info][gc,cpu         ] GC(244) User=0.00s Sys=0.00s Real=0.00s
[22.428s][info][gc,start       ] GC(245) Pause Full (Allocation Failure)
[22.428s][info][gc,phases,start] GC(245) Phase 1: Mark live objects
[22.428s][info][gc,phases      ] GC(245) Phase 1: Mark live objects 0.944ms
[22.428s][info][gc,phases,start] GC(245) Phase 2: Compute new object addresses
[22.429s][info][gc,phases      ] GC(245) Phase 2: Compute new object addresses 0.394ms
[22.429s][info][gc,phases,start] GC(245) Phase 3: Adjust pointers
[22.429s][info][gc,phases      ] GC(245) Phase 3: Adjust pointers 0.405ms
[22.429s][info][gc,phases,start] GC(245) Phase 4: Move objects
[22.524s][info][gc,phases      ] GC(245) Phase 4: Move objects 94.214ms
[22.524s][info][gc,heap        ] GC(245) DefNew: 1257796K(1258304K)->0K(1258304K) Eden: 1118528K(1118528K)->0K(1118528K) From: 139268K(139776K)->0K(139776K)
[22.524s][info][gc,heap        ] GC(245) Tenured: 1600459K(2796224K)->1325507K(2796224K)
[22.524s][info][gc,metaspace   ] GC(245) Metaspace: 753K(896K)->753K(896K) NonClass: 681K(768K)->681K(768K) Class: 72K(128K)->72K(128K)
[22.524s][info][gc             ] GC(245) Pause Full (Allocation Failure) 2791M->1294M(3959M) 96.239ms
[22.524s][info][gc,cpu         ] GC(245) User=0.08s Sys=0.00s Real=0.10s
[22.563s][info][gc,start       ] GC(246) Pause Young (Allocation Failure)
[22.641s][info][gc,heap        ] GC(246) DefNew: 1118528K(1258304K)->139268K(1258304K) Eden: 1118528K(1118528K)->0K(1118528K) From: 0K(139776K)->139268K(139776K)
[22.641s][info][gc,heap        ] GC(246) Tenured: 1325507K(2796224K)->2294752K(2796224K)
[22.641s][info][gc,metaspace   ] GC(246) Metaspace: 753K(896K)->753K(896K) NonClass: 681K(768K)->681K(768K) Class: 72K(128K)->72K(128K)
[22.642s][info][gc             ] GC(246) Pause Young (Allocation Failure) 2386M->2376M(3959M) 78.309ms
[22.642s][info][gc,cpu         ] GC(246) User=0.03s Sys=0.00s Real=0.08s
[22.691s][info][gc,start       ] GC(247) Pause Young (Allocation Failure)
[22.691s][info][gc             ] GC(247) Pause Young (Allocation Failure) 3469M->3469M(3959M) 0.060ms
[22.692s][info][gc,cpu         ] GC(247) User=0.00s Sys=0.00s Real=0.00s
[22.692s][info][gc,start       ] GC(248) Pause Full (Allocation Failure)
[22.692s][info][gc,phases,start] GC(248) Phase 1: Mark live objects
[22.692s][info][gc,phases      ] GC(248) Phase 1: Mark live objects 0.927ms
[22.692s][info][gc,phases,start] GC(248) Phase 2: Compute new object addresses
[22.693s][info][gc,phases      ] GC(248) Phase 2: Compute new object addresses 0.479ms
[22.693s][info][gc,phases,start] GC(248) Phase 3: Adjust pointers
[22.694s][info][gc,phases      ] GC(248) Phase 3: Adjust pointers 0.535ms
[22.694s][info][gc,phases,start] GC(248) Phase 4: Move objects
[22.760s][info][gc,phases      ] GC(248) Phase 4: Move objects 66.378ms
[22.760s][info][gc,heap        ] GC(248) DefNew: 1257796K(1258304K)->0K(1258304K) Eden: 1118528K(1118528K)->0K(1118528K) From: 139268K(139776K)->0K(139776K)
[22.760s][info][gc,heap        ] GC(248) Tenured: 2294752K(2796224K)->983480K(2796224K)
[22.760s][info][gc,metaspace   ] GC(248) Metaspace: 753K(896K)->753K(896K) NonClass: 681K(768K)->681K(768K) Class: 72K(128K)->72K(128K)
[22.760s][info][gc             ] GC(248) Pause Full (Allocation Failure) 3469M->960M(3959M) 68.653ms
[22.760s][info][gc,cpu         ] GC(248) User=0.05s Sys=0.00s Real=0.07s
[22.799s][info][gc,start       ] GC(249) Pause Young (Allocation Failure)
[22.883s][info][gc,heap        ] GC(249) DefNew: 1118528K(1258304K)->139268K(1258304K) Eden: 1118528K(1118528K)->0K(1118528K) From: 0K(139776K)->139268K(139776K)
[22.883s][info][gc,heap        ] GC(249) Tenured: 983480K(2796224K)->1953750K(2796224K)
[22.883s][info][gc,metaspace   ] GC(249) Metaspace: 753K(896K)->753K(896K) NonClass: 681K(768K)->681K(768K) Class: 72K(128K)->72K(128K)
[22.883s][info][gc             ] GC(249) Pause Young (Allocation Failure) 2052M->2043M(3959M) 83.499ms
[22.883s][info][gc,cpu         ] GC(249) User=0.06s Sys=0.00s Real=0.08s
[22.946s][info][gc,start       ] GC(250) Pause Young (Allocation Failure)
[22.946s][info][gc             ] GC(250) Pause Young (Allocation Failure) 3136M->3136M(3959M) 0.062ms
[22.946s][info][gc,cpu         ] GC(250) User=0.00s Sys=0.00s Real=0.00s
[22.946s][info][gc,start       ] GC(251) Pause Full (Allocation Failure)
[22.946s][info][gc,phases,start] GC(251) Phase 1: Mark live objects
[22.947s][info][gc,phases      ] GC(251) Phase 1: Mark live objects 0.783ms
[22.947s][info][gc,phases,start] GC(251) Phase 2: Compute new object addresses
[22.948s][info][gc,phases      ] GC(251) Phase 2: Compute new object addresses 0.305ms
[22.948s][info][gc,phases,start] GC(251) Phase 3: Adjust pointers
[22.948s][info][gc,phases      ] GC(251) Phase 3: Adjust pointers 0.364ms
[22.948s][info][gc,phases,start] GC(251) Phase 4: Move objects
[22.994s][info][gc,phases      ] GC(251) Phase 4: Move objects 45.852ms
[22.994s][info][gc,heap        ] GC(251) DefNew: 1257796K(1258304K)->0K(1258304K) Eden: 1118528K(1118528K)->0K(1118528K) From: 139268K(139776K)->0K(139776K)
[22.994s][info][gc,heap        ] GC(251) Tenured: 1953750K(2796224K)->642478K(2796224K)
[22.994s][info][gc,metaspace   ] GC(251) Metaspace: 753K(896K)->753K(896K) NonClass: 681K(768K)->681K(768K) Class: 72K(128K)->72K(128K)
[22.994s][info][gc             ] GC(251) Pause Full (Allocation Failure) 3136M->627M(3959M) 47.613ms
[22.994s][info][gc,cpu         ] GC(251) User=0.03s Sys=0.00s Real=0.05s
[23.034s][info][gc,start       ] GC(252) Pause Young (Allocation Failure)
[23.119s][info][gc,heap        ] GC(252) DefNew: 1118528K(1258304K)->139268K(1258304K) Eden: 1118528K(1118528K)->0K(1118528K) From: 0K(139776K)->139268K(139776K)
[23.119s][info][gc,heap        ] GC(252) Tenured: 642478K(2796224K)->1612748K(2796224K)
[23.119s][info][gc,metaspace   ] GC(252) Metaspace: 753K(896K)->753K(896K) NonClass: 681K(768K)->681K(768K) Class: 72K(128K)->72K(128K)
[23.119s][info][gc             ] GC(252) Pause Young (Allocation Failure) 1719M->1710M(3959M) 85.238ms
[23.119s][info][gc,cpu         ] GC(252) User=0.08s Sys=0.00s Real=0.09s
[23.181s][info][gc,start       ] GC(253) Pause Young (Allocation Failure)
[23.181s][info][gc             ] GC(253) Pause Young (Allocation Failure) 2803M->2803M(3959M) 0.061ms
[23.181s][info][gc,cpu         ] GC(253) User=0.00s Sys=0.00s Real=0.00s
[23.181s][info][gc,start       ] GC(254) Pause Full (Allocation Failure)
[23.181s][info][gc,phases,start] GC(254) Phase 1: Mark live objects
[23.182s][info][gc,phases      ] GC(254) Phase 1: Mark live objects 0.803ms
[23.182s][info][gc,phases,start] GC(254) Phase 2: Compute new object addresses
[23.182s][info][gc,phases      ] GC(254) Phase 2: Compute new object addresses 0.306ms
[23.182s][info][gc,phases,start] GC(254) Phase 3: Adjust pointers
[23.183s][info][gc,phases      ] GC(254) Phase 3: Adjust pointers 0.356ms
[23.183s][info][gc,phases,start] GC(254) Phase 4: Move objects
[23.205s][info][gc,phases      ] GC(254) Phase 4: Move objects 22.247ms
[23.205s][info][gc,heap        ] GC(254) DefNew: 1257796K(1258304K)->0K(1258304K) Eden: 1118528K(1118528K)->0K(1118528K) From: 139268K(139776K)->0K(139776K)
[23.205s][info][gc,heap        ] GC(254) Tenured: 1612748K(2796224K)->301476K(2796224K)
[23.205s][info][gc,metaspace   ] GC(254) Metaspace: 753K(896K)->753K(896K) NonClass: 681K(768K)->681K(768K) Class: 72K(128K)->72K(128K)
[23.205s][info][gc             ] GC(254) Pause Full (Allocation Failure) 2803M->294M(3959M) 23.956ms
[23.205s][info][gc,cpu         ] GC(254) User=0.03s Sys=0.00s Real=0.02s
[23.248s][info][gc,start       ] GC(255) Pause Young (Allocation Failure)
[23.330s][info][gc,heap        ] GC(255) DefNew: 1118528K(1258304K)->139268K(1258304K) Eden: 1118528K(1118528K)->0K(1118528K) From: 0K(139776K)->139268K(139776K)
[23.330s][info][gc,heap        ] GC(255) Tenured: 301476K(2796224K)->1273793K(2796224K)
[23.330s][info][gc,metaspace   ] GC(255) Metaspace: 753K(896K)->753K(896K) NonClass: 681K(768K)->681K(768K) Class: 72K(128K)->72K(128K)
[23.330s][info][gc             ] GC(255) Pause Young (Allocation Failure) 1386M->1379M(3959M) 81.843ms
[23.330s][info][gc,cpu         ] GC(255) User=0.05s Sys=0.00s Real=0.08s
[23.371s][info][gc,start       ] GC(256) Pause Young (Allocation Failure)
[23.464s][info][gc,heap        ] GC(256) DefNew: 1257796K(1258304K)->139268K(1258304K) Eden: 1118528K(1118528K)->0K(1118528K) From: 139268K(139776K)->139268K(139776K)
[23.464s][info][gc,heap        ] GC(256) Tenured: 1273793K(2796224K)->2382307K(2796224K)
[23.464s][info][gc,metaspace   ] GC(256) Metaspace: 753K(896K)->753K(896K) NonClass: 681K(768K)->681K(768K) Class: 72K(128K)->72K(128K)
[23.464s][info][gc             ] GC(256) Pause Young (Allocation Failure) 2472M->2462M(3959M) 92.726ms
[23.464s][info][gc,cpu         ] GC(256) User=0.09s Sys=0.00s Real=0.09s
[23.522s][info][gc,start       ] GC(257) Pause Young (Allocation Failure)
[23.522s][info][gc             ] GC(257) Pause Young (Allocation Failure) 3554M->3554M(3959M) 0.061ms
[23.522s][info][gc,cpu         ] GC(257) User=0.00s Sys=0.00s Real=0.00s
[23.522s][info][gc,start       ] GC(258) Pause Full (Allocation Failure)
[23.522s][info][gc,phases,start] GC(258) Phase 1: Mark live objects
[23.522s][info][gc,phases      ] GC(258) Phase 1: Mark live objects 0.804ms
[23.522s][info][gc,phases,start] GC(258) Phase 2: Compute new object addresses
[23.523s][info][gc,phases      ] GC(258) Phase 2: Compute new object addresses 0.347ms
[23.523s][info][gc,phases,start] GC(258) Phase 3: Adjust pointers
[23.523s][info][gc,phases      ] GC(258) Phase 3: Adjust pointers 0.381ms
[23.523s][info][gc,phases,start] GC(258) Phase 4: Move objects
[23.589s][info][gc,phases      ] GC(258) Phase 4: Move objects 66.241ms
[23.590s][info][gc,heap        ] GC(258) DefNew: 1257796K(1258304K)->0K(1258304K) Eden: 1118528K(1118528K)->0K(1118528K) From: 139268K(139776K)->0K(139776K)
[23.590s][info][gc,heap        ] GC(258) Tenured: 2382307K(2796224K)->1070523K(2796224K)
[23.590s][info][gc,metaspace   ] GC(258) Metaspace: 753K(896K)->753K(896K) NonClass: 681K(768K)->681K(768K) Class: 72K(128K)->72K(128K)
[23.590s][info][gc             ] GC(258) Pause Full (Allocation Failure) 3554M->1045M(3959M) 68.093ms
[23.590s][info][gc,cpu         ] GC(258) User=0.06s Sys=0.00s Real=0.07s
[23.631s][info][gc,start       ] GC(259) Pause Young (Allocation Failure)
[23.714s][info][gc,heap        ] GC(259) DefNew: 1118528K(1258304K)->139268K(1258304K) Eden: 1118528K(1118528K)->0K(1118528K) From: 0K(139776K)->139268K(139776K)
[23.714s][info][gc,heap        ] GC(259) Tenured: 1070523K(2796224K)->2042329K(2796224K)
[23.714s][info][gc,metaspace   ] GC(259) Metaspace: 753K(896K)->753K(896K) NonClass: 681K(768K)->681K(768K) Class: 72K(128K)->72K(128K)
[23.714s][info][gc             ] GC(259) Pause Young (Allocation Failure) 2137M->2130M(3959M) 82.628ms
[23.714s][info][gc,cpu         ] GC(259) User=0.09s Sys=0.00s Real=0.08s
[23.775s][info][gc,start       ] GC(260) Pause Young (Allocation Failure)
[23.775s][info][gc             ] GC(260) Pause Young (Allocation Failure) 3222M->3222M(3959M) 0.062ms
[23.775s][info][gc,cpu         ] GC(260) User=0.00s Sys=0.00s Real=0.00s
[23.775s][info][gc,start       ] GC(261) Pause Full (Allocation Failure)
[23.775s][info][gc,phases,start] GC(261) Phase 1: Mark live objects
[23.776s][info][gc,phases      ] GC(261) Phase 1: Mark live objects 0.861ms
[23.776s][info][gc,phases,start] GC(261) Phase 2: Compute new object addresses
[23.777s][info][gc,phases      ] GC(261) Phase 2: Compute new object addresses 0.455ms
[23.777s][info][gc,phases,start] GC(261) Phase 3: Adjust pointers
[23.777s][info][gc,phases      ] GC(261) Phase 3: Adjust pointers 0.464ms
[23.777s][info][gc,phases,start] GC(261) Phase 4: Move objects
[23.829s][info][gc,phases      ] GC(261) Phase 4: Move objects 51.727ms
[23.829s][info][gc,heap        ] GC(261) DefNew: 1257796K(1258304K)->0K(1258304K) Eden: 1118528K(1118528K)->0K(1118528K) From: 139268K(139776K)->0K(139776K)
[23.829s][info][gc,heap        ] GC(261) Tenured: 2042329K(2796224K)->730033K(2796224K)
[23.829s][info][gc,metaspace   ] GC(261) Metaspace: 753K(896K)->753K(896K) NonClass: 681K(768K)->681K(768K) Class: 72K(128K)->72K(128K)
[23.829s][info][gc             ] GC(261) Pause Full (Allocation Failure) 3222M->712M(3959M) 53.844ms
[23.829s][info][gc,cpu         ] GC(261) User=0.05s Sys=0.00s Real=0.05s
[23.869s][info][gc,start       ] GC(262) Pause Young (Allocation Failure)
[23.948s][info][gc,heap        ] GC(262) DefNew: 1118528K(1258304K)->139268K(1258304K) Eden: 1118528K(1118528K)->0K(1118528K) From: 0K(139776K)->139268K(139776K)
[23.948s][info][gc,heap        ] GC(262) Tenured: 730033K(2796224K)->1700302K(2796224K)
[23.948s][info][gc,metaspace   ] GC(262) Metaspace: 753K(896K)->753K(896K) NonClass: 681K(768K)->681K(768K) Class: 72K(128K)->72K(128K)
[23.948s][info][gc             ] GC(262) Pause Young (Allocation Failure) 1805M->1796M(3959M) 78.573ms
[23.948s][info][gc,cpu         ] GC(262) User=0.09s Sys=0.00s Real=0.08s
[23.998s][info][gc,start       ] GC(263) Pause Young (Allocation Failure)
[23.999s][info][gc             ] GC(263) Pause Young (Allocation Failure) 2888M->2888M(3959M) 0.060ms
[23.999s][info][gc,cpu         ] GC(263) User=0.00s Sys=0.00s Real=0.00s
[23.999s][info][gc,start       ] GC(264) Pause Full (Allocation Failure)
[23.999s][info][gc,phases,start] GC(264) Phase 1: Mark live objects
[24.000s][info][gc,phases      ] GC(264) Phase 1: Mark live objects 0.966ms
[24.000s][info][gc,phases,start] GC(264) Phase 2: Compute new object addresses
[24.000s][info][gc,phases      ] GC(264) Phase 2: Compute new object addresses 0.344ms
[24.000s][info][gc,phases,start] GC(264) Phase 3: Adjust pointers
[24.000s][info][gc,phases      ] GC(264) Phase 3: Adjust pointers 0.404ms
[24.000s][info][gc,phases,start] GC(264) Phase 4: Move objects
[24.029s][info][gc,phases      ] GC(264) Phase 4: Move objects 29.118ms
[24.030s][info][gc,heap        ] GC(264) DefNew: 1257796K(1258304K)->0K(1258304K) Eden: 1118528K(1118528K)->0K(1118528K) From: 139268K(139776K)->0K(139776K)
[24.030s][info][gc,heap        ] GC(264) Tenured: 1700302K(2796224K)->389030K(2796224K)
[24.030s][info][gc,metaspace   ] GC(264) Metaspace: 753K(896K)->753K(896K) NonClass: 681K(768K)->681K(768K) Class: 72K(128K)->72K(128K)
[24.030s][info][gc             ] GC(264) Pause Full (Allocation Failure) 2888M->379M(3959M) 31.101ms
[24.030s][info][gc,cpu         ] GC(264) User=0.03s Sys=0.00s Real=0.03s
[24.068s][info][gc,start       ] GC(265) Pause Young (Allocation Failure)
[24.149s][info][gc,heap        ] GC(265) DefNew: 1118528K(1258304K)->139268K(1258304K) Eden: 1118528K(1118528K)->0K(1118528K) From: 0K(139776K)->139268K(139776K)
[24.149s][info][gc,heap        ] GC(265) Tenured: 389030K(2796224K)->1359300K(2796224K)
[24.149s][info][gc,metaspace   ] GC(265) Metaspace: 753K(896K)->753K(896K) NonClass: 681K(768K)->681K(768K) Class: 72K(128K)->72K(128K)
[24.149s][info][gc             ] GC(265) Pause Young (Allocation Failure) 1472M->1463M(3959M) 81.157ms
[24.149s][info][gc,cpu         ] GC(265) User=0.08s Sys=0.00s Real=0.08s
[24.203s][info][gc,start       ] GC(266) Pause Young (Allocation Failure)
[24.207s][info][gc,heap        ] GC(266) DefNew: 1257796K(1258304K)->47105K(1258304K) Eden: 1118528K(1118528K)->0K(1118528K) From: 139268K(139776K)->47105K(139776K)
[24.207s][info][gc,heap        ] GC(266) Tenured: 1359300K(2796224K)->1359300K(2796224K)
[24.207s][info][gc,metaspace   ] GC(266) Metaspace: 753K(896K)->753K(896K) NonClass: 681K(768K)->681K(768K) Class: 72K(128K)->72K(128K)
[24.207s][info][gc             ] GC(266) Pause Young (Allocation Failure) 2555M->1373M(3959M) 3.722ms
[24.207s][info][gc,cpu         ] GC(266) User=0.00s Sys=0.00s Real=0.00s
[24.246s][info][gc,start       ] GC(267) Pause Young (Allocation Failure)
[24.330s][info][gc,heap        ] GC(267) DefNew: 1165633K(1258304K)->139268K(1258304K) Eden: 1118528K(1118528K)->0K(1118528K) From: 47105K(139776K)->139268K(139776K)
[24.330s][info][gc,heap        ] GC(267) Tenured: 1359300K(2796224K)->2376675K(2796224K)
[24.330s][info][gc,metaspace   ] GC(267) Metaspace: 753K(896K)->753K(896K) NonClass: 681K(768K)->681K(768K) Class: 72K(128K)->72K(128K)
[24.330s][info][gc             ] GC(267) Pause Young (Allocation Failure) 2465M->2456M(3959M) 84.294ms
[24.330s][info][gc,cpu         ] GC(267) User=0.06s Sys=0.00s Real=0.08s
[24.370s][info][gc,start       ] GC(268) Pause Young (Allocation Failure)
[24.370s][info][gc             ] GC(268) Pause Young (Allocation Failure) 3549M->3549M(3959M) 0.060ms
[24.370s][info][gc,cpu         ] GC(268) User=0.00s Sys=0.00s Real=0.00s
[24.370s][info][gc,start       ] GC(269) Pause Full (Allocation Failure)
[24.370s][info][gc,phases,start] GC(269) Phase 1: Mark live objects
[24.371s][info][gc,phases      ] GC(269) Phase 1: Mark live objects 0.873ms
[24.371s][info][gc,phases,start] GC(269) Phase 2: Compute new object addresses
[24.371s][info][gc,phases      ] GC(269) Phase 2: Compute new object addresses 0.404ms
[24.371s][info][gc,phases,start] GC(269) Phase 3: Adjust pointers
[24.372s][info][gc,phases      ] GC(269) Phase 3: Adjust pointers 0.479ms
[24.372s][info][gc,phases,start] GC(269) Phase 4: Move objects
[24.555s][info][gc,phases      ] GC(269) Phase 4: Move objects 183.702ms
[24.556s][info][gc,heap        ] GC(269) DefNew: 1257796K(1258304K)->0K(1258304K) Eden: 1118528K(1118528K)->0K(1118528K) From: 139268K(139776K)->0K(139776K)
[24.556s][info][gc,heap        ] GC(269) Tenured: 2376675K(2796224K)->2269152K(2796224K)
[24.556s][info][gc,metaspace   ] GC(269) Metaspace: 753K(896K)->753K(896K) NonClass: 681K(768K)->681K(768K) Class: 72K(128K)->72K(128K)
[24.556s][info][gc             ] GC(269) Pause Full (Allocation Failure) 3549M->2215M(3959M) 185.773ms
[24.556s][info][gc,cpu         ] GC(269) User=0.09s Sys=0.00s Real=0.19s
[24.623s][info][gc,start       ] GC(270) Pause Young (Allocation Failure)
[24.623s][info][gc             ] GC(270) Pause Young (Allocation Failure) 3308M->3308M(3959M) 0.078ms
[24.623s][info][gc,cpu         ] GC(270) User=0.00s Sys=0.00s Real=0.00s
[24.623s][info][gc,start       ] GC(271) Pause Full (Allocation Failure)
[24.623s][info][gc,phases,start] GC(271) Phase 1: Mark live objects
[24.624s][info][gc,phases      ] GC(271) Phase 1: Mark live objects 0.955ms
[24.624s][info][gc,phases,start] GC(271) Phase 2: Compute new object addresses
[24.625s][info][gc,phases      ] GC(271) Phase 2: Compute new object addresses 0.342ms
[24.625s][info][gc,phases,start] GC(271) Phase 3: Adjust pointers
[24.625s][info][gc,phases      ] GC(271) Phase 3: Adjust pointers 0.369ms
[24.625s][info][gc,phases,start] GC(271) Phase 4: Move objects
[24.693s][info][gc,phases      ] GC(271) Phase 4: Move objects 67.557ms
[24.693s][info][gc,heap        ] GC(271) DefNew: 1118528K(1258304K)->0K(1258304K) Eden: 1118528K(1118528K)->0K(1118528K) From: 0K(139776K)->0K(139776K)
[24.693s][info][gc,heap        ] GC(271) Tenured: 2269152K(2796224K)->817587K(2796224K)
[24.693s][info][gc,metaspace   ] GC(271) Metaspace: 753K(896K)->753K(896K) NonClass: 681K(768K)->681K(768K) Class: 72K(128K)->72K(128K)
[24.693s][info][gc             ] GC(271) Pause Full (Allocation Failure) 3308M->798M(3959M) 69.570ms
[24.693s][info][gc,cpu         ] GC(271) User=0.00s Sys=0.00s Real=0.07s
[24.736s][info][gc,start       ] GC(272) Pause Young (Allocation Failure)
[24.814s][info][gc,heap        ] GC(272) DefNew: 1118528K(1258304K)->139268K(1258304K) Eden: 1118528K(1118528K)->0K(1118528K) From: 0K(139776K)->139268K(139776K)
[24.814s][info][gc,heap        ] GC(272) Tenured: 817587K(2796224K)->1787345K(2796224K)
[24.815s][info][gc,metaspace   ] GC(272) Metaspace: 753K(896K)->753K(896K) NonClass: 681K(768K)->681K(768K) Class: 72K(128K)->72K(128K)
[24.815s][info][gc             ] GC(272) Pause Young (Allocation Failure) 1890M->1881M(3959M) 78.439ms
[24.815s][info][gc,cpu         ] GC(272) User=0.02s Sys=0.00s Real=0.08s
[24.873s][info][gc,start       ] GC(273) Pause Young (Allocation Failure)
[24.873s][info][gc             ] GC(273) Pause Young (Allocation Failure) 2973M->2973M(3959M) 0.085ms
[24.873s][info][gc,cpu         ] GC(273) User=0.00s Sys=0.00s Real=0.00s
[24.873s][info][gc,start       ] GC(274) Pause Full (Allocation Failure)
[24.874s][info][gc,phases,start] GC(274) Phase 1: Mark live objects
[24.875s][info][gc,phases      ] GC(274) Phase 1: Mark live objects 1.184ms
[24.875s][info][gc,phases,start] GC(274) Phase 2: Compute new object addresses
[24.875s][info][gc,phases      ] GC(274) Phase 2: Compute new object addresses 0.358ms
[24.875s][info][gc,phases,start] GC(274) Phase 3: Adjust pointers
[24.875s][info][gc,phases      ] GC(274) Phase 3: Adjust pointers 0.350ms
[24.875s][info][gc,phases,start] GC(274) Phase 4: Move objects
[24.914s][info][gc,phases      ] GC(274) Phase 4: Move objects 38.644ms
[24.914s][info][gc,heap        ] GC(274) DefNew: 1257796K(1258304K)->0K(1258304K) Eden: 1118528K(1118528K)->0K(1118528K) From: 139268K(139776K)->0K(139776K)
[24.914s][info][gc,heap        ] GC(274) Tenured: 1787345K(2796224K)->477609K(2796224K)
[24.914s][info][gc,metaspace   ] GC(274) Metaspace: 753K(896K)->753K(896K) NonClass: 681K(768K)->681K(768K) Class: 72K(128K)->72K(128K)
[24.914s][info][gc             ] GC(274) Pause Full (Allocation Failure) 2973M->466M(3959M) 40.854ms
[24.914s][info][gc,cpu         ] GC(274) User=0.00s Sys=0.00s Real=0.04s
[24.960s][info][gc,start       ] GC(275) Pause Young (Allocation Failure)
[25.041s][info][gc,heap        ] GC(275) DefNew: 1118528K(1258304K)->139268K(1258304K) Eden: 1118528K(1118528K)->0K(1118528K) From: 0K(139776K)->139268K(139776K)
[25.041s][info][gc,heap        ] GC(275) Tenured: 477609K(2796224K)->1446855K(2796224K)
[25.041s][info][gc,metaspace   ] GC(275) Metaspace: 753K(896K)->753K(896K) NonClass: 681K(768K)->681K(768K) Class: 72K(128K)->72K(128K)
[25.041s][info][gc             ] GC(275) Pause Young (Allocation Failure) 1558M->1548M(3959M) 80.596ms
[25.041s][info][gc,cpu         ] GC(275) User=0.00s Sys=0.00s Real=0.08s
[25.111s][info][gc,start       ] GC(276) Pause Young (Allocation Failure)
[25.121s][info][gc,heap        ] GC(276) DefNew: 1257796K(1258304K)->134660K(1258304K) Eden: 1118528K(1118528K)->0K(1118528K) From: 139268K(139776K)->134660K(139776K)
[25.121s][info][gc,heap        ] GC(276) Tenured: 1446855K(2796224K)->1446855K(2796224K)
[25.121s][info][gc,metaspace   ] GC(276) Metaspace: 753K(896K)->753K(896K) NonClass: 681K(768K)->681K(768K) Class: 72K(128K)->72K(128K)
[25.121s][info][gc             ] GC(276) Pause Young (Allocation Failure) 2641M->1544M(3959M) 9.881ms
[25.121s][info][gc,cpu         ] GC(276) User=0.02s Sys=0.00s Real=0.01s
[25.168s][info][gc,start       ] GC(277) Pause Young (Allocation Failure)
[25.270s][info][gc,heap        ] GC(277) DefNew: 1253188K(1258304K)->139268K(1258304K) Eden: 1118528K(1118528K)->0K(1118528K) From: 134660K(139776K)->139268K(139776K)
[25.270s][info][gc,heap        ] GC(277) Tenured: 1446855K(2796224K)->2551784K(2796224K)
[25.270s][info][gc,metaspace   ] GC(277) Metaspace: 753K(896K)->753K(896K) NonClass: 681K(768K)->681K(768K) Class: 72K(128K)->72K(128K)
[25.270s][info][gc             ] GC(277) Pause Young (Allocation Failure) 2636M->2627M(3959M) 102.367ms
[25.270s][info][gc,cpu         ] GC(277) User=0.02s Sys=0.00s Real=0.10s
[25.314s][info][gc,start       ] GC(278) Pause Young (Allocation Failure)
[25.314s][info][gc             ] GC(278) Pause Young (Allocation Failure) 3720M->3720M(3959M) 0.065ms
[25.314s][info][gc,cpu         ] GC(278) User=0.00s Sys=0.00s Real=0.00s
[25.314s][info][gc,start       ] GC(279) Pause Full (Allocation Failure)
[25.314s][info][gc,phases,start] GC(279) Phase 1: Mark live objects
[25.315s][info][gc,phases      ] GC(279) Phase 1: Mark live objects 0.974ms
[25.315s][info][gc,phases,start] GC(279) Phase 2: Compute new object addresses
[25.315s][info][gc,phases      ] GC(279) Phase 2: Compute new object addresses 0.367ms
[25.315s][info][gc,phases,start] GC(279) Phase 3: Adjust pointers
[25.316s][info][gc,phases      ] GC(279) Phase 3: Adjust pointers 0.374ms
[25.316s][info][gc,phases,start] GC(279) Phase 4: Move objects
[25.486s][info][gc,phases      ] GC(279) Phase 4: Move objects 170.407ms
[25.486s][info][gc,heap        ] GC(279) DefNew: 1257796K(1258304K)->0K(1258304K) Eden: 1118528K(1118528K)->0K(1118528K) From: 139268K(139776K)->0K(139776K)
[25.486s][info][gc,heap        ] GC(279) Tenured: 2551784K(2796224K)->2354658K(2796224K)
[25.486s][info][gc,metaspace   ] GC(279) Metaspace: 753K(896K)->753K(896K) NonClass: 681K(768K)->681K(768K) Class: 72K(128K)->72K(128K)
[25.487s][info][gc             ] GC(279) Pause Full (Allocation Failure) 3720M->2299M(3959M) 172.492ms
[25.487s][info][gc,cpu         ] GC(279) User=0.05s Sys=0.00s Real=0.17s
[25.543s][info][gc,start       ] GC(280) Pause Young (Allocation Failure)
[25.543s][info][gc             ] GC(280) Pause Young (Allocation Failure) 3391M->3391M(3959M) 0.062ms
[25.543s][info][gc,cpu         ] GC(280) User=0.00s Sys=0.00s Real=0.00s
[25.543s][info][gc,start       ] GC(281) Pause Full (Allocation Failure)
[25.543s][info][gc,phases,start] GC(281) Phase 1: Mark live objects
[25.544s][info][gc,phases      ] GC(281) Phase 1: Mark live objects 0.899ms
[25.544s][info][gc,phases,start] GC(281) Phase 2: Compute new object addresses
[25.545s][info][gc,phases      ] GC(281) Phase 2: Compute new object addresses 0.358ms
[25.545s][info][gc,phases,start] GC(281) Phase 3: Adjust pointers
[25.545s][info][gc,phases      ] GC(281) Phase 3: Adjust pointers 0.427ms
[25.545s][info][gc,phases,start] GC(281) Phase 4: Move objects
[25.611s][info][gc,phases      ] GC(281) Phase 4: Move objects 65.835ms
[25.611s][info][gc,heap        ] GC(281) DefNew: 1118528K(1258304K)->0K(1258304K) Eden: 1118528K(1118528K)->0K(1118528K) From: 0K(139776K)->0K(139776K)
[25.611s][info][gc,heap        ] GC(281) Tenured: 2354658K(2796224K)->904118K(2796224K)
[25.611s][info][gc,metaspace   ] GC(281) Metaspace: 753K(896K)->753K(896K) NonClass: 681K(768K)->681K(768K) Class: 72K(128K)->72K(128K)
[25.611s][info][gc             ] GC(281) Pause Full (Allocation Failure) 3391M->882M(3959M) 67.837ms
[25.611s][info][gc,cpu         ] GC(281) User=0.00s Sys=0.00s Real=0.07s
[25.651s][info][gc,start       ] GC(282) Pause Young (Allocation Failure)
[25.738s][info][gc,heap        ] GC(282) DefNew: 1118528K(1258304K)->139268K(1258304K) Eden: 1118528K(1118528K)->0K(1118528K) From: 0K(139776K)->139268K(139776K)
[25.738s][info][gc,heap        ] GC(282) Tenured: 904118K(2796224K)->1874388K(2796224K)
[25.738s][info][gc,metaspace   ] GC(282) Metaspace: 753K(896K)->753K(896K) NonClass: 681K(768K)->681K(768K) Class: 72K(128K)->72K(128K)
[25.738s][info][gc             ] GC(282) Pause Young (Allocation Failure) 1975M->1966M(3959M) 86.328ms
[25.738s][info][gc,cpu         ] GC(282) User=0.03s Sys=0.00s Real=0.09s
[25.794s][info][gc,start       ] GC(283) Pause Young (Allocation Failure)
[25.794s][info][gc             ] GC(283) Pause Young (Allocation Failure) 3058M->3058M(3959M) 0.074ms
[25.794s][info][gc,cpu         ] GC(283) User=0.00s Sys=0.00s Real=0.00s
[25.794s][info][gc,start       ] GC(284) Pause Full (Allocation Failure)
[25.794s][info][gc,phases,start] GC(284) Phase 1: Mark live objects
[25.795s][info][gc,phases      ] GC(284) Phase 1: Mark live objects 0.886ms
[25.795s][info][gc,phases,start] GC(284) Phase 2: Compute new object addresses
[25.796s][info][gc,phases      ] GC(284) Phase 2: Compute new object addresses 0.335ms
[25.796s][info][gc,phases,start] GC(284) Phase 3: Adjust pointers
[25.796s][info][gc,phases      ] GC(284) Phase 3: Adjust pointers 0.560ms
[25.796s][info][gc,phases,start] GC(284) Phase 4: Move objects
[25.842s][info][gc,phases      ] GC(284) Phase 4: Move objects 46.072ms
[25.842s][info][gc,heap        ] GC(284) DefNew: 1257796K(1258304K)->0K(1258304K) Eden: 1118528K(1118528K)->0K(1118528K) From: 139268K(139776K)->0K(139776K)
[25.842s][info][gc,heap        ] GC(284) Tenured: 1874388K(2796224K)->565164K(2796224K)
[25.842s][info][gc,metaspace   ] GC(284) Metaspace: 753K(896K)->753K(896K) NonClass: 681K(768K)->681K(768K) Class: 72K(128K)->72K(128K)
[25.843s][info][gc             ] GC(284) Pause Full (Allocation Failure) 3058M->551M(3959M) 48.186ms
[25.843s][info][gc,cpu         ] GC(284) User=0.00s Sys=0.00s Real=0.05s
[25.887s][info][gc,start       ] GC(285) Pause Young (Allocation Failure)
[25.977s][info][gc,heap        ] GC(285) DefNew: 1118528K(1258304K)->139268K(1258304K) Eden: 1118528K(1118528K)->0K(1118528K) From: 0K(139776K)->139268K(139776K)
[25.977s][info][gc,heap        ] GC(285) Tenured: 565164K(2796224K)->1534409K(2796224K)
[25.977s][info][gc,metaspace   ] GC(285) Metaspace: 753K(896K)->753K(896K) NonClass: 681K(768K)->681K(768K) Class: 72K(128K)->72K(128K)
[25.977s][info][gc             ] GC(285) Pause Young (Allocation Failure) 1644M->1634M(3959M) 90.167ms
[25.977s][info][gc,cpu         ] GC(285) User=0.00s Sys=0.00s Real=0.09s
[26.031s][info][gc,start       ] GC(286) Pause Young (Allocation Failure)
[26.049s][info][gc,heap        ] GC(286) DefNew: 1257796K(1258304K)->139268K(1258304K) Eden: 1118528K(1118528K)->0K(1118528K) From: 139268K(139776K)->139268K(139776K)
[26.049s][info][gc,heap        ] GC(286) Tenured: 1534409K(2796224K)->1616844K(2796224K)
[26.049s][info][gc,metaspace   ] GC(286) Metaspace: 753K(896K)->753K(896K) NonClass: 681K(768K)->681K(768K) Class: 72K(128K)->72K(128K)
[26.049s][info][gc             ] GC(286) Pause Young (Allocation Failure) 2726M->1714M(3959M) 18.102ms
[26.049s][info][gc,cpu         ] GC(286) User=0.02s Sys=0.00s Real=0.02s
[26.092s][info][gc,start       ] GC(287) Pause Young (Allocation Failure)
[26.092s][info][gc             ] GC(287) Pause Young (Allocation Failure) 2807M->2807M(3959M) 0.101ms
[26.092s][info][gc,cpu         ] GC(287) User=0.00s Sys=0.00s Real=0.00s
[26.092s][info][gc,start       ] GC(288) Pause Full (Allocation Failure)
[26.092s][info][gc,phases,start] GC(288) Phase 1: Mark live objects
[26.093s][info][gc,phases      ] GC(288) Phase 1: Mark live objects 0.924ms
[26.093s][info][gc,phases,start] GC(288) Phase 2: Compute new object addresses
[26.094s][info][gc,phases      ] GC(288) Phase 2: Compute new object addresses 0.325ms
[26.094s][info][gc,phases,start] GC(288) Phase 3: Adjust pointers
[26.094s][info][gc,phases      ] GC(288) Phase 3: Adjust pointers 0.395ms
[26.094s][info][gc,phases,start] GC(288) Phase 4: Move objects
[26.196s][info][gc,phases      ] GC(288) Phase 4: Move objects 102.188ms
[26.196s][info][gc,heap        ] GC(288) DefNew: 1257796K(1258304K)->0K(1258304K) Eden: 1118528K(1118528K)->0K(1118528K) From: 139268K(139776K)->0K(139776K)
[26.196s][info][gc,heap        ] GC(288) Tenured: 1616844K(2796224K)->1333699K(2796224K)
[26.196s][info][gc,metaspace   ] GC(288) Metaspace: 753K(896K)->753K(896K) NonClass: 681K(768K)->681K(768K) Class: 72K(128K)->72K(128K)
[26.196s][info][gc             ] GC(288) Pause Full (Allocation Failure) 2807M->1302M(3959M) 104.080ms
[26.196s][info][gc,cpu         ] GC(288) User=0.06s Sys=0.00s Real=0.10s
[26.240s][info][gc,start       ] GC(289) Pause Young (Allocation Failure)
[26.322s][info][gc,heap        ] GC(289) DefNew: 1118528K(1258304K)->139268K(1258304K) Eden: 1118528K(1118528K)->0K(1118528K) From: 0K(139776K)->139268K(139776K)
[26.322s][info][gc,heap        ] GC(289) Tenured: 1333699K(2796224K)->2302945K(2796224K)
[26.322s][info][gc,metaspace   ] GC(289) Metaspace: 753K(896K)->753K(896K) NonClass: 681K(768K)->681K(768K) Class: 72K(128K)->72K(128K)
[26.322s][info][gc             ] GC(289) Pause Young (Allocation Failure) 2394M->2384M(3959M) 81.439ms
[26.322s][info][gc,cpu         ] GC(289) User=0.00s Sys=0.00s Real=0.08s
[26.386s][info][gc,start       ] GC(290) Pause Young (Allocation Failure)
[26.386s][info][gc             ] GC(290) Pause Young (Allocation Failure) 3477M->3477M(3959M) 0.095ms
[26.386s][info][gc,cpu         ] GC(290) User=0.00s Sys=0.00s Real=0.00s
[26.386s][info][gc,start       ] GC(291) Pause Full (Allocation Failure)
[26.386s][info][gc,phases,start] GC(291) Phase 1: Mark live objects
[26.387s][info][gc,phases      ] GC(291) Phase 1: Mark live objects 1.163ms
[26.387s][info][gc,phases,start] GC(291) Phase 2: Compute new object addresses
[26.387s][info][gc,phases      ] GC(291) Phase 2: Compute new object addresses 0.433ms
[26.387s][info][gc,phases,start] GC(291) Phase 3: Adjust pointers
[26.388s][info][gc,phases      ] GC(291) Phase 3: Adjust pointers 0.499ms
[26.388s][info][gc,phases,start] GC(291) Phase 4: Move objects
[26.461s][info][gc,phases      ] GC(291) Phase 4: Move objects 73.153ms
[26.461s][info][gc,heap        ] GC(291) DefNew: 1257796K(1258304K)->0K(1258304K) Eden: 1118528K(1118528K)->0K(1118528K) From: 139268K(139776K)->0K(139776K)
[26.461s][info][gc,heap        ] GC(291) Tenured: 2302945K(2796224K)->991673K(2796224K)
[26.461s][info][gc,metaspace   ] GC(291) Metaspace: 753K(896K)->753K(896K) NonClass: 681K(768K)->681K(768K) Class: 72K(128K)->72K(128K)
[26.461s][info][gc             ] GC(291) Pause Full (Allocation Failure) 3477M->968M(3959M) 75.601ms
[26.461s][info][gc,cpu         ] GC(291) User=0.00s Sys=0.00s Real=0.08s
[26.504s][info][gc,start       ] GC(292) Pause Young (Allocation Failure)
[26.589s][info][gc,heap        ] GC(292) DefNew: 1118528K(1258304K)->139268K(1258304K) Eden: 1118528K(1118528K)->0K(1118528K) From: 0K(139776K)->139268K(139776K)
[26.589s][info][gc,heap        ] GC(292) Tenured: 991673K(2796224K)->1961942K(2796224K)
[26.589s][info][gc,metaspace   ] GC(292) Metaspace: 753K(896K)->753K(896K) NonClass: 681K(768K)->681K(768K) Class: 72K(128K)->72K(128K)
[26.589s][info][gc             ] GC(292) Pause Young (Allocation Failure) 2060M->2051M(3959M) 85.716ms
[26.589s][info][gc,cpu         ] GC(292) User=0.03s Sys=0.00s Real=0.09s
[26.655s][info][gc,start       ] GC(293) Pause Young (Allocation Failure)
[26.655s][info][gc             ] GC(293) Pause Young (Allocation Failure) 3144M->3144M(3959M) 0.073ms
[26.655s][info][gc,cpu         ] GC(293) User=0.00s Sys=0.00s Real=0.00s
[26.655s][info][gc,start       ] GC(294) Pause Full (Allocation Failure)
[26.655s][info][gc,phases,start] GC(294) Phase 1: Mark live objects
[26.656s][info][gc,phases      ] GC(294) Phase 1: Mark live objects 0.874ms
[26.656s][info][gc,phases,start] GC(294) Phase 2: Compute new object addresses
[26.657s][info][gc,phases      ] GC(294) Phase 2: Compute new object addresses 0.356ms
[26.657s][info][gc,phases,start] GC(294) Phase 3: Adjust pointers
[26.657s][info][gc,phases      ] GC(294) Phase 3: Adjust pointers 0.485ms
[26.657s][info][gc,phases,start] GC(294) Phase 4: Move objects
[26.706s][info][gc,phases      ] GC(294) Phase 4: Move objects 48.769ms
[26.706s][info][gc,heap        ] GC(294) DefNew: 1257796K(1258304K)->0K(1258304K) Eden: 1118528K(1118528K)->0K(1118528K) From: 139268K(139776K)->0K(139776K)
[26.706s][info][gc,heap        ] GC(294) Tenured: 1961942K(2796224K)->650670K(2796224K)
[26.706s][info][gc,metaspace   ] GC(294) Metaspace: 753K(896K)->753K(896K) NonClass: 681K(768K)->681K(768K) Class: 72K(128K)->72K(128K)
[26.706s][info][gc             ] GC(294) Pause Full (Allocation Failure) 3144M->635M(3959M) 50.852ms
[26.706s][info][gc,cpu         ] GC(294) User=0.00s Sys=0.00s Real=0.05s
[26.750s][info][gc,start       ] GC(295) Pause Young (Allocation Failure)
[26.833s][info][gc,heap        ] GC(295) DefNew: 1118528K(1258304K)->139268K(1258304K) Eden: 1118528K(1118528K)->0K(1118528K) From: 0K(139776K)->139268K(139776K)
[26.833s][info][gc,heap        ] GC(295) Tenured: 650670K(2796224K)->1620940K(2796224K)
[26.833s][info][gc,metaspace   ] GC(295) Metaspace: 753K(896K)->753K(896K) NonClass: 681K(768K)->681K(768K) Class: 72K(128K)->72K(128K)
[26.833s][info][gc             ] GC(295) Pause Young (Allocation Failure) 1727M->1718M(3959M) 83.150ms
[26.833s][info][gc,cpu         ] GC(295) User=0.06s Sys=0.00s Real=0.08s
[26.892s][info][gc,start       ] GC(296) Pause Young (Allocation Failure)
[26.892s][info][gc             ] GC(296) Pause Young (Allocation Failure) 2811M->2811M(3959M) 0.058ms
[26.892s][info][gc,cpu         ] GC(296) User=0.00s Sys=0.00s Real=0.00s
[26.892s][info][gc,start       ] GC(297) Pause Full (Allocation Failure)
[26.892s][info][gc,phases,start] GC(297) Phase 1: Mark live objects
[26.893s][info][gc,phases      ] GC(297) Phase 1: Mark live objects 0.758ms
[26.893s][info][gc,phases,start] GC(297) Phase 2: Compute new object addresses
[26.893s][info][gc,phases      ] GC(297) Phase 2: Compute new object addresses 0.405ms
[26.893s][info][gc,phases,start] GC(297) Phase 3: Adjust pointers
[26.894s][info][gc,phases      ] GC(297) Phase 3: Adjust pointers 0.380ms
[26.894s][info][gc,phases,start] GC(297) Phase 4: Move objects
[26.917s][info][gc,phases      ] GC(297) Phase 4: Move objects 23.415ms
[26.917s][info][gc,heap        ] GC(297) DefNew: 1257796K(1258304K)->0K(1258304K) Eden: 1118528K(1118528K)->0K(1118528K) From: 139268K(139776K)->0K(139776K)
[26.917s][info][gc,heap        ] GC(297) Tenured: 1620940K(2796224K)->309668K(2796224K)
[26.917s][info][gc,metaspace   ] GC(297) Metaspace: 753K(896K)->753K(896K) NonClass: 681K(768K)->681K(768K) Class: 72K(128K)->72K(128K)
[26.917s][info][gc             ] GC(297) Pause Full (Allocation Failure) 2811M->302M(3959M) 25.244ms
[26.917s][info][gc,cpu         ] GC(297) User=0.00s Sys=0.00s Real=0.03s
[26.961s][info][gc,start       ] GC(298) Pause Young (Allocation Failure)
[27.045s][info][gc,heap        ] GC(298) DefNew: 1118528K(1258304K)->139268K(1258304K) Eden: 1118528K(1118528K)->0K(1118528K) From: 0K(139776K)->139268K(139776K)
[27.045s][info][gc,heap        ] GC(298) Tenured: 309668K(2796224K)->1281986K(2796224K)
[27.045s][info][gc,metaspace   ] GC(298) Metaspace: 753K(896K)->753K(896K) NonClass: 681K(768K)->681K(768K) Class: 72K(128K)->72K(128K)
[27.045s][info][gc             ] GC(298) Pause Young (Allocation Failure) 1394M->1387M(3959M) 84.513ms
[27.045s][info][gc,cpu         ] GC(298) User=0.05s Sys=0.00s Real=0.09s
[27.085s][info][gc,start       ] GC(299) Pause Young (Allocation Failure)
[27.177s][info][gc,heap        ] GC(299) DefNew: 1257796K(1258304K)->139268K(1258304K) Eden: 1118528K(1118528K)->0K(1118528K) From: 139268K(139776K)->139268K(139776K)
[27.177s][info][gc,heap        ] GC(299) Tenured: 1281986K(2796224K)->2390499K(2796224K)
[27.178s][info][gc,metaspace   ] GC(299) Metaspace: 753K(896K)->753K(896K) NonClass: 681K(768K)->681K(768K) Class: 72K(128K)->72K(128K)
[27.178s][info][gc             ] GC(299) Pause Young (Allocation Failure) 2480M->2470M(3959M) 92.377ms
[27.178s][info][gc,cpu         ] GC(299) User=0.05s Sys=0.00s Real=0.09s
[27.232s][info][gc,start       ] GC(300) Pause Young (Allocation Failure)
[27.232s][info][gc             ] GC(300) Pause Young (Allocation Failure) 3562M->3562M(3959M) 0.058ms
[27.232s][info][gc,cpu         ] GC(300) User=0.00s Sys=0.00s Real=0.00s
[27.232s][info][gc,start       ] GC(301) Pause Full (Allocation Failure)
[27.232s][info][gc,phases,start] GC(301) Phase 1: Mark live objects
[27.233s][info][gc,phases      ] GC(301) Phase 1: Mark live objects 0.815ms
[27.233s][info][gc,phases,start] GC(301) Phase 2: Compute new object addresses
[27.233s][info][gc,phases      ] GC(301) Phase 2: Compute new object addresses 0.381ms
[27.233s][info][gc,phases,start] GC(301) Phase 3: Adjust pointers
[27.234s][info][gc,phases      ] GC(301) Phase 3: Adjust pointers 0.405ms
[27.234s][info][gc,phases,start] GC(301) Phase 4: Move objects
[27.302s][info][gc,phases      ] GC(301) Phase 4: Move objects 67.959ms
[27.302s][info][gc,heap        ] GC(301) DefNew: 1257796K(1258304K)->0K(1258304K) Eden: 1118528K(1118528K)->0K(1118528K) From: 139268K(139776K)->0K(139776K)
[27.302s][info][gc,heap        ] GC(301) Tenured: 2390499K(2796224K)->1078715K(2796224K)
[27.302s][info][gc,metaspace   ] GC(301) Metaspace: 753K(896K)->753K(896K) NonClass: 681K(768K)->681K(768K) Class: 72K(128K)->72K(128K)
[27.302s][info][gc             ] GC(301) Pause Full (Allocation Failure) 3562M->1053M(3959M) 69.869ms
[27.302s][info][gc,cpu         ] GC(301) User=0.06s Sys=0.00s Real=0.07s
[27.342s][info][gc,start       ] GC(302) Pause Young (Allocation Failure)
[27.425s][info][gc,heap        ] GC(302) DefNew: 1118528K(1258304K)->139268K(1258304K) Eden: 1118528K(1118528K)->0K(1118528K) From: 0K(139776K)->139268K(139776K)
[27.425s][info][gc,heap        ] GC(302) Tenured: 1078715K(2796224K)->2050521K(2796224K)
[27.425s][info][gc,metaspace   ] GC(302) Metaspace: 753K(896K)->753K(896K) NonClass: 681K(768K)->681K(768K) Class: 72K(128K)->72K(128K)
[27.425s][info][gc             ] GC(302) Pause Young (Allocation Failure) 2145M->2138M(3959M) 83.132ms
[27.425s][info][gc,cpu         ] GC(302) User=0.08s Sys=0.00s Real=0.08s
[27.486s][info][gc,start       ] GC(303) Pause Young (Allocation Failure)
[27.486s][info][gc             ] GC(303) Pause Young (Allocation Failure) 3230M->3230M(3959M) 0.061ms
[27.486s][info][gc,cpu         ] GC(303) User=0.00s Sys=0.00s Real=0.00s
[27.486s][info][gc,start       ] GC(304) Pause Full (Allocation Failure)
[27.486s][info][gc,phases,start] GC(304) Phase 1: Mark live objects
[27.487s][info][gc,phases      ] GC(304) Phase 1: Mark live objects 0.809ms
[27.487s][info][gc,phases,start] GC(304) Phase 2: Compute new object addresses
[27.487s][info][gc,phases      ] GC(304) Phase 2: Compute new object addresses 0.356ms
[27.487s][info][gc,phases,start] GC(304) Phase 3: Adjust pointers
[27.488s][info][gc,phases      ] GC(304) Phase 3: Adjust pointers 0.423ms
[27.488s][info][gc,phases,start] GC(304) Phase 4: Move objects
[27.539s][info][gc,phases      ] GC(304) Phase 4: Move objects 51.239ms
[27.539s][info][gc,heap        ] GC(304) DefNew: 1257796K(1258304K)->0K(1258304K) Eden: 1118528K(1118528K)->0K(1118528K) From: 139268K(139776K)->0K(139776K)
[27.539s][info][gc,heap        ] GC(304) Tenured: 2050521K(2796224K)->738225K(2796224K)
[27.539s][info][gc,metaspace   ] GC(304) Metaspace: 753K(896K)->753K(896K) NonClass: 681K(768K)->681K(768K) Class: 72K(128K)->72K(128K)
[27.539s][info][gc             ] GC(304) Pause Full (Allocation Failure) 3230M->720M(3959M) 53.151ms
[27.539s][info][gc,cpu         ] GC(304) User=0.05s Sys=0.00s Real=0.05s
[27.579s][info][gc,start       ] GC(305) Pause Young (Allocation Failure)
[27.658s][info][gc,heap        ] GC(305) DefNew: 1118528K(1258304K)->139268K(1258304K) Eden: 1118528K(1118528K)->0K(1118528K) From: 0K(139776K)->139268K(139776K)
[27.658s][info][gc,heap        ] GC(305) Tenured: 738225K(2796224K)->1708495K(2796224K)
[27.658s][info][gc,metaspace   ] GC(305) Metaspace: 753K(896K)->753K(896K) NonClass: 681K(768K)->681K(768K) Class: 72K(128K)->72K(128K)
[27.658s][info][gc             ] GC(305) Pause Young (Allocation Failure) 1813M->1804M(3959M) 79.496ms
[27.658s][info][gc,cpu         ] GC(305) User=0.06s Sys=0.00s Real=0.08s
[27.720s][info][gc,start       ] GC(306) Pause Young (Allocation Failure)
[27.720s][info][gc             ] GC(306) Pause Young (Allocation Failure) 2896M->2896M(3959M) 0.064ms
[27.720s][info][gc,cpu         ] GC(306) User=0.00s Sys=0.00s Real=0.00s
[27.720s][info][gc,start       ] GC(307) Pause Full (Allocation Failure)
[27.720s][info][gc,phases,start] GC(307) Phase 1: Mark live objects
[27.721s][info][gc,phases      ] GC(307) Phase 1: Mark live objects 0.883ms
[27.721s][info][gc,phases,start] GC(307) Phase 2: Compute new object addresses
[27.722s][info][gc,phases      ] GC(307) Phase 2: Compute new object addresses 0.489ms
[27.722s][info][gc,phases,start] GC(307) Phase 3: Adjust pointers
[27.722s][info][gc,phases      ] GC(307) Phase 3: Adjust pointers 0.528ms
[27.722s][info][gc,phases,start] GC(307) Phase 4: Move objects
[27.750s][info][gc,phases      ] GC(307) Phase 4: Move objects 28.067ms
[27.751s][info][gc,heap        ] GC(307) DefNew: 1257796K(1258304K)->0K(1258304K) Eden: 1118528K(1118528K)->0K(1118528K) From: 139268K(139776K)->0K(139776K)
[27.751s][info][gc,heap        ] GC(307) Tenured: 1708495K(2796224K)->397223K(2796224K)
[27.751s][info][gc,metaspace   ] GC(307) Metaspace: 753K(896K)->753K(896K) NonClass: 681K(768K)->681K(768K) Class: 72K(128K)->72K(128K)
[27.751s][info][gc             ] GC(307) Pause Full (Allocation Failure) 2896M->387M(3959M) 30.286ms
[27.751s][info][gc,cpu         ] GC(307) User=0.03s Sys=0.00s Real=0.03s
[27.791s][info][gc,start       ] GC(308) Pause Young (Allocation Failure)
[27.873s][info][gc,heap        ] GC(308) DefNew: 1118528K(1258304K)->139268K(1258304K) Eden: 1118528K(1118528K)->0K(1118528K) From: 0K(139776K)->139268K(139776K)
[27.873s][info][gc,heap        ] GC(308) Tenured: 397223K(2796224K)->1367492K(2796224K)
[27.873s][info][gc,metaspace   ] GC(308) Metaspace: 753K(896K)->753K(896K) NonClass: 681K(768K)->681K(768K) Class: 72K(128K)->72K(128K)
[27.873s][info][gc             ] GC(308) Pause Young (Allocation Failure) 1480M->1471M(3959M) 81.682ms
[27.873s][info][gc,cpu         ] GC(308) User=0.06s Sys=0.00s Real=0.08s
[27.927s][info][gc,start       ] GC(309) Pause Young (Allocation Failure)
[27.932s][info][gc,heap        ] GC(309) DefNew: 1257796K(1258304K)->55297K(1258304K) Eden: 1118528K(1118528K)->0K(1118528K) From: 139268K(139776K)->55297K(139776K)
[27.932s][info][gc,heap        ] GC(309) Tenured: 1367492K(2796224K)->1367492K(2796224K)
[27.932s][info][gc,metaspace   ] GC(309) Metaspace: 753K(896K)->753K(896K) NonClass: 681K(768K)->681K(768K) Class: 72K(128K)->72K(128K)
[27.932s][info][gc             ] GC(309) Pause Young (Allocation Failure) 2563M->1389M(3959M) 4.894ms
[27.932s][info][gc,cpu         ] GC(309) User=0.00s Sys=0.00s Real=0.00s
[27.975s][info][gc,start       ] GC(310) Pause Young (Allocation Failure)
[28.064s][info][gc,heap        ] GC(310) DefNew: 1173825K(1258304K)->139268K(1258304K) Eden: 1118528K(1118528K)->0K(1118528K) From: 55297K(139776K)->139268K(139776K)
[28.064s][info][gc,heap        ] GC(310) Tenured: 1367492K(2796224K)->2393059K(2796224K)
[28.064s][info][gc,metaspace   ] GC(310) Metaspace: 753K(896K)->753K(896K) NonClass: 681K(768K)->681K(768K) Class: 72K(128K)->72K(128K)
[28.064s][info][gc             ] GC(310) Pause Young (Allocation Failure) 2481M->2472M(3959M) 88.904ms
[28.064s][info][gc,cpu         ] GC(310) User=0.05s Sys=0.00s Real=0.09s
[28.104s][info][gc,start       ] GC(311) Pause Young (Allocation Failure)
[28.104s][info][gc             ] GC(311) Pause Young (Allocation Failure) 3565M->3565M(3959M) 0.054ms
[28.104s][info][gc,cpu         ] GC(311) User=0.00s Sys=0.00s Real=0.00s
[28.104s][info][gc,start       ] GC(312) Pause Full (Allocation Failure)
[28.105s][info][gc,phases,start] GC(312) Phase 1: Mark live objects
[28.105s][info][gc,phases      ] GC(312) Phase 1: Mark live objects 0.891ms
[28.105s][info][gc,phases,start] GC(312) Phase 2: Compute new object addresses
[28.106s][info][gc,phases      ] GC(312) Phase 2: Compute new object addresses 0.408ms
[28.106s][info][gc,phases,start] GC(312) Phase 3: Adjust pointers
[28.106s][info][gc,phases      ] GC(312) Phase 3: Adjust pointers 0.476ms
[28.106s][info][gc,phases,start] GC(312) Phase 4: Move objects
[28.276s][info][gc,phases      ] GC(312) Phase 4: Move objects 169.918ms
[28.276s][info][gc,heap        ] GC(312) DefNew: 1257796K(1258304K)->0K(1258304K) Eden: 1118528K(1118528K)->0K(1118528K) From: 139268K(139776K)->0K(139776K)
[28.276s][info][gc,heap        ] GC(312) Tenured: 2393059K(2796224K)->2277344K(2796224K)
[28.276s][info][gc,metaspace   ] GC(312) Metaspace: 753K(896K)->753K(896K) NonClass: 681K(768K)->681K(768K) Class: 72K(128K)->72K(128K)
[28.277s][info][gc             ] GC(312) Pause Full (Allocation Failure) 3565M->2223M(3959M) 172.023ms
[28.277s][info][gc,cpu         ] GC(312) User=0.12s Sys=0.00s Real=0.17s
[28.330s][info][gc,start       ] GC(313) Pause Young (Allocation Failure)
[28.330s][info][gc             ] GC(313) Pause Young (Allocation Failure) 3316M->3316M(3959M) 0.064ms
[28.330s][info][gc,cpu         ] GC(313) User=0.00s Sys=0.00s Real=0.00s
[28.330s][info][gc,start       ] GC(314) Pause Full (Allocation Failure)
[28.330s][info][gc,phases,start] GC(314) Phase 1: Mark live objects
[28.331s][info][gc,phases      ] GC(314) Phase 1: Mark live objects 0.929ms
[28.331s][info][gc,phases,start] GC(314) Phase 2: Compute new object addresses
[28.331s][info][gc,phases      ] GC(314) Phase 2: Compute new object addresses 0.328ms
[28.331s][info][gc,phases,start] GC(314) Phase 3: Adjust pointers
[28.332s][info][gc,phases      ] GC(314) Phase 3: Adjust pointers 0.471ms
[28.332s][info][gc,phases,start] GC(314) Phase 4: Move objects
[28.391s][info][gc,phases      ] GC(314) Phase 4: Move objects 58.960ms
[28.391s][info][gc,heap        ] GC(314) DefNew: 1118528K(1258304K)->0K(1258304K) Eden: 1118528K(1118528K)->0K(1118528K) From: 0K(139776K)->0K(139776K)
[28.391s][info][gc,heap        ] GC(314) Tenured: 2277344K(2796224K)->825780K(2796224K)
[28.391s][info][gc,metaspace   ] GC(314) Metaspace: 753K(896K)->753K(896K) NonClass: 681K(768K)->681K(768K) Class: 72K(128K)->72K(128K)
[28.391s][info][gc             ] GC(314) Pause Full (Allocation Failure) 3316M->806M(3959M) 61.004ms
[28.391s][info][gc,cpu         ] GC(314) User=0.03s Sys=0.00s Real=0.06s
[28.431s][info][gc,start       ] GC(315) Pause Young (Allocation Failure)
[28.504s][info][gc,heap        ] GC(315) DefNew: 1118528K(1258304K)->139268K(1258304K) Eden: 1118528K(1118528K)->0K(1118528K) From: 0K(139776K)->139268K(139776K)
[28.504s][info][gc,heap        ] GC(315) Tenured: 825780K(2796224K)->1795537K(2796224K)
[28.504s][info][gc,metaspace   ] GC(315) Metaspace: 753K(896K)->753K(896K) NonClass: 681K(768K)->681K(768K) Class: 72K(128K)->72K(128K)
[28.504s][info][gc             ] GC(315) Pause Young (Allocation Failure) 1898M->1889M(3959M) 72.992ms
[28.504s][info][gc,cpu         ] GC(315) User=0.06s Sys=0.00s Real=0.07s
[28.570s][info][gc,start       ] GC(316) Pause Young (Allocation Failure)
[28.570s][info][gc             ] GC(316) Pause Young (Allocation Failure) 2981M->2981M(3959M) 0.080ms
[28.570s][info][gc,cpu         ] GC(316) User=0.00s Sys=0.00s Real=0.00s
[28.570s][info][gc,start       ] GC(317) Pause Full (Allocation Failure)
[28.570s][info][gc,phases,start] GC(317) Phase 1: Mark live objects
[28.571s][info][gc,phases      ] GC(317) Phase 1: Mark live objects 0.869ms
[28.571s][info][gc,phases,start] GC(317) Phase 2: Compute new object addresses
[28.571s][info][gc,phases      ] GC(317) Phase 2: Compute new object addresses 0.360ms
[28.571s][info][gc,phases,start] GC(317) Phase 3: Adjust pointers
[28.572s][info][gc,phases      ] GC(317) Phase 3: Adjust pointers 0.424ms
[28.572s][info][gc,phases,start] GC(317) Phase 4: Move objects
[28.606s][info][gc,phases      ] GC(317) Phase 4: Move objects 34.251ms
[28.606s][info][gc,heap        ] GC(317) DefNew: 1257796K(1258304K)->0K(1258304K) Eden: 1118528K(1118528K)->0K(1118528K) From: 139268K(139776K)->0K(139776K)
[28.606s][info][gc,heap        ] GC(317) Tenured: 1795537K(2796224K)->485801K(2796224K)
[28.606s][info][gc,metaspace   ] GC(317) Metaspace: 753K(896K)->753K(896K) NonClass: 681K(768K)->681K(768K) Class: 72K(128K)->72K(128K)
[28.606s][info][gc             ] GC(317) Pause Full (Allocation Failure) 2981M->474M(3959M) 36.188ms
[28.606s][info][gc,cpu         ] GC(317) User=0.03s Sys=0.00s Real=0.04s
[28.645s][info][gc,start       ] GC(318) Pause Young (Allocation Failure)
[28.724s][info][gc,heap        ] GC(318) DefNew: 1118528K(1258304K)->139268K(1258304K) Eden: 1118528K(1118528K)->0K(1118528K) From: 0K(139776K)->139268K(139776K)
[28.724s][info][gc,heap        ] GC(318) Tenured: 485801K(2796224K)->1455047K(2796224K)
[28.724s][info][gc,metaspace   ] GC(318) Metaspace: 753K(896K)->753K(896K) NonClass: 681K(768K)->681K(768K) Class: 72K(128K)->72K(128K)
[28.724s][info][gc             ] GC(318) Pause Young (Allocation Failure) 1566M->1556M(3959M) 79.152ms
[28.724s][info][gc,cpu         ] GC(318) User=0.08s Sys=0.00s Real=0.08s
[28.790s][info][gc,start       ] GC(319) Pause Young (Allocation Failure)
[28.800s][info][gc,heap        ] GC(319) DefNew: 1257796K(1258304K)->139268K(1258304K) Eden: 1118528K(1118528K)->0K(1118528K) From: 139268K(139776K)->139268K(139776K)
[28.800s][info][gc,heap        ] GC(319) Tenured: 1455047K(2796224K)->1458631K(2796224K)
[28.800s][info][gc,metaspace   ] GC(319) Metaspace: 753K(896K)->753K(896K) NonClass: 681K(768K)->681K(768K) Class: 72K(128K)->72K(128K)
[28.800s][info][gc             ] GC(319) Pause Young (Allocation Failure) 2649M->1560M(3959M) 9.841ms
[28.800s][info][gc,cpu         ] GC(319) User=0.02s Sys=0.00s Real=0.01s
[28.840s][info][gc,start       ] GC(320) Pause Young (Allocation Failure)
[28.929s][info][gc,heap        ] GC(320) DefNew: 1257796K(1258304K)->139268K(1258304K) Eden: 1118528K(1118528K)->0K(1118528K) From: 139268K(139776K)->139268K(139776K)
[28.929s][info][gc,heap        ] GC(320) Tenured: 1458631K(2796224K)->2568169K(2796224K)
[28.929s][info][gc,metaspace   ] GC(320) Metaspace: 753K(896K)->753K(896K) NonClass: 681K(768K)->681K(768K) Class: 72K(128K)->72K(128K)
[28.929s][info][gc             ] GC(320) Pause Young (Allocation Failure) 2652M->2643M(3959M) 89.636ms
[28.929s][info][gc,cpu         ] GC(320) User=0.05s Sys=0.00s Real=0.09s
[28.970s][info][gc,start       ] GC(321) Pause Young (Allocation Failure)
[28.970s][info][gc             ] GC(321) Pause Young (Allocation Failure) 3736M->3736M(3959M) 0.067ms
[28.970s][info][gc,cpu         ] GC(321) User=0.00s Sys=0.00s Real=0.00s
[28.970s][info][gc,start       ] GC(322) Pause Full (Allocation Failure)
[28.970s][info][gc,phases,start] GC(322) Phase 1: Mark live objects
[28.971s][info][gc,phases      ] GC(322) Phase 1: Mark live objects 0.990ms
[28.971s][info][gc,phases,start] GC(322) Phase 2: Compute new object addresses
[28.972s][info][gc,phases      ] GC(322) Phase 2: Compute new object addresses 0.486ms
[28.972s][info][gc,phases,start] GC(322) Phase 3: Adjust pointers
[28.972s][info][gc,phases      ] GC(322) Phase 3: Adjust pointers 0.491ms
[28.972s][info][gc,phases,start] GC(322) Phase 4: Move objects
[29.134s][info][gc,phases      ] GC(322) Phase 4: Move objects 161.320ms
[29.134s][info][gc,heap        ] GC(322) DefNew: 1257796K(1258304K)->0K(1258304K) Eden: 1118528K(1118528K)->0K(1118528K) From: 139268K(139776K)->0K(139776K)
[29.134s][info][gc,heap        ] GC(322) Tenured: 2568169K(2796224K)->2362851K(2796224K)
[29.134s][info][gc,metaspace   ] GC(322) Metaspace: 753K(896K)->753K(896K) NonClass: 681K(768K)->681K(768K) Class: 72K(128K)->72K(128K)
[29.134s][info][gc             ] GC(322) Pause Full (Allocation Failure) 3736M->2307M(3959M) 163.647ms
[29.134s][info][gc,cpu         ] GC(322) User=0.16s Sys=0.00s Real=0.16s
[29.193s][info][gc,start       ] GC(323) Pause Young (Allocation Failure)
[29.193s][info][gc             ] GC(323) Pause Young (Allocation Failure) 3399M->3399M(3959M) 0.073ms
[29.193s][info][gc,cpu         ] GC(323) User=0.00s Sys=0.00s Real=0.00s
[29.193s][info][gc,start       ] GC(324) Pause Full (Allocation Failure)
[29.193s][info][gc,phases,start] GC(324) Phase 1: Mark live objects
[29.194s][info][gc,phases      ] GC(324) Phase 1: Mark live objects 0.917ms
[29.194s][info][gc,phases,start] GC(324) Phase 2: Compute new object addresses
[29.194s][info][gc,phases      ] GC(324) Phase 2: Compute new object addresses 0.348ms
[29.194s][info][gc,phases,start] GC(324) Phase 3: Adjust pointers
[29.195s][info][gc,phases      ] GC(324) Phase 3: Adjust pointers 0.434ms
[29.195s][info][gc,phases,start] GC(324) Phase 4: Move objects
[29.260s][info][gc,phases      ] GC(324) Phase 4: Move objects 65.598ms
[29.260s][info][gc,heap        ] GC(324) DefNew: 1118528K(1258304K)->0K(1258304K) Eden: 1118528K(1118528K)->0K(1118528K) From: 0K(139776K)->0K(139776K)
[29.260s][info][gc,heap        ] GC(324) Tenured: 2362851K(2796224K)->912310K(2796224K)
[29.261s][info][gc,metaspace   ] GC(324) Metaspace: 753K(896K)->753K(896K) NonClass: 681K(768K)->681K(768K) Class: 72K(128K)->72K(128K)
[29.261s][info][gc             ] GC(324) Pause Full (Allocation Failure) 3399M->890M(3959M) 67.625ms
[29.261s][info][gc,cpu         ] GC(324) User=0.05s Sys=0.00s Real=0.07s
[29.301s][info][gc,start       ] GC(325) Pause Young (Allocation Failure)
[29.390s][info][gc,heap        ] GC(325) DefNew: 1118528K(1258304K)->139268K(1258304K) Eden: 1118528K(1118528K)->0K(1118528K) From: 0K(139776K)->139268K(139776K)
[29.390s][info][gc,heap        ] GC(325) Tenured: 912310K(2796224K)->1882580K(2796224K)
[29.390s][info][gc,metaspace   ] GC(325) Metaspace: 753K(896K)->753K(896K) NonClass: 681K(768K)->681K(768K) Class: 72K(128K)->72K(128K)
[29.390s][info][gc             ] GC(325) Pause Young (Allocation Failure) 1983M->1974M(3959M) 88.617ms
[29.390s][info][gc,cpu         ] GC(325) User=0.06s Sys=0.00s Real=0.09s
[29.467s][info][gc,start       ] GC(326) Pause Young (Allocation Failure)
[29.467s][info][gc             ] GC(326) Pause Young (Allocation Failure) 3066M->3066M(3959M) 0.075ms
[29.467s][info][gc,cpu         ] GC(326) User=0.00s Sys=0.00s Real=0.00s
[29.467s][info][gc,start       ] GC(327) Pause Full (Allocation Failure)
[29.467s][info][gc,phases,start] GC(327) Phase 1: Mark live objects
[29.468s][info][gc,phases      ] GC(327) Phase 1: Mark live objects 1.048ms
[29.468s][info][gc,phases,start] GC(327) Phase 2: Compute new object addresses
[29.469s][info][gc,phases      ] GC(327) Phase 2: Compute new object addresses 0.329ms
[29.469s][info][gc,phases,start] GC(327) Phase 3: Adjust pointers
[29.469s][info][gc,phases      ] GC(327) Phase 3: Adjust pointers 0.344ms
[29.469s][info][gc,phases,start] GC(327) Phase 4: Move objects
[29.516s][info][gc,phases      ] GC(327) Phase 4: Move objects 47.487ms
[29.517s][info][gc,heap        ] GC(327) DefNew: 1257796K(1258304K)->0K(1258304K) Eden: 1118528K(1118528K)->0K(1118528K) From: 139268K(139776K)->0K(139776K)
[29.517s][info][gc,heap        ] GC(327) Tenured: 1882580K(2796224K)->573356K(2796224K)
[29.517s][info][gc,metaspace   ] GC(327) Metaspace: 753K(896K)->753K(896K) NonClass: 681K(768K)->681K(768K) Class: 72K(128K)->72K(128K)
[29.517s][info][gc             ] GC(327) Pause Full (Allocation Failure) 3066M->559M(3959M) 49.599ms
[29.517s][info][gc,cpu         ] GC(327) User=0.00s Sys=0.00s Real=0.05s
[29.567s][info][gc,start       ] GC(328) Pause Young (Allocation Failure)
[29.658s][info][gc,heap        ] GC(328) DefNew: 1118528K(1258304K)->139268K(1258304K) Eden: 1118528K(1118528K)->0K(1118528K) From: 0K(139776K)->139268K(139776K)
[29.658s][info][gc,heap        ] GC(328) Tenured: 573356K(2796224K)->1542601K(2796224K)
[29.658s][info][gc,metaspace   ] GC(328) Metaspace: 753K(896K)->753K(896K) NonClass: 681K(768K)->681K(768K) Class: 72K(128K)->72K(128K)
[29.659s][info][gc             ] GC(328) Pause Young (Allocation Failure) 1652M->1642M(3959M) 91.754ms
[29.659s][info][gc,cpu         ] GC(328) User=0.02s Sys=0.00s Real=0.09s
[29.724s][info][gc,start       ] GC(329) Pause Young (Allocation Failure)
[29.724s][info][gc             ] GC(329) Pause Young (Allocation Failure) 2734M->2734M(3959M) 0.058ms
[29.724s][info][gc,cpu         ] GC(329) User=0.00s Sys=0.00s Real=0.00s
[29.724s][info][gc,start       ] GC(330) Pause Full (Allocation Failure)
[29.724s][info][gc,phases,start] GC(330) Phase 1: Mark live objects
[29.724s][info][gc,phases      ] GC(330) Phase 1: Mark live objects 0.786ms
[29.724s][info][gc,phases,start] GC(330) Phase 2: Compute new object addresses
[29.725s][info][gc,phases      ] GC(330) Phase 2: Compute new object addresses 0.293ms
[29.725s][info][gc,phases,start] GC(330) Phase 3: Adjust pointers
[29.725s][info][gc,phases      ] GC(330) Phase 3: Adjust pointers 0.351ms
[29.725s][info][gc,phases,start] GC(330) Phase 4: Move objects
[29.740s][info][gc,phases      ] GC(330) Phase 4: Move objects 15.102ms
[29.740s][info][gc,heap        ] GC(330) DefNew: 1257796K(1258304K)->0K(1258304K) Eden: 1118528K(1118528K)->0K(1118528K) From: 139268K(139776K)->0K(139776K)
[29.740s][info][gc,heap        ] GC(330) Tenured: 1542601K(2796224K)->230817K(2796224K)
[29.740s][info][gc,metaspace   ] GC(330) Metaspace: 753K(896K)->753K(896K) NonClass: 681K(768K)->681K(768K) Class: 72K(128K)->72K(128K)
[29.740s][info][gc             ] GC(330) Pause Full (Allocation Failure) 2734M->225M(3959M) 16.812ms
[29.740s][info][gc,cpu         ] GC(330) User=0.00s Sys=0.00s Real=0.02s
[29.785s][info][gc,start       ] GC(331) Pause Young (Allocation Failure)
[29.869s][info][gc,heap        ] GC(331) DefNew: 1118528K(1258304K)->139268K(1258304K) Eden: 1118528K(1118528K)->0K(1118528K) From: 0K(139776K)->139268K(139776K)
[29.869s][info][gc,heap        ] GC(331) Tenured: 230817K(2796224K)->1202623K(2796224K)
[29.869s][info][gc,metaspace   ] GC(331) Metaspace: 753K(896K)->753K(896K) NonClass: 681K(768K)->681K(768K) Class: 72K(128K)->72K(128K)
[29.869s][info][gc             ] GC(331) Pause Young (Allocation Failure) 1317M->1310M(3959M) 84.098ms
[29.869s][info][gc,cpu         ] GC(331) User=0.00s Sys=0.00s Real=0.08s
[29.912s][info][gc,start       ] GC(332) Pause Young (Allocation Failure)
[30.010s][info][gc,heap        ] GC(332) DefNew: 1257796K(1258304K)->139268K(1258304K) Eden: 1118528K(1118528K)->0K(1118528K) From: 139268K(139776K)->139268K(139776K)
[30.010s][info][gc,heap        ] GC(332) Tenured: 1202623K(2796224K)->2311137K(2796224K)
[30.010s][info][gc,metaspace   ] GC(332) Metaspace: 753K(896K)->753K(896K) NonClass: 681K(768K)->681K(768K) Class: 72K(128K)->72K(128K)
[30.010s][info][gc             ] GC(332) Pause Young (Allocation Failure) 2402M->2392M(3959M) 97.326ms
[30.010s][info][gc,cpu         ] GC(332) User=0.05s Sys=0.00s Real=0.10s
[30.066s][info][gc,start       ] GC(333) Pause Young (Allocation Failure)
[30.066s][info][gc             ] GC(333) Pause Young (Allocation Failure) 3485M->3485M(3959M) 0.072ms
[30.066s][info][gc,cpu         ] GC(333) User=0.00s Sys=0.00s Real=0.00s
[30.066s][info][gc,start       ] GC(334) Pause Full (Allocation Failure)
[30.066s][info][gc,phases,start] GC(334) Phase 1: Mark live objects
[30.067s][info][gc,phases      ] GC(334) Phase 1: Mark live objects 0.948ms
[30.067s][info][gc,phases,start] GC(334) Phase 2: Compute new object addresses
[30.067s][info][gc,phases      ] GC(334) Phase 2: Compute new object addresses 0.518ms
[30.067s][info][gc,phases,start] GC(334) Phase 3: Adjust pointers
[30.068s][info][gc,phases      ] GC(334) Phase 3: Adjust pointers 0.375ms
[30.068s][info][gc,phases,start] GC(334) Phase 4: Move objects
[30.143s][info][gc,phases      ] GC(334) Phase 4: Move objects 75.553ms
[30.144s][info][gc,heap        ] GC(334) DefNew: 1257796K(1258304K)->0K(1258304K) Eden: 1118528K(1118528K)->0K(1118528K) From: 139268K(139776K)->0K(139776K)
[30.144s][info][gc,heap        ] GC(334) Tenured: 2311137K(2796224K)->999865K(2796224K)
[30.144s][info][gc,metaspace   ] GC(334) Metaspace: 753K(896K)->753K(896K) NonClass: 681K(768K)->681K(768K) Class: 72K(128K)->72K(128K)
[30.144s][info][gc             ] GC(334) Pause Full (Allocation Failure) 3485M->976M(3959M) 77.746ms
[30.144s][info][gc,cpu         ] GC(334) User=0.03s Sys=0.00s Real=0.08s
[30.186s][info][gc,start       ] GC(335) Pause Young (Allocation Failure)
[30.277s][info][gc,heap        ] GC(335) DefNew: 1118528K(1258304K)->139268K(1258304K) Eden: 1118528K(1118528K)->0K(1118528K) From: 0K(139776K)->139268K(139776K)
[30.277s][info][gc,heap        ] GC(335) Tenured: 999865K(2796224K)->1970135K(2796224K)
[30.277s][info][gc,metaspace   ] GC(335) Metaspace: 753K(896K)->753K(896K) NonClass: 681K(768K)->681K(768K) Class: 72K(128K)->72K(128K)
[30.277s][info][gc             ] GC(335) Pause Young (Allocation Failure) 2068M->2059M(3959M) 90.205ms
[30.277s][info][gc,cpu         ] GC(335) User=0.02s Sys=0.00s Real=0.09s
[30.346s][info][gc,start       ] GC(336) Pause Young (Allocation Failure)
[30.346s][info][gc             ] GC(336) Pause Young (Allocation Failure) 3152M->3152M(3959M) 0.084ms
[30.346s][info][gc,cpu         ] GC(336) User=0.00s Sys=0.00s Real=0.00s
[30.346s][info][gc,start       ] GC(337) Pause Full (Allocation Failure)
[30.346s][info][gc,phases,start] GC(337) Phase 1: Mark live objects
[30.347s][info][gc,phases      ] GC(337) Phase 1: Mark live objects 1.166ms
[30.347s][info][gc,phases,start] GC(337) Phase 2: Compute new object addresses
[30.348s][info][gc,phases      ] GC(337) Phase 2: Compute new object addresses 0.471ms
[30.348s][info][gc,phases,start] GC(337) Phase 3: Adjust pointers
[30.348s][info][gc,phases      ] GC(337) Phase 3: Adjust pointers 0.514ms
[30.348s][info][gc,phases,start] GC(337) Phase 4: Move objects
[30.399s][info][gc,phases      ] GC(337) Phase 4: Move objects 50.248ms
[30.399s][info][gc,heap        ] GC(337) DefNew: 1257796K(1258304K)->0K(1258304K) Eden: 1118528K(1118528K)->0K(1118528K) From: 139268K(139776K)->0K(139776K)
[30.399s][info][gc,heap        ] GC(337) Tenured: 1970135K(2796224K)->658863K(2796224K)
[30.399s][info][gc,metaspace   ] GC(337) Metaspace: 753K(896K)->753K(896K) NonClass: 681K(768K)->681K(768K) Class: 72K(128K)->72K(128K)
[30.399s][info][gc             ] GC(337) Pause Full (Allocation Failure) 3152M->643M(3959M) 52.726ms
[30.399s][info][gc,cpu         ] GC(337) User=0.00s Sys=0.00s Real=0.05s
[30.442s][info][gc,start       ] GC(338) Pause Young (Allocation Failure)
[30.531s][info][gc,heap        ] GC(338) DefNew: 1118528K(1258304K)->139268K(1258304K) Eden: 1118528K(1118528K)->0K(1118528K) From: 0K(139776K)->139268K(139776K)
[30.531s][info][gc,heap        ] GC(338) Tenured: 658863K(2796224K)->1629132K(2796224K)
[30.531s][info][gc,metaspace   ] GC(338) Metaspace: 753K(896K)->753K(896K) NonClass: 681K(768K)->681K(768K) Class: 72K(128K)->72K(128K)
[30.531s][info][gc             ] GC(338) Pause Young (Allocation Failure) 1735M->1726M(3959M) 89.292ms
[30.531s][info][gc,cpu         ] GC(338) User=0.00s Sys=0.00s Real=0.09s
[30.599s][info][gc,start       ] GC(339) Pause Young (Allocation Failure)
[30.600s][info][gc             ] GC(339) Pause Young (Allocation Failure) 2819M->2819M(3959M) 0.100ms
[30.600s][info][gc,cpu         ] GC(339) User=0.00s Sys=0.00s Real=0.00s
[30.600s][info][gc,start       ] GC(340) Pause Full (Allocation Failure)
[30.600s][info][gc,phases,start] GC(340) Phase 1: Mark live objects
[30.601s][info][gc,phases      ] GC(340) Phase 1: Mark live objects 1.119ms
[30.601s][info][gc,phases,start] GC(340) Phase 2: Compute new object addresses
[30.601s][info][gc,phases      ] GC(340) Phase 2: Compute new object addresses 0.320ms
[30.601s][info][gc,phases,start] GC(340) Phase 3: Adjust pointers
[30.601s][info][gc,phases      ] GC(340) Phase 3: Adjust pointers 0.349ms
[30.601s][info][gc,phases,start] GC(340) Phase 4: Move objects
[30.628s][info][gc,phases      ] GC(340) Phase 4: Move objects 26.296ms
[30.628s][info][gc,heap        ] GC(340) DefNew: 1257796K(1258304K)->0K(1258304K) Eden: 1118528K(1118528K)->0K(1118528K) From: 139268K(139776K)->0K(139776K)
[30.628s][info][gc,heap        ] GC(340) Tenured: 1629132K(2796224K)->317860K(2796224K)
[30.628s][info][gc,metaspace   ] GC(340) Metaspace: 753K(896K)->753K(896K) NonClass: 681K(768K)->681K(768K) Class: 72K(128K)->72K(128K)
[30.628s][info][gc             ] GC(340) Pause Full (Allocation Failure) 2819M->310M(3959M) 28.488ms
[30.628s][info][gc,cpu         ] GC(340) User=0.00s Sys=0.00s Real=0.03s
[30.676s][info][gc,start       ] GC(341) Pause Young (Allocation Failure)
[30.761s][info][gc,heap        ] GC(341) DefNew: 1118528K(1258304K)->139268K(1258304K) Eden: 1118528K(1118528K)->0K(1118528K) From: 0K(139776K)->139268K(139776K)
[30.761s][info][gc,heap        ] GC(341) Tenured: 317860K(2796224K)->1290178K(2796224K)
[30.761s][info][gc,metaspace   ] GC(341) Metaspace: 753K(896K)->753K(896K) NonClass: 681K(768K)->681K(768K) Class: 72K(128K)->72K(128K)
[30.761s][info][gc             ] GC(341) Pause Young (Allocation Failure) 1402M->1395M(3959M) 85.530ms
[30.761s][info][gc,cpu         ] GC(341) User=0.00s Sys=0.00s Real=0.09s
[30.806s][info][gc,start       ] GC(342) Pause Young (Allocation Failure)
[30.896s][info][gc,heap        ] GC(342) DefNew: 1257796K(1258304K)->139268K(1258304K) Eden: 1118528K(1118528K)->0K(1118528K) From: 139268K(139776K)->139268K(139776K)
[30.896s][info][gc,heap        ] GC(342) Tenured: 1290178K(2796224K)->2398692K(2796224K)
[30.896s][info][gc,metaspace   ] GC(342) Metaspace: 753K(896K)->753K(896K) NonClass: 681K(768K)->681K(768K) Class: 72K(128K)->72K(128K)
[30.896s][info][gc             ] GC(342) Pause Young (Allocation Failure) 2488M->2478M(3959M) 90.050ms
[30.896s][info][gc,cpu         ] GC(342) User=0.06s Sys=0.00s Real=0.09s
[30.948s][info][gc,start       ] GC(343) Pause Young (Allocation Failure)
[30.948s][info][gc             ] GC(343) Pause Young (Allocation Failure) 3570M->3570M(3959M) 0.073ms
[30.948s][info][gc,cpu         ] GC(343) User=0.00s Sys=0.00s Real=0.00s
[30.948s][info][gc,start       ] GC(344) Pause Full (Allocation Failure)
[30.948s][info][gc,phases,start] GC(344) Phase 1: Mark live objects
[30.950s][info][gc,phases      ] GC(344) Phase 1: Mark live objects 1.185ms
[30.950s][info][gc,phases,start] GC(344) Phase 2: Compute new object addresses
[30.950s][info][gc,phases      ] GC(344) Phase 2: Compute new object addresses 0.574ms
[30.950s][info][gc,phases,start] GC(344) Phase 3: Adjust pointers
[30.951s][info][gc,phases      ] GC(344) Phase 3: Adjust pointers 0.469ms
[30.951s][info][gc,phases,start] GC(344) Phase 4: Move objects
[31.021s][info][gc,phases      ] GC(344) Phase 4: Move objects 69.774ms
[31.021s][info][gc,heap        ] GC(344) DefNew: 1257796K(1258304K)->0K(1258304K) Eden: 1118528K(1118528K)->0K(1118528K) From: 139268K(139776K)->0K(139776K)
[31.021s][info][gc,heap        ] GC(344) Tenured: 2398692K(2796224K)->1086908K(2796224K)
[31.021s][info][gc,metaspace   ] GC(344) Metaspace: 753K(896K)->753K(896K) NonClass: 681K(768K)->681K(768K) Class: 72K(128K)->72K(128K)
[31.021s][info][gc             ] GC(344) Pause Full (Allocation Failure) 3570M->1061M(3959M) 72.368ms
[31.021s][info][gc,cpu         ] GC(344) User=0.00s Sys=0.00s Real=0.07s
[31.065s][info][gc,start       ] GC(345) Pause Young (Allocation Failure)
[31.148s][info][gc,heap        ] GC(345) DefNew: 1118528K(1258304K)->139268K(1258304K) Eden: 1118528K(1118528K)->0K(1118528K) From: 0K(139776K)->139268K(139776K)
[31.148s][info][gc,heap        ] GC(345) Tenured: 1086908K(2796224K)->2058713K(2796224K)
[31.148s][info][gc,metaspace   ] GC(345) Metaspace: 753K(896K)->753K(896K) NonClass: 681K(768K)->681K(768K) Class: 72K(128K)->72K(128K)
[31.148s][info][gc             ] GC(345) Pause Young (Allocation Failure) 2153M->2146M(3959M) 83.553ms
[31.148s][info][gc,cpu         ] GC(345) User=0.06s Sys=0.00s Real=0.08s
[31.201s][info][gc,start       ] GC(346) Pause Young (Allocation Failure)
[31.201s][info][gc             ] GC(346) Pause Young (Allocation Failure) 3238M->3238M(3959M) 0.095ms
[31.201s][info][gc,cpu         ] GC(346) User=0.00s Sys=0.00s Real=0.00s
[31.201s][info][gc,start       ] GC(347) Pause Full (Allocation Failure)
[31.201s][info][gc,phases,start] GC(347) Phase 1: Mark live objects
[31.202s][info][gc,phases      ] GC(347) Phase 1: Mark live objects 0.922ms
[31.202s][info][gc,phases,start] GC(347) Phase 2: Compute new object addresses
[31.202s][info][gc,phases      ] GC(347) Phase 2: Compute new object addresses 0.375ms
[31.202s][info][gc,phases,start] GC(347) Phase 3: Adjust pointers
[31.203s][info][gc,phases      ] GC(347) Phase 3: Adjust pointers 0.424ms
[31.203s][info][gc,phases,start] GC(347) Phase 4: Move objects
[31.256s][info][gc,phases      ] GC(347) Phase 4: Move objects 53.359ms
[31.257s][info][gc,heap        ] GC(347) DefNew: 1257796K(1258304K)->0K(1258304K) Eden: 1118528K(1118528K)->0K(1118528K) From: 139268K(139776K)->0K(139776K)
[31.257s][info][gc,heap        ] GC(347) Tenured: 2058713K(2796224K)->746417K(2796224K)
[31.257s][info][gc,metaspace   ] GC(347) Metaspace: 753K(896K)->753K(896K) NonClass: 681K(768K)->681K(768K) Class: 72K(128K)->72K(128K)
[31.257s][info][gc             ] GC(347) Pause Full (Allocation Failure) 3238M->728M(3959M) 55.436ms
[31.257s][info][gc,cpu         ] GC(347) User=0.05s Sys=0.00s Real=0.06s
[31.297s][info][gc,start       ] GC(348) Pause Young (Allocation Failure)
[31.377s][info][gc,heap        ] GC(348) DefNew: 1118528K(1258304K)->139268K(1258304K) Eden: 1118528K(1118528K)->0K(1118528K) From: 0K(139776K)->139268K(139776K)
[31.377s][info][gc,heap        ] GC(348) Tenured: 746417K(2796224K)->1716687K(2796224K)
[31.377s][info][gc,metaspace   ] GC(348) Metaspace: 753K(896K)->753K(896K) NonClass: 681K(768K)->681K(768K) Class: 72K(128K)->72K(128K)
[31.377s][info][gc             ] GC(348) Pause Young (Allocation Failure) 1821M->1812M(3959M) 79.635ms
[31.377s][info][gc,cpu         ] GC(348) User=0.05s Sys=0.00s Real=0.08s
[31.439s][info][gc,start       ] GC(349) Pause Young (Allocation Failure)
[31.439s][info][gc             ] GC(349) Pause Young (Allocation Failure) 2904M->2904M(3959M) 0.065ms
[31.439s][info][gc,cpu         ] GC(349) User=0.00s Sys=0.00s Real=0.00s
[31.439s][info][gc,start       ] GC(350) Pause Full (Allocation Failure)
[31.439s][info][gc,phases,start] GC(350) Phase 1: Mark live objects
[31.440s][info][gc,phases      ] GC(350) Phase 1: Mark live objects 0.841ms
[31.440s][info][gc,phases,start] GC(350) Phase 2: Compute new object addresses
[31.441s][info][gc,phases      ] GC(350) Phase 2: Compute new object addresses 0.381ms
[31.441s][info][gc,phases,start] GC(350) Phase 3: Adjust pointers
[31.441s][info][gc,phases      ] GC(350) Phase 3: Adjust pointers 0.433ms
[31.441s][info][gc,phases,start] GC(350) Phase 4: Move objects
[31.471s][info][gc,phases      ] GC(350) Phase 4: Move objects 30.242ms
[31.472s][info][gc,heap        ] GC(350) DefNew: 1257796K(1258304K)->0K(1258304K) Eden: 1118528K(1118528K)->0K(1118528K) From: 139268K(139776K)->0K(139776K)
[31.472s][info][gc,heap        ] GC(350) Tenured: 1716687K(2796224K)->405415K(2796224K)
[31.472s][info][gc,metaspace   ] GC(350) Metaspace: 753K(896K)->753K(896K) NonClass: 681K(768K)->681K(768K) Class: 72K(128K)->72K(128K)
[31.472s][info][gc             ] GC(350) Pause Full (Allocation Failure) 2904M->395M(3959M) 32.230ms
[31.472s][info][gc,cpu         ] GC(350) User=0.00s Sys=0.00s Real=0.03s
[31.521s][info][gc,start       ] GC(351) Pause Young (Allocation Failure)
[31.603s][info][gc,heap        ] GC(351) DefNew: 1118528K(1258304K)->139268K(1258304K) Eden: 1118528K(1118528K)->0K(1118528K) From: 0K(139776K)->139268K(139776K)
[31.603s][info][gc,heap        ] GC(351) Tenured: 405415K(2796224K)->1375684K(2796224K)
[31.603s][info][gc,metaspace   ] GC(351) Metaspace: 753K(896K)->753K(896K) NonClass: 681K(768K)->681K(768K) Class: 72K(128K)->72K(128K)
[31.603s][info][gc             ] GC(351) Pause Young (Allocation Failure) 1488M->1479M(3959M) 81.416ms
[31.603s][info][gc,cpu         ] GC(351) User=0.03s Sys=0.00s Real=0.08s
[31.659s][info][gc,start       ] GC(352) Pause Young (Allocation Failure)
[31.664s][info][gc,heap        ] GC(352) DefNew: 1257796K(1258304K)->63489K(1258304K) Eden: 1118528K(1118528K)->0K(1118528K) From: 139268K(139776K)->63489K(139776K)
[31.664s][info][gc,heap        ] GC(352) Tenured: 1375684K(2796224K)->1375684K(2796224K)
[31.664s][info][gc,metaspace   ] GC(352) Metaspace: 753K(896K)->753K(896K) NonClass: 681K(768K)->681K(768K) Class: 72K(128K)->72K(128K)
[31.664s][info][gc             ] GC(352) Pause Young (Allocation Failure) 2571M->1405M(3959M) 4.593ms
[31.664s][info][gc,cpu         ] GC(352) User=0.00s Sys=0.00s Real=0.00s
[31.704s][info][gc,start       ] GC(353) Pause Young (Allocation Failure)
[31.793s][info][gc,heap        ] GC(353) DefNew: 1182017K(1258304K)->139268K(1258304K) Eden: 1118528K(1118528K)->0K(1118528K) From: 63489K(139776K)->139268K(139776K)
[31.793s][info][gc,heap        ] GC(353) Tenured: 1375684K(2796224K)->2409444K(2796224K)
[31.793s][info][gc,metaspace   ] GC(353) Metaspace: 753K(896K)->753K(896K) NonClass: 681K(768K)->681K(768K) Class: 72K(128K)->72K(128K)
[31.793s][info][gc             ] GC(353) Pause Young (Allocation Failure) 2497M->2488M(3959M) 88.655ms
[31.793s][info][gc,cpu         ] GC(353) User=0.06s Sys=0.00s Real=0.09s
[31.833s][info][gc,start       ] GC(354) Pause Young (Allocation Failure)
[31.833s][info][gc             ] GC(354) Pause Young (Allocation Failure) 3581M->3581M(3959M) 0.091ms
[31.833s][info][gc,cpu         ] GC(354) User=0.00s Sys=0.00s Real=0.00s
[31.833s][info][gc,start       ] GC(355) Pause Full (Allocation Failure)
[31.834s][info][gc,phases,start] GC(355) Phase 1: Mark live objects
[31.834s][info][gc,phases      ] GC(355) Phase 1: Mark live objects 0.979ms
[31.835s][info][gc,phases,start] GC(355) Phase 2: Compute new object addresses
[31.835s][info][gc,phases      ] GC(355) Phase 2: Compute new object addresses 0.425ms
[31.835s][info][gc,phases,start] GC(355) Phase 3: Adjust pointers
[31.835s][info][gc,phases      ] GC(355) Phase 3: Adjust pointers 0.504ms
[31.835s][info][gc,phases,start] GC(355) Phase 4: Move objects
[32.008s][info][gc,phases      ] GC(355) Phase 4: Move objects 172.687ms
[32.008s][info][gc,heap        ] GC(355) DefNew: 1257796K(1258304K)->0K(1258304K) Eden: 1118528K(1118528K)->0K(1118528K) From: 139268K(139776K)->0K(139776K)
[32.008s][info][gc,heap        ] GC(355) Tenured: 2409444K(2796224K)->2285536K(2796224K)
[32.008s][info][gc,metaspace   ] GC(355) Metaspace: 753K(896K)->753K(896K) NonClass: 681K(768K)->681K(768K) Class: 72K(128K)->72K(128K)
[32.008s][info][gc             ] GC(355) Pause Full (Allocation Failure) 3581M->2231M(3959M) 174.929ms
[32.008s][info][gc,cpu         ] GC(355) User=0.12s Sys=0.00s Real=0.18s
[32.061s][info][gc,start       ] GC(356) Pause Young (Allocation Failure)
[32.061s][info][gc             ] GC(356) Pause Young (Allocation Failure) 3324M->3324M(3959M) 0.072ms
[32.061s][info][gc,cpu         ] GC(356) User=0.00s Sys=0.00s Real=0.00s
[32.061s][info][gc,start       ] GC(357) Pause Full (Allocation Failure)
[32.061s][info][gc,phases,start] GC(357) Phase 1: Mark live objects
[32.062s][info][gc,phases      ] GC(357) Phase 1: Mark live objects 0.987ms
[32.062s][info][gc,phases,start] GC(357) Phase 2: Compute new object addresses
[32.063s][info][gc,phases      ] GC(357) Phase 2: Compute new object addresses 0.402ms
[32.063s][info][gc,phases,start] GC(357) Phase 3: Adjust pointers
[32.063s][info][gc,phases      ] GC(357) Phase 3: Adjust pointers 0.437ms
[32.063s][info][gc,phases,start] GC(357) Phase 4: Move objects
[32.123s][info][gc,phases      ] GC(357) Phase 4: Move objects 60.129ms
[32.124s][info][gc,heap        ] GC(357) DefNew: 1118528K(1258304K)->0K(1258304K) Eden: 1118528K(1118528K)->0K(1118528K) From: 0K(139776K)->0K(139776K)
[32.124s][info][gc,heap        ] GC(357) Tenured: 2285536K(2796224K)->833972K(2796224K)
[32.124s][info][gc,metaspace   ] GC(357) Metaspace: 753K(896K)->753K(896K) NonClass: 681K(768K)->681K(768K) Class: 72K(128K)->72K(128K)
[32.124s][info][gc             ] GC(357) Pause Full (Allocation Failure) 3324M->814M(3959M) 62.288ms
[32.124s][info][gc,cpu         ] GC(357) User=0.02s Sys=0.00s Real=0.06s
[32.167s][info][gc,start       ] GC(358) Pause Young (Allocation Failure)
[32.241s][info][gc,heap        ] GC(358) DefNew: 1118528K(1258304K)->139268K(1258304K) Eden: 1118528K(1118528K)->0K(1118528K) From: 0K(139776K)->139268K(139776K)
[32.241s][info][gc,heap        ] GC(358) Tenured: 833972K(2796224K)->1803729K(2796224K)
[32.241s][info][gc,metaspace   ] GC(358) Metaspace: 753K(896K)->753K(896K) NonClass: 681K(768K)->681K(768K) Class: 72K(128K)->72K(128K)
[32.241s][info][gc             ] GC(358) Pause Young (Allocation Failure) 1906M->1897M(3959M) 74.060ms
[32.241s][info][gc,cpu         ] GC(358) User=0.06s Sys=0.00s Real=0.07s
[32.315s][info][gc,start       ] GC(359) Pause Young (Allocation Failure)
[32.315s][info][gc             ] GC(359) Pause Young (Allocation Failure) 2989M->2989M(3959M) 0.076ms
[32.315s][info][gc,cpu         ] GC(359) User=0.00s Sys=0.00s Real=0.00s
[32.315s][info][gc,start       ] GC(360) Pause Full (Allocation Failure)
[32.315s][info][gc,phases,start] GC(360) Phase 1: Mark live objects
[32.316s][info][gc,phases      ] GC(360) Phase 1: Mark live objects 0.880ms
[32.316s][info][gc,phases,start] GC(360) Phase 2: Compute new object addresses
[32.316s][info][gc,phases      ] GC(360) Phase 2: Compute new object addresses 0.344ms
[32.316s][info][gc,phases,start] GC(360) Phase 3: Adjust pointers
[32.317s][info][gc,phases      ] GC(360) Phase 3: Adjust pointers 0.366ms
[32.317s][info][gc,phases,start] GC(360) Phase 4: Move objects
[32.355s][info][gc,phases      ] GC(360) Phase 4: Move objects 38.080ms
[32.355s][info][gc,heap        ] GC(360) DefNew: 1257796K(1258304K)->0K(1258304K) Eden: 1118528K(1118528K)->0K(1118528K) From: 139268K(139776K)->0K(139776K)
[32.355s][info][gc,heap        ] GC(360) Tenured: 1803729K(2796224K)->493993K(2796224K)
[32.355s][info][gc,metaspace   ] GC(360) Metaspace: 753K(896K)->753K(896K) NonClass: 681K(768K)->681K(768K) Class: 72K(128K)->72K(128K)
[32.355s][info][gc             ] GC(360) Pause Full (Allocation Failure) 2989M->482M(3959M) 39.957ms
[32.355s][info][gc,cpu         ] GC(360) User=0.05s Sys=0.00s Real=0.04s
[32.397s][info][gc,start       ] GC(361) Pause Young (Allocation Failure)
[32.475s][info][gc,heap        ] GC(361) DefNew: 1118528K(1258304K)->139268K(1258304K) Eden: 1118528K(1118528K)->0K(1118528K) From: 0K(139776K)->139268K(139776K)
[32.475s][info][gc,heap        ] GC(361) Tenured: 493993K(2796224K)->1463239K(2796224K)
[32.475s][info][gc,metaspace   ] GC(361) Metaspace: 753K(896K)->753K(896K) NonClass: 681K(768K)->681K(768K) Class: 72K(128K)->72K(128K)
[32.475s][info][gc             ] GC(361) Pause Young (Allocation Failure) 1574M->1564M(3959M) 77.457ms
[32.475s][info][gc,cpu         ] GC(361) User=0.08s Sys=0.00s Real=0.08s
[32.536s][info][gc,start       ] GC(362) Pause Young (Allocation Failure)
[32.547s][info][gc,heap        ] GC(362) DefNew: 1257796K(1258304K)->139268K(1258304K) Eden: 1118528K(1118528K)->0K(1118528K) From: 139268K(139776K)->139268K(139776K)
[32.547s][info][gc,heap        ] GC(362) Tenured: 1463239K(2796224K)->1475015K(2796224K)
[32.547s][info][gc,metaspace   ] GC(362) Metaspace: 753K(896K)->753K(896K) NonClass: 681K(768K)->681K(768K) Class: 72K(128K)->72K(128K)
[32.547s][info][gc             ] GC(362) Pause Young (Allocation Failure) 2657M->1576M(3959M) 11.171ms
[32.547s][info][gc,cpu         ] GC(362) User=0.02s Sys=0.00s Real=0.01s
[32.588s][info][gc,start       ] GC(363) Pause Young (Allocation Failure)
[32.678s][info][gc,heap        ] GC(363) DefNew: 1257796K(1258304K)->139268K(1258304K) Eden: 1118528K(1118528K)->0K(1118528K) From: 139268K(139776K)->139268K(139776K)
[32.678s][info][gc,heap        ] GC(363) Tenured: 1475015K(2796224K)->2584553K(2796224K)
[32.678s][info][gc,metaspace   ] GC(363) Metaspace: 753K(896K)->753K(896K) NonClass: 681K(768K)->681K(768K) Class: 72K(128K)->72K(128K)
[32.678s][info][gc             ] GC(363) Pause Young (Allocation Failure) 2668M->2659M(3959M) 90.228ms
[32.678s][info][gc,cpu         ] GC(363) User=0.08s Sys=0.00s Real=0.09s
[32.717s][info][gc,start       ] GC(364) Pause Young (Allocation Failure)
[32.717s][info][gc             ] GC(364) Pause Young (Allocation Failure) 3752M->3752M(3959M) 0.070ms
[32.717s][info][gc,cpu         ] GC(364) User=0.00s Sys=0.00s Real=0.00s
[32.717s][info][gc,start       ] GC(365) Pause Full (Allocation Failure)
[32.717s][info][gc,phases,start] GC(365) Phase 1: Mark live objects
[32.718s][info][gc,phases      ] GC(365) Phase 1: Mark live objects 1.033ms
[32.718s][info][gc,phases,start] GC(365) Phase 2: Compute new object addresses
[32.719s][info][gc,phases      ] GC(365) Phase 2: Compute new object addresses 0.467ms
[32.719s][info][gc,phases,start] GC(365) Phase 3: Adjust pointers
[32.719s][info][gc,phases      ] GC(365) Phase 3: Adjust pointers 0.467ms
[32.719s][info][gc,phases,start] GC(365) Phase 4: Move objects
[32.888s][info][gc,phases      ] GC(365) Phase 4: Move objects 168.719ms
[32.888s][info][gc,heap        ] GC(365) DefNew: 1257796K(1258304K)->0K(1258304K) Eden: 1118528K(1118528K)->0K(1118528K) From: 139268K(139776K)->0K(139776K)
[32.888s][info][gc,heap        ] GC(365) Tenured: 2584553K(2796224K)->2371043K(2796224K)
[32.888s][info][gc,metaspace   ] GC(365) Metaspace: 753K(896K)->753K(896K) NonClass: 681K(768K)->681K(768K) Class: 72K(128K)->72K(128K)
[32.888s][info][gc             ] GC(365) Pause Full (Allocation Failure) 3752M->2315M(3959M) 171.048ms
[32.888s][info][gc,cpu         ] GC(365) User=0.17s Sys=0.00s Real=0.17s
[32.941s][info][gc,start       ] GC(366) Pause Young (Allocation Failure)
[32.941s][info][gc             ] GC(366) Pause Young (Allocation Failure) 3407M->3407M(3959M) 0.061ms
[32.941s][info][gc,cpu         ] GC(366) User=0.00s Sys=0.00s Real=0.00s
[32.941s][info][gc,start       ] GC(367) Pause Full (Allocation Failure)
[32.941s][info][gc,phases,start] GC(367) Phase 1: Mark live objects
[32.943s][info][gc,phases      ] GC(367) Phase 1: Mark live objects 1.049ms
[32.943s][info][gc,phases,start] GC(367) Phase 2: Compute new object addresses
[32.943s][info][gc,phases      ] GC(367) Phase 2: Compute new object addresses 0.460ms
[32.943s][info][gc,phases,start] GC(367) Phase 3: Adjust pointers
[32.944s][info][gc,phases      ] GC(367) Phase 3: Adjust pointers 0.479ms
[32.944s][info][gc,phases,start] GC(367) Phase 4: Move objects
[33.010s][info][gc,phases      ] GC(367) Phase 4: Move objects 66.308ms
[33.010s][info][gc,heap        ] GC(367) DefNew: 1118528K(1258304K)->0K(1258304K) Eden: 1118528K(1118528K)->0K(1118528K) From: 0K(139776K)->0K(139776K)
[33.010s][info][gc,heap        ] GC(367) Tenured: 2371043K(2796224K)->920502K(2796224K)
[33.010s][info][gc,metaspace   ] GC(367) Metaspace: 753K(896K)->753K(896K) NonClass: 681K(768K)->681K(768K) Class: 72K(128K)->72K(128K)
[33.010s][info][gc             ] GC(367) Pause Full (Allocation Failure) 3407M->898M(3959M) 68.654ms
[33.010s][info][gc,cpu         ] GC(367) User=0.03s Sys=0.00s Real=0.07s
[33.053s][info][gc,start       ] GC(368) Pause Young (Allocation Failure)
[33.136s][info][gc,heap        ] GC(368) DefNew: 1118528K(1258304K)->139268K(1258304K) Eden: 1118528K(1118528K)->0K(1118528K) From: 0K(139776K)->139268K(139776K)
[33.136s][info][gc,heap        ] GC(368) Tenured: 920502K(2796224K)->1890772K(2796224K)
[33.136s][info][gc,metaspace   ] GC(368) Metaspace: 753K(896K)->753K(896K) NonClass: 681K(768K)->681K(768K) Class: 72K(128K)->72K(128K)
[33.136s][info][gc             ] GC(368) Pause Young (Allocation Failure) 1991M->1982M(3959M) 82.389ms
[33.136s][info][gc,cpu         ] GC(368) User=0.09s Sys=0.00s Real=0.08s
[33.195s][info][gc,start       ] GC(369) Pause Young (Allocation Failure)
[33.195s][info][gc             ] GC(369) Pause Young (Allocation Failure) 3074M->3074M(3959M) 0.061ms
[33.195s][info][gc,cpu         ] GC(369) User=0.00s Sys=0.00s Real=0.00s
[33.195s][info][gc,start       ] GC(370) Pause Full (Allocation Failure)
[33.195s][info][gc,phases,start] GC(370) Phase 1: Mark live objects
[33.196s][info][gc,phases      ] GC(370) Phase 1: Mark live objects 0.797ms
[33.196s][info][gc,phases,start] GC(370) Phase 2: Compute new object addresses
[33.197s][info][gc,phases      ] GC(370) Phase 2: Compute new object addresses 0.323ms
[33.197s][info][gc,phases,start] GC(370) Phase 3: Adjust pointers
[33.197s][info][gc,phases      ] GC(370) Phase 3: Adjust pointers 0.372ms
[33.197s][info][gc,phases,start] GC(370) Phase 4: Move objects
[33.237s][info][gc,phases      ] GC(370) Phase 4: Move objects 39.805ms
[33.237s][info][gc,heap        ] GC(370) DefNew: 1257796K(1258304K)->0K(1258304K) Eden: 1118528K(1118528K)->0K(1118528K) From: 139268K(139776K)->0K(139776K)
[33.237s][info][gc,heap        ] GC(370) Tenured: 1890772K(2796224K)->581548K(2796224K)
[33.237s][info][gc,metaspace   ] GC(370) Metaspace: 753K(896K)->753K(896K) NonClass: 681K(768K)->681K(768K) Class: 72K(128K)->72K(128K)
[33.237s][info][gc             ] GC(370) Pause Full (Allocation Failure) 3074M->567M(3959M) 41.568ms
[33.237s][info][gc,cpu         ] GC(370) User=0.05s Sys=0.00s Real=0.04s
[33.277s][info][gc,start       ] GC(371) Pause Young (Allocation Failure)
[33.358s][info][gc,heap        ] GC(371) DefNew: 1118528K(1258304K)->139268K(1258304K) Eden: 1118528K(1118528K)->0K(1118528K) From: 0K(139776K)->139268K(139776K)
[33.358s][info][gc,heap        ] GC(371) Tenured: 581548K(2796224K)->1550794K(2796224K)
[33.358s][info][gc,metaspace   ] GC(371) Metaspace: 753K(896K)->753K(896K) NonClass: 681K(768K)->681K(768K) Class: 72K(128K)->72K(128K)
[33.358s][info][gc             ] GC(371) Pause Young (Allocation Failure) 1660M->1650M(3959M) 81.403ms
[33.358s][info][gc,cpu         ] GC(371) User=0.08s Sys=0.00s Real=0.08s
[33.415s][info][gc,start       ] GC(372) Pause Young (Allocation Failure)
[33.415s][info][gc             ] GC(372) Pause Young (Allocation Failure) 2742M->2742M(3959M) 0.066ms
[33.415s][info][gc,cpu         ] GC(372) User=0.00s Sys=0.00s Real=0.00s
[33.415s][info][gc,start       ] GC(373) Pause Full (Allocation Failure)
[33.415s][info][gc,phases,start] GC(373) Phase 1: Mark live objects
[33.416s][info][gc,phases      ] GC(373) Phase 1: Mark live objects 0.785ms
[33.416s][info][gc,phases,start] GC(373) Phase 2: Compute new object addresses
[33.416s][info][gc,phases      ] GC(373) Phase 2: Compute new object addresses 0.312ms
[33.416s][info][gc,phases,start] GC(373) Phase 3: Adjust pointers
[33.417s][info][gc,phases      ] GC(373) Phase 3: Adjust pointers 0.359ms
[33.417s][info][gc,phases,start] GC(373) Phase 4: Move objects
[33.431s][info][gc,phases      ] GC(373) Phase 4: Move objects 14.268ms
[33.431s][info][gc,heap        ] GC(373) DefNew: 1257796K(1258304K)->0K(1258304K) Eden: 1118528K(1118528K)->0K(1118528K) From: 139268K(139776K)->0K(139776K)
[33.431s][info][gc,heap        ] GC(373) Tenured: 1550794K(2796224K)->239010K(2796224K)
[33.431s][info][gc,metaspace   ] GC(373) Metaspace: 753K(896K)->753K(896K) NonClass: 681K(768K)->681K(768K) Class: 72K(128K)->72K(128K)
[33.431s][info][gc             ] GC(373) Pause Full (Allocation Failure) 2742M->233M(3959M) 15.987ms
[33.431s][info][gc,cpu         ] GC(373) User=0.00s Sys=0.00s Real=0.02s
[33.471s][info][gc,start       ] GC(374) Pause Young (Allocation Failure)
[33.552s][info][gc,heap        ] GC(374) DefNew: 1118528K(1258304K)->139268K(1258304K) Eden: 1118528K(1118528K)->0K(1118528K) From: 0K(139776K)->139268K(139776K)
[33.552s][info][gc,heap        ] GC(374) Tenured: 239010K(2796224K)->1210815K(2796224K)
[33.552s][info][gc,metaspace   ] GC(374) Metaspace: 753K(896K)->753K(896K) NonClass: 681K(768K)->681K(768K) Class: 72K(128K)->72K(128K)
[33.552s][info][gc             ] GC(374) Pause Young (Allocation Failure) 1325M->1318M(3959M) 81.616ms
[33.552s][info][gc,cpu         ] GC(374) User=0.06s Sys=0.00s Real=0.08s
[33.593s][info][gc,start       ] GC(375) Pause Young (Allocation Failure)
[33.681s][info][gc,heap        ] GC(375) DefNew: 1257796K(1258304K)->139268K(1258304K) Eden: 1118528K(1118528K)->0K(1118528K) From: 139268K(139776K)->139268K(139776K)
[33.681s][info][gc,heap        ] GC(375) Tenured: 1210815K(2796224K)->2319329K(2796224K)
[33.681s][info][gc,metaspace   ] GC(375) Metaspace: 753K(896K)->753K(896K) NonClass: 681K(768K)->681K(768K) Class: 72K(128K)->72K(128K)
[33.681s][info][gc             ] GC(375) Pause Young (Allocation Failure) 2410M->2400M(3959M) 88.629ms
[33.681s][info][gc,cpu         ] GC(375) User=0.06s Sys=0.00s Real=0.09s
[33.740s][info][gc,start       ] GC(376) Pause Young (Allocation Failure)
[33.740s][info][gc             ] GC(376) Pause Young (Allocation Failure) 3493M->3493M(3959M) 0.072ms
[33.740s][info][gc,cpu         ] GC(376) User=0.00s Sys=0.00s Real=0.00s
[33.740s][info][gc,start       ] GC(377) Pause Full (Allocation Failure)
[33.740s][info][gc,phases,start] GC(377) Phase 1: Mark live objects
[33.741s][info][gc,phases      ] GC(377) Phase 1: Mark live objects 0.838ms
[33.741s][info][gc,phases,start] GC(377) Phase 2: Compute new object addresses
[33.741s][info][gc,phases      ] GC(377) Phase 2: Compute new object addresses 0.370ms
[33.741s][info][gc,phases,start] GC(377) Phase 3: Adjust pointers
[33.742s][info][gc,phases      ] GC(377) Phase 3: Adjust pointers 0.429ms
[33.742s][info][gc,phases,start] GC(377) Phase 4: Move objects
[33.812s][info][gc,phases      ] GC(377) Phase 4: Move objects 70.583ms
[33.812s][info][gc,heap        ] GC(377) DefNew: 1257796K(1258304K)->0K(1258304K) Eden: 1118528K(1118528K)->0K(1118528K) From: 139268K(139776K)->0K(139776K)
[33.812s][info][gc,heap        ] GC(377) Tenured: 2319329K(2796224K)->1008057K(2796224K)
[33.812s][info][gc,metaspace   ] GC(377) Metaspace: 753K(896K)->753K(896K) NonClass: 681K(768K)->681K(768K) Class: 72K(128K)->72K(128K)
[33.812s][info][gc             ] GC(377) Pause Full (Allocation Failure) 3493M->984M(3959M) 72.580ms
[33.812s][info][gc,cpu         ] GC(377) User=0.02s Sys=0.00s Real=0.07s
[33.854s][info][gc,start       ] GC(378) Pause Young (Allocation Failure)
[33.937s][info][gc,heap        ] GC(378) DefNew: 1118528K(1258304K)->139268K(1258304K) Eden: 1118528K(1118528K)->0K(1118528K) From: 0K(139776K)->139268K(139776K)
[33.937s][info][gc,heap        ] GC(378) Tenured: 1008057K(2796224K)->1978327K(2796224K)
[33.937s][info][gc,metaspace   ] GC(378) Metaspace: 753K(896K)->753K(896K) NonClass: 681K(768K)->681K(768K) Class: 72K(128K)->72K(128K)
[33.937s][info][gc             ] GC(378) Pause Young (Allocation Failure) 2076M->2067M(3959M) 82.801ms
[33.937s][info][gc,cpu         ] GC(378) User=0.06s Sys=0.00s Real=0.08s
[33.991s][info][gc,start       ] GC(379) Pause Young (Allocation Failure)
[33.991s][info][gc             ] GC(379) Pause Young (Allocation Failure) 3160M->3160M(3959M) 0.070ms
[33.991s][info][gc,cpu         ] GC(379) User=0.00s Sys=0.00s Real=0.00s
[33.991s][info][gc,start       ] GC(380) Pause Full (Allocation Failure)
[33.992s][info][gc,phases,start] GC(380) Phase 1: Mark live objects
[33.992s][info][gc,phases      ] GC(380) Phase 1: Mark live objects 0.888ms
[33.992s][info][gc,phases,start] GC(380) Phase 2: Compute new object addresses
[33.993s][info][gc,phases      ] GC(380) Phase 2: Compute new object addresses 0.342ms
[33.993s][info][gc,phases,start] GC(380) Phase 3: Adjust pointers
[33.993s][info][gc,phases      ] GC(380) Phase 3: Adjust pointers 0.376ms
[33.993s][info][gc,phases,start] GC(380) Phase 4: Move objects
[34.041s][info][gc,phases      ] GC(380) Phase 4: Move objects 48.136ms
[34.042s][info][gc,heap        ] GC(380) DefNew: 1257796K(1258304K)->0K(1258304K) Eden: 1118528K(1118528K)->0K(1118528K) From: 139268K(139776K)->0K(139776K)
[34.042s][info][gc,heap        ] GC(380) Tenured: 1978327K(2796224K)->667055K(2796224K)
[34.042s][info][gc,metaspace   ] GC(380) Metaspace: 753K(896K)->753K(896K) NonClass: 681K(768K)->681K(768K) Class: 72K(128K)->72K(128K)
[34.042s][info][gc             ] GC(380) Pause Full (Allocation Failure) 3160M->651M(3959M) 50.116ms
[34.042s][info][gc,cpu         ] GC(380) User=0.03s Sys=0.00s Real=0.05s
[34.084s][info][gc,start       ] GC(381) Pause Young (Allocation Failure)
[34.164s][info][gc,heap        ] GC(381) DefNew: 1118528K(1258304K)->139268K(1258304K) Eden: 1118528K(1118528K)->0K(1118528K) From: 0K(139776K)->139268K(139776K)
[34.164s][info][gc,heap        ] GC(381) Tenured: 667055K(2796224K)->1637324K(2796224K)
[34.164s][info][gc,metaspace   ] GC(381) Metaspace: 753K(896K)->753K(896K) NonClass: 681K(768K)->681K(768K) Class: 72K(128K)->72K(128K)
[34.164s][info][gc             ] GC(381) Pause Young (Allocation Failure) 1743M->1734M(3959M) 80.450ms
[34.164s][info][gc,cpu         ] GC(381) User=0.08s Sys=0.00s Real=0.08s
[34.228s][info][gc,start       ] GC(382) Pause Young (Allocation Failure)
[34.228s][info][gc             ] GC(382) Pause Young (Allocation Failure) 2827M->2827M(3959M) 0.060ms
[34.228s][info][gc,cpu         ] GC(382) User=0.00s Sys=0.00s Real=0.00s
[34.228s][info][gc,start       ] GC(383) Pause Full (Allocation Failure)
[34.228s][info][gc,phases,start] GC(383) Phase 1: Mark live objects
[34.229s][info][gc,phases      ] GC(383) Phase 1: Mark live objects 0.854ms
[34.229s][info][gc,phases,start] GC(383) Phase 2: Compute new object addresses
[34.230s][info][gc,phases      ] GC(383) Phase 2: Compute new object addresses 0.343ms
[34.230s][info][gc,phases,start] GC(383) Phase 3: Adjust pointers
[34.230s][info][gc,phases      ] GC(383) Phase 3: Adjust pointers 0.403ms
[34.230s][info][gc,phases,start] GC(383) Phase 4: Move objects
[34.252s][info][gc,phases      ] GC(383) Phase 4: Move objects 22.428ms
[34.253s][info][gc,heap        ] GC(383) DefNew: 1257796K(1258304K)->0K(1258304K) Eden: 1118528K(1118528K)->0K(1118528K) From: 139268K(139776K)->0K(139776K)
[34.253s][info][gc,heap        ] GC(383) Tenured: 1637324K(2796224K)->326052K(2796224K)
[34.253s][info][gc,metaspace   ] GC(383) Metaspace: 753K(896K)->753K(896K) NonClass: 681K(768K)->681K(768K) Class: 72K(128K)->72K(128K)
[34.253s][info][gc             ] GC(383) Pause Full (Allocation Failure) 2827M->318M(3959M) 24.274ms
[34.253s][info][gc,cpu         ] GC(383) User=0.00s Sys=0.00s Real=0.02s
[34.294s][info][gc,start       ] GC(384) Pause Young (Allocation Failure)
[34.375s][info][gc,heap        ] GC(384) DefNew: 1118528K(1258304K)->139268K(1258304K) Eden: 1118528K(1118528K)->0K(1118528K) From: 0K(139776K)->139268K(139776K)
[34.375s][info][gc,heap        ] GC(384) Tenured: 326052K(2796224K)->1298370K(2796224K)
[34.375s][info][gc,metaspace   ] GC(384) Metaspace: 753K(896K)->753K(896K) NonClass: 681K(768K)->681K(768K) Class: 72K(128K)->72K(128K)
[34.375s][info][gc             ] GC(384) Pause Young (Allocation Failure) 1410M->1403M(3959M) 81.377ms
[34.375s][info][gc,cpu         ] GC(384) User=0.08s Sys=0.00s Real=0.08s
[34.415s][info][gc,start       ] GC(385) Pause Young (Allocation Failure)
[34.506s][info][gc,heap        ] GC(385) DefNew: 1257796K(1258304K)->139268K(1258304K) Eden: 1118528K(1118528K)->0K(1118528K) From: 139268K(139776K)->139268K(139776K)
[34.506s][info][gc,heap        ] GC(385) Tenured: 1298370K(2796224K)->2406884K(2796224K)
[34.506s][info][gc,metaspace   ] GC(385) Metaspace: 753K(896K)->753K(896K) NonClass: 681K(768K)->681K(768K) Class: 72K(128K)->72K(128K)
[34.506s][info][gc             ] GC(385) Pause Young (Allocation Failure) 2496M->2486M(3959M) 91.388ms
[34.506s][info][gc,cpu         ] GC(385) User=0.08s Sys=0.00s Real=0.09s
[34.572s][info][gc,start       ] GC(386) Pause Young (Allocation Failure)
[34.572s][info][gc             ] GC(386) Pause Young (Allocation Failure) 3578M->3578M(3959M) 0.069ms
[34.572s][info][gc,cpu         ] GC(386) User=0.00s Sys=0.00s Real=0.00s
[34.572s][info][gc,start       ] GC(387) Pause Full (Allocation Failure)
[34.572s][info][gc,phases,start] GC(387) Phase 1: Mark live objects
[34.573s][info][gc,phases      ] GC(387) Phase 1: Mark live objects 0.920ms
[34.573s][info][gc,phases,start] GC(387) Phase 2: Compute new object addresses
[34.573s][info][gc,phases      ] GC(387) Phase 2: Compute new object addresses 0.347ms
[34.573s][info][gc,phases,start] GC(387) Phase 3: Adjust pointers
[34.574s][info][gc,phases      ] GC(387) Phase 3: Adjust pointers 0.542ms
[34.574s][info][gc,phases,start] GC(387) Phase 4: Move objects
[34.653s][info][gc,phases      ] GC(387) Phase 4: Move objects 79.328ms
[34.654s][info][gc,heap        ] GC(387) DefNew: 1257796K(1258304K)->0K(1258304K) Eden: 1118528K(1118528K)->0K(1118528K) From: 139268K(139776K)->0K(139776K)
[34.654s][info][gc,heap        ] GC(387) Tenured: 2406884K(2796224K)->1095100K(2796224K)
[34.654s][info][gc,metaspace   ] GC(387) Metaspace: 753K(896K)->753K(896K) NonClass: 681K(768K)->681K(768K) Class: 72K(128K)->72K(128K)
[34.654s][info][gc             ] GC(387) Pause Full (Allocation Failure) 3578M->1069M(3959M) 81.502ms
[34.654s][info][gc,cpu         ] GC(387) User=0.06s Sys=0.00s Real=0.08s
[34.698s][info][gc,start       ] GC(388) Pause Young (Allocation Failure)
[34.782s][info][gc,heap        ] GC(388) DefNew: 1118528K(1258304K)->139268K(1258304K) Eden: 1118528K(1118528K)->0K(1118528K) From: 0K(139776K)->139268K(139776K)
[34.782s][info][gc,heap        ] GC(388) Tenured: 1095100K(2796224K)->2066905K(2796224K)
[34.782s][info][gc,metaspace   ] GC(388) Metaspace: 753K(896K)->753K(896K) NonClass: 681K(768K)->681K(768K) Class: 72K(128K)->72K(128K)
[34.782s][info][gc             ] GC(388) Pause Young (Allocation Failure) 2161M->2154M(3959M) 84.004ms
[34.782s][info][gc,cpu         ] GC(388) User=0.00s Sys=0.00s Real=0.08s
[34.836s][info][gc,start       ] GC(389) Pause Young (Allocation Failure)
[34.836s][info][gc             ] GC(389) Pause Young (Allocation Failure) 3246M->3246M(3959M) 0.066ms
[34.836s][info][gc,cpu         ] GC(389) User=0.00s Sys=0.00s Real=0.00s
[34.836s][info][gc,start       ] GC(390) Pause Full (Allocation Failure)
[34.836s][info][gc,phases,start] GC(390) Phase 1: Mark live objects
[34.837s][info][gc,phases      ] GC(390) Phase 1: Mark live objects 0.866ms
[34.837s][info][gc,phases,start] GC(390) Phase 2: Compute new object addresses
[34.837s][info][gc,phases      ] GC(390) Phase 2: Compute new object addresses 0.332ms
[34.837s][info][gc,phases,start] GC(390) Phase 3: Adjust pointers
[34.838s][info][gc,phases      ] GC(390) Phase 3: Adjust pointers 0.411ms
[34.838s][info][gc,phases,start] GC(390) Phase 4: Move objects
[34.891s][info][gc,phases      ] GC(390) Phase 4: Move objects 52.847ms
[34.891s][info][gc,heap        ] GC(390) DefNew: 1257796K(1258304K)->0K(1258304K) Eden: 1118528K(1118528K)->0K(1118528K) From: 139268K(139776K)->0K(139776K)
[34.891s][info][gc,heap        ] GC(390) Tenured: 2066905K(2796224K)->754609K(2796224K)
[34.891s][info][gc,metaspace   ] GC(390) Metaspace: 753K(896K)->753K(896K) NonClass: 681K(768K)->681K(768K) Class: 72K(128K)->72K(128K)
[34.891s][info][gc             ] GC(390) Pause Full (Allocation Failure) 3246M->736M(3959M) 54.745ms
[34.891s][info][gc,cpu         ] GC(390) User=0.05s Sys=0.00s Real=0.06s
[34.932s][info][gc,start       ] GC(391) Pause Young (Allocation Failure)
[35.009s][info][gc,heap        ] GC(391) DefNew: 1118528K(1258304K)->139268K(1258304K) Eden: 1118528K(1118528K)->0K(1118528K) From: 0K(139776K)->139268K(139776K)
[35.009s][info][gc,heap        ] GC(391) Tenured: 754609K(2796224K)->1724879K(2796224K)
[35.009s][info][gc,metaspace   ] GC(391) Metaspace: 753K(896K)->753K(896K) NonClass: 681K(768K)->681K(768K) Class: 72K(128K)->72K(128K)
[35.009s][info][gc             ] GC(391) Pause Young (Allocation Failure) 1829M->1820M(3959M) 76.980ms
[35.009s][info][gc,cpu         ] GC(391) User=0.06s Sys=0.00s Real=0.08s
[35.070s][info][gc,start       ] GC(392) Pause Young (Allocation Failure)
[35.070s][info][gc             ] GC(392) Pause Young (Allocation Failure) 2912M->2912M(3959M) 0.058ms
[35.070s][info][gc,cpu         ] GC(392) User=0.00s Sys=0.00s Real=0.00s
[35.070s][info][gc,start       ] GC(393) Pause Full (Allocation Failure)
[35.070s][info][gc,phases,start] GC(393) Phase 1: Mark live objects
[35.071s][info][gc,phases      ] GC(393) Phase 1: Mark live objects 0.793ms
[35.071s][info][gc,phases,start] GC(393) Phase 2: Compute new object addresses
[35.071s][info][gc,phases      ] GC(393) Phase 2: Compute new object addresses 0.305ms
[35.071s][info][gc,phases,start] GC(393) Phase 3: Adjust pointers
[35.072s][info][gc,phases      ] GC(393) Phase 3: Adjust pointers 0.359ms
[35.072s][info][gc,phases,start] GC(393) Phase 4: Move objects
[35.101s][info][gc,phases      ] GC(393) Phase 4: Move objects 29.169ms
[35.101s][info][gc,heap        ] GC(393) DefNew: 1257796K(1258304K)->0K(1258304K) Eden: 1118528K(1118528K)->0K(1118528K) From: 139268K(139776K)->0K(139776K)
[35.101s][info][gc,heap        ] GC(393) Tenured: 1724879K(2796224K)->413607K(2796224K)
[35.101s][info][gc,metaspace   ] GC(393) Metaspace: 753K(896K)->753K(896K) NonClass: 681K(768K)->681K(768K) Class: 72K(128K)->72K(128K)
[35.101s][info][gc             ] GC(393) Pause Full (Allocation Failure) 2912M->403M(3959M) 30.896ms
[35.101s][info][gc,cpu         ] GC(393) User=0.03s Sys=0.00s Real=0.03s
[35.148s][info][gc,start       ] GC(394) Pause Young (Allocation Failure)
[35.228s][info][gc,heap        ] GC(394) DefNew: 1118528K(1258304K)->139268K(1258304K) Eden: 1118528K(1118528K)->0K(1118528K) From: 0K(139776K)->139268K(139776K)
[35.228s][info][gc,heap        ] GC(394) Tenured: 413607K(2796224K)->1383877K(2796224K)
[35.228s][info][gc,metaspace   ] GC(394) Metaspace: 753K(896K)->753K(896K) NonClass: 681K(768K)->681K(768K) Class: 72K(128K)->72K(128K)
[35.228s][info][gc             ] GC(394) Pause Young (Allocation Failure) 1496M->1487M(3959M) 79.505ms
[35.228s][info][gc,cpu         ] GC(394) User=0.00s Sys=0.00s Real=0.08s
[35.279s][info][gc,start       ] GC(395) Pause Young (Allocation Failure)
[35.284s][info][gc,heap        ] GC(395) DefNew: 1257796K(1258304K)->71682K(1258304K) Eden: 1118528K(1118528K)->0K(1118528K) From: 139268K(139776K)->71682K(139776K)
[35.284s][info][gc,heap        ] GC(395) Tenured: 1383877K(2796224K)->1383877K(2796224K)
[35.284s][info][gc,metaspace   ] GC(395) Metaspace: 753K(896K)->753K(896K) NonClass: 681K(768K)->681K(768K) Class: 72K(128K)->72K(128K)
[35.284s][info][gc             ] GC(395) Pause Young (Allocation Failure) 2579M->1421M(3959M) 5.110ms
[35.284s][info][gc,cpu         ] GC(395) User=0.00s Sys=0.00s Real=0.00s
[35.328s][info][gc,start       ] GC(396) Pause Young (Allocation Failure)
[35.416s][info][gc,heap        ] GC(396) DefNew: 1190210K(1258304K)->139268K(1258304K) Eden: 1118528K(1118528K)->0K(1118528K) From: 71682K(139776K)->139268K(139776K)
[35.416s][info][gc,heap        ] GC(396) Tenured: 1383877K(2796224K)->2425828K(2796224K)
[35.416s][info][gc,metaspace   ] GC(396) Metaspace: 753K(896K)->753K(896K) NonClass: 681K(768K)->681K(768K) Class: 72K(128K)->72K(128K)
[35.416s][info][gc             ] GC(396) Pause Young (Allocation Failure) 2513M->2504M(3959M) 88.014ms
[35.416s][info][gc,cpu         ] GC(396) User=0.08s Sys=0.00s Real=0.09s
[35.458s][info][gc,start       ] GC(397) Pause Young (Allocation Failure)
[35.458s][info][gc             ] GC(397) Pause Young (Allocation Failure) 3597M->3597M(3959M) 0.065ms
[35.458s][info][gc,cpu         ] GC(397) User=0.00s Sys=0.00s Real=0.00s
[35.458s][info][gc,start       ] GC(398) Pause Full (Allocation Failure)
[35.458s][info][gc,phases,start] GC(398) Phase 1: Mark live objects
[35.459s][info][gc,phases      ] GC(398) Phase 1: Mark live objects 0.903ms
[35.459s][info][gc,phases,start] GC(398) Phase 2: Compute new object addresses
[35.459s][info][gc,phases      ] GC(398) Phase 2: Compute new object addresses 0.419ms
[35.459s][info][gc,phases,start] GC(398) Phase 3: Adjust pointers
[35.460s][info][gc,phases      ] GC(398) Phase 3: Adjust pointers 0.510ms
[35.460s][info][gc,phases,start] GC(398) Phase 4: Move objects
[35.631s][info][gc,phases      ] GC(398) Phase 4: Move objects 171.421ms
[35.631s][info][gc,heap        ] GC(398) DefNew: 1257796K(1258304K)->0K(1258304K) Eden: 1118528K(1118528K)->0K(1118528K) From: 139268K(139776K)->0K(139776K)
[35.631s][info][gc,heap        ] GC(398) Tenured: 2425828K(2796224K)->2293728K(2796224K)
[35.631s][info][gc,metaspace   ] GC(398) Metaspace: 753K(896K)->753K(896K) NonClass: 681K(768K)->681K(768K) Class: 72K(128K)->72K(128K)
[35.631s][info][gc             ] GC(398) Pause Full (Allocation Failure) 3597M->2239M(3959M) 173.580ms
[35.631s][info][gc,cpu         ] GC(398) User=0.17s Sys=0.00s Real=0.17s
[35.692s][info][gc,start       ] GC(399) Pause Young (Allocation Failure)
[35.692s][info][gc             ] GC(399) Pause Young (Allocation Failure) 3332M->3332M(3959M) 0.071ms
[35.692s][info][gc,cpu         ] GC(399) User=0.00s Sys=0.00s Real=0.00s
[35.692s][info][gc,start       ] GC(400) Pause Full (Allocation Failure)
[35.693s][info][gc,phases,start] GC(400) Phase 1: Mark live objects
[35.693s][info][gc,phases      ] GC(400) Phase 1: Mark live objects 0.835ms
[35.693s][info][gc,phases,start] GC(400) Phase 2: Compute new object addresses
[35.694s][info][gc,phases      ] GC(400) Phase 2: Compute new object addresses 0.309ms
[35.694s][info][gc,phases,start] GC(400) Phase 3: Adjust pointers
[35.694s][info][gc,phases      ] GC(400) Phase 3: Adjust pointers 0.280ms
[35.694s][info][gc,phases,start] GC(400) Phase 4: Move objects
[35.754s][info][gc,phases      ] GC(400) Phase 4: Move objects 60.302ms
[35.755s][info][gc,heap        ] GC(400) DefNew: 1118528K(1258304K)->0K(1258304K) Eden: 1118528K(1118528K)->0K(1118528K) From: 0K(139776K)->0K(139776K)
[35.755s][info][gc,heap        ] GC(400) Tenured: 2293728K(2796224K)->842164K(2796224K)
[35.755s][info][gc,metaspace   ] GC(400) Metaspace: 753K(896K)->753K(896K) NonClass: 681K(768K)->681K(768K) Class: 72K(128K)->72K(128K)
[35.755s][info][gc             ] GC(400) Pause Full (Allocation Failure) 3332M->822M(3959M) 62.082ms
[35.755s][info][gc,cpu         ] GC(400) User=0.05s Sys=0.00s Real=0.06s
[35.794s][info][gc,start       ] GC(401) Pause Young (Allocation Failure)
[35.866s][info][gc,heap        ] GC(401) DefNew: 1118528K(1258304K)->139268K(1258304K) Eden: 1118528K(1118528K)->0K(1118528K) From: 0K(139776K)->139268K(139776K)
[35.866s][info][gc,heap        ] GC(401) Tenured: 842164K(2796224K)->1811922K(2796224K)
[35.866s][info][gc,metaspace   ] GC(401) Metaspace: 753K(896K)->753K(896K) NonClass: 681K(768K)->681K(768K) Class: 72K(128K)->72K(128K)
[35.866s][info][gc             ] GC(401) Pause Young (Allocation Failure) 1914M->1905M(3959M) 71.845ms
[35.866s][info][gc,cpu         ] GC(401) User=0.06s Sys=0.00s Real=0.07s
[35.930s][info][gc,start       ] GC(402) Pause Young (Allocation Failure)
[35.930s][info][gc             ] GC(402) Pause Young (Allocation Failure) 2997M->2997M(3959M) 0.079ms
[35.930s][info][gc,cpu         ] GC(402) User=0.00s Sys=0.00s Real=0.00s
[35.930s][info][gc,start       ] GC(403) Pause Full (Allocation Failure)
[35.930s][info][gc,phases,start] GC(403) Phase 1: Mark live objects
[35.931s][info][gc,phases      ] GC(403) Phase 1: Mark live objects 0.819ms
[35.931s][info][gc,phases,start] GC(403) Phase 2: Compute new object addresses
[35.931s][info][gc,phases      ] GC(403) Phase 2: Compute new object addresses 0.276ms
[35.931s][info][gc,phases,start] GC(403) Phase 3: Adjust pointers
[35.931s][info][gc,phases      ] GC(403) Phase 3: Adjust pointers 0.273ms
[35.931s][info][gc,phases,start] GC(403) Phase 4: Move objects
[35.967s][info][gc,phases      ] GC(403) Phase 4: Move objects 35.536ms
[35.967s][info][gc,heap        ] GC(403) DefNew: 1257796K(1258304K)->0K(1258304K) Eden: 1118528K(1118528K)->0K(1118528K) From: 139268K(139776K)->0K(139776K)
[35.967s][info][gc,heap        ] GC(403) Tenured: 1811922K(2796224K)->502186K(2796224K)
[35.967s][info][gc,metaspace   ] GC(403) Metaspace: 753K(896K)->753K(896K) NonClass: 681K(768K)->681K(768K) Class: 72K(128K)->72K(128K)
[35.967s][info][gc             ] GC(403) Pause Full (Allocation Failure) 2997M->490M(3959M) 37.214ms
[35.967s][info][gc,cpu         ] GC(403) User=0.03s Sys=0.00s Real=0.04s
[36.007s][info][gc,start       ] GC(404) Pause Young (Allocation Failure)
[36.086s][info][gc,heap        ] GC(404) DefNew: 1118528K(1258304K)->139268K(1258304K) Eden: 1118528K(1118528K)->0K(1118528K) From: 0K(139776K)->139268K(139776K)
[36.086s][info][gc,heap        ] GC(404) Tenured: 502186K(2796224K)->1471431K(2796224K)
[36.086s][info][gc,metaspace   ] GC(404) Metaspace: 753K(896K)->753K(896K) NonClass: 681K(768K)->681K(768K) Class: 72K(128K)->72K(128K)
[36.086s][info][gc             ] GC(404) Pause Young (Allocation Failure) 1582M->1572M(3959M) 79.172ms
[36.086s][info][gc,cpu         ] GC(404) User=0.08s Sys=0.00s Real=0.08s
[36.137s][info][gc,start       ] GC(405) Pause Young (Allocation Failure)
[36.148s][info][gc,heap        ] GC(405) DefNew: 1257796K(1258304K)->139268K(1258304K) Eden: 1118528K(1118528K)->0K(1118528K) From: 139268K(139776K)->139268K(139776K)
[36.148s][info][gc,heap        ] GC(405) Tenured: 1471431K(2796224K)->1491400K(2796224K)
[36.148s][info][gc,metaspace   ] GC(405) Metaspace: 753K(896K)->753K(896K) NonClass: 681K(768K)->681K(768K) Class: 72K(128K)->72K(128K)
[36.148s][info][gc             ] GC(405) Pause Young (Allocation Failure) 2665M->1592M(3959M) 11.074ms
[36.148s][info][gc,cpu         ] GC(405) User=0.00s Sys=0.00s Real=0.01s
[36.187s][info][gc,start       ] GC(406) Pause Young (Allocation Failure)
[36.278s][info][gc,heap        ] GC(406) DefNew: 1257796K(1258304K)->139268K(1258304K) Eden: 1118528K(1118528K)->0K(1118528K) From: 139268K(139776K)->139268K(139776K)
[36.279s][info][gc,heap        ] GC(406) Tenured: 1491400K(2796224K)->2600938K(2796224K)
[36.279s][info][gc,metaspace   ] GC(406) Metaspace: 753K(896K)->753K(896K) NonClass: 681K(768K)->681K(768K) Class: 72K(128K)->72K(128K)
[36.279s][info][gc             ] GC(406) Pause Young (Allocation Failure) 2684M->2675M(3959M) 91.453ms
[36.279s][info][gc,cpu         ] GC(406) User=0.09s Sys=0.00s Real=0.09s
[36.320s][info][gc,start       ] GC(407) Pause Young (Allocation Failure)
[36.320s][info][gc             ] GC(407) Pause Young (Allocation Failure) 3768M->3768M(3959M) 0.071ms
[36.320s][info][gc,cpu         ] GC(407) User=0.00s Sys=0.00s Real=0.00s
[36.320s][info][gc,start       ] GC(408) Pause Full (Allocation Failure)
[36.320s][info][gc,phases,start] GC(408) Phase 1: Mark live objects
[36.321s][info][gc,phases      ] GC(408) Phase 1: Mark live objects 0.976ms
[36.321s][info][gc,phases,start] GC(408) Phase 2: Compute new object addresses
[36.321s][info][gc,phases      ] GC(408) Phase 2: Compute new object addresses 0.445ms
[36.321s][info][gc,phases,start] GC(408) Phase 3: Adjust pointers
[36.322s][info][gc,phases      ] GC(408) Phase 3: Adjust pointers 0.467ms
[36.322s][info][gc,phases,start] GC(408) Phase 4: Move objects
[36.488s][info][gc,phases      ] GC(408) Phase 4: Move objects 165.986ms
[36.488s][info][gc,heap        ] GC(408) DefNew: 1257796K(1258304K)->0K(1258304K) Eden: 1118528K(1118528K)->0K(1118528K) From: 139268K(139776K)->0K(139776K)
[36.488s][info][gc,heap        ] GC(408) Tenured: 2600938K(2796224K)->2379235K(2796224K)
[36.488s][info][gc,metaspace   ] GC(408) Metaspace: 753K(896K)->753K(896K) NonClass: 681K(768K)->681K(768K) Class: 72K(128K)->72K(128K)
[36.488s][info][gc             ] GC(408) Pause Full (Allocation Failure) 3768M->2323M(3959M) 168.211ms
[36.488s][info][gc,cpu         ] GC(408) User=0.14s Sys=0.00s Real=0.17s
[36.538s][info][gc,start       ] GC(409) Pause Young (Allocation Failure)
[36.538s][info][gc             ] GC(409) Pause Young (Allocation Failure) 3415M->3415M(3959M) 0.063ms
[36.538s][info][gc,cpu         ] GC(409) User=0.00s Sys=0.00s Real=0.00s
[36.538s][info][gc,start       ] GC(410) Pause Full (Allocation Failure)
[36.538s][info][gc,phases,start] GC(410) Phase 1: Mark live objects
[36.539s][info][gc,phases      ] GC(410) Phase 1: Mark live objects 0.874ms
[36.539s][info][gc,phases,start] GC(410) Phase 2: Compute new object addresses
[36.540s][info][gc,phases      ] GC(410) Phase 2: Compute new object addresses 0.407ms
[36.540s][info][gc,phases,start] GC(410) Phase 3: Adjust pointers
[36.540s][info][gc,phases      ] GC(410) Phase 3: Adjust pointers 0.428ms
[36.540s][info][gc,phases,start] GC(410) Phase 4: Move objects
[36.612s][info][gc,phases      ] GC(410) Phase 4: Move objects 72.031ms
[36.612s][info][gc,heap        ] GC(410) DefNew: 1118528K(1258304K)->0K(1258304K) Eden: 1118528K(1118528K)->0K(1118528K) From: 0K(139776K)->0K(139776K)
[36.612s][info][gc,heap        ] GC(410) Tenured: 2379235K(2796224K)->928695K(2796224K)
[36.612s][info][gc,metaspace   ] GC(410) Metaspace: 753K(896K)->753K(896K) NonClass: 681K(768K)->681K(768K) Class: 72K(128K)->72K(128K)
[36.612s][info][gc             ] GC(410) Pause Full (Allocation Failure) 3415M->906M(3959M) 74.067ms
[36.612s][info][gc,cpu         ] GC(410) User=0.05s Sys=0.00s Real=0.07s
[36.652s][info][gc,start       ] GC(411) Pause Young (Allocation Failure)
[36.735s][info][gc,heap        ] GC(411) DefNew: 1118528K(1258304K)->139268K(1258304K) Eden: 1118528K(1118528K)->0K(1118528K) From: 0K(139776K)->139268K(139776K)
[36.735s][info][gc,heap        ] GC(411) Tenured: 928695K(2796224K)->1898964K(2796224K)
[36.735s][info][gc,metaspace   ] GC(411) Metaspace: 753K(896K)->753K(896K) NonClass: 681K(768K)->681K(768K) Class: 72K(128K)->72K(128K)
[36.735s][info][gc             ] GC(411) Pause Young (Allocation Failure) 1999M->1990M(3959M) 82.882ms
[36.735s][info][gc,cpu         ] GC(411) User=0.06s Sys=0.00s Real=0.08s
[36.791s][info][gc,start       ] GC(412) Pause Young (Allocation Failure)
[36.791s][info][gc             ] GC(412) Pause Young (Allocation Failure) 3082M->3082M(3959M) 0.070ms
[36.791s][info][gc,cpu         ] GC(412) User=0.00s Sys=0.00s Real=0.00s
[36.791s][info][gc,start       ] GC(413) Pause Full (Allocation Failure)
[36.791s][info][gc,phases,start] GC(413) Phase 1: Mark live objects
[36.792s][info][gc,phases      ] GC(413) Phase 1: Mark live objects 0.840ms
[36.792s][info][gc,phases,start] GC(413) Phase 2: Compute new object addresses
[36.792s][info][gc,phases      ] GC(413) Phase 2: Compute new object addresses 0.368ms
[36.792s][info][gc,phases,start] GC(413) Phase 3: Adjust pointers
[36.792s][info][gc,phases      ] GC(413) Phase 3: Adjust pointers 0.420ms
[36.792s][info][gc,phases,start] GC(413) Phase 4: Move objects
[36.835s][info][gc,phases      ] GC(413) Phase 4: Move objects 42.786ms
[36.835s][info][gc,heap        ] GC(413) DefNew: 1257796K(1258304K)->0K(1258304K) Eden: 1118528K(1118528K)->0K(1118528K) From: 139268K(139776K)->0K(139776K)
[36.835s][info][gc,heap        ] GC(413) Tenured: 1898964K(2796224K)->589740K(2796224K)
[36.836s][info][gc,metaspace   ] GC(413) Metaspace: 753K(896K)->753K(896K) NonClass: 681K(768K)->681K(768K) Class: 72K(128K)->72K(128K)
[36.836s][info][gc             ] GC(413) Pause Full (Allocation Failure) 3082M->575M(3959M) 44.743ms
[36.836s][info][gc,cpu         ] GC(413) User=0.00s Sys=0.00s Real=0.04s
[36.875s][info][gc,start       ] GC(414) Pause Young (Allocation Failure)
[36.959s][info][gc,heap        ] GC(414) DefNew: 1118528K(1258304K)->139268K(1258304K) Eden: 1118528K(1118528K)->0K(1118528K) From: 0K(139776K)->139268K(139776K)
[36.959s][info][gc,heap        ] GC(414) Tenured: 589740K(2796224K)->1558986K(2796224K)
[36.959s][info][gc,metaspace   ] GC(414) Metaspace: 753K(896K)->753K(896K) NonClass: 681K(768K)->681K(768K) Class: 72K(128K)->72K(128K)
[36.959s][info][gc             ] GC(414) Pause Young (Allocation Failure) 1668M->1658M(3959M) 84.185ms
[36.959s][info][gc,cpu         ] GC(414) User=0.05s Sys=0.00s Real=0.09s
[37.011s][info][gc,start       ] GC(415) Pause Young (Allocation Failure)
[37.011s][info][gc             ] GC(415) Pause Young (Allocation Failure) 2750M->2750M(3959M) 0.071ms
[37.011s][info][gc,cpu         ] GC(415) User=0.00s Sys=0.00s Real=0.00s
[37.011s][info][gc,start       ] GC(416) Pause Full (Allocation Failure)
[37.011s][info][gc,phases,start] GC(416) Phase 1: Mark live objects
[37.012s][info][gc,phases      ] GC(416) Phase 1: Mark live objects 0.876ms
[37.012s][info][gc,phases,start] GC(416) Phase 2: Compute new object addresses
[37.012s][info][gc,phases      ] GC(416) Phase 2: Compute new object addresses 0.309ms
[37.012s][info][gc,phases,start] GC(416) Phase 3: Adjust pointers
[37.013s][info][gc,phases      ] GC(416) Phase 3: Adjust pointers 0.396ms
[37.013s][info][gc,phases,start] GC(416) Phase 4: Move objects
[37.027s][info][gc,phases      ] GC(416) Phase 4: Move objects 14.511ms
[37.027s][info][gc,heap        ] GC(416) DefNew: 1257796K(1258304K)->0K(1258304K) Eden: 1118528K(1118528K)->0K(1118528K) From: 139268K(139776K)->0K(139776K)
[37.027s][info][gc,heap        ] GC(416) Tenured: 1558986K(2796224K)->247202K(2796224K)
[37.027s][info][gc,metaspace   ] GC(416) Metaspace: 753K(896K)->753K(896K) NonClass: 681K(768K)->681K(768K) Class: 72K(128K)->72K(128K)
[37.027s][info][gc             ] GC(416) Pause Full (Allocation Failure) 2750M->241M(3959M) 16.379ms
[37.028s][info][gc,cpu         ] GC(416) User=0.00s Sys=0.00s Real=0.02s
[37.067s][info][gc,start       ] GC(417) Pause Young (Allocation Failure)
[37.150s][info][gc,heap        ] GC(417) DefNew: 1118528K(1258304K)->139268K(1258304K) Eden: 1118528K(1118528K)->0K(1118528K) From: 0K(139776K)->139268K(139776K)
[37.150s][info][gc,heap        ] GC(417) Tenured: 247202K(2796224K)->1219008K(2796224K)
[37.150s][info][gc,metaspace   ] GC(417) Metaspace: 753K(896K)->753K(896K) NonClass: 681K(768K)->681K(768K) Class: 72K(128K)->72K(128K)
[37.150s][info][gc             ] GC(417) Pause Young (Allocation Failure) 1333M->1326M(3959M) 83.151ms
[37.150s][info][gc,cpu         ] GC(417) User=0.06s Sys=0.00s Real=0.08s
[37.190s][info][gc,start       ] GC(418) Pause Young (Allocation Failure)
[37.279s][info][gc,heap        ] GC(418) DefNew: 1257796K(1258304K)->139268K(1258304K) Eden: 1118528K(1118528K)->0K(1118528K) From: 139268K(139776K)->139268K(139776K)
[37.279s][info][gc,heap        ] GC(418) Tenured: 1219008K(2796224K)->2327521K(2796224K)
[37.279s][info][gc,metaspace   ] GC(418) Metaspace: 753K(896K)->753K(896K) NonClass: 681K(768K)->681K(768K) Class: 72K(128K)->72K(128K)
[37.279s][info][gc             ] GC(418) Pause Young (Allocation Failure) 2418M->2408M(3959M) 89.276ms
[37.279s][info][gc,cpu         ] GC(418) User=0.09s Sys=0.00s Real=0.09s
[37.338s][info][gc,start       ] GC(419) Pause Young (Allocation Failure)
[37.338s][info][gc             ] GC(419) Pause Young (Allocation Failure) 3501M->3501M(3959M) 0.081ms
[37.339s][info][gc,cpu         ] GC(419) User=0.00s Sys=0.00s Real=0.00s
[37.339s][info][gc,start       ] GC(420) Pause Full (Allocation Failure)
[37.339s][info][gc,phases,start] GC(420) Phase 1: Mark live objects
[37.339s][info][gc,phases      ] GC(420) Phase 1: Mark live objects 0.874ms
[37.339s][info][gc,phases,start] GC(420) Phase 2: Compute new object addresses
[37.340s][info][gc,phases      ] GC(420) Phase 2: Compute new object addresses 0.345ms
[37.340s][info][gc,phases,start] GC(420) Phase 3: Adjust pointers
[37.340s][info][gc,phases      ] GC(420) Phase 3: Adjust pointers 0.460ms
[37.340s][info][gc,phases,start] GC(420) Phase 4: Move objects
[37.414s][info][gc,phases      ] GC(420) Phase 4: Move objects 73.725ms
[37.414s][info][gc,heap        ] GC(420) DefNew: 1257796K(1258304K)->0K(1258304K) Eden: 1118528K(1118528K)->0K(1118528K) From: 139268K(139776K)->0K(139776K)
[37.414s][info][gc,heap        ] GC(420) Tenured: 2327521K(2796224K)->1016249K(2796224K)
[37.414s][info][gc,metaspace   ] GC(420) Metaspace: 753K(896K)->753K(896K) NonClass: 681K(768K)->681K(768K) Class: 72K(128K)->72K(128K)
[37.414s][info][gc             ] GC(420) Pause Full (Allocation Failure) 3501M->992M(3959M) 75.757ms
[37.414s][info][gc,cpu         ] GC(420) User=0.06s Sys=0.00s Real=0.08s
[37.457s][info][gc,start       ] GC(421) Pause Young (Allocation Failure)
[37.541s][info][gc,heap        ] GC(421) DefNew: 1118528K(1258304K)->139268K(1258304K) Eden: 1118528K(1118528K)->0K(1118528K) From: 0K(139776K)->139268K(139776K)
[37.541s][info][gc,heap        ] GC(421) Tenured: 1016249K(2796224K)->1986519K(2796224K)
[37.541s][info][gc,metaspace   ] GC(421) Metaspace: 753K(896K)->753K(896K) NonClass: 681K(768K)->681K(768K) Class: 72K(128K)->72K(128K)
[37.541s][info][gc             ] GC(421) Pause Young (Allocation Failure) 2084M->2075M(3959M) 84.173ms
[37.541s][info][gc,cpu         ] GC(421) User=0.09s Sys=0.00s Real=0.08s
[37.603s][info][gc,start       ] GC(422) Pause Young (Allocation Failure)
[37.603s][info][gc             ] GC(422) Pause Young (Allocation Failure) 3168M->3168M(3959M) 0.062ms
[37.603s][info][gc,cpu         ] GC(422) User=0.00s Sys=0.00s Real=0.00s
[37.603s][info][gc,start       ] GC(423) Pause Full (Allocation Failure)
[37.603s][info][gc,phases,start] GC(423) Phase 1: Mark live objects
[37.604s][info][gc,phases      ] GC(423) Phase 1: Mark live objects 0.851ms
[37.604s][info][gc,phases,start] GC(423) Phase 2: Compute new object addresses
[37.604s][info][gc,phases      ] GC(423) Phase 2: Compute new object addresses 0.335ms
[37.604s][info][gc,phases,start] GC(423) Phase 3: Adjust pointers
[37.605s][info][gc,phases      ] GC(423) Phase 3: Adjust pointers 0.371ms
[37.605s][info][gc,phases,start] GC(423) Phase 4: Move objects
[37.655s][info][gc,phases      ] GC(423) Phase 4: Move objects 49.990ms
[37.655s][info][gc,heap        ] GC(423) DefNew: 1257796K(1258304K)->0K(1258304K) Eden: 1118528K(1118528K)->0K(1118528K) From: 139268K(139776K)->0K(139776K)
[37.655s][info][gc,heap        ] GC(423) Tenured: 1986519K(2796224K)->675247K(2796224K)
[37.655s][info][gc,metaspace   ] GC(423) Metaspace: 753K(896K)->753K(896K) NonClass: 681K(768K)->681K(768K) Class: 72K(128K)->72K(128K)
[37.655s][info][gc             ] GC(423) Pause Full (Allocation Failure) 3168M->659M(3959M) 51.884ms
[37.655s][info][gc,cpu         ] GC(423) User=0.05s Sys=0.00s Real=0.05s
[37.697s][info][gc,start       ] GC(424) Pause Young (Allocation Failure)
[37.782s][info][gc,heap        ] GC(424) DefNew: 1118528K(1258304K)->139268K(1258304K) Eden: 1118528K(1118528K)->0K(1118528K) From: 0K(139776K)->139268K(139776K)
[37.782s][info][gc,heap        ] GC(424) Tenured: 675247K(2796224K)->1645517K(2796224K)
[37.782s][info][gc,metaspace   ] GC(424) Metaspace: 753K(896K)->753K(896K) NonClass: 681K(768K)->681K(768K) Class: 72K(128K)->72K(128K)
[37.782s][info][gc             ] GC(424) Pause Young (Allocation Failure) 1751M->1742M(3959M) 84.893ms
[37.782s][info][gc,cpu         ] GC(424) User=0.02s Sys=0.00s Real=0.08s
[37.840s][info][gc,start       ] GC(425) Pause Young (Allocation Failure)
[37.840s][info][gc             ] GC(425) Pause Young (Allocation Failure) 2835M->2835M(3959M) 0.074ms
[37.840s][info][gc,cpu         ] GC(425) User=0.00s Sys=0.00s Real=0.00s
[37.840s][info][gc,start       ] GC(426) Pause Full (Allocation Failure)
[37.840s][info][gc,phases,start] GC(426) Phase 1: Mark live objects
[37.841s][info][gc,phases      ] GC(426) Phase 1: Mark live objects 0.864ms
[37.841s][info][gc,phases,start] GC(426) Phase 2: Compute new object addresses
[37.841s][info][gc,phases      ] GC(426) Phase 2: Compute new object addresses 0.316ms
[37.841s][info][gc,phases,start] GC(426) Phase 3: Adjust pointers
[37.842s][info][gc,phases      ] GC(426) Phase 3: Adjust pointers 0.413ms
[37.842s][info][gc,phases,start] GC(426) Phase 4: Move objects
[37.865s][info][gc,phases      ] GC(426) Phase 4: Move objects 23.410ms
[37.865s][info][gc,heap        ] GC(426) DefNew: 1257796K(1258304K)->0K(1258304K) Eden: 1118528K(1118528K)->0K(1118528K) From: 139268K(139776K)->0K(139776K)
[37.865s][info][gc,heap        ] GC(426) Tenured: 1645517K(2796224K)->334245K(2796224K)
[37.865s][info][gc,metaspace   ] GC(426) Metaspace: 753K(896K)->753K(896K) NonClass: 681K(768K)->681K(768K) Class: 72K(128K)->72K(128K)
[37.865s][info][gc             ] GC(426) Pause Full (Allocation Failure) 2835M->326M(3959M) 25.277ms
[37.865s][info][gc,cpu         ] GC(426) User=0.02s Sys=0.00s Real=0.03s
[37.907s][info][gc,start       ] GC(427) Pause Young (Allocation Failure)
[37.991s][info][gc,heap        ] GC(427) DefNew: 1118528K(1258304K)->139268K(1258304K) Eden: 1118528K(1118528K)->0K(1118528K) From: 0K(139776K)->139268K(139776K)
[37.991s][info][gc,heap        ] GC(427) Tenured: 334245K(2796224K)->1306562K(2796224K)
[37.991s][info][gc,metaspace   ] GC(427) Metaspace: 753K(896K)->753K(896K) NonClass: 681K(768K)->681K(768K) Class: 72K(128K)->72K(128K)
[37.991s][info][gc             ] GC(427) Pause Young (Allocation Failure) 1418M->1411M(3959M) 83.542ms
[37.991s][info][gc,cpu         ] GC(427) User=0.02s Sys=0.00s Real=0.08s
[38.034s][info][gc,start       ] GC(428) Pause Young (Allocation Failure)
[38.128s][info][gc,heap        ] GC(428) DefNew: 1257796K(1258304K)->139268K(1258304K) Eden: 1118528K(1118528K)->0K(1118528K) From: 139268K(139776K)->139268K(139776K)
[38.128s][info][gc,heap        ] GC(428) Tenured: 1306562K(2796224K)->2415076K(2796224K)
[38.128s][info][gc,metaspace   ] GC(428) Metaspace: 753K(896K)->753K(896K) NonClass: 681K(768K)->681K(768K) Class: 72K(128K)->72K(128K)
[38.128s][info][gc             ] GC(428) Pause Young (Allocation Failure) 2504M->2494M(3959M) 93.913ms
[38.128s][info][gc,cpu         ] GC(428) User=0.03s Sys=0.00s Real=0.09s
[38.181s][info][gc,start       ] GC(429) Pause Young (Allocation Failure)
[38.181s][info][gc             ] GC(429) Pause Young (Allocation Failure) 3586M->3586M(3959M) 0.072ms
[38.181s][info][gc,cpu         ] GC(429) User=0.00s Sys=0.00s Real=0.00s
[38.181s][info][gc,start       ] GC(430) Pause Full (Allocation Failure)
[38.181s][info][gc,phases,start] GC(430) Phase 1: Mark live objects
[38.182s][info][gc,phases      ] GC(430) Phase 1: Mark live objects 0.908ms
[38.182s][info][gc,phases,start] GC(430) Phase 2: Compute new object addresses
[38.182s][info][gc,phases      ] GC(430) Phase 2: Compute new object addresses 0.385ms
[38.182s][info][gc,phases,start] GC(430) Phase 3: Adjust pointers
[38.182s][info][gc,phases      ] GC(430) Phase 3: Adjust pointers 0.445ms
[38.183s][info][gc,phases,start] GC(430) Phase 4: Move objects
[38.252s][info][gc,phases      ] GC(430) Phase 4: Move objects 69.202ms
[38.252s][info][gc,heap        ] GC(430) DefNew: 1257796K(1258304K)->0K(1258304K) Eden: 1118528K(1118528K)->0K(1118528K) From: 139268K(139776K)->0K(139776K)
[38.252s][info][gc,heap        ] GC(430) Tenured: 2415076K(2796224K)->1103292K(2796224K)
[38.252s][info][gc,metaspace   ] GC(430) Metaspace: 753K(896K)->753K(896K) NonClass: 681K(768K)->681K(768K) Class: 72K(128K)->72K(128K)
[38.252s][info][gc             ] GC(430) Pause Full (Allocation Failure) 3586M->1077M(3959M) 71.276ms
[38.252s][info][gc,cpu         ] GC(430) User=0.08s Sys=0.00s Real=0.07s
[38.294s][info][gc,start       ] GC(431) Pause Young (Allocation Failure)
[38.376s][info][gc,heap        ] GC(431) DefNew: 1118528K(1258304K)->139268K(1258304K) Eden: 1118528K(1118528K)->0K(1118528K) From: 0K(139776K)->139268K(139776K)
[38.376s][info][gc,heap        ] GC(431) Tenured: 1103292K(2796224K)->2075098K(2796224K)
[38.376s][info][gc,metaspace   ] GC(431) Metaspace: 753K(896K)->753K(896K) NonClass: 681K(768K)->681K(768K) Class: 72K(128K)->72K(128K)
[38.376s][info][gc             ] GC(431) Pause Young (Allocation Failure) 2169M->2162M(3959M) 81.862ms
[38.376s][info][gc,cpu         ] GC(431) User=0.03s Sys=0.00s Real=0.08s
[38.431s][info][gc,start       ] GC(432) Pause Young (Allocation Failure)
[38.431s][info][gc             ] GC(432) Pause Young (Allocation Failure) 3254M->3254M(3959M) 0.067ms
[38.431s][info][gc,cpu         ] GC(432) User=0.00s Sys=0.00s Real=0.00s
[38.431s][info][gc,start       ] GC(433) Pause Full (Allocation Failure)
[38.431s][info][gc,phases,start] GC(433) Phase 1: Mark live objects
[38.432s][info][gc,phases      ] GC(433) Phase 1: Mark live objects 0.822ms
[38.432s][info][gc,phases,start] GC(433) Phase 2: Compute new object addresses
[38.432s][info][gc,phases      ] GC(433) Phase 2: Compute new object addresses 0.370ms
[38.432s][info][gc,phases,start] GC(433) Phase 3: Adjust pointers
[38.433s][info][gc,phases      ] GC(433) Phase 3: Adjust pointers 0.453ms
[38.433s][info][gc,phases,start] GC(433) Phase 4: Move objects
[38.487s][info][gc,phases      ] GC(433) Phase 4: Move objects 53.774ms
[38.487s][info][gc,heap        ] GC(433) DefNew: 1257796K(1258304K)->0K(1258304K) Eden: 1118528K(1118528K)->0K(1118528K) From: 139268K(139776K)->0K(139776K)
[38.487s][info][gc,heap        ] GC(433) Tenured: 2075098K(2796224K)->762802K(2796224K)
[38.487s][info][gc,metaspace   ] GC(433) Metaspace: 753K(896K)->753K(896K) NonClass: 681K(768K)->681K(768K) Class: 72K(128K)->72K(128K)
[38.487s][info][gc             ] GC(433) Pause Full (Allocation Failure) 3254M->744M(3959M) 55.710ms
[38.487s][info][gc,cpu         ] GC(433) User=0.06s Sys=0.00s Real=0.06s
[38.527s][info][gc,start       ] GC(434) Pause Young (Allocation Failure)
[38.607s][info][gc,heap        ] GC(434) DefNew: 1118528K(1258304K)->139268K(1258304K) Eden: 1118528K(1118528K)->0K(1118528K) From: 0K(139776K)->139268K(139776K)
[38.607s][info][gc,heap        ] GC(434) Tenured: 762802K(2796224K)->1733071K(2796224K)
[38.607s][info][gc,metaspace   ] GC(434) Metaspace: 753K(896K)->753K(896K) NonClass: 681K(768K)->681K(768K) Class: 72K(128K)->72K(128K)
[38.607s][info][gc             ] GC(434) Pause Young (Allocation Failure) 1837M->1828M(3959M) 79.756ms
[38.607s][info][gc,cpu         ] GC(434) User=0.03s Sys=0.00s Real=0.08s
[38.668s][info][gc,start       ] GC(435) Pause Young (Allocation Failure)
[38.668s][info][gc             ] GC(435) Pause Young (Allocation Failure) 2920M->2920M(3959M) 0.089ms
[38.668s][info][gc,cpu         ] GC(435) User=0.00s Sys=0.00s Real=0.00s
[38.668s][info][gc,start       ] GC(436) Pause Full (Allocation Failure)
[38.668s][info][gc,phases,start] GC(436) Phase 1: Mark live objects
[38.669s][info][gc,phases      ] GC(436) Phase 1: Mark live objects 0.906ms
[38.669s][info][gc,phases,start] GC(436) Phase 2: Compute new object addresses
[38.670s][info][gc,phases      ] GC(436) Phase 2: Compute new object addresses 0.365ms
[38.670s][info][gc,phases,start] GC(436) Phase 3: Adjust pointers
[38.670s][info][gc,phases      ] GC(436) Phase 3: Adjust pointers 0.422ms
[38.670s][info][gc,phases,start] GC(436) Phase 4: Move objects
[38.701s][info][gc,phases      ] GC(436) Phase 4: Move objects 30.663ms
[38.701s][info][gc,heap        ] GC(436) DefNew: 1257796K(1258304K)->0K(1258304K) Eden: 1118528K(1118528K)->0K(1118528K) From: 139268K(139776K)->0K(139776K)
[38.701s][info][gc,heap        ] GC(436) Tenured: 1733071K(2796224K)->421799K(2796224K)
[38.701s][info][gc,metaspace   ] GC(436) Metaspace: 753K(896K)->753K(896K) NonClass: 681K(768K)->681K(768K) Class: 72K(128K)->72K(128K)
[38.701s][info][gc             ] GC(436) Pause Full (Allocation Failure) 2920M->411M(3959M) 32.629ms
[38.701s][info][gc,cpu         ] GC(436) User=0.03s Sys=0.00s Real=0.03s
[38.741s][info][gc,start       ] GC(437) Pause Young (Allocation Failure)
[38.822s][info][gc,heap        ] GC(437) DefNew: 1118528K(1258304K)->139268K(1258304K) Eden: 1118528K(1118528K)->0K(1118528K) From: 0K(139776K)->139268K(139776K)
[38.822s][info][gc,heap        ] GC(437) Tenured: 421799K(2796224K)->1392069K(2796224K)
[38.822s][info][gc,metaspace   ] GC(437) Metaspace: 753K(896K)->753K(896K) NonClass: 681K(768K)->681K(768K) Class: 72K(128K)->72K(128K)
[38.822s][info][gc             ] GC(437) Pause Young (Allocation Failure) 1504M->1495M(3959M) 80.457ms
[38.822s][info][gc,cpu         ] GC(437) User=0.06s Sys=0.00s Real=0.08s
[38.888s][info][gc,start       ] GC(438) Pause Young (Allocation Failure)
[38.894s][info][gc,heap        ] GC(438) DefNew: 1257796K(1258304K)->79874K(1258304K) Eden: 1118528K(1118528K)->0K(1118528K) From: 139268K(139776K)->79874K(139776K)
[38.894s][info][gc,heap        ] GC(438) Tenured: 1392069K(2796224K)->1392069K(2796224K)
[38.894s][info][gc,metaspace   ] GC(438) Metaspace: 753K(896K)->753K(896K) NonClass: 681K(768K)->681K(768K) Class: 72K(128K)->72K(128K)
[38.894s][info][gc             ] GC(438) Pause Young (Allocation Failure) 2587M->1437M(3959M) 5.884ms
[38.894s][info][gc,cpu         ] GC(438) User=0.00s Sys=0.00s Real=0.01s
[38.934s][info][gc,start       ] GC(439) Pause Young (Allocation Failure)
[39.023s][info][gc,heap        ] GC(439) DefNew: 1198402K(1258304K)->139268K(1258304K) Eden: 1118528K(1118528K)->0K(1118528K) From: 79874K(139776K)->139268K(139776K)
[39.023s][info][gc,heap        ] GC(439) Tenured: 1392069K(2796224K)->2442213K(2796224K)
[39.023s][info][gc,metaspace   ] GC(439) Metaspace: 753K(896K)->753K(896K) NonClass: 681K(768K)->681K(768K) Class: 72K(128K)->72K(128K)
[39.023s][info][gc             ] GC(439) Pause Young (Allocation Failure) 2529M->2520M(3959M) 88.440ms
[39.023s][info][gc,cpu         ] GC(439) User=0.08s Sys=0.00s Real=0.09s
[39.063s][info][gc,start       ] GC(440) Pause Young (Allocation Failure)
[39.063s][info][gc             ] GC(440) Pause Young (Allocation Failure) 3613M->3613M(3959M) 0.073ms
[39.063s][info][gc,cpu         ] GC(440) User=0.00s Sys=0.00s Real=0.00s
[39.063s][info][gc,start       ] GC(441) Pause Full (Allocation Failure)
[39.063s][info][gc,phases,start] GC(441) Phase 1: Mark live objects
[39.064s][info][gc,phases      ] GC(441) Phase 1: Mark live objects 1.014ms
[39.064s][info][gc,phases,start] GC(441) Phase 2: Compute new object addresses
[39.064s][info][gc,phases      ] GC(441) Phase 2: Compute new object addresses 0.419ms
[39.065s][info][gc,phases,start] GC(441) Phase 3: Adjust pointers
[39.065s][info][gc,phases      ] GC(441) Phase 3: Adjust pointers 0.435ms
[39.065s][info][gc,phases,start] GC(441) Phase 4: Move objects
[39.233s][info][gc,phases      ] GC(441) Phase 4: Move objects 167.995ms
[39.233s][info][gc,heap        ] GC(441) DefNew: 1257796K(1258304K)->0K(1258304K) Eden: 1118528K(1118528K)->0K(1118528K) From: 139268K(139776K)->0K(139776K)
[39.233s][info][gc,heap        ] GC(441) Tenured: 2442213K(2796224K)->2301921K(2796224K)
[39.233s][info][gc,metaspace   ] GC(441) Metaspace: 753K(896K)->753K(896K) NonClass: 681K(768K)->681K(768K) Class: 72K(128K)->72K(128K)
[39.233s][info][gc             ] GC(441) Pause Full (Allocation Failure) 3613M->2247M(3959M) 170.197ms
[39.233s][info][gc,cpu         ] GC(441) User=0.12s Sys=0.00s Real=0.17s
[39.289s][info][gc,start       ] GC(442) Pause Young (Allocation Failure)
[39.289s][info][gc             ] GC(442) Pause Young (Allocation Failure) 3340M->3340M(3959M) 0.060ms
[39.289s][info][gc,cpu         ] GC(442) User=0.00s Sys=0.00s Real=0.00s
[39.289s][info][gc,start       ] GC(443) Pause Full (Allocation Failure)
[39.289s][info][gc,phases,start] GC(443) Phase 1: Mark live objects
[39.290s][info][gc,phases      ] GC(443) Phase 1: Mark live objects 0.811ms
[39.290s][info][gc,phases,start] GC(443) Phase 2: Compute new object addresses
[39.290s][info][gc,phases      ] GC(443) Phase 2: Compute new object addresses 0.374ms
[39.290s][info][gc,phases,start] GC(443) Phase 3: Adjust pointers
[39.291s][info][gc,phases      ] GC(443) Phase 3: Adjust pointers 0.401ms
[39.291s][info][gc,phases,start] GC(443) Phase 4: Move objects
[39.356s][info][gc,phases      ] GC(443) Phase 4: Move objects 65.371ms
[39.356s][info][gc,heap        ] GC(443) DefNew: 1118528K(1258304K)->0K(1258304K) Eden: 1118528K(1118528K)->0K(1118528K) From: 0K(139776K)->0K(139776K)
[39.356s][info][gc,heap        ] GC(443) Tenured: 2301921K(2796224K)->850356K(2796224K)
[39.356s][info][gc,metaspace   ] GC(443) Metaspace: 753K(896K)->753K(896K) NonClass: 681K(768K)->681K(768K) Class: 72K(128K)->72K(128K)
[39.356s][info][gc             ] GC(443) Pause Full (Allocation Failure) 3340M->830M(3959M) 67.323ms
[39.356s][info][gc,cpu         ] GC(443) User=0.06s Sys=0.00s Real=0.07s
[39.412s][info][gc,start       ] GC(444) Pause Young (Allocation Failure)
[39.503s][info][gc,heap        ] GC(444) DefNew: 1118528K(1258304K)->139268K(1258304K) Eden: 1118528K(1118528K)->0K(1118528K) From: 0K(139776K)->139268K(139776K)
[39.503s][info][gc,heap        ] GC(444) Tenured: 850356K(2796224K)->1820114K(2796224K)
[39.503s][info][gc,metaspace   ] GC(444) Metaspace: 753K(896K)->753K(896K) NonClass: 681K(768K)->681K(768K) Class: 72K(128K)->72K(128K)
[39.503s][info][gc             ] GC(444) Pause Young (Allocation Failure) 1922M->1913M(3959M) 90.802ms
[39.503s][info][gc,cpu         ] GC(444) User=0.00s Sys=0.00s Real=0.09s
[39.589s][info][gc,start       ] GC(445) Pause Young (Allocation Failure)
[39.589s][info][gc             ] GC(445) Pause Young (Allocation Failure) 3005M->3005M(3959M) 0.197ms
[39.589s][info][gc,cpu         ] GC(445) User=0.00s Sys=0.00s Real=0.00s
[39.589s][info][gc,start       ] GC(446) Pause Full (Allocation Failure)
[39.589s][info][gc,phases,start] GC(446) Phase 1: Mark live objects
[39.590s][info][gc,phases      ] GC(446) Phase 1: Mark live objects 1.202ms
[39.590s][info][gc,phases,start] GC(446) Phase 2: Compute new object addresses
[39.591s][info][gc,phases      ] GC(446) Phase 2: Compute new object addresses 0.478ms
[39.591s][info][gc,phases,start] GC(446) Phase 3: Adjust pointers
[39.591s][info][gc,phases      ] GC(446) Phase 3: Adjust pointers 0.492ms
[39.591s][info][gc,phases,start] GC(446) Phase 4: Move objects
[39.635s][info][gc,phases      ] GC(446) Phase 4: Move objects 43.956ms
[39.636s][info][gc,heap        ] GC(446) DefNew: 1257796K(1258304K)->0K(1258304K) Eden: 1118528K(1118528K)->0K(1118528K) From: 139268K(139776K)->0K(139776K)
[39.636s][info][gc,heap        ] GC(446) Tenured: 1820114K(2796224K)->510378K(2796224K)
[39.636s][info][gc,metaspace   ] GC(446) Metaspace: 753K(896K)->753K(896K) NonClass: 681K(768K)->681K(768K) Class: 72K(128K)->72K(128K)
[39.636s][info][gc             ] GC(446) Pause Full (Allocation Failure) 3005M->498M(3959M) 46.471ms
[39.636s][info][gc,cpu         ] GC(446) User=0.00s Sys=0.00s Real=0.05s
[39.685s][info][gc,start       ] GC(447) Pause Young (Allocation Failure)
[39.778s][info][gc,heap        ] GC(447) DefNew: 1118528K(1258304K)->139268K(1258304K) Eden: 1118528K(1118528K)->0K(1118528K) From: 0K(139776K)->139268K(139776K)
[39.778s][info][gc,heap        ] GC(447) Tenured: 510378K(2796224K)->1479624K(2796224K)
[39.778s][info][gc,metaspace   ] GC(447) Metaspace: 753K(896K)->753K(896K) NonClass: 681K(768K)->681K(768K) Class: 72K(128K)->72K(128K)
[39.778s][info][gc             ] GC(447) Pause Young (Allocation Failure) 1590M->1580M(3959M) 92.941ms
[39.778s][info][gc,cpu         ] GC(447) User=0.00s Sys=0.00s Real=0.09s
[39.839s][info][gc,start       ] GC(448) Pause Young (Allocation Failure)
[39.851s][info][gc,heap        ] GC(448) DefNew: 1257796K(1258304K)->139268K(1258304K) Eden: 1118528K(1118528K)->0K(1118528K) From: 139268K(139776K)->139268K(139776K)
[39.851s][info][gc,heap        ] GC(448) Tenured: 1479624K(2796224K)->1507784K(2796224K)
[39.851s][info][gc,metaspace   ] GC(448) Metaspace: 753K(896K)->753K(896K) NonClass: 681K(768K)->681K(768K) Class: 72K(128K)->72K(128K)
[39.851s][info][gc             ] GC(448) Pause Young (Allocation Failure) 2673M->1608M(3959M) 12.101ms
[39.851s][info][gc,cpu         ] GC(448) User=0.00s Sys=0.00s Real=0.01s
[39.893s][info][gc,start       ] GC(449) Pause Young (Allocation Failure)
[39.988s][info][gc,heap        ] GC(449) DefNew: 1257796K(1258304K)->139268K(1258304K) Eden: 1118528K(1118528K)->0K(1118528K) From: 139268K(139776K)->139268K(139776K)
[39.988s][info][gc,heap        ] GC(449) Tenured: 1507784K(2796224K)->2617322K(2796224K)
[39.988s][info][gc,metaspace   ] GC(449) Metaspace: 753K(896K)->753K(896K) NonClass: 681K(768K)->681K(768K) Class: 72K(128K)->72K(128K)
[39.989s][info][gc             ] GC(449) Pause Young (Allocation Failure) 2700M->2691M(3959M) 95.373ms
[39.989s][info][gc,cpu         ] GC(449) User=0.03s Sys=0.00s Real=0.09s
[40.033s][info][gc,start       ] GC(450) Pause Young (Allocation Failure)
[40.034s][info][gc             ] GC(450) Pause Young (Allocation Failure) 3784M->3784M(3959M) 0.065ms
[40.034s][info][gc,cpu         ] GC(450) User=0.00s Sys=0.00s Real=0.00s
[40.034s][info][gc,start       ] GC(451) Pause Full (Allocation Failure)
[40.034s][info][gc,phases,start] GC(451) Phase 1: Mark live objects
[40.035s][info][gc,phases      ] GC(451) Phase 1: Mark live objects 1.201ms
[40.035s][info][gc,phases,start] GC(451) Phase 2: Compute new object addresses
[40.035s][info][gc,phases      ] GC(451) Phase 2: Compute new object addresses 0.460ms
[40.035s][info][gc,phases,start] GC(451) Phase 3: Adjust pointers
[40.036s][info][gc,phases      ] GC(451) Phase 3: Adjust pointers 0.602ms
[40.036s][info][gc,phases,start] GC(451) Phase 4: Move objects
[40.208s][info][gc,phases      ] GC(451) Phase 4: Move objects 172.046ms
[40.208s][info][gc,heap        ] GC(451) DefNew: 1257796K(1258304K)->0K(1258304K) Eden: 1118528K(1118528K)->0K(1118528K) From: 139268K(139776K)->0K(139776K)
[40.208s][info][gc,heap        ] GC(451) Tenured: 2617322K(2796224K)->2387427K(2796224K)
[40.208s][info][gc,metaspace   ] GC(451) Metaspace: 753K(896K)->753K(896K) NonClass: 681K(768K)->681K(768K) Class: 72K(128K)->72K(128K)
[40.208s][info][gc             ] GC(451) Pause Full (Allocation Failure) 3784M->2331M(3959M) 174.744ms
[40.208s][info][gc,cpu         ] GC(451) User=0.00s Sys=0.00s Real=0.18s
[40.273s][info][gc,start       ] GC(452) Pause Young (Allocation Failure)
[40.273s][info][gc             ] GC(452) Pause Young (Allocation Failure) 3423M->3423M(3959M) 0.065ms
[40.273s][info][gc,cpu         ] GC(452) User=0.00s Sys=0.00s Real=0.00s
[40.273s][info][gc,start       ] GC(453) Pause Full (Allocation Failure)
[40.273s][info][gc,phases,start] GC(453) Phase 1: Mark live objects
[40.274s][info][gc,phases      ] GC(453) Phase 1: Mark live objects 0.921ms
[40.274s][info][gc,phases,start] GC(453) Phase 2: Compute new object addresses
[40.275s][info][gc,phases      ] GC(453) Phase 2: Compute new object addresses 0.378ms
[40.275s][info][gc,phases,start] GC(453) Phase 3: Adjust pointers
[40.275s][info][gc,phases      ] GC(453) Phase 3: Adjust pointers 0.440ms
[40.275s][info][gc,phases,start] GC(453) Phase 4: Move objects
[40.344s][info][gc,phases      ] GC(453) Phase 4: Move objects 69.002ms
[40.344s][info][gc,heap        ] GC(453) DefNew: 1118528K(1258304K)->0K(1258304K) Eden: 1118528K(1118528K)->0K(1118528K) From: 0K(139776K)->0K(139776K)
[40.344s][info][gc,heap        ] GC(453) Tenured: 2387427K(2796224K)->936887K(2796224K)
[40.344s][info][gc,metaspace   ] GC(453) Metaspace: 753K(896K)->753K(896K) NonClass: 681K(768K)->681K(768K) Class: 72K(128K)->72K(128K)
[40.344s][info][gc             ] GC(453) Pause Full (Allocation Failure) 3423M->914M(3959M) 71.081ms
[40.344s][info][gc,cpu         ] GC(453) User=0.03s Sys=0.00s Real=0.07s
[40.388s][info][gc,start       ] GC(454) Pause Young (Allocation Failure)
[40.474s][info][gc,heap        ] GC(454) DefNew: 1118528K(1258304K)->139268K(1258304K) Eden: 1118528K(1118528K)->0K(1118528K) From: 0K(139776K)->139268K(139776K)
[40.474s][info][gc,heap        ] GC(454) Tenured: 936887K(2796224K)->1907157K(2796224K)
[40.474s][info][gc,metaspace   ] GC(454) Metaspace: 753K(896K)->753K(896K) NonClass: 681K(768K)->681K(768K) Class: 72K(128K)->72K(128K)
[40.474s][info][gc             ] GC(454) Pause Young (Allocation Failure) 2007M->1998M(3959M) 85.938ms
[40.474s][info][gc,cpu         ] GC(454) User=0.02s Sys=0.00s Real=0.09s
[40.538s][info][gc,start       ] GC(455) Pause Young (Allocation Failure)
[40.538s][info][gc             ] GC(455) Pause Young (Allocation Failure) 3090M->3090M(3959M) 0.065ms
[40.538s][info][gc,cpu         ] GC(455) User=0.00s Sys=0.00s Real=0.00s
[40.538s][info][gc,start       ] GC(456) Pause Full (Allocation Failure)
[40.538s][info][gc,phases,start] GC(456) Phase 1: Mark live objects
[40.539s][info][gc,phases      ] GC(456) Phase 1: Mark live objects 0.814ms
[40.539s][info][gc,phases,start] GC(456) Phase 2: Compute new object addresses
[40.539s][info][gc,phases      ] GC(456) Phase 2: Compute new object addresses 0.381ms
[40.540s][info][gc,phases,start] GC(456) Phase 3: Adjust pointers
[40.540s][info][gc,phases      ] GC(456) Phase 3: Adjust pointers 0.407ms
[40.540s][info][gc,phases,start] GC(456) Phase 4: Move objects
[40.595s][info][gc,phases      ] GC(456) Phase 4: Move objects 55.535ms
[40.596s][info][gc,heap        ] GC(456) DefNew: 1257796K(1258304K)->0K(1258304K) Eden: 1118528K(1118528K)->0K(1118528K) From: 139268K(139776K)->0K(139776K)
[40.596s][info][gc,heap        ] GC(456) Tenured: 1907157K(2796224K)->597933K(2796224K)
[40.596s][info][gc,metaspace   ] GC(456) Metaspace: 753K(896K)->753K(896K) NonClass: 681K(768K)->681K(768K) Class: 72K(128K)->72K(128K)
[40.596s][info][gc             ] GC(456) Pause Full (Allocation Failure) 3090M->583M(3959M) 57.536ms
[40.596s][info][gc,cpu         ] GC(456) User=0.00s Sys=0.00s Real=0.06s
[40.651s][info][gc,start       ] GC(457) Pause Young (Allocation Failure)
[40.742s][info][gc,heap        ] GC(457) DefNew: 1118528K(1258304K)->139268K(1258304K) Eden: 1118528K(1118528K)->0K(1118528K) From: 0K(139776K)->139268K(139776K)
[40.742s][info][gc,heap        ] GC(457) Tenured: 597933K(2796224K)->1567178K(2796224K)
[40.742s][info][gc,metaspace   ] GC(457) Metaspace: 753K(896K)->753K(896K) NonClass: 681K(768K)->681K(768K) Class: 72K(128K)->72K(128K)
[40.742s][info][gc             ] GC(457) Pause Young (Allocation Failure) 1676M->1666M(3959M) 90.691ms
[40.742s][info][gc,cpu         ] GC(457) User=0.00s Sys=0.00s Real=0.09s
[40.808s][info][gc,start       ] GC(458) Pause Young (Allocation Failure)
[40.808s][info][gc             ] GC(458) Pause Young (Allocation Failure) 2758M->2758M(3959M) 0.065ms
[40.808s][info][gc,cpu         ] GC(458) User=0.00s Sys=0.00s Real=0.00s
[40.808s][info][gc,start       ] GC(459) Pause Full (Allocation Failure)
[40.808s][info][gc,phases,start] GC(459) Phase 1: Mark live objects
[40.809s][info][gc,phases      ] GC(459) Phase 1: Mark live objects 0.892ms
[40.809s][info][gc,phases,start] GC(459) Phase 2: Compute new object addresses
[40.809s][info][gc,phases      ] GC(459) Phase 2: Compute new object addresses 0.268ms
[40.809s][info][gc,phases,start] GC(459) Phase 3: Adjust pointers
[40.810s][info][gc,phases      ] GC(459) Phase 3: Adjust pointers 0.289ms
[40.810s][info][gc,phases,start] GC(459) Phase 4: Move objects
[40.828s][info][gc,phases      ] GC(459) Phase 4: Move objects 18.536ms
[40.829s][info][gc,heap        ] GC(459) DefNew: 1257796K(1258304K)->0K(1258304K) Eden: 1118528K(1118528K)->0K(1118528K) From: 139268K(139776K)->0K(139776K)
[40.829s][info][gc,heap        ] GC(459) Tenured: 1567178K(2796224K)->255394K(2796224K)
[40.829s][info][gc,metaspace   ] GC(459) Metaspace: 753K(896K)->753K(896K) NonClass: 681K(768K)->681K(768K) Class: 72K(128K)->72K(128K)
[40.829s][info][gc             ] GC(459) Pause Full (Allocation Failure) 2758M->249M(3959M) 20.273ms
[40.829s][info][gc,cpu         ] GC(459) User=0.00s Sys=0.00s Real=0.02s
[40.877s][info][gc,start       ] GC(460) Pause Young (Allocation Failure)
[40.968s][info][gc,heap        ] GC(460) DefNew: 1118528K(1258304K)->139268K(1258304K) Eden: 1118528K(1118528K)->0K(1118528K) From: 0K(139776K)->139268K(139776K)
[40.968s][info][gc,heap        ] GC(460) Tenured: 255394K(2796224K)->1227200K(2796224K)
[40.968s][info][gc,metaspace   ] GC(460) Metaspace: 753K(896K)->753K(896K) NonClass: 681K(768K)->681K(768K) Class: 72K(128K)->72K(128K)
[40.968s][info][gc             ] GC(460) Pause Young (Allocation Failure) 1341M->1334M(3959M) 90.903ms
[40.968s][info][gc,cpu         ] GC(460) User=0.02s Sys=0.00s Real=0.09s
[41.014s][info][gc,start       ] GC(461) Pause Young (Allocation Failure)
[41.113s][info][gc,heap        ] GC(461) DefNew: 1257796K(1258304K)->139268K(1258304K) Eden: 1118528K(1118528K)->0K(1118528K) From: 139268K(139776K)->139268K(139776K)
[41.113s][info][gc,heap        ] GC(461) Tenured: 1227200K(2796224K)->2335714K(2796224K)
[41.113s][info][gc,metaspace   ] GC(461) Metaspace: 753K(896K)->753K(896K) NonClass: 681K(768K)->681K(768K) Class: 72K(128K)->72K(128K)
[41.113s][info][gc             ] GC(461) Pause Young (Allocation Failure) 2426M->2416M(3959M) 99.034ms
[41.113s][info][gc,cpu         ] GC(461) User=0.03s Sys=0.00s Real=0.10s
[41.179s][info][gc,start       ] GC(462) Pause Young (Allocation Failure)
[41.179s][info][gc             ] GC(462) Pause Young (Allocation Failure) 3509M->3509M(3959M) 0.074ms
[41.179s][info][gc,cpu         ] GC(462) User=0.00s Sys=0.00s Real=0.00s
[41.179s][info][gc,start       ] GC(463) Pause Full (Allocation Failure)
[41.179s][info][gc,phases,start] GC(463) Phase 1: Mark live objects
[41.180s][info][gc,phases      ] GC(463) Phase 1: Mark live objects 1.073ms
[41.180s][info][gc,phases,start] GC(463) Phase 2: Compute new object addresses
[41.181s][info][gc,phases      ] GC(463) Phase 2: Compute new object addresses 0.447ms
[41.181s][info][gc,phases,start] GC(463) Phase 3: Adjust pointers
[41.181s][info][gc,phases      ] GC(463) Phase 3: Adjust pointers 0.537ms
[41.181s][info][gc,phases,start] GC(463) Phase 4: Move objects
[41.260s][info][gc,phases      ] GC(463) Phase 4: Move objects 78.506ms
[41.260s][info][gc,heap        ] GC(463) DefNew: 1257796K(1258304K)->0K(1258304K) Eden: 1118528K(1118528K)->0K(1118528K) From: 139268K(139776K)->0K(139776K)
[41.260s][info][gc,heap        ] GC(463) Tenured: 2335714K(2796224K)->1024442K(2796224K)
[41.260s][info][gc,metaspace   ] GC(463) Metaspace: 753K(896K)->753K(896K) NonClass: 681K(768K)->681K(768K) Class: 72K(128K)->72K(128K)
[41.260s][info][gc             ] GC(463) Pause Full (Allocation Failure) 3509M->1000M(3959M) 80.923ms
[41.260s][info][gc,cpu         ] GC(463) User=0.06s Sys=0.00s Real=0.08s
[41.307s][info][gc,start       ] GC(464) Pause Young (Allocation Failure)
[41.399s][info][gc,heap        ] GC(464) DefNew: 1118528K(1258304K)->139268K(1258304K) Eden: 1118528K(1118528K)->0K(1118528K) From: 0K(139776K)->139268K(139776K)
[41.399s][info][gc,heap        ] GC(464) Tenured: 1024442K(2796224K)->1994711K(2796224K)
[41.399s][info][gc,metaspace   ] GC(464) Metaspace: 753K(896K)->753K(896K) NonClass: 681K(768K)->681K(768K) Class: 72K(128K)->72K(128K)
[41.399s][info][gc             ] GC(464) Pause Young (Allocation Failure) 2092M->2083M(3959M) 92.476ms
[41.399s][info][gc,cpu         ] GC(464) User=0.00s Sys=0.00s Real=0.09s
[41.467s][info][gc,start       ] GC(465) Pause Young (Allocation Failure)
[41.467s][info][gc             ] GC(465) Pause Young (Allocation Failure) 3176M->3176M(3959M) 0.082ms
[41.467s][info][gc,cpu         ] GC(465) User=0.00s Sys=0.00s Real=0.00s
[41.468s][info][gc,start       ] GC(466) Pause Full (Allocation Failure)
[41.468s][info][gc,phases,start] GC(466) Phase 1: Mark live objects
[41.469s][info][gc,phases      ] GC(466) Phase 1: Mark live objects 1.158ms
[41.469s][info][gc,phases,start] GC(466) Phase 2: Compute new object addresses
[41.469s][info][gc,phases      ] GC(466) Phase 2: Compute new object addresses 0.373ms
[41.469s][info][gc,phases,start] GC(466) Phase 3: Adjust pointers
[41.470s][info][gc,phases      ] GC(466) Phase 3: Adjust pointers 0.409ms
[41.470s][info][gc,phases,start] GC(466) Phase 4: Move objects
[41.526s][info][gc,phases      ] GC(466) Phase 4: Move objects 56.812ms
[41.527s][info][gc,heap        ] GC(466) DefNew: 1257796K(1258304K)->0K(1258304K) Eden: 1118528K(1118528K)->0K(1118528K) From: 139268K(139776K)->0K(139776K)
[41.527s][info][gc,heap        ] GC(466) Tenured: 1994711K(2796224K)->683439K(2796224K)
[41.527s][info][gc,metaspace   ] GC(466) Metaspace: 753K(896K)->753K(896K) NonClass: 681K(768K)->681K(768K) Class: 72K(128K)->72K(128K)
[41.527s][info][gc             ] GC(466) Pause Full (Allocation Failure) 3176M->667M(3959M) 59.131ms
[41.527s][info][gc,cpu         ] GC(466) User=0.00s Sys=0.00s Real=0.06s
[41.573s][info][gc,start       ] GC(467) Pause Young (Allocation Failure)
[41.666s][info][gc,heap        ] GC(467) DefNew: 1118528K(1258304K)->139268K(1258304K) Eden: 1118528K(1118528K)->0K(1118528K) From: 0K(139776K)->139268K(139776K)
[41.666s][info][gc,heap        ] GC(467) Tenured: 683439K(2796224K)->1653709K(2796224K)
[41.666s][info][gc,metaspace   ] GC(467) Metaspace: 753K(896K)->753K(896K) NonClass: 681K(768K)->681K(768K) Class: 72K(128K)->72K(128K)
[41.666s][info][gc             ] GC(467) Pause Young (Allocation Failure) 1759M->1750M(3959M) 93.099ms
[41.666s][info][gc,cpu         ] GC(467) User=0.00s Sys=0.00s Real=0.09s
[41.727s][info][gc,start       ] GC(468) Pause Young (Allocation Failure)
[41.727s][info][gc             ] GC(468) Pause Young (Allocation Failure) 2843M->2843M(3959M) 0.096ms
[41.727s][info][gc,cpu         ] GC(468) User=0.00s Sys=0.00s Real=0.00s
[41.727s][info][gc,start       ] GC(469) Pause Full (Allocation Failure)
[41.727s][info][gc,phases,start] GC(469) Phase 1: Mark live objects
[41.728s][info][gc,phases      ] GC(469) Phase 1: Mark live objects 1.078ms
[41.728s][info][gc,phases,start] GC(469) Phase 2: Compute new object addresses
[41.728s][info][gc,phases      ] GC(469) Phase 2: Compute new object addresses 0.457ms
[41.728s][info][gc,phases,start] GC(469) Phase 3: Adjust pointers
[41.729s][info][gc,phases      ] GC(469) Phase 3: Adjust pointers 0.483ms
[41.729s][info][gc,phases,start] GC(469) Phase 4: Move objects
[41.757s][info][gc,phases      ] GC(469) Phase 4: Move objects 28.256ms
[41.757s][info][gc,heap        ] GC(469) DefNew: 1257796K(1258304K)->0K(1258304K) Eden: 1118528K(1118528K)->0K(1118528K) From: 139268K(139776K)->0K(139776K)
[41.757s][info][gc,heap        ] GC(469) Tenured: 1653709K(2796224K)->342437K(2796224K)
[41.757s][info][gc,metaspace   ] GC(469) Metaspace: 753K(896K)->753K(896K) NonClass: 681K(768K)->681K(768K) Class: 72K(128K)->72K(128K)
[41.757s][info][gc             ] GC(469) Pause Full (Allocation Failure) 2843M->334M(3959M) 30.648ms
[41.758s][info][gc,cpu         ] GC(469) User=0.00s Sys=0.02s Real=0.03s
[41.807s][info][gc,start       ] GC(470) Pause Young (Allocation Failure)
[41.908s][info][gc,heap        ] GC(470) DefNew: 1118528K(1258304K)->139268K(1258304K) Eden: 1118528K(1118528K)->0K(1118528K) From: 0K(139776K)->139268K(139776K)
[41.908s][info][gc,heap        ] GC(470) Tenured: 342437K(2796224K)->1314755K(2796224K)
[41.908s][info][gc,metaspace   ] GC(470) Metaspace: 753K(896K)->753K(896K) NonClass: 681K(768K)->681K(768K) Class: 72K(128K)->72K(128K)
[41.908s][info][gc             ] GC(470) Pause Young (Allocation Failure) 1426M->1419M(3959M) 100.545ms
[41.908s][info][gc,cpu         ] GC(470) User=0.02s Sys=0.00s Real=0.10s
[41.992s][info][gc,start       ] GC(471) Pause Young (Allocation Failure)
[41.993s][info][gc,heap        ] GC(471) DefNew: 1257796K(1258304K)->1536K(1258304K) Eden: 1118528K(1118528K)->0K(1118528K) From: 139268K(139776K)->1536K(139776K)
[41.993s][info][gc,heap        ] GC(471) Tenured: 1314755K(2796224K)->1314755K(2796224K)
[41.993s][info][gc,metaspace   ] GC(471) Metaspace: 753K(896K)->753K(896K) NonClass: 681K(768K)->681K(768K) Class: 72K(128K)->72K(128K)
[41.993s][info][gc             ] GC(471) Pause Young (Allocation Failure) 2512M->1285M(3959M) 0.483ms
[41.993s][info][gc,cpu         ] GC(471) User=0.00s Sys=0.00s Real=0.00s
[42.041s][info][gc,start       ] GC(472) Pause Young (Allocation Failure)
[42.119s][info][gc,heap        ] GC(472) DefNew: 1120064K(1258304K)->139268K(1258304K) Eden: 1118528K(1118528K)->0K(1118528K) From: 1536K(139776K)->139268K(139776K)
[42.119s][info][gc,heap        ] GC(472) Tenured: 1314755K(2796224K)->2286048K(2796224K)
[42.119s][info][gc,metaspace   ] GC(472) Metaspace: 753K(896K)->753K(896K) NonClass: 681K(768K)->681K(768K) Class: 72K(128K)->72K(128K)
[42.119s][info][gc             ] GC(472) Pause Young (Allocation Failure) 2377M->2368M(3959M) 77.411ms
[42.119s][info][gc,cpu         ] GC(472) User=0.00s Sys=0.02s Real=0.08s
[42.166s][info][gc,start       ] GC(473) Pause Young (Allocation Failure)
[42.166s][info][gc             ] GC(473) Pause Young (Allocation Failure) 3460M->3460M(3959M) 0.070ms
[42.166s][info][gc,cpu         ] GC(473) User=0.00s Sys=0.00s Real=0.00s
[42.166s][info][gc,start       ] GC(474) Pause Full (Allocation Failure)
[42.166s][info][gc,phases,start] GC(474) Phase 1: Mark live objects
[42.168s][info][gc,phases      ] GC(474) Phase 1: Mark live objects 1.566ms
[42.168s][info][gc,phases,start] GC(474) Phase 2: Compute new object addresses
[42.168s][info][gc,phases      ] GC(474) Phase 2: Compute new object addresses 0.581ms
[42.168s][info][gc,phases,start] GC(474) Phase 3: Adjust pointers
[42.169s][info][gc,phases      ] GC(474) Phase 3: Adjust pointers 0.719ms
[42.169s][info][gc,phases,start] GC(474) Phase 4: Move objects
[42.343s][info][gc,phases      ] GC(474) Phase 4: Move objects 174.065ms
[42.343s][info][gc,heap        ] GC(474) DefNew: 1257796K(1258304K)->0K(1258304K) Eden: 1118528K(1118528K)->0K(1118528K) From: 139268K(139776K)->0K(139776K)
[42.343s][info][gc,heap        ] GC(474) Tenured: 2286048K(2796224K)->2222558K(2796224K)
[42.343s][info][gc,metaspace   ] GC(474) Metaspace: 753K(896K)->753K(896K) NonClass: 681K(768K)->681K(768K) Class: 72K(128K)->72K(128K)
[42.343s][info][gc             ] GC(474) Pause Full (Allocation Failure) 3460M->2170M(3959M) 177.287ms
[42.343s][info][gc,cpu         ] GC(474) User=0.02s Sys=0.00s Real=0.18s
[42.400s][info][gc,start       ] GC(475) Pause Young (Allocation Failure)
[42.400s][info][gc             ] GC(475) Pause Young (Allocation Failure) 3262M->3262M(3959M) 0.084ms
[42.400s][info][gc,cpu         ] GC(475) User=0.00s Sys=0.00s Real=0.00s
[42.400s][info][gc,start       ] GC(476) Pause Full (Allocation Failure)
[42.400s][info][gc,phases,start] GC(476) Phase 1: Mark live objects
[42.401s][info][gc,phases      ] GC(476) Phase 1: Mark live objects 1.317ms
[42.401s][info][gc,phases,start] GC(476) Phase 2: Compute new object addresses
[42.402s][info][gc,phases      ] GC(476) Phase 2: Compute new object addresses 0.539ms
[42.402s][info][gc,phases,start] GC(476) Phase 3: Adjust pointers
[42.402s][info][gc,phases      ] GC(476) Phase 3: Adjust pointers 0.654ms
[42.402s][info][gc,phases,start] GC(476) Phase 4: Move objects
[42.465s][info][gc,phases      ] GC(476) Phase 4: Move objects 62.106ms
[42.465s][info][gc,heap        ] GC(476) DefNew: 1118528K(1258304K)->0K(1258304K) Eden: 1118528K(1118528K)->0K(1118528K) From: 0K(139776K)->0K(139776K)
[42.465s][info][gc,heap        ] GC(476) Tenured: 2222558K(2796224K)->770994K(2796224K)
[42.465s][info][gc,metaspace   ] GC(476) Metaspace: 753K(896K)->753K(896K) NonClass: 681K(768K)->681K(768K) Class: 72K(128K)->72K(128K)
[42.465s][info][gc             ] GC(476) Pause Full (Allocation Failure) 3262M->752M(3959M) 65.132ms
[42.465s][info][gc,cpu         ] GC(476) User=0.02s Sys=0.00s Real=0.06s
[42.508s][info][gc,start       ] GC(477) Pause Young (Allocation Failure)
[42.591s][info][gc,heap        ] GC(477) DefNew: 1118528K(1258304K)->139268K(1258304K) Eden: 1118528K(1118528K)->0K(1118528K) From: 0K(139776K)->139268K(139776K)
[42.591s][info][gc,heap        ] GC(477) Tenured: 770994K(2796224K)->1741264K(2796224K)
[42.591s][info][gc,metaspace   ] GC(477) Metaspace: 753K(896K)->753K(896K) NonClass: 681K(768K)->681K(768K) Class: 72K(128K)->72K(128K)
[42.591s][info][gc             ] GC(477) Pause Young (Allocation Failure) 1845M->1836M(3959M) 83.105ms
[42.591s][info][gc,cpu         ] GC(477) User=0.03s Sys=0.00s Real=0.08s
[42.646s][info][gc,start       ] GC(478) Pause Young (Allocation Failure)
[42.646s][info][gc             ] GC(478) Pause Young (Allocation Failure) 2928M->2928M(3959M) 0.081ms
[42.646s][info][gc,cpu         ] GC(478) User=0.00s Sys=0.00s Real=0.00s
[42.646s][info][gc,start       ] GC(479) Pause Full (Allocation Failure)
[42.646s][info][gc,phases,start] GC(479) Phase 1: Mark live objects
[42.647s][info][gc,phases      ] GC(479) Phase 1: Mark live objects 0.798ms
[42.647s][info][gc,phases,start] GC(479) Phase 2: Compute new object addresses
[42.647s][info][gc,phases      ] GC(479) Phase 2: Compute new object addresses 0.321ms
[42.647s][info][gc,phases,start] GC(479) Phase 3: Adjust pointers
[42.648s][info][gc,phases      ] GC(479) Phase 3: Adjust pointers 0.376ms
[42.648s][info][gc,phases,start] GC(479) Phase 4: Move objects
[42.681s][info][gc,phases      ] GC(479) Phase 4: Move objects 33.710ms
[42.682s][info][gc,heap        ] GC(479) DefNew: 1257796K(1258304K)->0K(1258304K) Eden: 1118528K(1118528K)->0K(1118528K) From: 139268K(139776K)->0K(139776K)
[42.682s][info][gc,heap        ] GC(479) Tenured: 1741264K(2796224K)->429992K(2796224K)
[42.682s][info][gc,metaspace   ] GC(479) Metaspace: 753K(896K)->753K(896K) NonClass: 681K(768K)->681K(768K) Class: 72K(128K)->72K(128K)
[42.682s][info][gc             ] GC(479) Pause Full (Allocation Failure) 2928M->419M(3959M) 35.543ms
[42.682s][info][gc,cpu         ] GC(479) User=0.02s Sys=0.00s Real=0.03s
[42.723s][info][gc,start       ] GC(480) Pause Young (Allocation Failure)
[42.808s][info][gc,heap        ] GC(480) DefNew: 1118528K(1258304K)->139268K(1258304K) Eden: 1118528K(1118528K)->0K(1118528K) From: 0K(139776K)->139268K(139776K)
[42.808s][info][gc,heap        ] GC(480) Tenured: 429992K(2796224K)->1400261K(2796224K)
[42.808s][info][gc,metaspace   ] GC(480) Metaspace: 753K(896K)->753K(896K) NonClass: 681K(768K)->681K(768K) Class: 72K(128K)->72K(128K)
[42.808s][info][gc             ] GC(480) Pause Young (Allocation Failure) 1512M->1503M(3959M) 85.100ms
[42.808s][info][gc,cpu         ] GC(480) User=0.00s Sys=0.00s Real=0.09s
[42.865s][info][gc,start       ] GC(481) Pause Young (Allocation Failure)
[42.872s][info][gc,heap        ] GC(481) DefNew: 1257796K(1258304K)->88066K(1258304K) Eden: 1118528K(1118528K)->0K(1118528K) From: 139268K(139776K)->88066K(139776K)
[42.872s][info][gc,heap        ] GC(481) Tenured: 1400261K(2796224K)->1400261K(2796224K)
[42.872s][info][gc,metaspace   ] GC(481) Metaspace: 753K(896K)->753K(896K) NonClass: 681K(768K)->681K(768K) Class: 72K(128K)->72K(128K)
[42.872s][info][gc             ] GC(481) Pause Young (Allocation Failure) 2595M->1453M(3959M) 6.947ms
[42.872s][info][gc,cpu         ] GC(481) User=0.02s Sys=0.00s Real=0.01s
[42.913s][info][gc,start       ] GC(482) Pause Young (Allocation Failure)
[43.009s][info][gc,heap        ] GC(482) DefNew: 1206594K(1258304K)->139268K(1258304K) Eden: 1118528K(1118528K)->0K(1118528K) From: 88066K(139776K)->139268K(139776K)
[43.010s][info][gc,heap        ] GC(482) Tenured: 1400261K(2796224K)->2458597K(2796224K)
[43.010s][info][gc,metaspace   ] GC(482) Metaspace: 753K(896K)->753K(896K) NonClass: 681K(768K)->681K(768K) Class: 72K(128K)->72K(128K)
[43.010s][info][gc             ] GC(482) Pause Young (Allocation Failure) 2545M->2536M(3959M) 96.053ms
[43.010s][info][gc,cpu         ] GC(482) User=0.08s Sys=0.00s Real=0.10s
[43.054s][info][gc,start       ] GC(483) Pause Young (Allocation Failure)
[43.054s][info][gc             ] GC(483) Pause Young (Allocation Failure) 3629M->3629M(3959M) 0.069ms
[43.054s][info][gc,cpu         ] GC(483) User=0.00s Sys=0.00s Real=0.00s
[43.054s][info][gc,start       ] GC(484) Pause Full (Allocation Failure)
[43.054s][info][gc,phases,start] GC(484) Phase 1: Mark live objects
[43.055s][info][gc,phases      ] GC(484) Phase 1: Mark live objects 1.096ms
[43.055s][info][gc,phases,start] GC(484) Phase 2: Compute new object addresses
[43.056s][info][gc,phases      ] GC(484) Phase 2: Compute new object addresses 0.541ms
[43.056s][info][gc,phases,start] GC(484) Phase 3: Adjust pointers
[43.056s][info][gc,phases      ] GC(484) Phase 3: Adjust pointers 0.621ms
[43.056s][info][gc,phases,start] GC(484) Phase 4: Move objects
[43.242s][info][gc,phases      ] GC(484) Phase 4: Move objects 185.726ms
[43.242s][info][gc,heap        ] GC(484) DefNew: 1257796K(1258304K)->0K(1258304K) Eden: 1118528K(1118528K)->0K(1118528K) From: 139268K(139776K)->0K(139776K)
[43.242s][info][gc,heap        ] GC(484) Tenured: 2458597K(2796224K)->2310113K(2796224K)
[43.242s][info][gc,metaspace   ] GC(484) Metaspace: 753K(896K)->753K(896K) NonClass: 681K(768K)->681K(768K) Class: 72K(128K)->72K(128K)
[43.242s][info][gc             ] GC(484) Pause Full (Allocation Failure) 3629M->2255M(3959M) 188.351ms
[43.242s][info][gc,cpu         ] GC(484) User=0.11s Sys=0.00s Real=0.19s
[43.299s][info][gc,start       ] GC(485) Pause Young (Allocation Failure)
[43.299s][info][gc             ] GC(485) Pause Young (Allocation Failure) 3348M->3348M(3959M) 0.070ms
[43.299s][info][gc,cpu         ] GC(485) User=0.00s Sys=0.00s Real=0.00s
[43.299s][info][gc,start       ] GC(486) Pause Full (Allocation Failure)
[43.299s][info][gc,phases,start] GC(486) Phase 1: Mark live objects
[43.300s][info][gc,phases      ] GC(486) Phase 1: Mark live objects 1.005ms
[43.300s][info][gc,phases,start] GC(486) Phase 2: Compute new object addresses
[43.300s][info][gc,phases      ] GC(486) Phase 2: Compute new object addresses 0.409ms
[43.300s][info][gc,phases,start] GC(486) Phase 3: Adjust pointers
[43.301s][info][gc,phases      ] GC(486) Phase 3: Adjust pointers 0.445ms
[43.301s][info][gc,phases,start] GC(486) Phase 4: Move objects
[43.364s][info][gc,phases      ] GC(486) Phase 4: Move objects 63.568ms
[43.364s][info][gc,heap        ] GC(486) DefNew: 1118528K(1258304K)->0K(1258304K) Eden: 1118528K(1118528K)->0K(1118528K) From: 0K(139776K)->0K(139776K)
[43.364s][info][gc,heap        ] GC(486) Tenured: 2310113K(2796224K)->858549K(2796224K)
[43.364s][info][gc,metaspace   ] GC(486) Metaspace: 753K(896K)->753K(896K) NonClass: 681K(768K)->681K(768K) Class: 72K(128K)->72K(128K)
[43.364s][info][gc             ] GC(486) Pause Full (Allocation Failure) 3348M->838M(3959M) 65.823ms
[43.365s][info][gc,cpu         ] GC(486) User=0.02s Sys=0.00s Real=0.07s
[43.405s][info][gc,start       ] GC(487) Pause Young (Allocation Failure)
[43.479s][info][gc,heap        ] GC(487) DefNew: 1118528K(1258304K)->139268K(1258304K) Eden: 1118528K(1118528K)->0K(1118528K) From: 0K(139776K)->139268K(139776K)
[43.479s][info][gc,heap        ] GC(487) Tenured: 858549K(2796224K)->1828306K(2796224K)
[43.479s][info][gc,metaspace   ] GC(487) Metaspace: 753K(896K)->753K(896K) NonClass: 681K(768K)->681K(768K) Class: 72K(128K)->72K(128K)
[43.479s][info][gc             ] GC(487) Pause Young (Allocation Failure) 1930M->1921M(3959M) 73.814ms
[43.479s][info][gc,cpu         ] GC(487) User=0.00s Sys=0.00s Real=0.07s
[43.535s][info][gc,start       ] GC(488) Pause Young (Allocation Failure)
[43.535s][info][gc             ] GC(488) Pause Young (Allocation Failure) 3013M->3013M(3959M) 0.093ms
[43.536s][info][gc,cpu         ] GC(488) User=0.00s Sys=0.00s Real=0.00s
[43.536s][info][gc,start       ] GC(489) Pause Full (Allocation Failure)
[43.536s][info][gc,phases,start] GC(489) Phase 1: Mark live objects
[43.536s][info][gc,phases      ] GC(489) Phase 1: Mark live objects 0.891ms
[43.536s][info][gc,phases,start] GC(489) Phase 2: Compute new object addresses
[43.537s][info][gc,phases      ] GC(489) Phase 2: Compute new object addresses 0.342ms
[43.537s][info][gc,phases,start] GC(489) Phase 3: Adjust pointers
[43.537s][info][gc,phases      ] GC(489) Phase 3: Adjust pointers 0.374ms
[43.537s][info][gc,phases,start] GC(489) Phase 4: Move objects
[43.577s][info][gc,phases      ] GC(489) Phase 4: Move objects 39.889ms
[43.577s][info][gc,heap        ] GC(489) DefNew: 1257796K(1258304K)->0K(1258304K) Eden: 1118528K(1118528K)->0K(1118528K) From: 139268K(139776K)->0K(139776K)
[43.577s][info][gc,heap        ] GC(489) Tenured: 1828306K(2796224K)->518570K(2796224K)
[43.577s][info][gc,metaspace   ] GC(489) Metaspace: 753K(896K)->753K(896K) NonClass: 681K(768K)->681K(768K) Class: 72K(128K)->72K(128K)
[43.577s][info][gc             ] GC(489) Pause Full (Allocation Failure) 3013M->506M(3959M) 41.768ms
[43.577s][info][gc,cpu         ] GC(489) User=0.00s Sys=0.00s Real=0.04s
[43.617s][info][gc,start       ] GC(490) Pause Young (Allocation Failure)
[43.698s][info][gc,heap        ] GC(490) DefNew: 1118528K(1258304K)->139268K(1258304K) Eden: 1118528K(1118528K)->0K(1118528K) From: 0K(139776K)->139268K(139776K)
[43.698s][info][gc,heap        ] GC(490) Tenured: 518570K(2796224K)->1487816K(2796224K)
[43.698s][info][gc,metaspace   ] GC(490) Metaspace: 753K(896K)->753K(896K) NonClass: 681K(768K)->681K(768K) Class: 72K(128K)->72K(128K)
[43.698s][info][gc             ] GC(490) Pause Young (Allocation Failure) 1598M->1588M(3959M) 80.789ms
[43.698s][info][gc,cpu         ] GC(490) User=0.00s Sys=0.00s Real=0.08s
[43.756s][info][gc,start       ] GC(491) Pause Young (Allocation Failure)
[43.769s][info][gc,heap        ] GC(491) DefNew: 1257796K(1258304K)->139268K(1258304K) Eden: 1118528K(1118528K)->0K(1118528K) From: 139268K(139776K)->139268K(139776K)
[43.769s][info][gc,heap        ] GC(491) Tenured: 1487816K(2796224K)->1524169K(2796224K)
[43.769s][info][gc,metaspace   ] GC(491) Metaspace: 753K(896K)->753K(896K) NonClass: 681K(768K)->681K(768K) Class: 72K(128K)->72K(128K)
[43.769s][info][gc             ] GC(491) Pause Young (Allocation Failure) 2681M->1624M(3959M) 12.673ms
[43.769s][info][gc,cpu         ] GC(491) User=0.00s Sys=0.00s Real=0.01s
[43.811s][info][gc,start       ] GC(492) Pause Young (Allocation Failure)
[43.905s][info][gc,heap        ] GC(492) DefNew: 1257796K(1258304K)->139268K(1258304K) Eden: 1118528K(1118528K)->0K(1118528K) From: 139268K(139776K)->139268K(139776K)
[43.906s][info][gc,heap        ] GC(492) Tenured: 1524169K(2796224K)->2633707K(2796224K)
[43.906s][info][gc,metaspace   ] GC(492) Metaspace: 753K(896K)->753K(896K) NonClass: 681K(768K)->681K(768K) Class: 72K(128K)->72K(128K)
[43.906s][info][gc             ] GC(492) Pause Young (Allocation Failure) 2716M->2707M(3959M) 94.124ms
[43.906s][info][gc,cpu         ] GC(492) User=0.00s Sys=0.03s Real=0.09s
[43.947s][info][gc,start       ] GC(493) Pause Young (Allocation Failure)
[43.947s][info][gc             ] GC(493) Pause Young (Allocation Failure) 3800M->3800M(3959M) 0.070ms
[43.947s][info][gc,cpu         ] GC(493) User=0.00s Sys=0.00s Real=0.00s
[43.947s][info][gc,start       ] GC(494) Pause Full (Allocation Failure)
[43.948s][info][gc,phases,start] GC(494) Phase 1: Mark live objects
[43.948s][info][gc,phases      ] GC(494) Phase 1: Mark live objects 0.886ms
[43.948s][info][gc,phases,start] GC(494) Phase 2: Compute new object addresses
[43.949s][info][gc,phases      ] GC(494) Phase 2: Compute new object addresses 0.414ms
[43.949s][info][gc,phases,start] GC(494) Phase 3: Adjust pointers
[43.949s][info][gc,phases      ] GC(494) Phase 3: Adjust pointers 0.469ms
[43.949s][info][gc,phases,start] GC(494) Phase 4: Move objects
[44.113s][info][gc,phases      ] GC(494) Phase 4: Move objects 163.470ms
[44.113s][info][gc,heap        ] GC(494) DefNew: 1257796K(1258304K)->0K(1258304K) Eden: 1118528K(1118528K)->0K(1118528K) From: 139268K(139776K)->0K(139776K)
[44.113s][info][gc,heap        ] GC(494) Tenured: 2633707K(2796224K)->2395620K(2796224K)
[44.113s][info][gc,metaspace   ] GC(494) Metaspace: 753K(896K)->753K(896K) NonClass: 681K(768K)->681K(768K) Class: 72K(128K)->72K(128K)
[44.113s][info][gc             ] GC(494) Pause Full (Allocation Failure) 3800M->2339M(3959M) 165.594ms
[44.113s][info][gc,cpu         ] GC(494) User=0.11s Sys=0.00s Real=0.16s
[44.176s][info][gc,start       ] GC(495) Pause Young (Allocation Failure)
[44.176s][info][gc             ] GC(495) Pause Young (Allocation Failure) 3431M->3431M(3959M) 0.066ms
[44.176s][info][gc,cpu         ] GC(495) User=0.00s Sys=0.00s Real=0.00s
[44.176s][info][gc,start       ] GC(496) Pause Full (Allocation Failure)
[44.176s][info][gc,phases,start] GC(496) Phase 1: Mark live objects
[44.177s][info][gc,phases      ] GC(496) Phase 1: Mark live objects 0.929ms
[44.177s][info][gc,phases,start] GC(496) Phase 2: Compute new object addresses
[44.178s][info][gc,phases      ] GC(496) Phase 2: Compute new object addresses 0.406ms
[44.178s][info][gc,phases,start] GC(496) Phase 3: Adjust pointers
[44.178s][info][gc,phases      ] GC(496) Phase 3: Adjust pointers 0.450ms
[44.178s][info][gc,phases,start] GC(496) Phase 4: Move objects
[44.247s][info][gc,phases      ] GC(496) Phase 4: Move objects 68.486ms
[44.247s][info][gc,heap        ] GC(496) DefNew: 1118528K(1258304K)->0K(1258304K) Eden: 1118528K(1118528K)->0K(1118528K) From: 0K(139776K)->0K(139776K)
[44.247s][info][gc,heap        ] GC(496) Tenured: 2395620K(2796224K)->945079K(2796224K)
[44.247s][info][gc,metaspace   ] GC(496) Metaspace: 753K(896K)->753K(896K) NonClass: 681K(768K)->681K(768K) Class: 72K(128K)->72K(128K)
[44.247s][info][gc             ] GC(496) Pause Full (Allocation Failure) 3431M->922M(3959M) 70.591ms
[44.247s][info][gc,cpu         ] GC(496) User=0.03s Sys=0.00s Real=0.07s
[44.289s][info][gc,start       ] GC(497) Pause Young (Allocation Failure)
[44.371s][info][gc,heap        ] GC(497) DefNew: 1118528K(1258304K)->139268K(1258304K) Eden: 1118528K(1118528K)->0K(1118528K) From: 0K(139776K)->139268K(139776K)
[44.371s][info][gc,heap        ] GC(497) Tenured: 945079K(2796224K)->1915349K(2796224K)
[44.371s][info][gc,metaspace   ] GC(497) Metaspace: 753K(896K)->753K(896K) NonClass: 681K(768K)->681K(768K) Class: 72K(128K)->72K(128K)
[44.371s][info][gc             ] GC(497) Pause Young (Allocation Failure) 2015M->2006M(3959M) 81.912ms
[44.371s][info][gc,cpu         ] GC(497) User=0.05s Sys=0.00s Real=0.08s
[44.426s][info][gc,start       ] GC(498) Pause Young (Allocation Failure)
[44.426s][info][gc             ] GC(498) Pause Young (Allocation Failure) 3098M->3098M(3959M) 0.065ms
[44.426s][info][gc,cpu         ] GC(498) User=0.00s Sys=0.00s Real=0.00s
[44.426s][info][gc,start       ] GC(499) Pause Full (Allocation Failure)
[44.426s][info][gc,phases,start] GC(499) Phase 1: Mark live objects
[44.427s][info][gc,phases      ] GC(499) Phase 1: Mark live objects 0.785ms
[44.427s][info][gc,phases,start] GC(499) Phase 2: Compute new object addresses
[44.427s][info][gc,phases      ] GC(499) Phase 2: Compute new object addresses 0.299ms
[44.428s][info][gc,phases,start] GC(499) Phase 3: Adjust pointers
[44.428s][info][gc,phases      ] GC(499) Phase 3: Adjust pointers 0.400ms
[44.428s][info][gc,phases,start] GC(499) Phase 4: Move objects
[44.475s][info][gc,phases      ] GC(499) Phase 4: Move objects 46.861ms
[44.475s][info][gc,heap        ] GC(499) DefNew: 1257796K(1258304K)->0K(1258304K) Eden: 1118528K(1118528K)->0K(1118528K) From: 139268K(139776K)->0K(139776K)
[44.475s][info][gc,heap        ] GC(499) Tenured: 1915349K(2796224K)->606125K(2796224K)
[44.475s][info][gc,metaspace   ] GC(499) Metaspace: 753K(896K)->753K(896K) NonClass: 681K(768K)->681K(768K) Class: 72K(128K)->72K(128K)
[44.475s][info][gc             ] GC(499) Pause Full (Allocation Failure) 3098M->591M(3959M) 48.630ms
[44.475s][info][gc,cpu         ] GC(499) User=0.00s Sys=0.00s Real=0.05s
[44.516s][info][gc,start       ] GC(500) Pause Young (Allocation Failure)
[44.605s][info][gc,heap        ] GC(500) DefNew: 1118528K(1258304K)->139268K(1258304K) Eden: 1118528K(1118528K)->0K(1118528K) From: 0K(139776K)->139268K(139776K)
[44.605s][info][gc,heap        ] GC(500) Tenured: 606125K(2796224K)->1575370K(2796224K)
[44.605s][info][gc,metaspace   ] GC(500) Metaspace: 753K(896K)->753K(896K) NonClass: 681K(768K)->681K(768K) Class: 72K(128K)->72K(128K)
[44.605s][info][gc             ] GC(500) Pause Young (Allocation Failure) 1684M->1674M(3959M) 89.080ms
[44.605s][info][gc,cpu         ] GC(500) User=0.00s Sys=0.00s Real=0.09s
[44.665s][info][gc,start       ] GC(501) Pause Young (Allocation Failure)
[44.665s][info][gc             ] GC(501) Pause Young (Allocation Failure) 2766M->2766M(3959M) 0.076ms
[44.665s][info][gc,cpu         ] GC(501) User=0.00s Sys=0.00s Real=0.00s
[44.665s][info][gc,start       ] GC(502) Pause Full (Allocation Failure)
[44.665s][info][gc,phases,start] GC(502) Phase 1: Mark live objects
[44.666s][info][gc,phases      ] GC(502) Phase 1: Mark live objects 1.054ms
[44.666s][info][gc,phases,start] GC(502) Phase 2: Compute new object addresses
[44.667s][info][gc,phases      ] GC(502) Phase 2: Compute new object addresses 0.453ms
[44.667s][info][gc,phases,start] GC(502) Phase 3: Adjust pointers
[44.667s][info][gc,phases      ] GC(502) Phase 3: Adjust pointers 0.433ms
[44.667s][info][gc,phases,start] GC(502) Phase 4: Move objects
[44.686s][info][gc,phases      ] GC(502) Phase 4: Move objects 18.607ms
[44.686s][info][gc,heap        ] GC(502) DefNew: 1257796K(1258304K)->0K(1258304K) Eden: 1118528K(1118528K)->0K(1118528K) From: 139268K(139776K)->0K(139776K)
[44.686s][info][gc,heap        ] GC(502) Tenured: 1575370K(2796224K)->263586K(2796224K)
[44.686s][info][gc,metaspace   ] GC(502) Metaspace: 753K(896K)->753K(896K) NonClass: 681K(768K)->681K(768K) Class: 72K(128K)->72K(128K)
[44.686s][info][gc             ] GC(502) Pause Full (Allocation Failure) 2766M->257M(3959M) 20.909ms
[44.686s][info][gc,cpu         ] GC(502) User=0.03s Sys=0.00s Real=0.02s
[44.733s][info][gc,start       ] GC(503) Pause Young (Allocation Failure)
[44.821s][info][gc,heap        ] GC(503) DefNew: 1118528K(1258304K)->139268K(1258304K) Eden: 1118528K(1118528K)->0K(1118528K) From: 0K(139776K)->139268K(139776K)
[44.821s][info][gc,heap        ] GC(503) Tenured: 263586K(2796224K)->1235392K(2796224K)
[44.821s][info][gc,metaspace   ] GC(503) Metaspace: 753K(896K)->753K(896K) NonClass: 681K(768K)->681K(768K) Class: 72K(128K)->72K(128K)
[44.822s][info][gc             ] GC(503) Pause Young (Allocation Failure) 1349M->1342M(3959M) 88.165ms
[44.822s][info][gc,cpu         ] GC(503) User=0.02s Sys=0.00s Real=0.09s
[44.863s][info][gc,start       ] GC(504) Pause Young (Allocation Failure)
[44.955s][info][gc,heap        ] GC(504) DefNew: 1257796K(1258304K)->139268K(1258304K) Eden: 1118528K(1118528K)->0K(1118528K) From: 139268K(139776K)->139268K(139776K)
[44.955s][info][gc,heap        ] GC(504) Tenured: 1235392K(2796224K)->2343906K(2796224K)
[44.955s][info][gc,metaspace   ] GC(504) Metaspace: 753K(896K)->753K(896K) NonClass: 681K(768K)->681K(768K) Class: 72K(128K)->72K(128K)
[44.955s][info][gc             ] GC(504) Pause Young (Allocation Failure) 2434M->2424M(3959M) 92.371ms
[44.955s][info][gc,cpu         ] GC(504) User=0.08s Sys=0.00s Real=0.09s
[45.008s][info][gc,start       ] GC(505) Pause Young (Allocation Failure)
[45.008s][info][gc             ] GC(505) Pause Young (Allocation Failure) 3517M->3517M(3959M) 0.061ms
[45.008s][info][gc,cpu         ] GC(505) User=0.00s Sys=0.00s Real=0.00s
[45.008s][info][gc,start       ] GC(506) Pause Full (Allocation Failure)
[45.008s][info][gc,phases,start] GC(506) Phase 1: Mark live objects
[45.008s][info][gc,phases      ] GC(506) Phase 1: Mark live objects 0.832ms
[45.008s][info][gc,phases,start] GC(506) Phase 2: Compute new object addresses
[45.009s][info][gc,phases      ] GC(506) Phase 2: Compute new object addresses 0.346ms
[45.009s][info][gc,phases,start] GC(506) Phase 3: Adjust pointers
[45.009s][info][gc,phases      ] GC(506) Phase 3: Adjust pointers 0.388ms
[45.009s][info][gc,phases,start] GC(506) Phase 4: Move objects
[45.081s][info][gc,phases      ] GC(506) Phase 4: Move objects 71.552ms
[45.081s][info][gc,heap        ] GC(506) DefNew: 1257796K(1258304K)->0K(1258304K) Eden: 1118528K(1118528K)->0K(1118528K) From: 139268K(139776K)->0K(139776K)
[45.081s][info][gc,heap        ] GC(506) Tenured: 2343906K(2796224K)->1032634K(2796224K)
[45.081s][info][gc,metaspace   ] GC(506) Metaspace: 753K(896K)->753K(896K) NonClass: 681K(768K)->681K(768K) Class: 72K(128K)->72K(128K)
[45.081s][info][gc             ] GC(506) Pause Full (Allocation Failure) 3517M->1008M(3959M) 73.433ms
[45.081s][info][gc,cpu         ] GC(506) User=0.06s Sys=0.00s Real=0.07s
[45.122s][info][gc,start       ] GC(507) Pause Young (Allocation Failure)
[45.217s][info][gc,heap        ] GC(507) DefNew: 1118528K(1258304K)->139268K(1258304K) Eden: 1118528K(1118528K)->0K(1118528K) From: 0K(139776K)->139268K(139776K)
[45.217s][info][gc,heap        ] GC(507) Tenured: 1032634K(2796224K)->2002904K(2796224K)
[45.217s][info][gc,metaspace   ] GC(507) Metaspace: 753K(896K)->753K(896K) NonClass: 681K(768K)->681K(768K) Class: 72K(128K)->72K(128K)
[45.217s][info][gc             ] GC(507) Pause Young (Allocation Failure) 2100M->2091M(3959M) 95.651ms
[45.217s][info][gc,cpu         ] GC(507) User=0.00s Sys=0.00s Real=0.10s
[45.273s][info][gc,start       ] GC(508) Pause Young (Allocation Failure)
[45.274s][info][gc             ] GC(508) Pause Young (Allocation Failure) 3184M->3184M(3959M) 0.075ms
[45.274s][info][gc,cpu         ] GC(508) User=0.00s Sys=0.00s Real=0.00s
[45.274s][info][gc,start       ] GC(509) Pause Full (Allocation Failure)
[45.274s][info][gc,phases,start] GC(509) Phase 1: Mark live objects
[45.274s][info][gc,phases      ] GC(509) Phase 1: Mark live objects 0.830ms
[45.274s][info][gc,phases,start] GC(509) Phase 2: Compute new object addresses
[45.275s][info][gc,phases      ] GC(509) Phase 2: Compute new object addresses 0.347ms
[45.275s][info][gc,phases,start] GC(509) Phase 3: Adjust pointers
[45.275s][info][gc,phases      ] GC(509) Phase 3: Adjust pointers 0.365ms
[45.275s][info][gc,phases,start] GC(509) Phase 4: Move objects
[45.330s][info][gc,phases      ] GC(509) Phase 4: Move objects 54.692ms
[45.330s][info][gc,heap        ] GC(509) DefNew: 1257796K(1258304K)->0K(1258304K) Eden: 1118528K(1118528K)->0K(1118528K) From: 139268K(139776K)->0K(139776K)
[45.330s][info][gc,heap        ] GC(509) Tenured: 2002904K(2796224K)->691632K(2796224K)
[45.330s][info][gc,metaspace   ] GC(509) Metaspace: 753K(896K)->753K(896K) NonClass: 681K(768K)->681K(768K) Class: 72K(128K)->72K(128K)
[45.330s][info][gc             ] GC(509) Pause Full (Allocation Failure) 3184M->675M(3959M) 56.539ms
[45.330s][info][gc,cpu         ] GC(509) User=0.00s Sys=0.00s Real=0.06s
[45.374s][info][gc,start       ] GC(510) Pause Young (Allocation Failure)
[45.461s][info][gc,heap        ] GC(510) DefNew: 1118528K(1258304K)->139268K(1258304K) Eden: 1118528K(1118528K)->0K(1118528K) From: 0K(139776K)->139268K(139776K)
[45.461s][info][gc,heap        ] GC(510) Tenured: 691632K(2796224K)->1661901K(2796224K)
[45.461s][info][gc,metaspace   ] GC(510) Metaspace: 753K(896K)->753K(896K) NonClass: 681K(768K)->681K(768K) Class: 72K(128K)->72K(128K)
[45.461s][info][gc             ] GC(510) Pause Young (Allocation Failure) 1767M->1758M(3959M) 87.092ms
[45.461s][info][gc,cpu         ] GC(510) User=0.02s Sys=0.00s Real=0.09s
[45.525s][info][gc,start       ] GC(511) Pause Young (Allocation Failure)
[45.526s][info][gc             ] GC(511) Pause Young (Allocation Failure) 2851M->2851M(3959M) 0.101ms
[45.526s][info][gc,cpu         ] GC(511) User=0.00s Sys=0.00s Real=0.00s
[45.526s][info][gc,start       ] GC(512) Pause Full (Allocation Failure)
[45.526s][info][gc,phases,start] GC(512) Phase 1: Mark live objects
[45.527s][info][gc,phases      ] GC(512) Phase 1: Mark live objects 0.898ms
[45.527s][info][gc,phases,start] GC(512) Phase 2: Compute new object addresses
[45.527s][info][gc,phases      ] GC(512) Phase 2: Compute new object addresses 0.468ms
[45.527s][info][gc,phases,start] GC(512) Phase 3: Adjust pointers
[45.528s][info][gc,phases      ] GC(512) Phase 3: Adjust pointers 0.537ms
[45.528s][info][gc,phases,start] GC(512) Phase 4: Move objects
[45.554s][info][gc,phases      ] GC(512) Phase 4: Move objects 26.640ms
[45.554s][info][gc,heap        ] GC(512) DefNew: 1257796K(1258304K)->0K(1258304K) Eden: 1118528K(1118528K)->0K(1118528K) From: 139268K(139776K)->0K(139776K)
[45.554s][info][gc,heap        ] GC(512) Tenured: 1661901K(2796224K)->350629K(2796224K)
[45.554s][info][gc,metaspace   ] GC(512) Metaspace: 753K(896K)->753K(896K) NonClass: 681K(768K)->681K(768K) Class: 72K(128K)->72K(128K)
[45.554s][info][gc             ] GC(512) Pause Full (Allocation Failure) 2851M->342M(3959M) 28.907ms
[45.555s][info][gc,cpu         ] GC(512) User=0.02s Sys=0.00s Real=0.03s
[45.597s][info][gc,start       ] GC(513) Pause Young (Allocation Failure)
[45.681s][info][gc,heap        ] GC(513) DefNew: 1118528K(1258304K)->139268K(1258304K) Eden: 1118528K(1118528K)->0K(1118528K) From: 0K(139776K)->139268K(139776K)
[45.681s][info][gc,heap        ] GC(513) Tenured: 350629K(2796224K)->1322947K(2796224K)
[45.681s][info][gc,metaspace   ] GC(513) Metaspace: 753K(896K)->753K(896K) NonClass: 681K(768K)->681K(768K) Class: 72K(128K)->72K(128K)
[45.681s][info][gc             ] GC(513) Pause Young (Allocation Failure) 1434M->1427M(3959M) 83.545ms
[45.681s][info][gc,cpu         ] GC(513) User=0.05s Sys=0.00s Real=0.08s
[45.746s][info][gc,start       ] GC(514) Pause Young (Allocation Failure)
[45.747s][info][gc,heap        ] GC(514) DefNew: 1257796K(1258304K)->9728K(1258304K) Eden: 1118528K(1118528K)->0K(1118528K) From: 139268K(139776K)->9728K(139776K)
[45.747s][info][gc,heap        ] GC(514) Tenured: 1322947K(2796224K)->1322947K(2796224K)
[45.747s][info][gc,metaspace   ] GC(514) Metaspace: 753K(896K)->753K(896K) NonClass: 681K(768K)->681K(768K) Class: 72K(128K)->72K(128K)
[45.747s][info][gc             ] GC(514) Pause Young (Allocation Failure) 2520M->1301M(3959M) 0.848ms
[45.747s][info][gc,cpu         ] GC(514) User=0.00s Sys=0.00s Real=0.00s
[45.789s][info][gc,start       ] GC(515) Pause Young (Allocation Failure)
[45.868s][info][gc,heap        ] GC(515) DefNew: 1128256K(1258304K)->139268K(1258304K) Eden: 1118528K(1118528K)->0K(1118528K) From: 9728K(139776K)->139268K(139776K)
[45.868s][info][gc,heap        ] GC(515) Tenured: 1322947K(2796224K)->2302433K(2796224K)
[45.868s][info][gc,metaspace   ] GC(515) Metaspace: 753K(896K)->753K(896K) NonClass: 681K(768K)->681K(768K) Class: 72K(128K)->72K(128K)
[45.868s][info][gc             ] GC(515) Pause Young (Allocation Failure) 2393M->2384M(3959M) 78.866ms
[45.868s][info][gc,cpu         ] GC(515) User=0.03s Sys=0.00s Real=0.08s
[45.909s][info][gc,start       ] GC(516) Pause Young (Allocation Failure)
[45.909s][info][gc             ] GC(516) Pause Young (Allocation Failure) 3476M->3476M(3959M) 0.060ms
[45.909s][info][gc,cpu         ] GC(516) User=0.00s Sys=0.00s Real=0.00s
[45.909s][info][gc,start       ] GC(517) Pause Full (Allocation Failure)
[45.909s][info][gc,phases,start] GC(517) Phase 1: Mark live objects
[45.911s][info][gc,phases      ] GC(517) Phase 1: Mark live objects 1.415ms
[45.911s][info][gc,phases,start] GC(517) Phase 2: Compute new object addresses
[45.911s][info][gc,phases      ] GC(517) Phase 2: Compute new object addresses 0.503ms
[45.911s][info][gc,phases,start] GC(517) Phase 3: Adjust pointers
[45.912s][info][gc,phases      ] GC(517) Phase 3: Adjust pointers 0.472ms
[45.912s][info][gc,phases,start] GC(517) Phase 4: Move objects
[46.081s][info][gc,phases      ] GC(517) Phase 4: Move objects 169.647ms
[46.081s][info][gc,heap        ] GC(517) DefNew: 1257796K(1258304K)->0K(1258304K) Eden: 1118528K(1118528K)->0K(1118528K) From: 139268K(139776K)->0K(139776K)
[46.081s][info][gc,heap        ] GC(517) Tenured: 2302433K(2796224K)->2230750K(2796224K)
[46.081s][info][gc,metaspace   ] GC(517) Metaspace: 753K(896K)->753K(896K) NonClass: 681K(768K)->681K(768K) Class: 72K(128K)->72K(128K)
[46.081s][info][gc             ] GC(517) Pause Full (Allocation Failure) 3476M->2178M(3959M) 172.390ms
[46.081s][info][gc,cpu         ] GC(517) User=0.11s Sys=0.00s Real=0.17s
[46.151s][info][gc,start       ] GC(518) Pause Young (Allocation Failure)
[46.151s][info][gc             ] GC(518) Pause Young (Allocation Failure) 3270M->3270M(3959M) 0.083ms
[46.151s][info][gc,cpu         ] GC(518) User=0.00s Sys=0.00s Real=0.00s
[46.151s][info][gc,start       ] GC(519) Pause Full (Allocation Failure)
[46.151s][info][gc,phases,start] GC(519) Phase 1: Mark live objects
[46.152s][info][gc,phases      ] GC(519) Phase 1: Mark live objects 1.245ms
[46.152s][info][gc,phases,start] GC(519) Phase 2: Compute new object addresses
[46.153s][info][gc,phases      ] GC(519) Phase 2: Compute new object addresses 0.475ms
[46.153s][info][gc,phases,start] GC(519) Phase 3: Adjust pointers
[46.153s][info][gc,phases      ] GC(519) Phase 3: Adjust pointers 0.474ms
[46.153s][info][gc,phases,start] GC(519) Phase 4: Move objects
[46.213s][info][gc,phases      ] GC(519) Phase 4: Move objects 59.210ms
[46.213s][info][gc,heap        ] GC(519) DefNew: 1118528K(1258304K)->0K(1258304K) Eden: 1118528K(1118528K)->0K(1118528K) From: 0K(139776K)->0K(139776K)
[46.213s][info][gc,heap        ] GC(519) Tenured: 2230750K(2796224K)->779186K(2796224K)
[46.213s][info][gc,metaspace   ] GC(519) Metaspace: 753K(896K)->753K(896K) NonClass: 681K(768K)->681K(768K) Class: 72K(128K)->72K(128K)
[46.213s][info][gc             ] GC(519) Pause Full (Allocation Failure) 3270M->760M(3959M) 61.840ms
[46.213s][info][gc,cpu         ] GC(519) User=0.00s Sys=0.00s Real=0.06s
[46.262s][info][gc,start       ] GC(520) Pause Young (Allocation Failure)
[46.351s][info][gc,heap        ] GC(520) DefNew: 1118528K(1258304K)->139268K(1258304K) Eden: 1118528K(1118528K)->0K(1118528K) From: 0K(139776K)->139268K(139776K)
[46.351s][info][gc,heap        ] GC(520) Tenured: 779186K(2796224K)->1749456K(2796224K)
[46.351s][info][gc,metaspace   ] GC(520) Metaspace: 753K(896K)->753K(896K) NonClass: 681K(768K)->681K(768K) Class: 72K(128K)->72K(128K)
[46.351s][info][gc             ] GC(520) Pause Young (Allocation Failure) 1853M->1844M(3959M) 88.655ms
[46.351s][info][gc,cpu         ] GC(520) User=0.05s Sys=0.00s Real=0.09s
[46.416s][info][gc,start       ] GC(521) Pause Young (Allocation Failure)
[46.416s][info][gc             ] GC(521) Pause Young (Allocation Failure) 2936M->2936M(3959M) 0.074ms
[46.416s][info][gc,cpu         ] GC(521) User=0.00s Sys=0.00s Real=0.00s
[46.416s][info][gc,start       ] GC(522) Pause Full (Allocation Failure)
[46.416s][info][gc,phases,start] GC(522) Phase 1: Mark live objects
[46.417s][info][gc,phases      ] GC(522) Phase 1: Mark live objects 1.137ms
[46.417s][info][gc,phases,start] GC(522) Phase 2: Compute new object addresses
[46.418s][info][gc,phases      ] GC(522) Phase 2: Compute new object addresses 0.591ms
[46.418s][info][gc,phases,start] GC(522) Phase 3: Adjust pointers
[46.418s][info][gc,phases      ] GC(522) Phase 3: Adjust pointers 0.411ms
[46.418s][info][gc,phases,start] GC(522) Phase 4: Move objects
[46.454s][info][gc,phases      ] GC(522) Phase 4: Move objects 35.603ms
[46.454s][info][gc,heap        ] GC(522) DefNew: 1257796K(1258304K)->0K(1258304K) Eden: 1118528K(1118528K)->0K(1118528K) From: 139268K(139776K)->0K(139776K)
[46.454s][info][gc,heap        ] GC(522) Tenured: 1749456K(2796224K)->438184K(2796224K)
[46.454s][info][gc,metaspace   ] GC(522) Metaspace: 753K(896K)->753K(896K) NonClass: 681K(768K)->681K(768K) Class: 72K(128K)->72K(128K)
[46.454s][info][gc             ] GC(522) Pause Full (Allocation Failure) 2936M->427M(3959M) 38.144ms
[46.454s][info][gc,cpu         ] GC(522) User=0.02s Sys=0.00s Real=0.04s
[46.500s][info][gc,start       ] GC(523) Pause Young (Allocation Failure)
[46.587s][info][gc,heap        ] GC(523) DefNew: 1118528K(1258304K)->139268K(1258304K) Eden: 1118528K(1118528K)->0K(1118528K) From: 0K(139776K)->139268K(139776K)
[46.587s][info][gc,heap        ] GC(523) Tenured: 438184K(2796224K)->1408453K(2796224K)
[46.588s][info][gc,metaspace   ] GC(523) Metaspace: 753K(896K)->753K(896K) NonClass: 681K(768K)->681K(768K) Class: 72K(128K)->72K(128K)
[46.588s][info][gc             ] GC(523) Pause Young (Allocation Failure) 1520M->1511M(3959M) 87.410ms
[46.588s][info][gc,cpu         ] GC(523) User=0.03s Sys=0.00s Real=0.09s
[46.651s][info][gc,start       ] GC(524) Pause Young (Allocation Failure)
[46.658s][info][gc,heap        ] GC(524) DefNew: 1257796K(1258304K)->96258K(1258304K) Eden: 1118528K(1118528K)->0K(1118528K) From: 139268K(139776K)->96258K(139776K)
[46.658s][info][gc,heap        ] GC(524) Tenured: 1408453K(2796224K)->1408453K(2796224K)
[46.658s][info][gc,metaspace   ] GC(524) Metaspace: 753K(896K)->753K(896K) NonClass: 681K(768K)->681K(768K) Class: 72K(128K)->72K(128K)
[46.658s][info][gc             ] GC(524) Pause Young (Allocation Failure) 2603M->1469M(3959M) 7.284ms
[46.658s][info][gc,cpu         ] GC(524) User=0.00s Sys=0.00s Real=0.01s
[46.700s][info][gc,start       ] GC(525) Pause Young (Allocation Failure)
[46.798s][info][gc,heap        ] GC(525) DefNew: 1214786K(1258304K)->139268K(1258304K) Eden: 1118528K(1118528K)->0K(1118528K) From: 96258K(139776K)->139268K(139776K)
[46.798s][info][gc,heap        ] GC(525) Tenured: 1408453K(2796224K)->2474982K(2796224K)
[46.798s][info][gc,metaspace   ] GC(525) Metaspace: 753K(896K)->753K(896K) NonClass: 681K(768K)->681K(768K) Class: 72K(128K)->72K(128K)
[46.798s][info][gc             ] GC(525) Pause Young (Allocation Failure) 2561M->2552M(3959M) 97.923ms
[46.798s][info][gc,cpu         ] GC(525) User=0.00s Sys=0.00s Real=0.10s
[46.843s][info][gc,start       ] GC(526) Pause Young (Allocation Failure)
[46.844s][info][gc             ] GC(526) Pause Young (Allocation Failure) 3645M->3645M(3959M) 0.081ms
[46.844s][info][gc,cpu         ] GC(526) User=0.00s Sys=0.00s Real=0.00s
[46.844s][info][gc,start       ] GC(527) Pause Full (Allocation Failure)
[46.844s][info][gc,phases,start] GC(527) Phase 1: Mark live objects
[46.845s][info][gc,phases      ] GC(527) Phase 1: Mark live objects 1.208ms
[46.845s][info][gc,phases,start] GC(527) Phase 2: Compute new object addresses
[46.845s][info][gc,phases      ] GC(527) Phase 2: Compute new object addresses 0.519ms
[46.845s][info][gc,phases,start] GC(527) Phase 3: Adjust pointers
[46.846s][info][gc,phases      ] GC(527) Phase 3: Adjust pointers 0.585ms
[46.846s][info][gc,phases,start] GC(527) Phase 4: Move objects
[47.031s][info][gc,phases      ] GC(527) Phase 4: Move objects 185.085ms
[47.031s][info][gc,heap        ] GC(527) DefNew: 1257796K(1258304K)->0K(1258304K) Eden: 1118528K(1118528K)->0K(1118528K) From: 139268K(139776K)->0K(139776K)
[47.031s][info][gc,heap        ] GC(527) Tenured: 2474982K(2796224K)->2318305K(2796224K)
[47.031s][info][gc,metaspace   ] GC(527) Metaspace: 753K(896K)->753K(896K) NonClass: 681K(768K)->681K(768K) Class: 72K(128K)->72K(128K)
[47.031s][info][gc             ] GC(527) Pause Full (Allocation Failure) 3645M->2263M(3959M) 187.758ms
[47.031s][info][gc,cpu         ] GC(527) User=0.03s Sys=0.00s Real=0.19s
[47.088s][info][gc,start       ] GC(528) Pause Young (Allocation Failure)
[47.089s][info][gc             ] GC(528) Pause Young (Allocation Failure) 3356M->3356M(3959M) 0.078ms
[47.089s][info][gc,cpu         ] GC(528) User=0.00s Sys=0.00s Real=0.00s
[47.089s][info][gc,start       ] GC(529) Pause Full (Allocation Failure)
[47.089s][info][gc,phases,start] GC(529) Phase 1: Mark live objects
[47.090s][info][gc,phases      ] GC(529) Phase 1: Mark live objects 1.080ms
[47.090s][info][gc,phases,start] GC(529) Phase 2: Compute new object addresses
[47.090s][info][gc,phases      ] GC(529) Phase 2: Compute new object addresses 0.377ms
[47.090s][info][gc,phases,start] GC(529) Phase 3: Adjust pointers
[47.091s][info][gc,phases      ] GC(529) Phase 3: Adjust pointers 0.452ms
[47.091s][info][gc,phases,start] GC(529) Phase 4: Move objects
[47.159s][info][gc,phases      ] GC(529) Phase 4: Move objects 68.168ms
[47.159s][info][gc,heap        ] GC(529) DefNew: 1118528K(1258304K)->0K(1258304K) Eden: 1118528K(1118528K)->0K(1118528K) From: 0K(139776K)->0K(139776K)
[47.159s][info][gc,heap        ] GC(529) Tenured: 2318305K(2796224K)->866741K(2796224K)
[47.159s][info][gc,metaspace   ] GC(529) Metaspace: 753K(896K)->753K(896K) NonClass: 681K(768K)->681K(768K) Class: 72K(128K)->72K(128K)
[47.159s][info][gc             ] GC(529) Pause Full (Allocation Failure) 3356M->846M(3959M) 70.414ms
[47.159s][info][gc,cpu         ] GC(529) User=0.06s Sys=0.00s Real=0.07s
[47.201s][info][gc,start       ] GC(530) Pause Young (Allocation Failure)
[47.280s][info][gc,heap        ] GC(530) DefNew: 1118528K(1258304K)->139268K(1258304K) Eden: 1118528K(1118528K)->0K(1118528K) From: 0K(139776K)->139268K(139776K)
[47.280s][info][gc,heap        ] GC(530) Tenured: 866741K(2796224K)->1836498K(2796224K)
[47.280s][info][gc,metaspace   ] GC(530) Metaspace: 753K(896K)->753K(896K) NonClass: 681K(768K)->681K(768K) Class: 72K(128K)->72K(128K)
[47.280s][info][gc             ] GC(530) Pause Young (Allocation Failure) 1938M->1929M(3959M) 79.075ms
[47.280s][info][gc,cpu         ] GC(530) User=0.02s Sys=0.00s Real=0.08s
[47.341s][info][gc,start       ] GC(531) Pause Young (Allocation Failure)
[47.341s][info][gc             ] GC(531) Pause Young (Allocation Failure) 3021M->3021M(3959M) 0.073ms
[47.341s][info][gc,cpu         ] GC(531) User=0.00s Sys=0.00s Real=0.00s
[47.341s][info][gc,start       ] GC(532) Pause Full (Allocation Failure)
[47.341s][info][gc,phases,start] GC(532) Phase 1: Mark live objects
[47.342s][info][gc,phases      ] GC(532) Phase 1: Mark live objects 1.019ms
[47.342s][info][gc,phases,start] GC(532) Phase 2: Compute new object addresses
[47.342s][info][gc,phases      ] GC(532) Phase 2: Compute new object addresses 0.347ms
[47.342s][info][gc,phases,start] GC(532) Phase 3: Adjust pointers
[47.342s][info][gc,phases      ] GC(532) Phase 3: Adjust pointers 0.357ms
[47.342s][info][gc,phases,start] GC(532) Phase 4: Move objects
[47.384s][info][gc,phases      ] GC(532) Phase 4: Move objects 41.295ms
[47.384s][info][gc,heap        ] GC(532) DefNew: 1257796K(1258304K)->0K(1258304K) Eden: 1118528K(1118528K)->0K(1118528K) From: 139268K(139776K)->0K(139776K)
[47.384s][info][gc,heap        ] GC(532) Tenured: 1836498K(2796224K)->526762K(2796224K)
[47.384s][info][gc,metaspace   ] GC(532) Metaspace: 753K(896K)->753K(896K) NonClass: 681K(768K)->681K(768K) Class: 72K(128K)->72K(128K)
[47.384s][info][gc             ] GC(532) Pause Full (Allocation Failure) 3021M->514M(3959M) 43.355ms
[47.384s][info][gc,cpu         ] GC(532) User=0.03s Sys=0.00s Real=0.04s
[47.427s][info][gc,start       ] GC(533) Pause Young (Allocation Failure)
[47.508s][info][gc,heap        ] GC(533) DefNew: 1118528K(1258304K)->139268K(1258304K) Eden: 1118528K(1118528K)->0K(1118528K) From: 0K(139776K)->139268K(139776K)
[47.508s][info][gc,heap        ] GC(533) Tenured: 526762K(2796224K)->1496008K(2796224K)
[47.508s][info][gc,metaspace   ] GC(533) Metaspace: 753K(896K)->753K(896K) NonClass: 681K(768K)->681K(768K) Class: 72K(128K)->72K(128K)
[47.508s][info][gc             ] GC(533) Pause Young (Allocation Failure) 1606M->1596M(3959M) 81.664ms
[47.508s][info][gc,cpu         ] GC(533) User=0.02s Sys=0.00s Real=0.08s
[47.572s][info][gc,start       ] GC(534) Pause Young (Allocation Failure)
[47.586s][info][gc,heap        ] GC(534) DefNew: 1257796K(1258304K)->139268K(1258304K) Eden: 1118528K(1118528K)->0K(1118528K) From: 139268K(139776K)->139268K(139776K)
[47.586s][info][gc,heap        ] GC(534) Tenured: 1496008K(2796224K)->1540553K(2796224K)
[47.586s][info][gc,metaspace   ] GC(534) Metaspace: 753K(896K)->753K(896K) NonClass: 681K(768K)->681K(768K) Class: 72K(128K)->72K(128K)
[47.586s][info][gc             ] GC(534) Pause Young (Allocation Failure) 2689M->1640M(3959M) 14.397ms
[47.586s][info][gc,cpu         ] GC(534) User=0.00s Sys=0.00s Real=0.01s
[47.631s][info][gc,start       ] GC(535) Pause Young (Allocation Failure)
[47.632s][info][gc             ] GC(535) Pause Young (Allocation Failure) 2732M->2732M(3959M) 0.079ms
[47.632s][info][gc,cpu         ] GC(535) User=0.00s Sys=0.00s Real=0.00s
[47.632s][info][gc,start       ] GC(536) Pause Full (Allocation Failure)
[47.632s][info][gc,phases,start] GC(536) Phase 1: Mark live objects
[47.633s][info][gc,phases      ] GC(536) Phase 1: Mark live objects 1.029ms
[47.633s][info][gc,phases,start] GC(536) Phase 2: Compute new object addresses
[47.633s][info][gc,phases      ] GC(536) Phase 2: Compute new object addresses 0.383ms
[47.633s][info][gc,phases,start] GC(536) Phase 3: Adjust pointers
[47.633s][info][gc,phases      ] GC(536) Phase 3: Adjust pointers 0.425ms
[47.633s][info][gc,phases,start] GC(536) Phase 4: Move objects
[47.753s][info][gc,phases      ] GC(536) Phase 4: Move objects 119.105ms
[47.753s][info][gc,heap        ] GC(536) DefNew: 1257796K(1258304K)->0K(1258304K) Eden: 1118528K(1118528K)->0K(1118528K) From: 139268K(139776K)->0K(139776K)
[47.753s][info][gc,heap        ] GC(536) Tenured: 1540553K(2796224K)->1294274K(2796224K)
[47.753s][info][gc,metaspace   ] GC(536) Metaspace: 753K(896K)->753K(896K) NonClass: 681K(768K)->681K(768K) Class: 72K(128K)->72K(128K)
[47.753s][info][gc             ] GC(536) Pause Full (Allocation Failure) 2732M->1263M(3959M) 121.262ms
[47.753s][info][gc,cpu         ] GC(536) User=0.05s Sys=0.00s Real=0.12s
[47.803s][info][gc,start       ] GC(537) Pause Young (Allocation Failure)
[47.899s][info][gc,heap        ] GC(537) DefNew: 1118528K(1258304K)->139268K(1258304K) Eden: 1118528K(1118528K)->0K(1118528K) From: 0K(139776K)->139268K(139776K)
[47.899s][info][gc,heap        ] GC(537) Tenured: 1294274K(2796224K)->2264544K(2796224K)
[47.899s][info][gc,metaspace   ] GC(537) Metaspace: 753K(896K)->753K(896K) NonClass: 681K(768K)->681K(768K) Class: 72K(128K)->72K(128K)
[47.899s][info][gc             ] GC(537) Pause Young (Allocation Failure) 2356M->2347M(3959M) 96.923ms
[47.899s][info][gc,cpu         ] GC(537) User=0.02s Sys=0.00s Real=0.10s
[47.963s][info][gc,start       ] GC(538) Pause Young (Allocation Failure)
[47.963s][info][gc             ] GC(538) Pause Young (Allocation Failure) 3439M->3439M(3959M) 0.103ms
[47.963s][info][gc,cpu         ] GC(538) User=0.00s Sys=0.00s Real=0.00s
[47.963s][info][gc,start       ] GC(539) Pause Full (Allocation Failure)
[47.963s][info][gc,phases,start] GC(539) Phase 1: Mark live objects
[47.965s][info][gc,phases      ] GC(539) Phase 1: Mark live objects 1.226ms
[47.965s][info][gc,phases,start] GC(539) Phase 2: Compute new object addresses
[47.965s][info][gc,phases      ] GC(539) Phase 2: Compute new object addresses 0.549ms
[47.965s][info][gc,phases,start] GC(539) Phase 3: Adjust pointers
[47.966s][info][gc,phases      ] GC(539) Phase 3: Adjust pointers 0.470ms
[47.966s][info][gc,phases,start] GC(539) Phase 4: Move objects
[48.037s][info][gc,phases      ] GC(539) Phase 4: Move objects 70.960ms
[48.037s][info][gc,heap        ] GC(539) DefNew: 1257796K(1258304K)->0K(1258304K) Eden: 1118528K(1118528K)->0K(1118528K) From: 139268K(139776K)->0K(139776K)
[48.037s][info][gc,heap        ] GC(539) Tenured: 2264544K(2796224K)->953271K(2796224K)
[48.037s][info][gc,metaspace   ] GC(539) Metaspace: 753K(896K)->753K(896K) NonClass: 681K(768K)->681K(768K) Class: 72K(128K)->72K(128K)
[48.037s][info][gc             ] GC(539) Pause Full (Allocation Failure) 3439M->930M(3959M) 73.548ms
[48.037s][info][gc,cpu         ] GC(539) User=0.02s Sys=0.00s Real=0.07s
[48.080s][info][gc,start       ] GC(540) Pause Young (Allocation Failure)
[48.165s][info][gc,heap        ] GC(540) DefNew: 1118528K(1258304K)->139268K(1258304K) Eden: 1118528K(1118528K)->0K(1118528K) From: 0K(139776K)->139268K(139776K)
[48.165s][info][gc,heap        ] GC(540) Tenured: 953271K(2796224K)->1923541K(2796224K)
[48.165s][info][gc,metaspace   ] GC(540) Metaspace: 753K(896K)->753K(896K) NonClass: 681K(768K)->681K(768K) Class: 72K(128K)->72K(128K)
[48.165s][info][gc             ] GC(540) Pause Young (Allocation Failure) 2023M->2014M(3959M) 84.864ms
[48.165s][info][gc,cpu         ] GC(540) User=0.00s Sys=0.00s Real=0.08s
[48.231s][info][gc,start       ] GC(541) Pause Young (Allocation Failure)
[48.231s][info][gc             ] GC(541) Pause Young (Allocation Failure) 3106M->3106M(3959M) 0.073ms
[48.231s][info][gc,cpu         ] GC(541) User=0.00s Sys=0.00s Real=0.00s
[48.231s][info][gc,start       ] GC(542) Pause Full (Allocation Failure)
[48.231s][info][gc,phases,start] GC(542) Phase 1: Mark live objects
[48.232s][info][gc,phases      ] GC(542) Phase 1: Mark live objects 0.814ms
[48.232s][info][gc,phases,start] GC(542) Phase 2: Compute new object addresses
[48.232s][info][gc,phases      ] GC(542) Phase 2: Compute new object addresses 0.308ms
[48.232s][info][gc,phases,start] GC(542) Phase 3: Adjust pointers
[48.232s][info][gc,phases      ] GC(542) Phase 3: Adjust pointers 0.365ms
[48.232s][info][gc,phases,start] GC(542) Phase 4: Move objects
[48.280s][info][gc,phases      ] GC(542) Phase 4: Move objects 47.499ms
[48.280s][info][gc,heap        ] GC(542) DefNew: 1257796K(1258304K)->0K(1258304K) Eden: 1118528K(1118528K)->0K(1118528K) From: 139268K(139776K)->0K(139776K)
[48.280s][info][gc,heap        ] GC(542) Tenured: 1923541K(2796224K)->614317K(2796224K)
[48.280s][info][gc,metaspace   ] GC(542) Metaspace: 753K(896K)->753K(896K) NonClass: 681K(768K)->681K(768K) Class: 72K(128K)->72K(128K)
[48.280s][info][gc             ] GC(542) Pause Full (Allocation Failure) 3106M->599M(3959M) 49.288ms
[48.280s][info][gc,cpu         ] GC(542) User=0.02s Sys=0.00s Real=0.05s
[48.323s][info][gc,start       ] GC(543) Pause Young (Allocation Failure)
[48.407s][info][gc,heap        ] GC(543) DefNew: 1118528K(1258304K)->139268K(1258304K) Eden: 1118528K(1118528K)->0K(1118528K) From: 0K(139776K)->139268K(139776K)
[48.407s][info][gc,heap        ] GC(543) Tenured: 614317K(2796224K)->1583563K(2796224K)
[48.407s][info][gc,metaspace   ] GC(543) Metaspace: 753K(896K)->753K(896K) NonClass: 681K(768K)->681K(768K) Class: 72K(128K)->72K(128K)
[48.407s][info][gc             ] GC(543) Pause Young (Allocation Failure) 1692M->1682M(3959M) 84.432ms
[48.407s][info][gc,cpu         ] GC(543) User=0.02s Sys=0.00s Real=0.08s
[48.467s][info][gc,start       ] GC(544) Pause Young (Allocation Failure)
[48.467s][info][gc             ] GC(544) Pause Young (Allocation Failure) 2774M->2774M(3959M) 0.069ms
[48.467s][info][gc,cpu         ] GC(544) User=0.00s Sys=0.00s Real=0.00s
[48.467s][info][gc,start       ] GC(545) Pause Full (Allocation Failure)
[48.467s][info][gc,phases,start] GC(545) Phase 1: Mark live objects
[48.468s][info][gc,phases      ] GC(545) Phase 1: Mark live objects 0.844ms
[48.468s][info][gc,phases,start] GC(545) Phase 2: Compute new object addresses
[48.468s][info][gc,phases      ] GC(545) Phase 2: Compute new object addresses 0.302ms
[48.468s][info][gc,phases,start] GC(545) Phase 3: Adjust pointers
[48.469s][info][gc,phases      ] GC(545) Phase 3: Adjust pointers 0.421ms
[48.469s][info][gc,phases,start] GC(545) Phase 4: Move objects
[48.486s][info][gc,phases      ] GC(545) Phase 4: Move objects 16.976ms
[48.486s][info][gc,heap        ] GC(545) DefNew: 1257796K(1258304K)->0K(1258304K) Eden: 1118528K(1118528K)->0K(1118528K) From: 139268K(139776K)->0K(139776K)
[48.486s][info][gc,heap        ] GC(545) Tenured: 1583563K(2796224K)->271779K(2796224K)
[48.486s][info][gc,metaspace   ] GC(545) Metaspace: 753K(896K)->753K(896K) NonClass: 681K(768K)->681K(768K) Class: 72K(128K)->72K(128K)
[48.486s][info][gc             ] GC(545) Pause Full (Allocation Failure) 2774M->265M(3959M) 18.830ms
[48.486s][info][gc,cpu         ] GC(545) User=0.02s Sys=0.00s Real=0.02s
[48.531s][info][gc,start       ] GC(546) Pause Young (Allocation Failure)
[48.620s][info][gc,heap        ] GC(546) DefNew: 1118528K(1258304K)->139268K(1258304K) Eden: 1118528K(1118528K)->0K(1118528K) From: 0K(139776K)->139268K(139776K)
[48.620s][info][gc,heap        ] GC(546) Tenured: 271779K(2796224K)->1243584K(2796224K)
[48.620s][info][gc,metaspace   ] GC(546) Metaspace: 753K(896K)->753K(896K) NonClass: 681K(768K)->681K(768K) Class: 72K(128K)->72K(128K)
[48.620s][info][gc             ] GC(546) Pause Young (Allocation Failure) 1357M->1350M(3959M) 88.366ms
[48.620s][info][gc,cpu         ] GC(546) User=0.02s Sys=0.00s Real=0.09s
[48.666s][info][gc,start       ] GC(547) Pause Young (Allocation Failure)
[48.761s][info][gc,heap        ] GC(547) DefNew: 1257796K(1258304K)->139268K(1258304K) Eden: 1118528K(1118528K)->0K(1118528K) From: 139268K(139776K)->139268K(139776K)
[48.761s][info][gc,heap        ] GC(547) Tenured: 1243584K(2796224K)->2352098K(2796224K)
[48.761s][info][gc,metaspace   ] GC(547) Metaspace: 753K(896K)->753K(896K) NonClass: 681K(768K)->681K(768K) Class: 72K(128K)->72K(128K)
[48.761s][info][gc             ] GC(547) Pause Young (Allocation Failure) 2442M->2432M(3959M) 95.222ms
[48.761s][info][gc,cpu         ] GC(547) User=0.00s Sys=0.00s Real=0.10s
[48.818s][info][gc,start       ] GC(548) Pause Young (Allocation Failure)
[48.818s][info][gc             ] GC(548) Pause Young (Allocation Failure) 3525M->3525M(3959M) 0.069ms
[48.818s][info][gc,cpu         ] GC(548) User=0.00s Sys=0.00s Real=0.00s
[48.818s][info][gc,start       ] GC(549) Pause Full (Allocation Failure)
[48.818s][info][gc,phases,start] GC(549) Phase 1: Mark live objects
[48.819s][info][gc,phases      ] GC(549) Phase 1: Mark live objects 0.977ms
[48.819s][info][gc,phases,start] GC(549) Phase 2: Compute new object addresses
[48.819s][info][gc,phases      ] GC(549) Phase 2: Compute new object addresses 0.345ms
[48.819s][info][gc,phases,start] GC(549) Phase 3: Adjust pointers
[48.820s][info][gc,phases      ] GC(549) Phase 3: Adjust pointers 0.379ms
[48.820s][info][gc,phases,start] GC(549) Phase 4: Move objects
[48.893s][info][gc,phases      ] GC(549) Phase 4: Move objects 73.550ms
[48.894s][info][gc,heap        ] GC(549) DefNew: 1257796K(1258304K)->0K(1258304K) Eden: 1118528K(1118528K)->0K(1118528K) From: 139268K(139776K)->0K(139776K)
[48.894s][info][gc,heap        ] GC(549) Tenured: 2352098K(2796224K)->1040826K(2796224K)
[48.894s][info][gc,metaspace   ] GC(549) Metaspace: 753K(896K)->753K(896K) NonClass: 681K(768K)->681K(768K) Class: 72K(128K)->72K(128K)
[48.894s][info][gc             ] GC(549) Pause Full (Allocation Failure) 3525M->1016M(3959M) 75.584ms
[48.894s][info][gc,cpu         ] GC(549) User=0.06s Sys=0.00s Real=0.08s
[48.937s][info][gc,start       ] GC(550) Pause Young (Allocation Failure)
[49.020s][info][gc,heap        ] GC(550) DefNew: 1118528K(1258304K)->139268K(1258304K) Eden: 1118528K(1118528K)->0K(1118528K) From: 0K(139776K)->139268K(139776K)
[49.020s][info][gc,heap        ] GC(550) Tenured: 1040826K(2796224K)->2011096K(2796224K)
[49.020s][info][gc,metaspace   ] GC(550) Metaspace: 753K(896K)->753K(896K) NonClass: 681K(768K)->681K(768K) Class: 72K(128K)->72K(128K)
[49.020s][info][gc             ] GC(550) Pause Young (Allocation Failure) 2108M->2099M(3959M) 82.911ms
[49.020s][info][gc,cpu         ] GC(550) User=0.03s Sys=0.00s Real=0.08s
[49.069s][info][gc,start       ] GC(551) Pause Young (Allocation Failure)
[49.069s][info][gc             ] GC(551) Pause Young (Allocation Failure) 3192M->3192M(3959M) 0.061ms
[49.069s][info][gc,cpu         ] GC(551) User=0.00s Sys=0.00s Real=0.00s
[49.069s][info][gc,start       ] GC(552) Pause Full (Allocation Failure)
[49.070s][info][gc,phases,start] GC(552) Phase 1: Mark live objects
[49.070s][info][gc,phases      ] GC(552) Phase 1: Mark live objects 0.796ms
[49.070s][info][gc,phases,start] GC(552) Phase 2: Compute new object addresses
[49.071s][info][gc,phases      ] GC(552) Phase 2: Compute new object addresses 0.334ms
[49.071s][info][gc,phases,start] GC(552) Phase 3: Adjust pointers
[49.071s][info][gc,phases      ] GC(552) Phase 3: Adjust pointers 0.381ms
[49.071s][info][gc,phases,start] GC(552) Phase 4: Move objects
[49.123s][info][gc,phases      ] GC(552) Phase 4: Move objects 51.427ms
[49.123s][info][gc,heap        ] GC(552) DefNew: 1257796K(1258304K)->0K(1258304K) Eden: 1118528K(1118528K)->0K(1118528K) From: 139268K(139776K)->0K(139776K)
[49.123s][info][gc,heap        ] GC(552) Tenured: 2011096K(2796224K)->699824K(2796224K)
[49.123s][info][gc,metaspace   ] GC(552) Metaspace: 753K(896K)->753K(896K) NonClass: 681K(768K)->681K(768K) Class: 72K(128K)->72K(128K)
[49.123s][info][gc             ] GC(552) Pause Full (Allocation Failure) 3192M->683M(3959M) 53.247ms
[49.123s][info][gc,cpu         ] GC(552) User=0.05s Sys=0.00s Real=0.05s
[49.163s][info][gc,start       ] GC(553) Pause Young (Allocation Failure)
[49.245s][info][gc,heap        ] GC(553) DefNew: 1118528K(1258304K)->139268K(1258304K) Eden: 1118528K(1118528K)->0K(1118528K) From: 0K(139776K)->139268K(139776K)
[49.245s][info][gc,heap        ] GC(553) Tenured: 699824K(2796224K)->1670093K(2796224K)
[49.245s][info][gc,metaspace   ] GC(553) Metaspace: 753K(896K)->753K(896K) NonClass: 681K(768K)->681K(768K) Class: 72K(128K)->72K(128K)
[49.245s][info][gc             ] GC(553) Pause Young (Allocation Failure) 1775M->1766M(3959M) 81.755ms
[49.245s][info][gc,cpu         ] GC(553) User=0.05s Sys=0.00s Real=0.08s
[49.308s][info][gc,start       ] GC(554) Pause Young (Allocation Failure)
[49.308s][info][gc             ] GC(554) Pause Young (Allocation Failure) 2859M->2859M(3959M) 0.070ms
[49.308s][info][gc,cpu         ] GC(554) User=0.00s Sys=0.00s Real=0.00s
[49.308s][info][gc,start       ] GC(555) Pause Full (Allocation Failure)
[49.308s][info][gc,phases,start] GC(555) Phase 1: Mark live objects
[49.309s][info][gc,phases      ] GC(555) Phase 1: Mark live objects 1.058ms
[49.309s][info][gc,phases,start] GC(555) Phase 2: Compute new object addresses
[49.310s][info][gc,phases      ] GC(555) Phase 2: Compute new object addresses 0.411ms
[49.310s][info][gc,phases,start] GC(555) Phase 3: Adjust pointers
[49.310s][info][gc,phases      ] GC(555) Phase 3: Adjust pointers 0.424ms
[49.310s][info][gc,phases,start] GC(555) Phase 4: Move objects
[49.338s][info][gc,phases      ] GC(555) Phase 4: Move objects 27.394ms
[49.338s][info][gc,heap        ] GC(555) DefNew: 1257796K(1258304K)->0K(1258304K) Eden: 1118528K(1118528K)->0K(1118528K) From: 139268K(139776K)->0K(139776K)
[49.338s][info][gc,heap        ] GC(555) Tenured: 1670093K(2796224K)->358821K(2796224K)
[49.338s][info][gc,metaspace   ] GC(555) Metaspace: 753K(896K)->753K(896K) NonClass: 681K(768K)->681K(768K) Class: 72K(128K)->72K(128K)
[49.338s][info][gc             ] GC(555) Pause Full (Allocation Failure) 2859M->350M(3959M) 29.584ms
[49.338s][info][gc,cpu         ] GC(555) User=0.03s Sys=0.00s Real=0.03s
[49.388s][info][gc,start       ] GC(556) Pause Young (Allocation Failure)
[49.481s][info][gc,heap        ] GC(556) DefNew: 1118528K(1258304K)->139268K(1258304K) Eden: 1118528K(1118528K)->0K(1118528K) From: 0K(139776K)->139268K(139776K)
[49.481s][info][gc,heap        ] GC(556) Tenured: 358821K(2796224K)->1331139K(2796224K)
[49.481s][info][gc,metaspace   ] GC(556) Metaspace: 753K(896K)->753K(896K) NonClass: 681K(768K)->681K(768K) Class: 72K(128K)->72K(128K)
[49.481s][info][gc             ] GC(556) Pause Young (Allocation Failure) 1442M->1435M(3959M) 93.289ms
[49.481s][info][gc,cpu         ] GC(556) User=0.02s Sys=0.00s Real=0.09s
[49.557s][info][gc,start       ] GC(557) Pause Young (Allocation Failure)
[49.559s][info][gc,heap        ] GC(557) DefNew: 1257796K(1258304K)->17920K(1258304K) Eden: 1118528K(1118528K)->0K(1118528K) From: 139268K(139776K)->17920K(139776K)
[49.559s][info][gc,heap        ] GC(557) Tenured: 1331139K(2796224K)->1331139K(2796224K)
[49.559s][info][gc,metaspace   ] GC(557) Metaspace: 753K(896K)->753K(896K) NonClass: 681K(768K)->681K(768K) Class: 72K(128K)->72K(128K)
[49.559s][info][gc             ] GC(557) Pause Young (Allocation Failure) 2528M->1317M(3959M) 1.752ms
[49.559s][info][gc,cpu         ] GC(557) User=0.00s Sys=0.00s Real=0.00s
[49.609s][info][gc,start       ] GC(558) Pause Young (Allocation Failure)
[49.693s][info][gc,heap        ] GC(558) DefNew: 1136448K(1258304K)->139268K(1258304K) Eden: 1118528K(1118528K)->0K(1118528K) From: 17920K(139776K)->139268K(139776K)
[49.693s][info][gc,heap        ] GC(558) Tenured: 1331139K(2796224K)->2318817K(2796224K)
[49.693s][info][gc,metaspace   ] GC(558) Metaspace: 753K(896K)->753K(896K) NonClass: 681K(768K)->681K(768K) Class: 72K(128K)->72K(128K)
[49.693s][info][gc             ] GC(558) Pause Young (Allocation Failure) 2409M->2400M(3959M) 84.082ms
[49.693s][info][gc,cpu         ] GC(558) User=0.03s Sys=0.00s Real=0.08s
[49.739s][info][gc,start       ] GC(559) Pause Young (Allocation Failure)
[49.739s][info][gc             ] GC(559) Pause Young (Allocation Failure) 3492M->3492M(3959M) 0.068ms
[49.739s][info][gc,cpu         ] GC(559) User=0.00s Sys=0.00s Real=0.00s
[49.739s][info][gc,start       ] GC(560) Pause Full (Allocation Failure)
[49.739s][info][gc,phases,start] GC(560) Phase 1: Mark live objects
[49.740s][info][gc,phases      ] GC(560) Phase 1: Mark live objects 1.133ms
[49.740s][info][gc,phases,start] GC(560) Phase 2: Compute new object addresses
[49.741s][info][gc,phases      ] GC(560) Phase 2: Compute new object addresses 0.546ms
[49.741s][info][gc,phases,start] GC(560) Phase 3: Adjust pointers
[49.741s][info][gc,phases      ] GC(560) Phase 3: Adjust pointers 0.631ms
[49.741s][info][gc,phases,start] GC(560) Phase 4: Move objects
[49.908s][info][gc,phases      ] GC(560) Phase 4: Move objects 167.017ms
[49.909s][info][gc,heap        ] GC(560) DefNew: 1257796K(1258304K)->0K(1258304K) Eden: 1118528K(1118528K)->0K(1118528K) From: 139268K(139776K)->0K(139776K)
[49.909s][info][gc,heap        ] GC(560) Tenured: 2318817K(2796224K)->2238943K(2796224K)
[49.909s][info][gc,metaspace   ] GC(560) Metaspace: 753K(896K)->753K(896K) NonClass: 681K(768K)->681K(768K) Class: 72K(128K)->72K(128K)
[49.909s][info][gc             ] GC(560) Pause Full (Allocation Failure) 3492M->2186M(3959M) 169.709ms
[49.909s][info][gc,cpu         ] GC(560) User=0.08s Sys=0.00s Real=0.17s
[49.971s][info][gc,start       ] GC(561) Pause Young (Allocation Failure)
[49.971s][info][gc             ] GC(561) Pause Young (Allocation Failure) 3278M->3278M(3959M) 0.066ms
[49.971s][info][gc,cpu         ] GC(561) User=0.00s Sys=0.00s Real=0.00s
[49.971s][info][gc,start       ] GC(562) Pause Full (Allocation Failure)
[49.971s][info][gc,phases,start] GC(562) Phase 1: Mark live objects
[49.972s][info][gc,phases      ] GC(562) Phase 1: Mark live objects 1.031ms
[49.972s][info][gc,phases,start] GC(562) Phase 2: Compute new object addresses
[49.973s][info][gc,phases      ] GC(562) Phase 2: Compute new object addresses 0.536ms
[49.973s][info][gc,phases,start] GC(562) Phase 3: Adjust pointers
[49.973s][info][gc,phases      ] GC(562) Phase 3: Adjust pointers 0.359ms
[49.973s][info][gc,phases,start] GC(562) Phase 4: Move objects
[50.034s][info][gc,phases      ] GC(562) Phase 4: Move objects 60.317ms
[50.034s][info][gc,heap        ] GC(562) DefNew: 1118528K(1258304K)->0K(1258304K) Eden: 1118528K(1118528K)->0K(1118528K) From: 0K(139776K)->0K(139776K)
[50.034s][info][gc,heap        ] GC(562) Tenured: 2238943K(2796224K)->787378K(2796224K)
[50.034s][info][gc,metaspace   ] GC(562) Metaspace: 753K(896K)->753K(896K) NonClass: 681K(768K)->681K(768K) Class: 72K(128K)->72K(128K)
[50.034s][info][gc             ] GC(562) Pause Full (Allocation Failure) 3278M->768M(3959M) 62.614ms
[50.034s][info][gc,cpu         ] GC(562) User=0.02s Sys=0.00s Real=0.06s
[50.079s][info][gc,start       ] GC(563) Pause Young (Allocation Failure)
[50.163s][info][gc,heap        ] GC(563) DefNew: 1118528K(1258304K)->139268K(1258304K) Eden: 1118528K(1118528K)->0K(1118528K) From: 0K(139776K)->139268K(139776K)
[50.163s][info][gc,heap        ] GC(563) Tenured: 787378K(2796224K)->1757648K(2796224K)
[50.163s][info][gc,metaspace   ] GC(563) Metaspace: 753K(896K)->753K(896K) NonClass: 681K(768K)->681K(768K) Class: 72K(128K)->72K(128K)
[50.164s][info][gc             ] GC(563) Pause Young (Allocation Failure) 1861M->1852M(3959M) 84.728ms
[50.164s][info][gc,cpu         ] GC(563) User=0.03s Sys=0.00s Real=0.08s
[50.225s][info][gc,start       ] GC(564) Pause Young (Allocation Failure)
[50.225s][info][gc             ] GC(564) Pause Young (Allocation Failure) 2944M->2944M(3959M) 0.083ms
[50.225s][info][gc,cpu         ] GC(564) User=0.00s Sys=0.00s Real=0.00s
[50.225s][info][gc,start       ] GC(565) Pause Full (Allocation Failure)
[50.225s][info][gc,phases,start] GC(565) Phase 1: Mark live objects
[50.226s][info][gc,phases      ] GC(565) Phase 1: Mark live objects 0.941ms
[50.226s][info][gc,phases,start] GC(565) Phase 2: Compute new object addresses
[50.227s][info][gc,phases      ] GC(565) Phase 2: Compute new object addresses 0.422ms
[50.227s][info][gc,phases,start] GC(565) Phase 3: Adjust pointers
[50.227s][info][gc,phases      ] GC(565) Phase 3: Adjust pointers 0.604ms
[50.227s][info][gc,phases,start] GC(565) Phase 4: Move objects
[50.259s][info][gc,phases      ] GC(565) Phase 4: Move objects 31.802ms
[50.259s][info][gc,heap        ] GC(565) DefNew: 1257796K(1258304K)->0K(1258304K) Eden: 1118528K(1118528K)->0K(1118528K) From: 139268K(139776K)->0K(139776K)
[50.259s][info][gc,heap        ] GC(565) Tenured: 1757648K(2796224K)->446376K(2796224K)
[50.259s][info][gc,metaspace   ] GC(565) Metaspace: 753K(896K)->753K(896K) NonClass: 681K(768K)->681K(768K) Class: 72K(128K)->72K(128K)
[50.259s][info][gc             ] GC(565) Pause Full (Allocation Failure) 2944M->435M(3959M) 34.098ms
[50.259s][info][gc,cpu         ] GC(565) User=0.02s Sys=0.00s Real=0.03s
[50.302s][info][gc,start       ] GC(566) Pause Young (Allocation Failure)
[50.383s][info][gc,heap        ] GC(566) DefNew: 1118528K(1258304K)->139268K(1258304K) Eden: 1118528K(1118528K)->0K(1118528K) From: 0K(139776K)->139268K(139776K)
[50.383s][info][gc,heap        ] GC(566) Tenured: 446376K(2796224K)->1416646K(2796224K)
[50.383s][info][gc,metaspace   ] GC(566) Metaspace: 753K(896K)->753K(896K) NonClass: 681K(768K)->681K(768K) Class: 72K(128K)->72K(128K)
[50.383s][info][gc             ] GC(566) Pause Young (Allocation Failure) 1528M->1519M(3959M) 81.132ms
[50.383s][info][gc,cpu         ] GC(566) User=0.08s Sys=0.00s Real=0.08s
[50.444s][info][gc,start       ] GC(567) Pause Young (Allocation Failure)
[50.452s][info][gc,heap        ] GC(567) DefNew: 1257796K(1258304K)->104451K(1258304K) Eden: 1118528K(1118528K)->0K(1118528K) From: 139268K(139776K)->104451K(139776K)
[50.452s][info][gc,heap        ] GC(567) Tenured: 1416646K(2796224K)->1416646K(2796224K)
[50.452s][info][gc,metaspace   ] GC(567) Metaspace: 753K(896K)->753K(896K) NonClass: 681K(768K)->681K(768K) Class: 72K(128K)->72K(128K)
[50.452s][info][gc             ] GC(567) Pause Young (Allocation Failure) 2611M->1485M(3959M) 7.932ms
[50.452s][info][gc,cpu         ] GC(567) User=0.00s Sys=0.00s Real=0.01s
[50.499s][info][gc,start       ] GC(568) Pause Young (Allocation Failure)
[50.595s][info][gc,heap        ] GC(568) DefNew: 1222979K(1258304K)->139268K(1258304K) Eden: 1118528K(1118528K)->0K(1118528K) From: 104451K(139776K)->139268K(139776K)
[50.595s][info][gc,heap        ] GC(568) Tenured: 1416646K(2796224K)->2491366K(2796224K)
[50.595s][info][gc,metaspace   ] GC(568) Metaspace: 753K(896K)->753K(896K) NonClass: 681K(768K)->681K(768K) Class: 72K(128K)->72K(128K)
[50.595s][info][gc             ] GC(568) Pause Young (Allocation Failure) 2577M->2568M(3959M) 96.373ms
[50.595s][info][gc,cpu         ] GC(568) User=0.05s Sys=0.00s Real=0.10s
[50.634s][info][gc,start       ] GC(569) Pause Young (Allocation Failure)
[50.635s][info][gc             ] GC(569) Pause Young (Allocation Failure) 3661M->3661M(3959M) 0.062ms
[50.635s][info][gc,cpu         ] GC(569) User=0.00s Sys=0.00s Real=0.00s
[50.635s][info][gc,start       ] GC(570) Pause Full (Allocation Failure)
[50.635s][info][gc,phases,start] GC(570) Phase 1: Mark live objects
[50.636s][info][gc,phases      ] GC(570) Phase 1: Mark live objects 1.266ms
[50.636s][info][gc,phases,start] GC(570) Phase 2: Compute new object addresses
[50.637s][info][gc,phases      ] GC(570) Phase 2: Compute new object addresses 0.622ms
[50.637s][info][gc,phases,start] GC(570) Phase 3: Adjust pointers
[50.637s][info][gc,phases      ] GC(570) Phase 3: Adjust pointers 0.562ms
[50.637s][info][gc,phases,start] GC(570) Phase 4: Move objects
[50.814s][info][gc,phases      ] GC(570) Phase 4: Move objects 176.422ms
[50.814s][info][gc,heap        ] GC(570) DefNew: 1257796K(1258304K)->0K(1258304K) Eden: 1118528K(1118528K)->0K(1118528K) From: 139268K(139776K)->0K(139776K)
[50.814s][info][gc,heap        ] GC(570) Tenured: 2491366K(2796224K)->2326497K(2796224K)
[50.814s][info][gc,metaspace   ] GC(570) Metaspace: 753K(896K)->753K(896K) NonClass: 681K(768K)->681K(768K) Class: 72K(128K)->72K(128K)
[50.814s][info][gc             ] GC(570) Pause Full (Allocation Failure) 3661M->2271M(3959M) 179.235ms
[50.814s][info][gc,cpu         ] GC(570) User=0.06s Sys=0.00s Real=0.18s
[50.877s][info][gc,start       ] GC(571) Pause Young (Allocation Failure)
[50.877s][info][gc             ] GC(571) Pause Young (Allocation Failure) 3364M->3364M(3959M) 0.058ms
[50.877s][info][gc,cpu         ] GC(571) User=0.00s Sys=0.00s Real=0.00s
[50.877s][info][gc,start       ] GC(572) Pause Full (Allocation Failure)
[50.877s][info][gc,phases,start] GC(572) Phase 1: Mark live objects
[50.878s][info][gc,phases      ] GC(572) Phase 1: Mark live objects 0.854ms
[50.878s][info][gc,phases,start] GC(572) Phase 2: Compute new object addresses
[50.878s][info][gc,phases      ] GC(572) Phase 2: Compute new object addresses 0.335ms
[50.878s][info][gc,phases,start] GC(572) Phase 3: Adjust pointers
[50.878s][info][gc,phases      ] GC(572) Phase 3: Adjust pointers 0.378ms
[50.878s][info][gc,phases,start] GC(572) Phase 4: Move objects
[50.947s][info][gc,phases      ] GC(572) Phase 4: Move objects 68.742ms
[50.947s][info][gc,heap        ] GC(572) DefNew: 1118528K(1258304K)->0K(1258304K) Eden: 1118528K(1118528K)->0K(1118528K) From: 0K(139776K)->0K(139776K)
[50.947s][info][gc,heap        ] GC(572) Tenured: 2326497K(2796224K)->874933K(2796224K)
[50.947s][info][gc,metaspace   ] GC(572) Metaspace: 753K(896K)->753K(896K) NonClass: 681K(768K)->681K(768K) Class: 72K(128K)->72K(128K)
[50.947s][info][gc             ] GC(572) Pause Full (Allocation Failure) 3364M->854M(3959M) 70.701ms
[50.948s][info][gc,cpu         ] GC(572) User=0.02s Sys=0.00s Real=0.07s
[50.994s][info][gc,start       ] GC(573) Pause Young (Allocation Failure)
[51.071s][info][gc,heap        ] GC(573) DefNew: 1118528K(1258304K)->139268K(1258304K) Eden: 1118528K(1118528K)->0K(1118528K) From: 0K(139776K)->139268K(139776K)
[51.071s][info][gc,heap        ] GC(573) Tenured: 874933K(2796224K)->1844691K(2796224K)
[51.071s][info][gc,metaspace   ] GC(573) Metaspace: 753K(896K)->753K(896K) NonClass: 681K(768K)->681K(768K) Class: 72K(128K)->72K(128K)
[51.071s][info][gc             ] GC(573) Pause Young (Allocation Failure) 1946M->1937M(3959M) 77.135ms
[51.071s][info][gc,cpu         ] GC(573) User=0.02s Sys=0.00s Real=0.08s
[51.128s][info][gc,start       ] GC(574) Pause Young (Allocation Failure)
[51.128s][info][gc             ] GC(574) Pause Young (Allocation Failure) 3029M->3029M(3959M) 0.066ms
[51.128s][info][gc,cpu         ] GC(574) User=0.00s Sys=0.00s Real=0.00s
[51.128s][info][gc,start       ] GC(575) Pause Full (Allocation Failure)
[51.128s][info][gc,phases,start] GC(575) Phase 1: Mark live objects
[51.129s][info][gc,phases      ] GC(575) Phase 1: Mark live objects 0.849ms
[51.129s][info][gc,phases,start] GC(575) Phase 2: Compute new object addresses
[51.129s][info][gc,phases      ] GC(575) Phase 2: Compute new object addresses 0.308ms
[51.129s][info][gc,phases,start] GC(575) Phase 3: Adjust pointers
[51.129s][info][gc,phases      ] GC(575) Phase 3: Adjust pointers 0.369ms
[51.129s][info][gc,phases,start] GC(575) Phase 4: Move objects
[51.169s][info][gc,phases      ] GC(575) Phase 4: Move objects 39.647ms
[51.169s][info][gc,heap        ] GC(575) DefNew: 1257796K(1258304K)->0K(1258304K) Eden: 1118528K(1118528K)->0K(1118528K) From: 139268K(139776K)->0K(139776K)
[51.169s][info][gc,heap        ] GC(575) Tenured: 1844691K(2796224K)->534955K(2796224K)
[51.169s][info][gc,metaspace   ] GC(575) Metaspace: 753K(896K)->753K(896K) NonClass: 681K(768K)->681K(768K) Class: 72K(128K)->72K(128K)
[51.169s][info][gc             ] GC(575) Pause Full (Allocation Failure) 3029M->522M(3959M) 41.452ms
[51.169s][info][gc,cpu         ] GC(575) User=0.02s Sys=0.00s Real=0.04s
[51.214s][info][gc,start       ] GC(576) Pause Young (Allocation Failure)
[51.298s][info][gc,heap        ] GC(576) DefNew: 1118528K(1258304K)->139268K(1258304K) Eden: 1118528K(1118528K)->0K(1118528K) From: 0K(139776K)->139268K(139776K)
[51.298s][info][gc,heap        ] GC(576) Tenured: 534955K(2796224K)->1504200K(2796224K)
[51.298s][info][gc,metaspace   ] GC(576) Metaspace: 753K(896K)->753K(896K) NonClass: 681K(768K)->681K(768K) Class: 72K(128K)->72K(128K)
[51.298s][info][gc             ] GC(576) Pause Young (Allocation Failure) 1614M->1604M(3959M) 84.157ms
[51.298s][info][gc,cpu         ] GC(576) User=0.05s Sys=0.00s Real=0.08s
[51.366s][info][gc,start       ] GC(577) Pause Young (Allocation Failure)
[51.382s][info][gc,heap        ] GC(577) DefNew: 1257796K(1258304K)->139268K(1258304K) Eden: 1118528K(1118528K)->0K(1118528K) From: 139268K(139776K)->139268K(139776K)
[51.382s][info][gc,heap        ] GC(577) Tenured: 1504200K(2796224K)->1556938K(2796224K)
[51.382s][info][gc,metaspace   ] GC(577) Metaspace: 753K(896K)->753K(896K) NonClass: 681K(768K)->681K(768K) Class: 72K(128K)->72K(128K)
[51.382s][info][gc             ] GC(577) Pause Young (Allocation Failure) 2697M->1656M(3959M) 15.486ms
[51.382s][info][gc,cpu         ] GC(577) User=0.00s Sys=0.00s Real=0.01s
[51.427s][info][gc,start       ] GC(578) Pause Young (Allocation Failure)
[51.427s][info][gc             ] GC(578) Pause Young (Allocation Failure) 2748M->2748M(3959M) 0.059ms
[51.427s][info][gc,cpu         ] GC(578) User=0.00s Sys=0.00s Real=0.00s
[51.427s][info][gc,start       ] GC(579) Pause Full (Allocation Failure)
[51.427s][info][gc,phases,start] GC(579) Phase 1: Mark live objects
[51.428s][info][gc,phases      ] GC(579) Phase 1: Mark live objects 0.928ms
[51.428s][info][gc,phases,start] GC(579) Phase 2: Compute new object addresses
[51.428s][info][gc,phases      ] GC(579) Phase 2: Compute new object addresses 0.337ms
[51.428s][info][gc,phases,start] GC(579) Phase 3: Adjust pointers
[51.429s][info][gc,phases      ] GC(579) Phase 3: Adjust pointers 0.508ms
[51.429s][info][gc,phases,start] GC(579) Phase 4: Move objects
[51.536s][info][gc,phases      ] GC(579) Phase 4: Move objects 106.997ms
[51.536s][info][gc,heap        ] GC(579) DefNew: 1257796K(1258304K)->0K(1258304K) Eden: 1118528K(1118528K)->0K(1118528K) From: 139268K(139776K)->0K(139776K)
[51.536s][info][gc,heap        ] GC(579) Tenured: 1556938K(2796224K)->1302466K(2796224K)
[51.536s][info][gc,metaspace   ] GC(579) Metaspace: 753K(896K)->753K(896K) NonClass: 681K(768K)->681K(768K) Class: 72K(128K)->72K(128K)
[51.536s][info][gc             ] GC(579) Pause Full (Allocation Failure) 2748M->1271M(3959M) 109.107ms
[51.536s][info][gc,cpu         ] GC(579) User=0.03s Sys=0.00s Real=0.11s
[51.582s][info][gc,start       ] GC(580) Pause Young (Allocation Failure)
[51.677s][info][gc,heap        ] GC(580) DefNew: 1118528K(1258304K)->139268K(1258304K) Eden: 1118528K(1118528K)->0K(1118528K) From: 0K(139776K)->139268K(139776K)
[51.677s][info][gc,heap        ] GC(580) Tenured: 1302466K(2796224K)->2272736K(2796224K)
[51.677s][info][gc,metaspace   ] GC(580) Metaspace: 753K(896K)->753K(896K) NonClass: 681K(768K)->681K(768K) Class: 72K(128K)->72K(128K)
[51.677s][info][gc             ] GC(580) Pause Young (Allocation Failure) 2364M->2355M(3959M) 94.442ms
[51.677s][info][gc,cpu         ] GC(580) User=0.05s Sys=0.00s Real=0.10s
[51.744s][info][gc,start       ] GC(581) Pause Young (Allocation Failure)
[51.744s][info][gc             ] GC(581) Pause Young (Allocation Failure) 3447M->3447M(3959M) 0.059ms
[51.744s][info][gc,cpu         ] GC(581) User=0.00s Sys=0.00s Real=0.00s
[51.744s][info][gc,start       ] GC(582) Pause Full (Allocation Failure)
[51.744s][info][gc,phases,start] GC(582) Phase 1: Mark live objects
[51.745s][info][gc,phases      ] GC(582) Phase 1: Mark live objects 1.169ms
[51.745s][info][gc,phases,start] GC(582) Phase 2: Compute new object addresses
[51.746s][info][gc,phases      ] GC(582) Phase 2: Compute new object addresses 0.542ms
[51.746s][info][gc,phases,start] GC(582) Phase 3: Adjust pointers
[51.746s][info][gc,phases      ] GC(582) Phase 3: Adjust pointers 0.474ms
[51.746s][info][gc,phases,start] GC(582) Phase 4: Move objects
[51.819s][info][gc,phases      ] GC(582) Phase 4: Move objects 73.215ms
[51.820s][info][gc,heap        ] GC(582) DefNew: 1257796K(1258304K)->0K(1258304K) Eden: 1118528K(1118528K)->0K(1118528K) From: 139268K(139776K)->0K(139776K)
[51.820s][info][gc,heap        ] GC(582) Tenured: 2272736K(2796224K)->961464K(2796224K)
[51.820s][info][gc,metaspace   ] GC(582) Metaspace: 753K(896K)->753K(896K) NonClass: 681K(768K)->681K(768K) Class: 72K(128K)->72K(128K)
[51.820s][info][gc             ] GC(582) Pause Full (Allocation Failure) 3447M->938M(3959M) 75.728ms
[51.820s][info][gc,cpu         ] GC(582) User=0.02s Sys=0.00s Real=0.08s
[51.860s][info][gc,start       ] GC(583) Pause Young (Allocation Failure)
[51.961s][info][gc,heap        ] GC(583) DefNew: 1118528K(1258304K)->139268K(1258304K) Eden: 1118528K(1118528K)->0K(1118528K) From: 0K(139776K)->139268K(139776K)
[51.962s][info][gc,heap        ] GC(583) Tenured: 961464K(2796224K)->1931733K(2796224K)
[51.962s][info][gc,metaspace   ] GC(583) Metaspace: 753K(896K)->753K(896K) NonClass: 681K(768K)->681K(768K) Class: 72K(128K)->72K(128K)
[51.962s][info][gc             ] GC(583) Pause Young (Allocation Failure) 2031M->2022M(3959M) 101.189ms
[51.962s][info][gc,cpu         ] GC(583) User=0.12s Sys=0.00s Real=0.10s
[52.025s][info][gc,start       ] GC(584) Pause Young (Allocation Failure)
[52.025s][info][gc             ] GC(584) Pause Young (Allocation Failure) 3114M->3114M(3959M) 0.066ms
[52.025s][info][gc,cpu         ] GC(584) User=0.00s Sys=0.00s Real=0.00s
[52.025s][info][gc,start       ] GC(585) Pause Full (Allocation Failure)
[52.025s][info][gc,phases,start] GC(585) Phase 1: Mark live objects
[52.026s][info][gc,phases      ] GC(585) Phase 1: Mark live objects 1.003ms
[52.026s][info][gc,phases,start] GC(585) Phase 2: Compute new object addresses
[52.026s][info][gc,phases      ] GC(585) Phase 2: Compute new object addresses 0.507ms
[52.026s][info][gc,phases,start] GC(585) Phase 3: Adjust pointers
[52.027s][info][gc,phases      ] GC(585) Phase 3: Adjust pointers 0.443ms
[52.027s][info][gc,phases,start] GC(585) Phase 4: Move objects
[52.079s][info][gc,phases      ] GC(585) Phase 4: Move objects 51.739ms
[52.079s][info][gc,heap        ] GC(585) DefNew: 1257796K(1258304K)->0K(1258304K) Eden: 1118528K(1118528K)->0K(1118528K) From: 139268K(139776K)->0K(139776K)
[52.079s][info][gc,heap        ] GC(585) Tenured: 1931733K(2796224K)->622509K(2796224K)
[52.079s][info][gc,metaspace   ] GC(585) Metaspace: 753K(896K)->753K(896K) NonClass: 681K(768K)->681K(768K) Class: 72K(128K)->72K(128K)
[52.079s][info][gc             ] GC(585) Pause Full (Allocation Failure) 3114M->607M(3959M) 54.021ms
[52.079s][info][gc,cpu         ] GC(585) User=0.00s Sys=0.00s Real=0.05s
[52.121s][info][gc,start       ] GC(586) Pause Young (Allocation Failure)
[52.209s][info][gc,heap        ] GC(586) DefNew: 1118528K(1258304K)->139268K(1258304K) Eden: 1118528K(1118528K)->0K(1118528K) From: 0K(139776K)->139268K(139776K)
[52.209s][info][gc,heap        ] GC(586) Tenured: 622509K(2796224K)->1591755K(2796224K)
[52.209s][info][gc,metaspace   ] GC(586) Metaspace: 753K(896K)->753K(896K) NonClass: 681K(768K)->681K(768K) Class: 72K(128K)->72K(128K)
[52.209s][info][gc             ] GC(586) Pause Young (Allocation Failure) 1700M->1690M(3959M) 87.840ms
[52.209s][info][gc,cpu         ] GC(586) User=0.00s Sys=0.00s Real=0.09s
[52.276s][info][gc,start       ] GC(587) Pause Young (Allocation Failure)
[52.276s][info][gc             ] GC(587) Pause Young (Allocation Failure) 2782M->2782M(3959M) 0.088ms
[52.276s][info][gc,cpu         ] GC(587) User=0.00s Sys=0.00s Real=0.00s
[52.276s][info][gc,start       ] GC(588) Pause Full (Allocation Failure)
[52.276s][info][gc,phases,start] GC(588) Phase 1: Mark live objects
[52.277s][info][gc,phases      ] GC(588) Phase 1: Mark live objects 0.931ms
[52.277s][info][gc,phases,start] GC(588) Phase 2: Compute new object addresses
[52.278s][info][gc,phases      ] GC(588) Phase 2: Compute new object addresses 0.350ms
[52.278s][info][gc,phases,start] GC(588) Phase 3: Adjust pointers
[52.278s][info][gc,phases      ] GC(588) Phase 3: Adjust pointers 0.406ms
[52.278s][info][gc,phases,start] GC(588) Phase 4: Move objects
[52.296s][info][gc,phases      ] GC(588) Phase 4: Move objects 17.872ms
[52.296s][info][gc,heap        ] GC(588) DefNew: 1257796K(1258304K)->0K(1258304K) Eden: 1118528K(1118528K)->0K(1118528K) From: 139268K(139776K)->0K(139776K)
[52.296s][info][gc,heap        ] GC(588) Tenured: 1591755K(2796224K)->279971K(2796224K)
[52.296s][info][gc,metaspace   ] GC(588) Metaspace: 753K(896K)->753K(896K) NonClass: 681K(768K)->681K(768K) Class: 72K(128K)->72K(128K)
[52.296s][info][gc             ] GC(588) Pause Full (Allocation Failure) 2782M->273M(3959M) 19.826ms
[52.296s][info][gc,cpu         ] GC(588) User=0.00s Sys=0.00s Real=0.02s
[52.349s][info][gc,start       ] GC(589) Pause Young (Allocation Failure)
[52.437s][info][gc,heap        ] GC(589) DefNew: 1118528K(1258304K)->139268K(1258304K) Eden: 1118528K(1118528K)->0K(1118528K) From: 0K(139776K)->139268K(139776K)
[52.437s][info][gc,heap        ] GC(589) Tenured: 279971K(2796224K)->1251777K(2796224K)
[52.437s][info][gc,metaspace   ] GC(589) Metaspace: 753K(896K)->753K(896K) NonClass: 681K(768K)->681K(768K) Class: 72K(128K)->72K(128K)
[52.437s][info][gc             ] GC(589) Pause Young (Allocation Failure) 1365M->1358M(3959M) 88.440ms
[52.437s][info][gc,cpu         ] GC(589) User=0.00s Sys=0.00s Real=0.09s
[52.482s][info][gc,start       ] GC(590) Pause Young (Allocation Failure)
[52.580s][info][gc,heap        ] GC(590) DefNew: 1257796K(1258304K)->139268K(1258304K) Eden: 1118528K(1118528K)->0K(1118528K) From: 139268K(139776K)->139268K(139776K)
[52.580s][info][gc,heap        ] GC(590) Tenured: 1251777K(2796224K)->2360290K(2796224K)
[52.580s][info][gc,metaspace   ] GC(590) Metaspace: 753K(896K)->753K(896K) NonClass: 681K(768K)->681K(768K) Class: 72K(128K)->72K(128K)
[52.580s][info][gc             ] GC(590) Pause Young (Allocation Failure) 2450M->2440M(3959M) 97.956ms
[52.580s][info][gc,cpu         ] GC(590) User=0.02s Sys=0.00s Real=0.10s
[52.649s][info][gc,start       ] GC(591) Pause Young (Allocation Failure)
[52.650s][info][gc             ] GC(591) Pause Young (Allocation Failure) 3533M->3533M(3959M) 0.080ms
[52.650s][info][gc,cpu         ] GC(591) User=0.00s Sys=0.00s Real=0.00s
[52.650s][info][gc,start       ] GC(592) Pause Full (Allocation Failure)
[52.650s][info][gc,phases,start] GC(592) Phase 1: Mark live objects
[52.651s][info][gc,phases      ] GC(592) Phase 1: Mark live objects 0.987ms
[52.651s][info][gc,phases,start] GC(592) Phase 2: Compute new object addresses
[52.651s][info][gc,phases      ] GC(592) Phase 2: Compute new object addresses 0.595ms
[52.651s][info][gc,phases,start] GC(592) Phase 3: Adjust pointers
[52.652s][info][gc,phases      ] GC(592) Phase 3: Adjust pointers 0.494ms
[52.652s][info][gc,phases,start] GC(592) Phase 4: Move objects
[52.733s][info][gc,phases      ] GC(592) Phase 4: Move objects 81.555ms
[52.733s][info][gc,heap        ] GC(592) DefNew: 1257796K(1258304K)->0K(1258304K) Eden: 1118528K(1118528K)->0K(1118528K) From: 139268K(139776K)->0K(139776K)
[52.733s][info][gc,heap        ] GC(592) Tenured: 2360290K(2796224K)->1049018K(2796224K)
[52.734s][info][gc,metaspace   ] GC(592) Metaspace: 753K(896K)->753K(896K) NonClass: 681K(768K)->681K(768K) Class: 72K(128K)->72K(128K)
[52.734s][info][gc             ] GC(592) Pause Full (Allocation Failure) 3533M->1024M(3959M) 83.983ms
[52.734s][info][gc,cpu         ] GC(592) User=0.00s Sys=0.00s Real=0.08s
[52.782s][info][gc,start       ] GC(593) Pause Young (Allocation Failure)
[52.881s][info][gc,heap        ] GC(593) DefNew: 1118528K(1258304K)->139268K(1258304K) Eden: 1118528K(1118528K)->0K(1118528K) From: 0K(139776K)->139268K(139776K)
[52.881s][info][gc,heap        ] GC(593) Tenured: 1049018K(2796224K)->2019288K(2796224K)
[52.881s][info][gc,metaspace   ] GC(593) Metaspace: 753K(896K)->753K(896K) NonClass: 681K(768K)->681K(768K) Class: 72K(128K)->72K(128K)
[52.881s][info][gc             ] GC(593) Pause Young (Allocation Failure) 2116M->2107M(3959M) 99.339ms
[52.881s][info][gc,cpu         ] GC(593) User=0.00s Sys=0.00s Real=0.10s
[52.951s][info][gc,start       ] GC(594) Pause Young (Allocation Failure)
[52.951s][info][gc             ] GC(594) Pause Young (Allocation Failure) 3200M->3200M(3959M) 0.088ms
[52.951s][info][gc,cpu         ] GC(594) User=0.00s Sys=0.00s Real=0.00s
[52.951s][info][gc,start       ] GC(595) Pause Full (Allocation Failure)
[52.951s][info][gc,phases,start] GC(595) Phase 1: Mark live objects
[52.952s][info][gc,phases      ] GC(595) Phase 1: Mark live objects 1.129ms
[52.952s][info][gc,phases,start] GC(595) Phase 2: Compute new object addresses
[52.952s][info][gc,phases      ] GC(595) Phase 2: Compute new object addresses 0.461ms
[52.953s][info][gc,phases,start] GC(595) Phase 3: Adjust pointers
[52.953s][info][gc,phases      ] GC(595) Phase 3: Adjust pointers 0.485ms
[52.953s][info][gc,phases,start] GC(595) Phase 4: Move objects
[53.010s][info][gc,phases      ] GC(595) Phase 4: Move objects 56.829ms
[53.010s][info][gc,heap        ] GC(595) DefNew: 1257796K(1258304K)->0K(1258304K) Eden: 1118528K(1118528K)->0K(1118528K) From: 139268K(139776K)->0K(139776K)
[53.010s][info][gc,heap        ] GC(595) Tenured: 2019288K(2796224K)->708016K(2796224K)
[53.010s][info][gc,metaspace   ] GC(595) Metaspace: 753K(896K)->753K(896K) NonClass: 681K(768K)->681K(768K) Class: 72K(128K)->72K(128K)
[53.010s][info][gc             ] GC(595) Pause Full (Allocation Failure) 3200M->691M(3959M) 59.283ms
[53.010s][info][gc,cpu         ] GC(595) User=0.02s Sys=0.00s Real=0.06s
[53.057s][info][gc,start       ] GC(596) Pause Young (Allocation Failure)
[53.149s][info][gc,heap        ] GC(596) DefNew: 1118528K(1258304K)->139268K(1258304K) Eden: 1118528K(1118528K)->0K(1118528K) From: 0K(139776K)->139268K(139776K)
[53.149s][info][gc,heap        ] GC(596) Tenured: 708016K(2796224K)->1678286K(2796224K)
[53.149s][info][gc,metaspace   ] GC(596) Metaspace: 753K(896K)->753K(896K) NonClass: 681K(768K)->681K(768K) Class: 72K(128K)->72K(128K)
[53.150s][info][gc             ] GC(596) Pause Young (Allocation Failure) 1783M->1774M(3959M) 92.287ms
[53.150s][info][gc,cpu         ] GC(596) User=0.02s Sys=0.00s Real=0.09s
[53.208s][info][gc,start       ] GC(597) Pause Young (Allocation Failure)
[53.208s][info][gc             ] GC(597) Pause Young (Allocation Failure) 2867M->2867M(3959M) 0.068ms
[53.208s][info][gc,cpu         ] GC(597) User=0.00s Sys=0.00s Real=0.00s
[53.208s][info][gc,start       ] GC(598) Pause Full (Allocation Failure)
[53.208s][info][gc,phases,start] GC(598) Phase 1: Mark live objects
[53.209s][info][gc,phases      ] GC(598) Phase 1: Mark live objects 0.795ms
[53.209s][info][gc,phases,start] GC(598) Phase 2: Compute new object addresses
[53.210s][info][gc,phases      ] GC(598) Phase 2: Compute new object addresses 0.307ms
[53.210s][info][gc,phases,start] GC(598) Phase 3: Adjust pointers
[53.210s][info][gc,phases      ] GC(598) Phase 3: Adjust pointers 0.370ms
[53.210s][info][gc,phases,start] GC(598) Phase 4: Move objects
[53.237s][info][gc,phases      ] GC(598) Phase 4: Move objects 26.861ms
[53.237s][info][gc,heap        ] GC(598) DefNew: 1257796K(1258304K)->0K(1258304K) Eden: 1118528K(1118528K)->0K(1118528K) From: 139268K(139776K)->0K(139776K)
[53.237s][info][gc,heap        ] GC(598) Tenured: 1678286K(2796224K)->367014K(2796224K)
[53.237s][info][gc,metaspace   ] GC(598) Metaspace: 753K(896K)->753K(896K) NonClass: 681K(768K)->681K(768K) Class: 72K(128K)->72K(128K)
[53.237s][info][gc             ] GC(598) Pause Full (Allocation Failure) 2867M->358M(3959M) 28.602ms
[53.237s][info][gc,cpu         ] GC(598) User=0.00s Sys=0.00s Real=0.03s
[53.277s][info][gc,start       ] GC(599) Pause Young (Allocation Failure)
[53.360s][info][gc,heap        ] GC(599) DefNew: 1118528K(1258304K)->139268K(1258304K) Eden: 1118528K(1118528K)->0K(1118528K) From: 0K(139776K)->139268K(139776K)
[53.360s][info][gc,heap        ] GC(599) Tenured: 367014K(2796224K)->1339331K(2796224K)
[53.360s][info][gc,metaspace   ] GC(599) Metaspace: 753K(896K)->753K(896K) NonClass: 681K(768K)->681K(768K) Class: 72K(128K)->72K(128K)
[53.360s][info][gc             ] GC(599) Pause Young (Allocation Failure) 1450M->1443M(3959M) 83.050ms
[53.360s][info][gc,cpu         ] GC(599) User=0.03s Sys=0.00s Real=0.08s
[53.412s][info][gc,start       ] GC(600) Pause Young (Allocation Failure)
[53.414s][info][gc,heap        ] GC(600) DefNew: 1257796K(1258304K)->26112K(1258304K) Eden: 1118528K(1118528K)->0K(1118528K) From: 139268K(139776K)->26112K(139776K)
[53.414s][info][gc,heap        ] GC(600) Tenured: 1339331K(2796224K)->1339331K(2796224K)
[53.414s][info][gc,metaspace   ] GC(600) Metaspace: 753K(896K)->753K(896K) NonClass: 681K(768K)->681K(768K) Class: 72K(128K)->72K(128K)
[53.414s][info][gc             ] GC(600) Pause Young (Allocation Failure) 2536M->1333M(3959M) 1.557ms
[53.414s][info][gc,cpu         ] GC(600) User=0.00s Sys=0.00s Real=0.00s
[53.456s][info][gc,start       ] GC(601) Pause Young (Allocation Failure)
[53.531s][info][gc,heap        ] GC(601) DefNew: 1144640K(1258304K)->139268K(1258304K) Eden: 1118528K(1118528K)->0K(1118528K) From: 26112K(139776K)->139268K(139776K)
[53.531s][info][gc,heap        ] GC(601) Tenured: 1339331K(2796224K)->2335202K(2796224K)
[53.531s][info][gc,metaspace   ] GC(601) Metaspace: 753K(896K)->753K(896K) NonClass: 681K(768K)->681K(768K) Class: 72K(128K)->72K(128K)
[53.531s][info][gc             ] GC(601) Pause Young (Allocation Failure) 2425M->2416M(3959M) 75.410ms
[53.531s][info][gc,cpu         ] GC(601) User=0.05s Sys=0.00s Real=0.08s
[53.574s][info][gc,start       ] GC(602) Pause Young (Allocation Failure)
[53.574s][info][gc             ] GC(602) Pause Young (Allocation Failure) 3508M->3508M(3959M) 0.097ms
[53.574s][info][gc,cpu         ] GC(602) User=0.00s Sys=0.00s Real=0.00s
[53.574s][info][gc,start       ] GC(603) Pause Full (Allocation Failure)
[53.574s][info][gc,phases,start] GC(603) Phase 1: Mark live objects
[53.576s][info][gc,phases      ] GC(603) Phase 1: Mark live objects 1.431ms
[53.576s][info][gc,phases,start] GC(603) Phase 2: Compute new object addresses
[53.577s][info][gc,phases      ] GC(603) Phase 2: Compute new object addresses 0.687ms
[53.577s][info][gc,phases,start] GC(603) Phase 3: Adjust pointers
[53.577s][info][gc,phases      ] GC(603) Phase 3: Adjust pointers 0.501ms
[53.577s][info][gc,phases,start] GC(603) Phase 4: Move objects
[53.733s][info][gc,phases      ] GC(603) Phase 4: Move objects 156.285ms
[53.734s][info][gc,heap        ] GC(603) DefNew: 1257796K(1258304K)->0K(1258304K) Eden: 1118528K(1118528K)->0K(1118528K) From: 139268K(139776K)->0K(139776K)
[53.734s][info][gc,heap        ] GC(603) Tenured: 2335202K(2796224K)->2247135K(2796224K)
[53.734s][info][gc,metaspace   ] GC(603) Metaspace: 753K(896K)->753K(896K) NonClass: 681K(768K)->681K(768K) Class: 72K(128K)->72K(128K)
[53.734s][info][gc             ] GC(603) Pause Full (Allocation Failure) 3508M->2194M(3959M) 159.260ms
[53.734s][info][gc,cpu         ] GC(603) User=0.06s Sys=0.00s Real=0.16s
[53.801s][info][gc,start       ] GC(604) Pause Young (Allocation Failure)
[53.801s][info][gc             ] GC(604) Pause Young (Allocation Failure) 3286M->3286M(3959M) 0.068ms
[53.801s][info][gc,cpu         ] GC(604) User=0.00s Sys=0.00s Real=0.00s
[53.801s][info][gc,start       ] GC(605) Pause Full (Allocation Failure)
[53.801s][info][gc,phases,start] GC(605) Phase 1: Mark live objects
[53.802s][info][gc,phases      ] GC(605) Phase 1: Mark live objects 0.943ms
[53.802s][info][gc,phases,start] GC(605) Phase 2: Compute new object addresses
[53.803s][info][gc,phases      ] GC(605) Phase 2: Compute new object addresses 0.515ms
[53.803s][info][gc,phases,start] GC(605) Phase 3: Adjust pointers
[53.803s][info][gc,phases      ] GC(605) Phase 3: Adjust pointers 0.541ms
[53.803s][info][gc,phases,start] GC(605) Phase 4: Move objects
[53.866s][info][gc,phases      ] GC(605) Phase 4: Move objects 62.166ms
[53.866s][info][gc,heap        ] GC(605) DefNew: 1118528K(1258304K)->0K(1258304K) Eden: 1118528K(1118528K)->0K(1118528K) From: 0K(139776K)->0K(139776K)
[53.866s][info][gc,heap        ] GC(605) Tenured: 2247135K(2796224K)->795571K(2796224K)
[53.866s][info][gc,metaspace   ] GC(605) Metaspace: 753K(896K)->753K(896K) NonClass: 681K(768K)->681K(768K) Class: 72K(128K)->72K(128K)
[53.866s][info][gc             ] GC(605) Pause Full (Allocation Failure) 3286M->776M(3959M) 64.525ms
[53.866s][info][gc,cpu         ] GC(605) User=0.00s Sys=0.00s Real=0.06s
[53.913s][info][gc,start       ] GC(606) Pause Young (Allocation Failure)
[54.006s][info][gc,heap        ] GC(606) DefNew: 1118528K(1258304K)->139268K(1258304K) Eden: 1118528K(1118528K)->0K(1118528K) From: 0K(139776K)->139268K(139776K)
[54.006s][info][gc,heap        ] GC(606) Tenured: 795571K(2796224K)->1765840K(2796224K)
[54.006s][info][gc,metaspace   ] GC(606) Metaspace: 753K(896K)->753K(896K) NonClass: 681K(768K)->681K(768K) Class: 72K(128K)->72K(128K)
[54.006s][info][gc             ] GC(606) Pause Young (Allocation Failure) 1869M->1860M(3959M) 93.099ms
[54.006s][info][gc,cpu         ] GC(606) User=0.02s Sys=0.00s Real=0.09s
[54.067s][info][gc,start       ] GC(607) Pause Young (Allocation Failure)
[54.067s][info][gc             ] GC(607) Pause Young (Allocation Failure) 2952M->2952M(3959M) 0.059ms
[54.067s][info][gc,cpu         ] GC(607) User=0.00s Sys=0.00s Real=0.00s
[54.067s][info][gc,start       ] GC(608) Pause Full (Allocation Failure)
[54.067s][info][gc,phases,start] GC(608) Phase 1: Mark live objects
[54.069s][info][gc,phases      ] GC(608) Phase 1: Mark live objects 1.437ms
[54.069s][info][gc,phases,start] GC(608) Phase 2: Compute new object addresses
[54.069s][info][gc,phases      ] GC(608) Phase 2: Compute new object addresses 0.409ms
[54.069s][info][gc,phases,start] GC(608) Phase 3: Adjust pointers
[54.069s][info][gc,phases      ] GC(608) Phase 3: Adjust pointers 0.437ms
[54.069s][info][gc,phases,start] GC(608) Phase 4: Move objects
[54.109s][info][gc,phases      ] GC(608) Phase 4: Move objects 39.697ms
[54.109s][info][gc,heap        ] GC(608) DefNew: 1257796K(1258304K)->0K(1258304K) Eden: 1118528K(1118528K)->0K(1118528K) From: 139268K(139776K)->0K(139776K)
[54.110s][info][gc,heap        ] GC(608) Tenured: 1765840K(2796224K)->454568K(2796224K)
[54.110s][info][gc,metaspace   ] GC(608) Metaspace: 753K(896K)->753K(896K) NonClass: 681K(768K)->681K(768K) Class: 72K(128K)->72K(128K)
[54.110s][info][gc             ] GC(608) Pause Full (Allocation Failure) 2952M->443M(3959M) 42.471ms
[54.110s][info][gc,cpu         ] GC(608) User=0.00s Sys=0.00s Real=0.04s
[54.152s][info][gc,start       ] GC(609) Pause Young (Allocation Failure)
[54.238s][info][gc,heap        ] GC(609) DefNew: 1118528K(1258304K)->139268K(1258304K) Eden: 1118528K(1118528K)->0K(1118528K) From: 0K(139776K)->139268K(139776K)
[54.238s][info][gc,heap        ] GC(609) Tenured: 454568K(2796224K)->1424838K(2796224K)
[54.238s][info][gc,metaspace   ] GC(609) Metaspace: 753K(896K)->753K(896K) NonClass: 681K(768K)->681K(768K) Class: 72K(128K)->72K(128K)
[54.238s][info][gc             ] GC(609) Pause Young (Allocation Failure) 1536M->1527M(3959M) 86.564ms
[54.238s][info][gc,cpu         ] GC(609) User=0.05s Sys=0.00s Real=0.09s
[54.302s][info][gc,start       ] GC(610) Pause Young (Allocation Failure)
[54.311s][info][gc,heap        ] GC(610) DefNew: 1257796K(1258304K)->112643K(1258304K) Eden: 1118528K(1118528K)->0K(1118528K) From: 139268K(139776K)->112643K(139776K)
[54.311s][info][gc,heap        ] GC(610) Tenured: 1424838K(2796224K)->1424838K(2796224K)
[54.311s][info][gc,metaspace   ] GC(610) Metaspace: 753K(896K)->753K(896K) NonClass: 681K(768K)->681K(768K) Class: 72K(128K)->72K(128K)
[54.311s][info][gc             ] GC(610) Pause Young (Allocation Failure) 2619M->1501M(3959M) 8.964ms
[54.311s][info][gc,cpu         ] GC(610) User=0.00s Sys=0.00s Real=0.01s
[54.359s][info][gc,start       ] GC(611) Pause Young (Allocation Failure)
[54.454s][info][gc,heap        ] GC(611) DefNew: 1231171K(1258304K)->139268K(1258304K) Eden: 1118528K(1118528K)->0K(1118528K) From: 112643K(139776K)->139268K(139776K)
[54.454s][info][gc,heap        ] GC(611) Tenured: 1424838K(2796224K)->2507751K(2796224K)
[54.454s][info][gc,metaspace   ] GC(611) Metaspace: 753K(896K)->753K(896K) NonClass: 681K(768K)->681K(768K) Class: 72K(128K)->72K(128K)
[54.454s][info][gc             ] GC(611) Pause Young (Allocation Failure) 2593M->2584M(3959M) 94.773ms
[54.454s][info][gc,cpu         ] GC(611) User=0.09s Sys=0.00s Real=0.10s
[54.498s][info][gc,start       ] GC(612) Pause Young (Allocation Failure)
[54.498s][info][gc             ] GC(612) Pause Young (Allocation Failure) 3677M->3677M(3959M) 0.078ms
[54.498s][info][gc,cpu         ] GC(612) User=0.00s Sys=0.00s Real=0.00s
[54.498s][info][gc,start       ] GC(613) Pause Full (Allocation Failure)
[54.498s][info][gc,phases,start] GC(613) Phase 1: Mark live objects
[54.499s][info][gc,phases      ] GC(613) Phase 1: Mark live objects 1.337ms
[54.499s][info][gc,phases,start] GC(613) Phase 2: Compute new object addresses
[54.500s][info][gc,phases      ] GC(613) Phase 2: Compute new object addresses 0.711ms
[54.500s][info][gc,phases,start] GC(613) Phase 3: Adjust pointers
[54.501s][info][gc,phases      ] GC(613) Phase 3: Adjust pointers 0.614ms
[54.501s][info][gc,phases,start] GC(613) Phase 4: Move objects
[54.696s][info][gc,phases      ] GC(613) Phase 4: Move objects 195.677ms
[54.697s][info][gc,heap        ] GC(613) DefNew: 1257796K(1258304K)->0K(1258304K) Eden: 1118528K(1118528K)->0K(1118528K) From: 139268K(139776K)->0K(139776K)
[54.697s][info][gc,heap        ] GC(613) Tenured: 2507751K(2796224K)->2334690K(2796224K)
[54.697s][info][gc,metaspace   ] GC(613) Metaspace: 753K(896K)->753K(896K) NonClass: 681K(768K)->681K(768K) Class: 72K(128K)->72K(128K)
[54.697s][info][gc             ] GC(613) Pause Full (Allocation Failure) 3677M->2279M(3959M) 198.709ms
[54.697s][info][gc,cpu         ] GC(613) User=0.02s Sys=0.00s Real=0.20s
[54.752s][info][gc,start       ] GC(614) Pause Young (Allocation Failure)
[54.752s][info][gc             ] GC(614) Pause Young (Allocation Failure) 3372M->3372M(3959M) 0.067ms
[54.752s][info][gc,cpu         ] GC(614) User=0.00s Sys=0.00s Real=0.00s
[54.752s][info][gc,start       ] GC(615) Pause Full (Allocation Failure)
[54.752s][info][gc,phases,start] GC(615) Phase 1: Mark live objects
[54.753s][info][gc,phases      ] GC(615) Phase 1: Mark live objects 0.901ms
[54.753s][info][gc,phases,start] GC(615) Phase 2: Compute new object addresses
[54.754s][info][gc,phases      ] GC(615) Phase 2: Compute new object addresses 0.387ms
[54.754s][info][gc,phases,start] GC(615) Phase 3: Adjust pointers
[54.754s][info][gc,phases      ] GC(615) Phase 3: Adjust pointers 0.440ms
[54.754s][info][gc,phases,start] GC(615) Phase 4: Move objects
[54.826s][info][gc,phases      ] GC(615) Phase 4: Move objects 71.592ms
[54.826s][info][gc,heap        ] GC(615) DefNew: 1118528K(1258304K)->0K(1258304K) Eden: 1118528K(1118528K)->0K(1118528K) From: 0K(139776K)->0K(139776K)
[54.826s][info][gc,heap        ] GC(615) Tenured: 2334690K(2796224K)->883125K(2796224K)
[54.826s][info][gc,metaspace   ] GC(615) Metaspace: 753K(896K)->753K(896K) NonClass: 681K(768K)->681K(768K) Class: 72K(128K)->72K(128K)
[54.826s][info][gc             ] GC(615) Pause Full (Allocation Failure) 3372M->862M(3959M) 73.640ms
[54.826s][info][gc,cpu         ] GC(615) User=0.05s Sys=0.00s Real=0.07s
[54.869s][info][gc,start       ] GC(616) Pause Young (Allocation Failure)
[54.941s][info][gc,heap        ] GC(616) DefNew: 1118528K(1258304K)->139268K(1258304K) Eden: 1118528K(1118528K)->0K(1118528K) From: 0K(139776K)->139268K(139776K)
[54.941s][info][gc,heap        ] GC(616) Tenured: 883125K(2796224K)->1852883K(2796224K)
[54.941s][info][gc,metaspace   ] GC(616) Metaspace: 753K(896K)->753K(896K) NonClass: 681K(768K)->681K(768K) Class: 72K(128K)->72K(128K)
[54.941s][info][gc             ] GC(616) Pause Young (Allocation Failure) 1954M->1945M(3959M) 72.183ms
[54.941s][info][gc,cpu         ] GC(616) User=0.00s Sys=0.00s Real=0.07s
[55.002s][info][gc,start       ] GC(617) Pause Young (Allocation Failure)
[55.003s][info][gc             ] GC(617) Pause Young (Allocation Failure) 3037M->3037M(3959M) 0.051ms
[55.003s][info][gc,cpu         ] GC(617) User=0.00s Sys=0.00s Real=0.00s
[55.003s][info][gc,start       ] GC(618) Pause Full (Allocation Failure)
[55.003s][info][gc,phases,start] GC(618) Phase 1: Mark live objects
[55.003s][info][gc,phases      ] GC(618) Phase 1: Mark live objects 0.803ms
[55.003s][info][gc,phases,start] GC(618) Phase 2: Compute new object addresses
[55.004s][info][gc,phases      ] GC(618) Phase 2: Compute new object addresses 0.315ms
[55.004s][info][gc,phases,start] GC(618) Phase 3: Adjust pointers
[55.004s][info][gc,phases      ] GC(618) Phase 3: Adjust pointers 0.370ms
[55.004s][info][gc,phases,start] GC(618) Phase 4: Move objects
[55.046s][info][gc,phases      ] GC(618) Phase 4: Move objects 41.547ms
[55.046s][info][gc,heap        ] GC(618) DefNew: 1257796K(1258304K)->0K(1258304K) Eden: 1118528K(1118528K)->0K(1118528K) From: 139268K(139776K)->0K(139776K)
[55.046s][info][gc,heap        ] GC(618) Tenured: 1852883K(2796224K)->543147K(2796224K)
[55.046s][info][gc,metaspace   ] GC(618) Metaspace: 753K(896K)->753K(896K) NonClass: 681K(768K)->681K(768K) Class: 72K(128K)->72K(128K)
[55.046s][info][gc             ] GC(618) Pause Full (Allocation Failure) 3037M->530M(3959M) 43.294ms
[55.046s][info][gc,cpu         ] GC(618) User=0.05s Sys=0.00s Real=0.04s
[55.088s][info][gc,start       ] GC(619) Pause Young (Allocation Failure)
[55.167s][info][gc,heap        ] GC(619) DefNew: 1118528K(1258304K)->139268K(1258304K) Eden: 1118528K(1118528K)->0K(1118528K) From: 0K(139776K)->139268K(139776K)
[55.167s][info][gc,heap        ] GC(619) Tenured: 543147K(2796224K)->1512393K(2796224K)
[55.167s][info][gc,metaspace   ] GC(619) Metaspace: 753K(896K)->753K(896K) NonClass: 681K(768K)->681K(768K) Class: 72K(128K)->72K(128K)
[55.167s][info][gc             ] GC(619) Pause Young (Allocation Failure) 1622M->1612M(3959M) 79.387ms
[55.167s][info][gc,cpu         ] GC(619) User=0.08s Sys=0.00s Real=0.08s
[55.223s][info][gc,start       ] GC(620) Pause Young (Allocation Failure)
[55.241s][info][gc,heap        ] GC(620) DefNew: 1257796K(1258304K)->139268K(1258304K) Eden: 1118528K(1118528K)->0K(1118528K) From: 139268K(139776K)->139268K(139776K)
[55.241s][info][gc,heap        ] GC(620) Tenured: 1512393K(2796224K)->1573322K(2796224K)
[55.241s][info][gc,metaspace   ] GC(620) Metaspace: 753K(896K)->753K(896K) NonClass: 681K(768K)->681K(768K) Class: 72K(128K)->72K(128K)
[55.241s][info][gc             ] GC(620) Pause Young (Allocation Failure) 2705M->1672M(3959M) 18.137ms
[55.241s][info][gc,cpu         ] GC(620) User=0.00s Sys=0.00s Real=0.02s
[55.285s][info][gc,start       ] GC(621) Pause Young (Allocation Failure)
[55.286s][info][gc             ] GC(621) Pause Young (Allocation Failure) 2764M->2764M(3959M) 0.067ms
[55.286s][info][gc,cpu         ] GC(621) User=0.00s Sys=0.00s Real=0.00s
[55.286s][info][gc,start       ] GC(622) Pause Full (Allocation Failure)
[55.286s][info][gc,phases,start] GC(622) Phase 1: Mark live objects
[55.287s][info][gc,phases      ] GC(622) Phase 1: Mark live objects 1.119ms
[55.287s][info][gc,phases,start] GC(622) Phase 2: Compute new object addresses
[55.287s][info][gc,phases      ] GC(622) Phase 2: Compute new object addresses 0.469ms
[55.287s][info][gc,phases,start] GC(622) Phase 3: Adjust pointers
[55.288s][info][gc,phases      ] GC(622) Phase 3: Adjust pointers 0.512ms
[55.288s][info][gc,phases,start] GC(622) Phase 4: Move objects
[55.384s][info][gc,phases      ] GC(622) Phase 4: Move objects 96.642ms
[55.385s][info][gc,heap        ] GC(622) DefNew: 1257796K(1258304K)->0K(1258304K) Eden: 1118528K(1118528K)->0K(1118528K) From: 139268K(139776K)->0K(139776K)
[55.385s][info][gc,heap        ] GC(622) Tenured: 1573322K(2796224K)->1310658K(2796224K)
[55.385s][info][gc,metaspace   ] GC(622) Metaspace: 753K(896K)->753K(896K) NonClass: 681K(768K)->681K(768K) Class: 72K(128K)->72K(128K)
[55.385s][info][gc             ] GC(622) Pause Full (Allocation Failure) 2764M->1279M(3959M) 99.073ms
[55.385s][info][gc,cpu         ] GC(622) User=0.08s Sys=0.00s Real=0.10s
[55.426s][info][gc,start       ] GC(623) Pause Young (Allocation Failure)
[55.510s][info][gc,heap        ] GC(623) DefNew: 1118528K(1258304K)->139268K(1258304K) Eden: 1118528K(1118528K)->0K(1118528K) From: 0K(139776K)->139268K(139776K)
[55.510s][info][gc,heap        ] GC(623) Tenured: 1310658K(2796224K)->2280928K(2796224K)
[55.510s][info][gc,metaspace   ] GC(623) Metaspace: 753K(896K)->753K(896K) NonClass: 681K(768K)->681K(768K) Class: 72K(128K)->72K(128K)
[55.510s][info][gc             ] GC(623) Pause Young (Allocation Failure) 2372M->2363M(3959M) 83.299ms
[55.510s][info][gc,cpu         ] GC(623) User=0.05s Sys=0.00s Real=0.08s
[55.562s][info][gc,start       ] GC(624) Pause Young (Allocation Failure)
[55.562s][info][gc             ] GC(624) Pause Young (Allocation Failure) 3455M->3455M(3959M) 0.064ms
[55.562s][info][gc,cpu         ] GC(624) User=0.00s Sys=0.00s Real=0.00s
[55.562s][info][gc,start       ] GC(625) Pause Full (Allocation Failure)
[55.562s][info][gc,phases,start] GC(625) Phase 1: Mark live objects
[55.563s][info][gc,phases      ] GC(625) Phase 1: Mark live objects 0.903ms
[55.563s][info][gc,phases,start] GC(625) Phase 2: Compute new object addresses
[55.564s][info][gc,phases      ] GC(625) Phase 2: Compute new object addresses 0.365ms
[55.564s][info][gc,phases,start] GC(625) Phase 3: Adjust pointers
[55.564s][info][gc,phases      ] GC(625) Phase 3: Adjust pointers 0.381ms
[55.564s][info][gc,phases,start] GC(625) Phase 4: Move objects
[55.636s][info][gc,phases      ] GC(625) Phase 4: Move objects 71.882ms
[55.636s][info][gc,heap        ] GC(625) DefNew: 1257796K(1258304K)->0K(1258304K) Eden: 1118528K(1118528K)->0K(1118528K) From: 139268K(139776K)->0K(139776K)
[55.636s][info][gc,heap        ] GC(625) Tenured: 2280928K(2796224K)->969656K(2796224K)
[55.636s][info][gc,metaspace   ] GC(625) Metaspace: 753K(896K)->753K(896K) NonClass: 681K(768K)->681K(768K) Class: 72K(128K)->72K(128K)
[55.636s][info][gc             ] GC(625) Pause Full (Allocation Failure) 3455M->946M(3959M) 73.850ms
[55.636s][info][gc,cpu         ] GC(625) User=0.06s Sys=0.00s Real=0.07s
[55.677s][info][gc,start       ] GC(626) Pause Young (Allocation Failure)
[55.760s][info][gc,heap        ] GC(626) DefNew: 1118528K(1258304K)->139268K(1258304K) Eden: 1118528K(1118528K)->0K(1118528K) From: 0K(139776K)->139268K(139776K)
[55.760s][info][gc,heap        ] GC(626) Tenured: 969656K(2796224K)->1939926K(2796224K)
[55.760s][info][gc,metaspace   ] GC(626) Metaspace: 753K(896K)->753K(896K) NonClass: 681K(768K)->681K(768K) Class: 72K(128K)->72K(128K)
[55.760s][info][gc             ] GC(626) Pause Young (Allocation Failure) 2039M->2030M(3959M) 82.884ms
[55.760s][info][gc,cpu         ] GC(626) User=0.09s Sys=0.00s Real=0.08s
[55.814s][info][gc,start       ] GC(627) Pause Young (Allocation Failure)
[55.814s][info][gc             ] GC(627) Pause Young (Allocation Failure) 3122M->3122M(3959M) 0.059ms
[55.814s][info][gc,cpu         ] GC(627) User=0.00s Sys=0.00s Real=0.00s
[55.814s][info][gc,start       ] GC(628) Pause Full (Allocation Failure)
[55.814s][info][gc,phases,start] GC(628) Phase 1: Mark live objects
[55.815s][info][gc,phases      ] GC(628) Phase 1: Mark live objects 0.797ms
[55.815s][info][gc,phases,start] GC(628) Phase 2: Compute new object addresses
[55.815s][info][gc,phases      ] GC(628) Phase 2: Compute new object addresses 0.321ms
[55.815s][info][gc,phases,start] GC(628) Phase 3: Adjust pointers
[55.816s][info][gc,phases      ] GC(628) Phase 3: Adjust pointers 0.379ms
[55.816s][info][gc,phases,start] GC(628) Phase 4: Move objects
[55.862s][info][gc,phases      ] GC(628) Phase 4: Move objects 46.410ms
[55.862s][info][gc,heap        ] GC(628) DefNew: 1257796K(1258304K)->0K(1258304K) Eden: 1118528K(1118528K)->0K(1118528K) From: 139268K(139776K)->0K(139776K)
[55.862s][info][gc,heap        ] GC(628) Tenured: 1939926K(2796224K)->630702K(2796224K)
[55.862s][info][gc,metaspace   ] GC(628) Metaspace: 753K(896K)->753K(896K) NonClass: 681K(768K)->681K(768K) Class: 72K(128K)->72K(128K)
[55.862s][info][gc             ] GC(628) Pause Full (Allocation Failure) 3122M->615M(3959M) 48.219ms
[55.862s][info][gc,cpu         ] GC(628) User=0.05s Sys=0.00s Real=0.05s
[55.905s][info][gc,start       ] GC(629) Pause Young (Allocation Failure)
[55.990s][info][gc,heap        ] GC(629) DefNew: 1118528K(1258304K)->139268K(1258304K) Eden: 1118528K(1118528K)->0K(1118528K) From: 0K(139776K)->139268K(139776K)
[55.990s][info][gc,heap        ] GC(629) Tenured: 630702K(2796224K)->1599947K(2796224K)
[55.990s][info][gc,metaspace   ] GC(629) Metaspace: 753K(896K)->753K(896K) NonClass: 681K(768K)->681K(768K) Class: 72K(128K)->72K(128K)
[55.990s][info][gc             ] GC(629) Pause Young (Allocation Failure) 1708M->1698M(3959M) 85.252ms
[55.990s][info][gc,cpu         ] GC(629) User=0.05s Sys=0.00s Real=0.09s
[56.051s][info][gc,start       ] GC(630) Pause Young (Allocation Failure)
[56.051s][info][gc             ] GC(630) Pause Young (Allocation Failure) 2790M->2790M(3959M) 0.065ms
[56.051s][info][gc,cpu         ] GC(630) User=0.00s Sys=0.00s Real=0.00s
[56.052s][info][gc,start       ] GC(631) Pause Full (Allocation Failure)
[56.052s][info][gc,phases,start] GC(631) Phase 1: Mark live objects
[56.052s][info][gc,phases      ] GC(631) Phase 1: Mark live objects 0.839ms
[56.052s][info][gc,phases,start] GC(631) Phase 2: Compute new object addresses
[56.053s][info][gc,phases      ] GC(631) Phase 2: Compute new object addresses 0.309ms
[56.053s][info][gc,phases,start] GC(631) Phase 3: Adjust pointers
[56.053s][info][gc,phases      ] GC(631) Phase 3: Adjust pointers 0.420ms
[56.053s][info][gc,phases,start] GC(631) Phase 4: Move objects
[56.072s][info][gc,phases      ] GC(631) Phase 4: Move objects 18.377ms
[56.072s][info][gc,heap        ] GC(631) DefNew: 1257796K(1258304K)->0K(1258304K) Eden: 1118528K(1118528K)->0K(1118528K) From: 139268K(139776K)->0K(139776K)
[56.072s][info][gc,heap        ] GC(631) Tenured: 1599947K(2796224K)->288163K(2796224K)
[56.072s][info][gc,metaspace   ] GC(631) Metaspace: 753K(896K)->753K(896K) NonClass: 681K(768K)->681K(768K) Class: 72K(128K)->72K(128K)
[56.072s][info][gc             ] GC(631) Pause Full (Allocation Failure) 2790M->281M(3959M) 20.267ms
[56.072s][info][gc,cpu         ] GC(631) User=0.00s Sys=0.00s Real=0.02s
[56.114s][info][gc,start       ] GC(632) Pause Young (Allocation Failure)
[56.196s][info][gc,heap        ] GC(632) DefNew: 1118528K(1258304K)->139268K(1258304K) Eden: 1118528K(1118528K)->0K(1118528K) From: 0K(139776K)->139268K(139776K)
[56.196s][info][gc,heap        ] GC(632) Tenured: 288163K(2796224K)->1259969K(2796224K)
[56.196s][info][gc,metaspace   ] GC(632) Metaspace: 753K(896K)->753K(896K) NonClass: 681K(768K)->681K(768K) Class: 72K(128K)->72K(128K)
[56.196s][info][gc             ] GC(632) Pause Young (Allocation Failure) 1373M->1366M(3959M) 82.580ms
[56.196s][info][gc,cpu         ] GC(632) User=0.05s Sys=0.00s Real=0.08s
[56.237s][info][gc,start       ] GC(633) Pause Young (Allocation Failure)
[56.328s][info][gc,heap        ] GC(633) DefNew: 1257796K(1258304K)->139268K(1258304K) Eden: 1118528K(1118528K)->0K(1118528K) From: 139268K(139776K)->139268K(139776K)
[56.328s][info][gc,heap        ] GC(633) Tenured: 1259969K(2796224K)->2368483K(2796224K)
[56.328s][info][gc,metaspace   ] GC(633) Metaspace: 753K(896K)->753K(896K) NonClass: 681K(768K)->681K(768K) Class: 72K(128K)->72K(128K)
[56.328s][info][gc             ] GC(633) Pause Young (Allocation Failure) 2458M->2448M(3959M) 90.420ms
[56.328s][info][gc,cpu         ] GC(633) User=0.09s Sys=0.00s Real=0.09s
[56.391s][info][gc,start       ] GC(634) Pause Young (Allocation Failure)
[56.391s][info][gc             ] GC(634) Pause Young (Allocation Failure) 3541M->3541M(3959M) 0.062ms
[56.391s][info][gc,cpu         ] GC(634) User=0.00s Sys=0.00s Real=0.00s
[56.391s][info][gc,start       ] GC(635) Pause Full (Allocation Failure)
[56.391s][info][gc,phases,start] GC(635) Phase 1: Mark live objects
[56.392s][info][gc,phases      ] GC(635) Phase 1: Mark live objects 0.980ms
[56.392s][info][gc,phases,start] GC(635) Phase 2: Compute new object addresses
[56.392s][info][gc,phases      ] GC(635) Phase 2: Compute new object addresses 0.399ms
[56.392s][info][gc,phases,start] GC(635) Phase 3: Adjust pointers
[56.393s][info][gc,phases      ] GC(635) Phase 3: Adjust pointers 0.461ms
[56.393s][info][gc,phases,start] GC(635) Phase 4: Move objects
[56.467s][info][gc,phases      ] GC(635) Phase 4: Move objects 74.838ms
[56.468s][info][gc,heap        ] GC(635) DefNew: 1257796K(1258304K)->0K(1258304K) Eden: 1118528K(1118528K)->0K(1118528K) From: 139268K(139776K)->0K(139776K)
[56.468s][info][gc,heap        ] GC(635) Tenured: 2368483K(2796224K)->1057211K(2796224K)
[56.468s][info][gc,metaspace   ] GC(635) Metaspace: 753K(896K)->753K(896K) NonClass: 681K(768K)->681K(768K) Class: 72K(128K)->72K(128K)
[56.468s][info][gc             ] GC(635) Pause Full (Allocation Failure) 3541M->1032M(3959M) 77.038ms
[56.468s][info][gc,cpu         ] GC(635) User=0.08s Sys=0.00s Real=0.08s
[56.510s][info][gc,start       ] GC(636) Pause Young (Allocation Failure)
[56.601s][info][gc,heap        ] GC(636) DefNew: 1118528K(1258304K)->139268K(1258304K) Eden: 1118528K(1118528K)->0K(1118528K) From: 0K(139776K)->139268K(139776K)
[56.601s][info][gc,heap        ] GC(636) Tenured: 1057211K(2796224K)->2027480K(2796224K)
[56.601s][info][gc,metaspace   ] GC(636) Metaspace: 753K(896K)->753K(896K) NonClass: 681K(768K)->681K(768K) Class: 72K(128K)->72K(128K)
[56.601s][info][gc             ] GC(636) Pause Young (Allocation Failure) 2124M->2115M(3959M) 90.339ms
[56.601s][info][gc,cpu         ] GC(636) User=0.05s Sys=0.00s Real=0.09s
[56.663s][info][gc,start       ] GC(637) Pause Young (Allocation Failure)
[56.663s][info][gc             ] GC(637) Pause Young (Allocation Failure) 3208M->3208M(3959M) 0.065ms
[56.663s][info][gc,cpu         ] GC(637) User=0.00s Sys=0.00s Real=0.00s
[56.663s][info][gc,start       ] GC(638) Pause Full (Allocation Failure)
[56.663s][info][gc,phases,start] GC(638) Phase 1: Mark live objects
[56.664s][info][gc,phases      ] GC(638) Phase 1: Mark live objects 0.819ms
[56.664s][info][gc,phases,start] GC(638) Phase 2: Compute new object addresses
[56.664s][info][gc,phases      ] GC(638) Phase 2: Compute new object addresses 0.359ms
[56.664s][info][gc,phases,start] GC(638) Phase 3: Adjust pointers
[56.664s][info][gc,phases      ] GC(638) Phase 3: Adjust pointers 0.416ms
[56.664s][info][gc,phases,start] GC(638) Phase 4: Move objects
[56.719s][info][gc,phases      ] GC(638) Phase 4: Move objects 54.781ms
[56.719s][info][gc,heap        ] GC(638) DefNew: 1257796K(1258304K)->0K(1258304K) Eden: 1118528K(1118528K)->0K(1118528K) From: 139268K(139776K)->0K(139776K)
[56.719s][info][gc,heap        ] GC(638) Tenured: 2027480K(2796224K)->716208K(2796224K)
[56.719s][info][gc,metaspace   ] GC(638) Metaspace: 753K(896K)->753K(896K) NonClass: 681K(768K)->681K(768K) Class: 72K(128K)->72K(128K)
[56.719s][info][gc             ] GC(638) Pause Full (Allocation Failure) 3208M->699M(3959M) 56.716ms
[56.719s][info][gc,cpu         ] GC(638) User=0.06s Sys=0.00s Real=0.06s
[56.763s][info][gc,start       ] GC(639) Pause Young (Allocation Failure)
[56.849s][info][gc,heap        ] GC(639) DefNew: 1118528K(1258304K)->139268K(1258304K) Eden: 1118528K(1118528K)->0K(1118528K) From: 0K(139776K)->139268K(139776K)
[56.849s][info][gc,heap        ] GC(639) Tenured: 716208K(2796224K)->1686478K(2796224K)
[56.849s][info][gc,metaspace   ] GC(639) Metaspace: 753K(896K)->753K(896K) NonClass: 681K(768K)->681K(768K) Class: 72K(128K)->72K(128K)
[56.849s][info][gc             ] GC(639) Pause Young (Allocation Failure) 1791M->1782M(3959M) 86.487ms
[56.849s][info][gc,cpu         ] GC(639) User=0.02s Sys=0.00s Real=0.09s
[56.912s][info][gc,start       ] GC(640) Pause Young (Allocation Failure)
[56.912s][info][gc             ] GC(640) Pause Young (Allocation Failure) 2875M->2875M(3959M) 0.111ms
[56.912s][info][gc,cpu         ] GC(640) User=0.00s Sys=0.00s Real=0.00s
[56.912s][info][gc,start       ] GC(641) Pause Full (Allocation Failure)
[56.912s][info][gc,phases,start] GC(641) Phase 1: Mark live objects
[56.913s][info][gc,phases      ] GC(641) Phase 1: Mark live objects 0.860ms
[56.913s][info][gc,phases,start] GC(641) Phase 2: Compute new object addresses
[56.913s][info][gc,phases      ] GC(641) Phase 2: Compute new object addresses 0.314ms
[56.913s][info][gc,phases,start] GC(641) Phase 3: Adjust pointers
[56.914s][info][gc,phases      ] GC(641) Phase 3: Adjust pointers 0.353ms
[56.914s][info][gc,phases,start] GC(641) Phase 4: Move objects
[56.942s][info][gc,phases      ] GC(641) Phase 4: Move objects 28.101ms
[56.942s][info][gc,heap        ] GC(641) DefNew: 1257796K(1258304K)->0K(1258304K) Eden: 1118528K(1118528K)->0K(1118528K) From: 139268K(139776K)->0K(139776K)
[56.942s][info][gc,heap        ] GC(641) Tenured: 1686478K(2796224K)->375206K(2796224K)
[56.942s][info][gc,metaspace   ] GC(641) Metaspace: 753K(896K)->753K(896K) NonClass: 681K(768K)->681K(768K) Class: 72K(128K)->72K(128K)
[56.942s][info][gc             ] GC(641) Pause Full (Allocation Failure) 2875M->366M(3959M) 29.896ms
[56.942s][info][gc,cpu         ] GC(641) User=0.00s Sys=0.00s Real=0.03s
[56.985s][info][gc,start       ] GC(642) Pause Young (Allocation Failure)
[57.070s][info][gc,heap        ] GC(642) DefNew: 1118528K(1258304K)->139268K(1258304K) Eden: 1118528K(1118528K)->0K(1118528K) From: 0K(139776K)->139268K(139776K)
[57.070s][info][gc,heap        ] GC(642) Tenured: 375206K(2796224K)->1347524K(2796224K)
[57.070s][info][gc,metaspace   ] GC(642) Metaspace: 753K(896K)->753K(896K) NonClass: 681K(768K)->681K(768K) Class: 72K(128K)->72K(128K)
[57.070s][info][gc             ] GC(642) Pause Young (Allocation Failure) 1458M->1451M(3959M) 85.619ms
[57.070s][info][gc,cpu         ] GC(642) User=0.03s Sys=0.00s Real=0.09s
[57.132s][info][gc,start       ] GC(643) Pause Young (Allocation Failure)
[57.135s][info][gc,heap        ] GC(643) DefNew: 1257796K(1258304K)->34305K(1258304K) Eden: 1118528K(1118528K)->0K(1118528K) From: 139268K(139776K)->34305K(139776K)
[57.135s][info][gc,heap        ] GC(643) Tenured: 1347524K(2796224K)->1347524K(2796224K)
[57.135s][info][gc,metaspace   ] GC(643) Metaspace: 753K(896K)->753K(896K) NonClass: 681K(768K)->681K(768K) Class: 72K(128K)->72K(128K)
[57.135s][info][gc             ] GC(643) Pause Young (Allocation Failure) 2544M->1349M(3959M) 2.505ms
[57.135s][info][gc,cpu         ] GC(643) User=0.02s Sys=0.00s Real=0.00s
[57.182s][info][gc,start       ] GC(644) Pause Young (Allocation Failure)
[57.260s][info][gc,heap        ] GC(644) DefNew: 1152833K(1258304K)->139268K(1258304K) Eden: 1118528K(1118528K)->0K(1118528K) From: 34305K(139776K)->139268K(139776K)
[57.260s][info][gc,heap        ] GC(644) Tenured: 1347524K(2796224K)->2351586K(2796224K)
[57.260s][info][gc,metaspace   ] GC(644) Metaspace: 753K(896K)->753K(896K) NonClass: 681K(768K)->681K(768K) Class: 72K(128K)->72K(128K)
[57.260s][info][gc             ] GC(644) Pause Young (Allocation Failure) 2441M->2432M(3959M) 77.518ms
[57.260s][info][gc,cpu         ] GC(644) User=0.03s Sys=0.00s Real=0.08s
[57.306s][info][gc,start       ] GC(645) Pause Young (Allocation Failure)
[57.307s][info][gc             ] GC(645) Pause Young (Allocation Failure) 3524M->3524M(3959M) 0.081ms
[57.307s][info][gc,cpu         ] GC(645) User=0.00s Sys=0.00s Real=0.00s
[57.307s][info][gc,start       ] GC(646) Pause Full (Allocation Failure)
[57.307s][info][gc,phases,start] GC(646) Phase 1: Mark live objects
[57.308s][info][gc,phases      ] GC(646) Phase 1: Mark live objects 1.218ms
[57.308s][info][gc,phases,start] GC(646) Phase 2: Compute new object addresses
[57.309s][info][gc,phases      ] GC(646) Phase 2: Compute new object addresses 0.695ms
[57.309s][info][gc,phases,start] GC(646) Phase 3: Adjust pointers
[57.309s][info][gc,phases      ] GC(646) Phase 3: Adjust pointers 0.565ms
[57.309s][info][gc,phases,start] GC(646) Phase 4: Move objects
[57.490s][info][gc,phases      ] GC(646) Phase 4: Move objects 180.587ms
[57.490s][info][gc,heap        ] GC(646) DefNew: 1257796K(1258304K)->0K(1258304K) Eden: 1118528K(1118528K)->0K(1118528K) From: 139268K(139776K)->0K(139776K)
[57.490s][info][gc,heap        ] GC(646) Tenured: 2351586K(2796224K)->2255327K(2796224K)
[57.490s][info][gc,metaspace   ] GC(646) Metaspace: 753K(896K)->753K(896K) NonClass: 681K(768K)->681K(768K) Class: 72K(128K)->72K(128K)
[57.490s][info][gc             ] GC(646) Pause Full (Allocation Failure) 3524M->2202M(3959M) 183.389ms
[57.490s][info][gc,cpu         ] GC(646) User=0.05s Sys=0.00s Real=0.18s
[57.554s][info][gc,start       ] GC(647) Pause Young (Allocation Failure)
[57.554s][info][gc             ] GC(647) Pause Young (Allocation Failure) 3294M->3294M(3959M) 0.101ms
[57.555s][info][gc,cpu         ] GC(647) User=0.00s Sys=0.00s Real=0.00s
[57.555s][info][gc,start       ] GC(648) Pause Full (Allocation Failure)
[57.555s][info][gc,phases,start] GC(648) Phase 1: Mark live objects
[57.556s][info][gc,phases      ] GC(648) Phase 1: Mark live objects 1.085ms
[57.556s][info][gc,phases,start] GC(648) Phase 2: Compute new object addresses
[57.556s][info][gc,phases      ] GC(648) Phase 2: Compute new object addresses 0.443ms
[57.556s][info][gc,phases,start] GC(648) Phase 3: Adjust pointers
[57.556s][info][gc,phases      ] GC(648) Phase 3: Adjust pointers 0.398ms
[57.557s][info][gc,phases,start] GC(648) Phase 4: Move objects
[57.620s][info][gc,phases      ] GC(648) Phase 4: Move objects 63.690ms
[57.620s][info][gc,heap        ] GC(648) DefNew: 1118528K(1258304K)->0K(1258304K) Eden: 1118528K(1118528K)->0K(1118528K) From: 0K(139776K)->0K(139776K)
[57.620s][info][gc,heap        ] GC(648) Tenured: 2255327K(2796224K)->803763K(2796224K)
[57.620s][info][gc,metaspace   ] GC(648) Metaspace: 753K(896K)->753K(896K) NonClass: 681K(768K)->681K(768K) Class: 72K(128K)->72K(128K)
[57.620s][info][gc             ] GC(648) Pause Full (Allocation Failure) 3294M->784M(3959M) 65.941ms
[57.620s][info][gc,cpu         ] GC(648) User=0.00s Sys=0.00s Real=0.06s
[57.670s][info][gc,start       ] GC(649) Pause Young (Allocation Failure)
[57.758s][info][gc,heap        ] GC(649) DefNew: 1118528K(1258304K)->139268K(1258304K) Eden: 1118528K(1118528K)->0K(1118528K) From: 0K(139776K)->139268K(139776K)
[57.758s][info][gc,heap        ] GC(649) Tenured: 803763K(2796224K)->1774033K(2796224K)
[57.758s][info][gc,metaspace   ] GC(649) Metaspace: 753K(896K)->753K(896K) NonClass: 681K(768K)->681K(768K) Class: 72K(128K)->72K(128K)
[57.758s][info][gc             ] GC(649) Pause Young (Allocation Failure) 1877M->1868M(3959M) 88.021ms
[57.758s][info][gc,cpu         ] GC(649) User=0.02s Sys=0.00s Real=0.09s
[57.821s][info][gc,start       ] GC(650) Pause Young (Allocation Failure)
[57.821s][info][gc             ] GC(650) Pause Young (Allocation Failure) 2960M->2960M(3959M) 0.082ms
[57.821s][info][gc,cpu         ] GC(650) User=0.00s Sys=0.00s Real=0.00s
[57.821s][info][gc,start       ] GC(651) Pause Full (Allocation Failure)
[57.821s][info][gc,phases,start] GC(651) Phase 1: Mark live objects
[57.822s][info][gc,phases      ] GC(651) Phase 1: Mark live objects 0.901ms
[57.822s][info][gc,phases,start] GC(651) Phase 2: Compute new object addresses
[57.822s][info][gc,phases      ] GC(651) Phase 2: Compute new object addresses 0.335ms
[57.822s][info][gc,phases,start] GC(651) Phase 3: Adjust pointers
[57.822s][info][gc,phases      ] GC(651) Phase 3: Adjust pointers 0.390ms
[57.822s][info][gc,phases,start] GC(651) Phase 4: Move objects
[57.858s][info][gc,phases      ] GC(651) Phase 4: Move objects 35.683ms
[57.858s][info][gc,heap        ] GC(651) DefNew: 1257796K(1258304K)->0K(1258304K) Eden: 1118528K(1118528K)->0K(1118528K) From: 139268K(139776K)->0K(139776K)
[57.858s][info][gc,heap        ] GC(651) Tenured: 1774033K(2796224K)->462761K(2796224K)
[57.858s][info][gc,metaspace   ] GC(651) Metaspace: 753K(896K)->753K(896K) NonClass: 681K(768K)->681K(768K) Class: 72K(128K)->72K(128K)
[57.858s][info][gc             ] GC(651) Pause Full (Allocation Failure) 2960M->451M(3959M) 37.636ms
[57.858s][info][gc,cpu         ] GC(651) User=0.00s Sys=0.00s Real=0.04s
[57.903s][info][gc,start       ] GC(652) Pause Young (Allocation Failure)
[57.992s][info][gc,heap        ] GC(652) DefNew: 1118528K(1258304K)->139268K(1258304K) Eden: 1118528K(1118528K)->0K(1118528K) From: 0K(139776K)->139268K(139776K)
[57.992s][info][gc,heap        ] GC(652) Tenured: 462761K(2796224K)->1433030K(2796224K)
[57.992s][info][gc,metaspace   ] GC(652) Metaspace: 753K(896K)->753K(896K) NonClass: 681K(768K)->681K(768K) Class: 72K(128K)->72K(128K)
[57.992s][info][gc             ] GC(652) Pause Young (Allocation Failure) 1544M->1535M(3959M) 88.610ms
[57.992s][info][gc,cpu         ] GC(652) User=0.02s Sys=0.00s Real=0.09s
[58.056s][info][gc,start       ] GC(653) Pause Young (Allocation Failure)
[58.067s][info][gc,heap        ] GC(653) DefNew: 1257796K(1258304K)->120835K(1258304K) Eden: 1118528K(1118528K)->0K(1118528K) From: 139268K(139776K)->120835K(139776K)
[58.067s][info][gc,heap        ] GC(653) Tenured: 1433030K(2796224K)->1433030K(2796224K)
[58.067s][info][gc,metaspace   ] GC(653) Metaspace: 753K(896K)->753K(896K) NonClass: 681K(768K)->681K(768K) Class: 72K(128K)->72K(128K)
[58.067s][info][gc             ] GC(653) Pause Young (Allocation Failure) 2627M->1517M(3959M) 11.600ms
[58.067s][info][gc,cpu         ] GC(653) User=0.00s Sys=0.00s Real=0.01s
[58.110s][info][gc,start       ] GC(654) Pause Young (Allocation Failure)
[58.204s][info][gc,heap        ] GC(654) DefNew: 1239363K(1258304K)->139268K(1258304K) Eden: 1118528K(1118528K)->0K(1118528K) From: 120835K(139776K)->139268K(139776K)
[58.204s][info][gc,heap        ] GC(654) Tenured: 1433030K(2796224K)->2524135K(2796224K)
[58.204s][info][gc,metaspace   ] GC(654) Metaspace: 753K(896K)->753K(896K) NonClass: 681K(768K)->681K(768K) Class: 72K(128K)->72K(128K)
[58.204s][info][gc             ] GC(654) Pause Young (Allocation Failure) 2609M->2600M(3959M) 94.777ms
[58.204s][info][gc,cpu         ] GC(654) User=0.03s Sys=0.00s Real=0.10s
[58.246s][info][gc,start       ] GC(655) Pause Young (Allocation Failure)
[58.246s][info][gc             ] GC(655) Pause Young (Allocation Failure) 3693M->3693M(3959M) 0.062ms
[58.246s][info][gc,cpu         ] GC(655) User=0.00s Sys=0.00s Real=0.00s
[58.246s][info][gc,start       ] GC(656) Pause Full (Allocation Failure)
[58.246s][info][gc,phases,start] GC(656) Phase 1: Mark live objects
[58.247s][info][gc,phases      ] GC(656) Phase 1: Mark live objects 0.921ms
[58.247s][info][gc,phases,start] GC(656) Phase 2: Compute new object addresses
[58.248s][info][gc,phases      ] GC(656) Phase 2: Compute new object addresses 0.395ms
[58.248s][info][gc,phases,start] GC(656) Phase 3: Adjust pointers
[58.248s][info][gc,phases      ] GC(656) Phase 3: Adjust pointers 0.468ms
[58.248s][info][gc,phases,start] GC(656) Phase 4: Move objects
[58.433s][info][gc,phases      ] GC(656) Phase 4: Move objects 184.743ms
[58.433s][info][gc,heap        ] GC(656) DefNew: 1257796K(1258304K)->0K(1258304K) Eden: 1118528K(1118528K)->0K(1118528K) From: 139268K(139776K)->0K(139776K)
[58.433s][info][gc,heap        ] GC(656) Tenured: 2524135K(2796224K)->2342882K(2796224K)
[58.433s][info][gc,metaspace   ] GC(656) Metaspace: 753K(896K)->753K(896K) NonClass: 681K(768K)->681K(768K) Class: 72K(128K)->72K(128K)
[58.433s][info][gc             ] GC(656) Pause Full (Allocation Failure) 3693M->2287M(3959M) 186.890ms
[58.433s][info][gc,cpu         ] GC(656) User=0.12s Sys=0.00s Real=0.19s
[58.491s][info][gc,start       ] GC(657) Pause Young (Allocation Failure)
[58.491s][info][gc             ] GC(657) Pause Young (Allocation Failure) 3380M->3380M(3959M) 0.060ms
[58.491s][info][gc,cpu         ] GC(657) User=0.00s Sys=0.00s Real=0.00s
[58.491s][info][gc,start       ] GC(658) Pause Full (Allocation Failure)
[58.491s][info][gc,phases,start] GC(658) Phase 1: Mark live objects
[58.492s][info][gc,phases      ] GC(658) Phase 1: Mark live objects 1.036ms
[58.492s][info][gc,phases,start] GC(658) Phase 2: Compute new object addresses
[58.493s][info][gc,phases      ] GC(658) Phase 2: Compute new object addresses 0.528ms
[58.493s][info][gc,phases,start] GC(658) Phase 3: Adjust pointers
[58.493s][info][gc,phases      ] GC(658) Phase 3: Adjust pointers 0.453ms
[58.493s][info][gc,phases,start] GC(658) Phase 4: Move objects
[58.564s][info][gc,phases      ] GC(658) Phase 4: Move objects 70.702ms
[58.564s][info][gc,heap        ] GC(658) DefNew: 1118528K(1258304K)->0K(1258304K) Eden: 1118528K(1118528K)->0K(1118528K) From: 0K(139776K)->0K(139776K)
[58.564s][info][gc,heap        ] GC(658) Tenured: 2342882K(2796224K)->891318K(2796224K)
[58.564s][info][gc,metaspace   ] GC(658) Metaspace: 753K(896K)->753K(896K) NonClass: 681K(768K)->681K(768K) Class: 72K(128K)->72K(128K)
[58.564s][info][gc             ] GC(658) Pause Full (Allocation Failure) 3380M->870M(3959M) 73.071ms
[58.564s][info][gc,cpu         ] GC(658) User=0.00s Sys=0.00s Real=0.07s
[58.609s][info][gc,start       ] GC(659) Pause Young (Allocation Failure)
[58.687s][info][gc,heap        ] GC(659) DefNew: 1118528K(1258304K)->139268K(1258304K) Eden: 1118528K(1118528K)->0K(1118528K) From: 0K(139776K)->139268K(139776K)
[58.687s][info][gc,heap        ] GC(659) Tenured: 891318K(2796224K)->1861075K(2796224K)
[58.687s][info][gc,metaspace   ] GC(659) Metaspace: 753K(896K)->753K(896K) NonClass: 681K(768K)->681K(768K) Class: 72K(128K)->72K(128K)
[58.687s][info][gc             ] GC(659) Pause Young (Allocation Failure) 1962M->1953M(3959M) 77.752ms
[58.687s][info][gc,cpu         ] GC(659) User=0.05s Sys=0.00s Real=0.08s
[58.722s][info][gc,heap,exit   ] Heap
[58.722s][info][gc,heap,exit   ]  def new generation   total 1258304K, used 736268K [0x0000000700000000, 0x0000000755550000, 0x0000000755550000)
[58.722s][info][gc,heap,exit   ]   eden space 1118528K,  53% used [0x0000000700000000, 0x0000000724702268, 0x0000000744450000)
[58.722s][info][gc,heap,exit   ]   from space 139776K,  99% used [0x0000000744450000, 0x000000074cc51100, 0x000000074ccd0000)
[58.722s][info][gc,heap,exit   ]   to   space 139776K,   0% used [0x000000074ccd0000, 0x000000074ccd0000, 0x0000000755550000)
[58.722s][info][gc,heap,exit   ]  tenured generation   total 2796224K, used 1861075K [0x0000000755550000, 0x0000000800000000, 0x0000000800000000)
[58.722s][info][gc,heap,exit   ]    the space 2796224K,  66% used [0x0000000755550000, 0x00000007c6ec4ec0, 0x00000007c6ec5000, 0x0000000800000000)
[58.723s][info][gc,heap,exit   ]  Metaspace       used 834K, committed 1088K, reserved 1114112K
[58.723s][info][gc,heap,exit   ]   class space    used 81K, committed 192K, reserved 1048576K
