[0.008s][info][gc,init] Initializing The Z Garbage Collector
[0.008s][info][gc,init] Version: 21.0.6+8-LTS-188 (release)
[0.008s][info][gc,init] NUMA Support: Disabled
[0.009s][info][gc,init] CPUs: 16 total, 16 available
[0.009s][info][gc,init] Memory: 16066M
[0.009s][info][gc,init] Large Page Support: Disabled
[0.009s][info][gc,init] Address Space Type: Contiguous/Unrestricted/Complete
[0.009s][info][gc,init] Address Space Size: 16384M
[0.009s][info][gc,init] Min Capacity: 1024M
[0.009s][info][gc,init] Initial Capacity: 1024M
[0.009s][info][gc,init] Max Capacity: 1024M
[0.009s][info][gc,init] Soft Max Capacity: 1024M
[0.009s][info][gc,init] Medium Page Size: 32M
[0.009s][info][gc,init] Pre-touch: Disabled
[0.009s][info][gc,init] Uncommit: Implicitly Disabled (-Xms equals -Xmx)
[0.009s][info][gc,init] GC Workers for Old Generation: 4 (dynamic)
[0.009s][info][gc,init] GC Workers for Young Generation: 4 (dynamic)
[0.027s][info][gc,init] GC Workers Max: 4 (dynamic)
[0.027s][info][gc,init] Runtime Workers: 10
[0.028s][info][gc     ] Using The Z Garbage Collector
[0.035s][info][gc,metaspace] CDS archive(s) mapped at: [0x000001c736000000-0x000001c736c90000-0x000001c736c90000), size 13172736, SharedBaseAddress: 0x000001c736000000, ArchiveRelocationMode: 1.
[0.035s][info][gc,metaspace] Compressed class space mapped at: 0x000001c737000000-0x000001c777000000, reserved size: 1073741824
[0.035s][info][gc,metaspace] Narrow klass base: 0x000001c736000000, Narrow klass shift: 0, Narrow klass range: 0x100000000
[0.103s][info][gc          ] GC(0) Major Collection (Warmup)
[0.103s][info][gc,task     ] GC(0) Using 4 Workers for Young Generation
[0.103s][info][gc,task     ] GC(0) Using 3 Workers for Old Generation
[0.103s][info][gc,phases   ] GC(0) Y: Young Generation
[0.103s][info][gc,phases   ] GC(0) Y: Pause Mark Start (Major) 0.012ms
[0.104s][info][gc,phases   ] GC(0) Y: Concurrent Mark 1.073ms
[0.104s][info][gc,phases   ] GC(0) Y: Pause Mark End 0.010ms
[0.104s][info][gc,phases   ] GC(0) Y: Concurrent Mark Free 0.000ms
[0.104s][info][gc,phases   ] GC(0) Y: Concurrent Reset Relocation Set 0.000ms
[0.108s][info][gc,reloc    ] GC(0) Y: Using tenuring threshold: 1 (Computed)
[0.109s][info][gc,phases   ] GC(0) Y: Concurrent Select Relocation Set 4.604ms
[0.109s][info][gc,phases   ] GC(0) Y: Pause Relocate Start 0.012ms
[0.110s][info][gc,phases   ] GC(0) Y: Concurrent Relocate 0.590ms
[0.110s][info][gc,alloc    ] GC(0) Y:                         Mark Start        Mark End      Relocate Start    Relocate End   
[0.110s][info][gc,alloc    ] GC(0) Y: Allocation Stalls:          0                0                0                0         
[0.110s][info][gc,load     ] GC(0) Y: Load: 0.00 (0%) / 0.00 (0%) / 0.00 (0%)
[0.110s][info][gc,mmu      ] GC(0) Y: MMU: 2ms/98.9%, 5ms/99.6%, 10ms/99.7%, 20ms/99.8%, 50ms/99.9%, 100ms/100.0%
[0.110s][info][gc,marking  ] GC(0) Y: Mark: 4 stripe(s), 8 proactive flush(es), 1 terminate flush(es), 0 completion(s), 0 continuation(s) 
[0.110s][info][gc,marking  ] GC(0) Y: Mark Stack Usage: 32M
[0.110s][info][gc,nmethod  ] GC(0) Y: NMethods: 84 registered, 0 unregistered
[0.110s][info][gc,metaspace] GC(0) Y: Metaspace: 0M used, 0M committed, 1088M reserved
[0.110s][info][gc,reloc    ] GC(0) Y:                        Candidates     Selected     In-Place         Size        Empty    Relocated 
[0.110s][info][gc,reloc    ] GC(0) Y: Small Pages:                   53            8            0         106M          80M           1M 
[0.110s][info][gc,reloc    ] GC(0) Y: Medium Pages:                   0            0            0           0M           0M           0M 
[0.110s][info][gc,reloc    ] GC(0) Y: Large Pages:                    0            0            0           0M           0M           0M 
[0.110s][info][gc,reloc    ] GC(0) Y: Forwarding Usage: 0M
[0.110s][info][gc,reloc    ] GC(0) Y: Age Table:
[0.110s][info][gc,reloc    ] GC(0) Y:                    Live             Garbage             Small              Medium             Large        
[0.110s][info][gc,reloc    ] GC(0) Y: Eden               8M (1%)           97M (10%)         53 / 8              0 / 0              0 / 0        
[0.110s][info][gc,heap     ] GC(0) Y: Min Capacity: 1024M(100%)
[0.110s][info][gc,heap     ] GC(0) Y: Max Capacity: 1024M(100%)
[0.110s][info][gc,heap     ] GC(0) Y: Soft Max Capacity: 1024M(100%)
[0.110s][info][gc,heap     ] GC(0) Y: Heap Statistics:
[0.110s][info][gc,heap     ] GC(0) Y:                Mark Start          Mark End        Relocate Start      Relocate End           High               Low         
[0.110s][info][gc,heap     ] GC(0) Y:  Capacity:     1024M (100%)       1024M (100%)       1024M (100%)       1024M (100%)       1024M (100%)       1024M (100%)   
[0.110s][info][gc,heap     ] GC(0) Y:      Free:      918M (90%)         914M (89%)         982M (96%)         988M (96%)         988M (96%)         906M (88%)    
[0.110s][info][gc,heap     ] GC(0) Y:      Used:      106M (10%)         110M (11%)          42M (4%)           36M (4%)          118M (12%)          36M (4%)     
[0.110s][info][gc,heap     ] GC(0) Y: Young Generation Statistics:
[0.110s][info][gc,heap     ] GC(0) Y:                Mark Start          Mark End        Relocate Start      Relocate End    
[0.110s][info][gc,heap     ] GC(0) Y:      Used:      106M (10%)         110M (11%)          42M (4%)           36M (4%)     
[0.110s][info][gc,heap     ] GC(0) Y:      Live:         -                 8M (1%)            8M (1%)            8M (1%)     
[0.110s][info][gc,heap     ] GC(0) Y:   Garbage:         -                97M (10%)          17M (2%)            1M (0%)     
[0.110s][info][gc,heap     ] GC(0) Y: Allocated:         -                 4M (0%)           16M (2%)           26M (3%)     
[0.110s][info][gc,heap     ] GC(0) Y: Reclaimed:         -                  -                80M (8%)           96M (9%)     
[0.110s][info][gc,heap     ] GC(0) Y:  Promoted:         -                  -                 0M (0%)            0M (0%)     
[0.110s][info][gc,heap     ] GC(0) Y: Compacted:         -                  -                  -                 1M (0%)     
[0.110s][info][gc,phases   ] GC(0) Y: Young Generation 106M(10%)->36M(4%) 0.007s
[0.110s][info][gc,phases   ] GC(0) O: Old Generation
[0.111s][info][gc,phases   ] GC(0) O: Concurrent Mark 0.441ms
[0.111s][info][gc,phases   ] GC(0) O: Pause Mark End 0.009ms
[0.111s][info][gc,phases   ] GC(0) O: Concurrent Mark Free 0.133ms
[0.111s][info][gc,phases   ] GC(0) O: Concurrent Process Non-Strong 0.319ms
[0.111s][info][gc,phases   ] GC(0) O: Concurrent Reset Relocation Set 0.000ms
[0.112s][info][gc,phases   ] GC(0) O: Concurrent Select Relocation Set 1.342ms
[0.112s][info][gc,task     ] GC(0) O: Using 4 Workers for Old Generation
[0.153s][info][gc,task     ] GC(0) O: Using 3 Workers for Old Generation
[0.153s][info][gc,phases   ] GC(0) O: Concurrent Remap Roots 40.456ms
[0.153s][info][gc,phases   ] GC(0) O: Pause Relocate Start 0.011ms
[0.154s][info][gc,phases   ] GC(0) O: Concurrent Relocate 0.404ms
[0.154s][info][gc,alloc    ] GC(0) O:                         Mark Start        Mark End      Relocate Start    Relocate End   
[0.154s][info][gc,alloc    ] GC(0) O: Allocation Stalls:          0                0                0                0         
[0.154s][info][gc,load     ] GC(0) O: Load: 0.00 (0%) / 0.00 (0%) / 0.00 (0%)
[0.154s][info][gc,mmu      ] GC(0) O: MMU: 2ms/98.9%, 5ms/99.6%, 10ms/99.6%, 20ms/99.8%, 50ms/99.9%, 100ms/99.9%
[0.154s][info][gc,marking  ] GC(0) O: Mark: 2 stripe(s), 1 proactive flush(es), 1 terminate flush(es), 0 completion(s), 0 continuation(s) 
[0.154s][info][gc,marking  ] GC(0) O: Mark Stack Usage: 0M
[0.154s][info][gc,nmethod  ] GC(0) O: NMethods: 83 registered, 3 unregistered
[0.154s][info][gc,metaspace] GC(0) O: Metaspace: 0M used, 0M committed, 1088M reserved
[0.154s][info][gc,ref      ] GC(0) O:                       Encountered   Discovered     Enqueued 
[0.154s][info][gc,ref      ] GC(0) O: Soft References:                2            0            0 
[0.154s][info][gc,ref      ] GC(0) O: Weak References:                9            0            0 
[0.154s][info][gc,ref      ] GC(0) O: Final References:               0            0            0 
[0.154s][info][gc,ref      ] GC(0) O: Phantom References:             1            0            0 
[0.154s][info][gc,heap     ] GC(0) O: Min Capacity: 1024M(100%)
[0.154s][info][gc,heap     ] GC(0) O: Max Capacity: 1024M(100%)
[0.154s][info][gc,heap     ] GC(0) O: Soft Max Capacity: 1024M(100%)
[0.154s][info][gc,heap     ] GC(0) O: Heap Statistics:
[0.154s][info][gc,heap     ] GC(0) O:                Mark Start          Mark End        Relocate Start      Relocate End           High               Low         
[0.154s][info][gc,heap     ] GC(0) O:  Capacity:     1024M (100%)       1024M (100%)       1024M (100%)       1024M (100%)       1024M (100%)       1024M (100%)   
[0.154s][info][gc,heap     ] GC(0) O:      Free:      918M (90%)         988M (96%)         856M (84%)         856M (84%)         988M (96%)         856M (84%)    
[0.154s][info][gc,heap     ] GC(0) O:      Used:      106M (10%)          36M (4%)          168M (16%)         168M (16%)         168M (16%)          36M (4%)     
[0.154s][info][gc,heap     ] GC(0) O: Old Generation Statistics:
[0.154s][info][gc,heap     ] GC(0) O:                Mark Start          Mark End        Relocate Start      Relocate End    
[0.154s][info][gc,heap     ] GC(0) O:      Used:        0M (0%)            0M (0%)            0M (0%)            0M (0%)     
[0.154s][info][gc,heap     ] GC(0) O:      Live:         -                 0M (0%)            0M (0%)            0M (0%)     
[0.154s][info][gc,heap     ] GC(0) O:   Garbage:         -                 0M (0%)            0M (0%)            0M (0%)     
[0.154s][info][gc,heap     ] GC(0) O: Allocated:         -                 0M (0%)            0M (0%)            0M (0%)     
[0.154s][info][gc,heap     ] GC(0) O: Reclaimed:         -                  -                 0M (0%)            0M (0%)     
[0.154s][info][gc,heap     ] GC(0) O: Compacted:         -                  -                  -                 0M (0%)     
[0.154s][info][gc,phases   ] GC(0) O: Old Generation 36M(4%)->168M(16%) 0.044s
[0.154s][info][gc          ] GC(0) Major Collection (Warmup) 106M(10%)->168M(16%) 0.051s
[0.172s][info][gc          ] GC(1) Major Collection (Warmup)
[0.172s][info][gc,task     ] GC(1) Using 4 Workers for Young Generation
[0.172s][info][gc,task     ] GC(1) Using 1 Workers for Old Generation
[0.172s][info][gc,phases   ] GC(1) Y: Young Generation
[0.172s][info][gc,phases   ] GC(1) Y: Pause Mark Start (Major) 0.012ms
[0.174s][info][gc,phases   ] GC(1) Y: Concurrent Mark 1.393ms
[0.174s][info][gc,phases   ] GC(1) Y: Pause Mark End 0.009ms
[0.174s][info][gc,phases   ] GC(1) Y: Concurrent Mark Free 0.002ms
[0.174s][info][gc,phases   ] GC(1) Y: Concurrent Reset Relocation Set 0.001ms
[0.176s][info][gc,reloc    ] GC(1) Y: Using tenuring threshold: 2 (Computed)
[0.177s][info][gc,phases   ] GC(1) Y: Concurrent Select Relocation Set 2.644ms
[0.177s][info][gc,phases   ] GC(1) Y: Pause Relocate Start 0.009ms
[0.177s][info][gc,phases   ] GC(1) Y: Concurrent Relocate 0.570ms
[0.178s][info][gc,alloc    ] GC(1) Y:                         Mark Start        Mark End      Relocate Start    Relocate End   
[0.178s][info][gc,alloc    ] GC(1) Y: Allocation Stalls:          0                0                0                0         
[0.178s][info][gc,load     ] GC(1) Y: Load: 0.00 (0%) / 0.00 (0%) / 0.00 (0%)
[0.178s][info][gc,mmu      ] GC(1) Y: MMU: 2ms/98.9%, 5ms/99.4%, 10ms/99.6%, 20ms/99.8%, 50ms/99.9%, 100ms/99.9%
[0.178s][info][gc,marking  ] GC(1) Y: Mark: 4 stripe(s), 2 proactive flush(es), 1 terminate flush(es), 0 completion(s), 0 continuation(s) 
[0.178s][info][gc,marking  ] GC(1) Y: Mark Stack Usage: 32M
[0.178s][info][gc,nmethod  ] GC(1) Y: NMethods: 83 registered, 3 unregistered
[0.178s][info][gc,metaspace] GC(1) Y: Metaspace: 0M used, 0M committed, 1088M reserved
[0.178s][info][gc,reloc    ] GC(1) Y:                        Candidates     Selected     In-Place         Size        Empty    Relocated 
[0.178s][info][gc,reloc    ] GC(1) Y: Small Pages:                  103            6            0         206M         188M           1M 
[0.178s][info][gc,reloc    ] GC(1) Y: Medium Pages:                   0            0            0           0M           0M           0M 
[0.178s][info][gc,reloc    ] GC(1) Y: Large Pages:                    0            0            0           0M           0M           0M 
[0.178s][info][gc,reloc    ] GC(1) Y: Forwarding Usage: 0M
[0.178s][info][gc,reloc    ] GC(1) Y: Age Table:
[0.178s][info][gc,reloc    ] GC(1) Y:                    Live             Garbage             Small              Medium             Large        
[0.178s][info][gc,reloc    ] GC(1) Y: Eden               3M (0%)          184M (18%)         94 / 2              0 / 0              0 / 0        
[0.178s][info][gc,reloc    ] GC(1) Y: Survivor 1         0M (0%)           17M (2%)           9 / 4              0 / 0              0 / 0        
[0.178s][info][gc,heap     ] GC(1) Y: Min Capacity: 1024M(100%)
[0.178s][info][gc,heap     ] GC(1) Y: Max Capacity: 1024M(100%)
[0.178s][info][gc,heap     ] GC(1) Y: Soft Max Capacity: 1024M(100%)
[0.178s][info][gc,heap     ] GC(1) Y: Heap Statistics:
[0.178s][info][gc,heap     ] GC(1) Y:                Mark Start          Mark End        Relocate Start      Relocate End           High               Low         
[0.178s][info][gc,heap     ] GC(1) Y:  Capacity:     1024M (100%)       1024M (100%)       1024M (100%)       1024M (100%)       1024M (100%)       1024M (100%)   
[0.178s][info][gc,heap     ] GC(1) Y:      Free:      818M (80%)         814M (79%)         970M (95%)         968M (95%)         982M (96%)         814M (79%)    
[0.178s][info][gc,heap     ] GC(1) Y:      Used:      206M (20%)         210M (21%)          54M (5%)           56M (5%)          210M (21%)          42M (4%)     
[0.178s][info][gc,heap     ] GC(1) Y: Young Generation Statistics:
[0.178s][info][gc,heap     ] GC(1) Y:                Mark Start          Mark End        Relocate Start      Relocate End    
[0.178s][info][gc,heap     ] GC(1) Y:      Used:      206M (20%)         210M (21%)          54M (5%)           56M (5%)     
[0.178s][info][gc,heap     ] GC(1) Y:      Live:         -                 4M (0%)            4M (0%)            4M (0%)     
[0.178s][info][gc,heap     ] GC(1) Y:   Garbage:         -               201M (20%)          13M (1%)            1M (0%)     
[0.178s][info][gc,heap     ] GC(1) Y: Allocated:         -                 4M (0%)           36M (4%)           50M (5%)     
[0.178s][info][gc,heap     ] GC(1) Y: Reclaimed:         -                  -               188M (18%)         200M (20%)    
[0.178s][info][gc,heap     ] GC(1) Y:  Promoted:         -                  -                 0M (0%)            0M (0%)     
[0.178s][info][gc,heap     ] GC(1) Y: Compacted:         -                  -                  -                 1M (0%)     
[0.178s][info][gc,phases   ] GC(1) Y: Young Generation 206M(20%)->56M(5%) 0.005s
[0.178s][info][gc,phases   ] GC(1) O: Old Generation
[0.178s][info][gc,phases   ] GC(1) O: Concurrent Mark 0.423ms
[0.178s][info][gc,phases   ] GC(1) O: Pause Mark End 0.012ms
[0.178s][info][gc,phases   ] GC(1) O: Concurrent Mark Free 0.001ms
[0.179s][info][gc,phases   ] GC(1) O: Concurrent Process Non-Strong 0.555ms
[0.179s][info][gc,phases   ] GC(1) O: Concurrent Reset Relocation Set 0.000ms
[0.181s][info][gc,phases   ] GC(1) O: Concurrent Select Relocation Set 2.162ms
[0.181s][info][gc,task     ] GC(1) O: Using 4 Workers for Old Generation
[0.217s][info][gc,task     ] GC(1) O: Using 1 Workers for Old Generation
[0.217s][info][gc,phases   ] GC(1) O: Concurrent Remap Roots 35.948ms
[0.217s][info][gc,phases   ] GC(1) O: Pause Relocate Start 0.012ms
[0.218s][info][gc,phases   ] GC(1) O: Concurrent Relocate 0.157ms
[0.218s][info][gc,alloc    ] GC(1) O:                         Mark Start        Mark End      Relocate Start    Relocate End   
[0.218s][info][gc,alloc    ] GC(1) O: Allocation Stalls:          0                0                0                0         
[0.218s][info][gc,load     ] GC(1) O: Load: 0.00 (0%) / 0.00 (0%) / 0.00 (0%)
[0.218s][info][gc,mmu      ] GC(1) O: MMU: 2ms/98.9%, 5ms/99.4%, 10ms/99.6%, 20ms/99.8%, 50ms/99.9%, 100ms/99.9%
[0.218s][info][gc,marking  ] GC(1) O: Mark: 1 stripe(s), 1 proactive flush(es), 1 terminate flush(es), 0 completion(s), 0 continuation(s) 
[0.218s][info][gc,marking  ] GC(1) O: Mark Stack Usage: 0M
[0.218s][info][gc,nmethod  ] GC(1) O: NMethods: 81 registered, 5 unregistered
[0.218s][info][gc,metaspace] GC(1) O: Metaspace: 0M used, 0M committed, 1088M reserved
[0.218s][info][gc,ref      ] GC(1) O:                       Encountered   Discovered     Enqueued 
[0.218s][info][gc,ref      ] GC(1) O: Soft References:                2            0            0 
[0.218s][info][gc,ref      ] GC(1) O: Weak References:                9            0            0 
[0.218s][info][gc,ref      ] GC(1) O: Final References:               0            0            0 
[0.218s][info][gc,ref      ] GC(1) O: Phantom References:             1            0            0 
[0.218s][info][gc,heap     ] GC(1) O: Min Capacity: 1024M(100%)
[0.218s][info][gc,heap     ] GC(1) O: Max Capacity: 1024M(100%)
[0.218s][info][gc,heap     ] GC(1) O: Soft Max Capacity: 1024M(100%)
[0.218s][info][gc,heap     ] GC(1) O: Heap Statistics:
[0.218s][info][gc,heap     ] GC(1) O:                Mark Start          Mark End        Relocate Start      Relocate End           High               Low         
[0.218s][info][gc,heap     ] GC(1) O:  Capacity:     1024M (100%)       1024M (100%)       1024M (100%)       1024M (100%)       1024M (100%)       1024M (100%)   
[0.218s][info][gc,heap     ] GC(1) O:      Free:      818M (80%)         964M (94%)         760M (74%)         760M (74%)         982M (96%)         760M (74%)    
[0.218s][info][gc,heap     ] GC(1) O:      Used:      206M (20%)          60M (6%)          264M (26%)         264M (26%)         264M (26%)          42M (4%)     
[0.218s][info][gc,heap     ] GC(1) O: Old Generation Statistics:
[0.218s][info][gc,heap     ] GC(1) O:                Mark Start          Mark End        Relocate Start      Relocate End    
[0.218s][info][gc,heap     ] GC(1) O:      Used:        0M (0%)            0M (0%)            0M (0%)            0M (0%)     
[0.218s][info][gc,heap     ] GC(1) O:      Live:         -                 0M (0%)            0M (0%)            0M (0%)     
[0.218s][info][gc,heap     ] GC(1) O:   Garbage:         -                 0M (0%)            0M (0%)            0M (0%)     
[0.218s][info][gc,heap     ] GC(1) O: Allocated:         -                 0M (0%)            0M (0%)            0M (0%)     
[0.218s][info][gc,heap     ] GC(1) O: Reclaimed:         -                  -                 0M (0%)            0M (0%)     
[0.218s][info][gc,heap     ] GC(1) O: Compacted:         -                  -                  -                 0M (0%)     
[0.218s][info][gc,phases   ] GC(1) O: Old Generation 56M(5%)->264M(26%) 0.040s
[0.218s][info][gc          ] GC(1) Major Collection (Warmup) 206M(20%)->266M(26%) 0.046s
[0.237s][info][gc          ] GC(2) Major Collection (Warmup)
[0.237s][info][gc,task     ] GC(2) Using 4 Workers for Young Generation
[0.237s][info][gc,task     ] GC(2) Using 1 Workers for Old Generation
[0.237s][info][gc,phases   ] GC(2) Y: Young Generation
[0.237s][info][gc,phases   ] GC(2) Y: Pause Mark Start (Major) 0.026ms
[0.239s][info][gc,phases   ] GC(2) Y: Concurrent Mark 1.574ms
[0.239s][info][gc,phases   ] GC(2) Y: Pause Mark End 0.014ms
[0.239s][info][gc,phases   ] GC(2) Y: Concurrent Mark Free 0.001ms
[0.239s][info][gc,phases   ] GC(2) Y: Concurrent Reset Relocation Set 0.001ms
[0.241s][info][gc,reloc    ] GC(2) Y: Using tenuring threshold: 1 (Computed)
[0.242s][info][gc,phases   ] GC(2) Y: Concurrent Select Relocation Set 2.641ms
[0.242s][info][gc,phases   ] GC(2) Y: Pause Relocate Start 0.009ms
[0.243s][info][gc,phases   ] GC(2) Y: Concurrent Relocate 1.179ms
[0.243s][info][gc,alloc    ] GC(2) Y:                         Mark Start        Mark End      Relocate Start    Relocate End   
[0.243s][info][gc,alloc    ] GC(2) Y: Allocation Stalls:          0                0                0                0         
[0.243s][info][gc,load     ] GC(2) Y: Load: 0.00 (0%) / 0.00 (0%) / 0.00 (0%)
[0.243s][info][gc,mmu      ] GC(2) Y: MMU: 2ms/98.0%, 5ms/99.0%, 10ms/99.5%, 20ms/99.8%, 50ms/99.9%, 100ms/99.9%
[0.243s][info][gc,marking  ] GC(2) Y: Mark: 4 stripe(s), 3 proactive flush(es), 1 terminate flush(es), 0 completion(s), 0 continuation(s) 
[0.243s][info][gc,marking  ] GC(2) Y: Mark Stack Usage: 32M
[0.243s][info][gc,nmethod  ] GC(2) Y: NMethods: 81 registered, 5 unregistered
[0.243s][info][gc,metaspace] GC(2) Y: Metaspace: 0M used, 0M committed, 1088M reserved
[0.244s][info][gc,reloc    ] GC(2) Y:                        Candidates     Selected     In-Place         Size        Empty    Relocated 
[0.244s][info][gc,reloc    ] GC(2) Y: Small Pages:                  154            4            0         308M         290M           1M 
[0.244s][info][gc,reloc    ] GC(2) Y: Medium Pages:                   0            0            0           0M           0M           0M 
[0.244s][info][gc,reloc    ] GC(2) Y: Large Pages:                    0            0            0           0M           0M           0M 
[0.244s][info][gc,reloc    ] GC(2) Y: Forwarding Usage: 0M
[0.244s][info][gc,reloc    ] GC(2) Y: Age Table:
[0.244s][info][gc,reloc    ] GC(2) Y:                    Live             Garbage             Small              Medium             Large        
[0.244s][info][gc,reloc    ] GC(2) Y: Eden               7M (1%)          286M (28%)        147 / 1              0 / 0              0 / 0        
[0.244s][info][gc,reloc    ] GC(2) Y: Survivor 1         0M (0%)            7M (1%)           4 / 0              0 / 0              0 / 0        
[0.244s][info][gc,reloc    ] GC(2) Y: Survivor 2         0M (0%)            5M (0%)           3 / 3              0 / 0              0 / 0        
[0.244s][info][gc,heap     ] GC(2) Y: Min Capacity: 1024M(100%)
[0.244s][info][gc,heap     ] GC(2) Y: Max Capacity: 1024M(100%)
[0.244s][info][gc,heap     ] GC(2) Y: Soft Max Capacity: 1024M(100%)
[0.244s][info][gc,heap     ] GC(2) Y: Heap Statistics:
[0.244s][info][gc,heap     ] GC(2) Y:                Mark Start          Mark End        Relocate Start      Relocate End           High               Low         
[0.244s][info][gc,heap     ] GC(2) Y:  Capacity:     1024M (100%)       1024M (100%)       1024M (100%)       1024M (100%)       1024M (100%)       1024M (100%)   
[0.244s][info][gc,heap     ] GC(2) Y:      Free:      716M (70%)         710M (69%)         976M (95%)         966M (94%)         990M (97%)         710M (69%)    
[0.244s][info][gc,heap     ] GC(2) Y:      Used:      308M (30%)         314M (31%)          48M (5%)           58M (6%)          314M (31%)          34M (3%)     
[0.244s][info][gc,heap     ] GC(2) Y: Young Generation Statistics:
[0.244s][info][gc,heap     ] GC(2) Y:                Mark Start          Mark End        Relocate Start      Relocate End    
[0.244s][info][gc,heap     ] GC(2) Y:      Used:      308M (30%)         314M (31%)          48M (5%)           52M (5%)     
[0.244s][info][gc,heap     ] GC(2) Y:      Live:         -                 8M (1%)            8M (1%)            7M (1%)     
[0.244s][info][gc,heap     ] GC(2) Y:   Garbage:         -               299M (29%)           9M (1%)            1M (0%)     
[0.244s][info][gc,heap     ] GC(2) Y: Allocated:         -                 6M (1%)           30M (3%)           43M (4%)     
[0.244s][info][gc,heap     ] GC(2) Y: Reclaimed:         -                  -               290M (28%)         298M (29%)    
[0.244s][info][gc,heap     ] GC(2) Y:  Promoted:         -                  -                 0M (0%)            0M (0%)     
[0.244s][info][gc,heap     ] GC(2) Y: Compacted:         -                  -                  -                 0M (0%)     
[0.244s][info][gc,phases   ] GC(2) Y: Young Generation 308M(30%)->58M(6%) 0.006s
[0.244s][info][gc,phases   ] GC(2) O: Old Generation
[0.244s][info][gc,phases   ] GC(2) O: Concurrent Mark 0.446ms
[0.244s][info][gc,phases   ] GC(2) O: Pause Mark End 0.014ms
[0.245s][info][gc,phases   ] GC(2) O: Concurrent Mark Free 0.001ms
[0.245s][info][gc,phases   ] GC(2) O: Concurrent Process Non-Strong 0.724ms
[0.245s][info][gc,phases   ] GC(2) O: Concurrent Reset Relocation Set 0.001ms
[0.247s][info][gc,phases   ] GC(2) O: Concurrent Select Relocation Set 2.122ms
[0.248s][info][gc,task     ] GC(2) O: Using 4 Workers for Old Generation
[0.282s][info][gc,task     ] GC(2) O: Using 1 Workers for Old Generation
[0.282s][info][gc,phases   ] GC(2) O: Concurrent Remap Roots 34.195ms
[0.282s][info][gc,phases   ] GC(2) O: Pause Relocate Start 0.011ms
[0.282s][info][gc,phases   ] GC(2) O: Concurrent Relocate 0.044ms
[0.282s][info][gc,alloc    ] GC(2) O:                         Mark Start        Mark End      Relocate Start    Relocate End   
[0.282s][info][gc,alloc    ] GC(2) O: Allocation Stalls:          0                0                0                0         
[0.282s][info][gc,load     ] GC(2) O: Load: 0.00 (0%) / 0.00 (0%) / 0.00 (0%)
[0.282s][info][gc,mmu      ] GC(2) O: MMU: 2ms/98.0%, 5ms/99.0%, 10ms/99.4%, 20ms/99.7%, 50ms/99.9%, 100ms/99.9%
[0.282s][info][gc,marking  ] GC(2) O: Mark: 1 stripe(s), 1 proactive flush(es), 1 terminate flush(es), 0 completion(s), 0 continuation(s) 
[0.282s][info][gc,marking  ] GC(2) O: Mark Stack Usage: 0M
[0.282s][info][gc,nmethod  ] GC(2) O: NMethods: 81 registered, 5 unregistered
[0.282s][info][gc,metaspace] GC(2) O: Metaspace: 0M used, 0M committed, 1088M reserved
[0.282s][info][gc,ref      ] GC(2) O:                       Encountered   Discovered     Enqueued 
[0.282s][info][gc,ref      ] GC(2) O: Soft References:                2            0            0 
[0.282s][info][gc,ref      ] GC(2) O: Weak References:                9            0            0 
[0.282s][info][gc,ref      ] GC(2) O: Final References:               0            0            0 
[0.282s][info][gc,ref      ] GC(2) O: Phantom References:             1            0            0 
[0.282s][info][gc,heap     ] GC(2) O: Min Capacity: 1024M(100%)
[0.282s][info][gc,heap     ] GC(2) O: Max Capacity: 1024M(100%)
[0.282s][info][gc,heap     ] GC(2) O: Soft Max Capacity: 1024M(100%)
[0.282s][info][gc,heap     ] GC(2) O: Heap Statistics:
[0.282s][info][gc,heap     ] GC(2) O:                Mark Start          Mark End        Relocate Start      Relocate End           High               Low         
[0.282s][info][gc,heap     ] GC(2) O:  Capacity:     1024M (100%)       1024M (100%)       1024M (100%)       1024M (100%)       1024M (100%)       1024M (100%)   
[0.282s][info][gc,heap     ] GC(2) O:      Free:      716M (70%)         952M (93%)         688M (67%)         688M (67%)         990M (97%)         688M (67%)    
[0.282s][info][gc,heap     ] GC(2) O:      Used:      308M (30%)          72M (7%)          336M (33%)         336M (33%)         336M (33%)          34M (3%)     
[0.282s][info][gc,heap     ] GC(2) O: Old Generation Statistics:
[0.282s][info][gc,heap     ] GC(2) O:                Mark Start          Mark End        Relocate Start      Relocate End    
[0.282s][info][gc,heap     ] GC(2) O:      Used:        0M (0%)            6M (1%)            6M (1%)            6M (1%)     
[0.282s][info][gc,heap     ] GC(2) O:      Live:         -                 0M (0%)            0M (0%)            0M (0%)     
[0.282s][info][gc,heap     ] GC(2) O:   Garbage:         -                 0M (0%)            0M (0%)            0M (0%)     
[0.282s][info][gc,heap     ] GC(2) O: Allocated:         -                 6M (1%)            6M (1%)            6M (1%)     
[0.282s][info][gc,heap     ] GC(2) O: Reclaimed:         -                  -                 0M (0%)            0M (0%)     
[0.282s][info][gc,heap     ] GC(2) O: Compacted:         -                  -                  -                 0M (0%)     
[0.282s][info][gc,phases   ] GC(2) O: Old Generation 66M(6%)->336M(33%) 0.038s
[0.282s][info][gc          ] GC(2) Major Collection (Warmup) 308M(30%)->338M(33%) 0.045s
[0.372s][info][gc,exit     ] Stopping ZGC
[0.372s][info][gc,stats    ] === Garbage Collection Statistics =======================================================================================================================
[0.372s][info][gc,stats    ]                                                              Last 10s              Last 10m              Last 10h                Total
[0.372s][info][gc,stats    ]                                                              Avg / Max             Avg / Max             Avg / Max             Avg / Max
[0.372s][info][gc,stats    ]        Contention: Mark Segment Reset Contention                     0 / 0                 0 / 0                 0 / 0                 0 / 0           ops/s
[0.372s][info][gc,stats    ]        Contention: Mark SeqNum Reset Contention                      0 / 0                 0 / 0                 0 / 0                 0 / 0           ops/s
[0.372s][info][gc,stats    ]          Critical: Allocation Stall                                  0 / 0                 0 / 0                 0 / 0                 0 / 0           ops/s
[0.372s][info][gc,stats    ]          Critical: Allocation Stall                              0.000 / 0.000         0.000 / 0.000         0.000 / 0.000         0.000 / 0.000       ms
[0.372s][info][gc,stats    ]          Critical: JNI Critical Stall                                0 / 0                 0 / 0                 0 / 0                 0 / 0           ops/s
[0.372s][info][gc,stats    ]          Critical: JNI Critical Stall                            0.000 / 0.000         0.000 / 0.000         0.000 / 0.000         0.000 / 0.000       ms
[0.372s][info][gc,stats    ]          Critical: Relocation Stall                                  0 / 0                 0 / 0                 0 / 0                 0 / 0           ops/s
[0.372s][info][gc,stats    ]          Critical: Relocation Stall                              0.000 / 0.000         0.000 / 0.000         0.000 / 0.000         0.000 / 0.000       ms
[0.373s][info][gc,stats    ]  Major Collection: Major Collection                              0.000 / 0.000         0.000 / 0.000         0.000 / 0.000         0.000 / 0.000       ms
[0.373s][info][gc,stats    ]            Memory: Allocation Rate                                   0 / 0                 0 / 0                 0 / 0                 0 / 0           MB/s
[0.373s][info][gc,stats    ]            Memory: Defragment                                        0 / 0                 0 / 0                 0 / 0                 0 / 0           ops/s
[0.373s][info][gc,stats    ]            Memory: Out Of Memory                                     0 / 0                 0 / 0                 0 / 0                 0 / 0           ops/s
[0.373s][info][gc,stats    ]            Memory: Page Cache Flush                                  0 / 0                 0 / 0                 0 / 0                 0 / 0           MB/s
[0.373s][info][gc,stats    ]            Memory: Page Cache Hit L1                                 0 / 0                 0 / 0                 0 / 0                 0 / 0           ops/s
[0.373s][info][gc,stats    ]            Memory: Page Cache Hit L2                                 0 / 0                 0 / 0                 0 / 0                 0 / 0           ops/s
[0.373s][info][gc,stats    ]            Memory: Page Cache Hit L3                                 0 / 0                 0 / 0                 0 / 0                 0 / 0           ops/s
[0.373s][info][gc,stats    ]            Memory: Page Cache Miss                                   0 / 0                 0 / 0                 0 / 0                 0 / 0           ops/s
[0.373s][info][gc,stats    ]            Memory: Uncommit                                          0 / 0                 0 / 0                 0 / 0                 0 / 0           MB/s
[0.373s][info][gc,stats    ]            Memory: Undo Object Allocation Failed                     0 / 0                 0 / 0                 0 / 0                 0 / 0           ops/s
[0.373s][info][gc,stats    ]            Memory: Undo Object Allocation Succeeded                  0 / 0                 0 / 0                 0 / 0                 0 / 0           ops/s
[0.373s][info][gc,stats    ]            Memory: Undo Page Allocation                              0 / 0                 0 / 0                 0 / 0                 0 / 0           ops/s
[0.373s][info][gc,stats    ]  Minor Collection: Minor Collection                              0.000 / 0.000         0.000 / 0.000         0.000 / 0.000         0.000 / 0.000       ms
[0.373s][info][gc,stats    ]    Old Generation: Old Generation                                0.000 / 0.000         0.000 / 0.000         0.000 / 0.000         0.000 / 0.000       ms
[0.373s][info][gc,stats    ]         Old Pause: Pause Mark End                                0.000 / 0.000         0.000 / 0.000         0.000 / 0.000         0.000 / 0.000       ms
[0.373s][info][gc,stats    ]         Old Pause: Pause Relocate Start                          0.000 / 0.000         0.000 / 0.000         0.000 / 0.000         0.000 / 0.000       ms
[0.373s][info][gc,stats    ]         Old Phase: Concurrent Mark                               0.000 / 0.000         0.000 / 0.000         0.000 / 0.000         0.000 / 0.000       ms
[0.373s][info][gc,stats    ]         Old Phase: Concurrent Mark Continue                      0.000 / 0.000         0.000 / 0.000         0.000 / 0.000         0.000 / 0.000       ms
[0.373s][info][gc,stats    ]         Old Phase: Concurrent Mark Free                          0.000 / 0.000         0.000 / 0.000         0.000 / 0.000         0.000 / 0.000       ms
[0.373s][info][gc,stats    ]         Old Phase: Concurrent Process Non-Strong                 0.000 / 0.000         0.000 / 0.000         0.000 / 0.000         0.000 / 0.000       ms
[0.373s][info][gc,stats    ]         Old Phase: Concurrent Relocate                           0.000 / 0.000         0.000 / 0.000         0.000 / 0.000         0.000 / 0.000       ms
[0.373s][info][gc,stats    ]         Old Phase: Concurrent Remap Roots                        0.000 / 0.000         0.000 / 0.000         0.000 / 0.000         0.000 / 0.000       ms
[0.373s][info][gc,stats    ]         Old Phase: Concurrent Reset Relocation Set               0.000 / 0.000         0.000 / 0.000         0.000 / 0.000         0.000 / 0.000       ms
[0.373s][info][gc,stats    ]         Old Phase: Concurrent Select Relocation Set              0.000 / 0.000         0.000 / 0.000         0.000 / 0.000         0.000 / 0.000       ms
[0.373s][info][gc,stats    ]      Old Subphase: Concurrent Classes Purge                      0.000 / 0.000         0.000 / 0.000         0.000 / 0.000         0.000 / 0.000       ms
[0.373s][info][gc,stats    ]      Old Subphase: Concurrent Classes Unlink                     0.000 / 0.000         0.000 / 0.000         0.000 / 0.000         0.000 / 0.000       ms
[0.373s][info][gc,stats    ]      Old Subphase: Concurrent Mark Follow                        0.000 / 0.000         0.000 / 0.000         0.000 / 0.000         0.000 / 0.000       ms
[0.373s][info][gc,stats    ]      Old Subphase: Concurrent Mark Root Colored                  0.000 / 0.000         0.000 / 0.000         0.000 / 0.000         0.000 / 0.000       ms
[0.373s][info][gc,stats    ]      Old Subphase: Concurrent Mark Root Uncolored                0.000 / 0.000         0.000 / 0.000         0.000 / 0.000         0.000 / 0.000       ms
[0.373s][info][gc,stats    ]      Old Subphase: Concurrent Mark Roots                         0.000 / 0.000         0.000 / 0.000         0.000 / 0.000         0.000 / 0.000       ms
[0.373s][info][gc,stats    ]      Old Subphase: Concurrent References Enqueue                 0.000 / 0.000         0.000 / 0.000         0.000 / 0.000         0.000 / 0.000       ms
[0.373s][info][gc,stats    ]      Old Subphase: Concurrent References Process                 0.000 / 0.000         0.000 / 0.000         0.000 / 0.000         0.000 / 0.000       ms
[0.373s][info][gc,stats    ]      Old Subphase: Concurrent Remap Remembered                   0.000 / 0.000         0.000 / 0.000         0.000 / 0.000         0.000 / 0.000       ms
[0.373s][info][gc,stats    ]      Old Subphase: Concurrent Remap Roots Colored                0.000 / 0.000         0.000 / 0.000         0.000 / 0.000         0.000 / 0.000       ms
[0.373s][info][gc,stats    ]      Old Subphase: Concurrent Remap Roots Uncolored              0.000 / 0.000         0.000 / 0.000         0.000 / 0.000         0.000 / 0.000       ms
[0.373s][info][gc,stats    ]      Old Subphase: Concurrent Roots ClassLoaderDataGraph         0.000 / 0.000         0.000 / 0.000         0.000 / 0.000         0.000 / 0.000       ms
[0.373s][info][gc,stats    ]      Old Subphase: Concurrent Roots CodeCache                    0.000 / 0.000         0.000 / 0.000         0.000 / 0.000         0.000 / 0.000       ms
[0.373s][info][gc,stats    ]      Old Subphase: Concurrent Roots JavaThreads                  0.000 / 0.000         0.000 / 0.000         0.000 / 0.000         0.000 / 0.000       ms
[0.373s][info][gc,stats    ]      Old Subphase: Concurrent Roots OopStorageSet                0.000 / 0.000         0.000 / 0.000         0.000 / 0.000         0.000 / 0.000       ms
[0.373s][info][gc,stats    ]      Old Subphase: Concurrent Weak Roots OopStorageSet           0.000 / 0.000         0.000 / 0.000         0.000 / 0.000         0.000 / 0.000       ms
[0.373s][info][gc,stats    ]            System: Java Threads                                      0 / 0                 0 / 0                 0 / 0                 0 / 0           threads
[0.373s][info][gc,stats    ]  Young Generation: Young Generation                              0.000 / 0.000         0.000 / 0.000         0.000 / 0.000         0.000 / 0.000       ms
[0.373s][info][gc,stats    ]  Young Generation: Young Generation                              0.000 / 0.000         0.000 / 0.000         0.000 / 0.000         0.000 / 0.000       ms
[0.373s][info][gc,stats    ]  Young Generation: Young Generation (Collect Roots)              0.000 / 0.000         0.000 / 0.000         0.000 / 0.000         0.000 / 0.000       ms
[0.373s][info][gc,stats    ]  Young Generation: Young Generation (Promote All)                0.000 / 0.000         0.000 / 0.000         0.000 / 0.000         0.000 / 0.000       ms
[0.373s][info][gc,stats    ]       Young Pause: Pause Mark End                                0.000 / 0.000         0.000 / 0.000         0.000 / 0.000         0.000 / 0.000       ms
[0.373s][info][gc,stats    ]       Young Pause: Pause Mark Start                              0.000 / 0.000         0.000 / 0.000         0.000 / 0.000         0.000 / 0.000       ms
[0.373s][info][gc,stats    ]       Young Pause: Pause Mark Start (Major)                      0.000 / 0.000         0.000 / 0.000         0.000 / 0.000         0.000 / 0.000       ms
[0.373s][info][gc,stats    ]       Young Pause: Pause Relocate Start                          0.000 / 0.000         0.000 / 0.000         0.000 / 0.000         0.000 / 0.000       ms
[0.373s][info][gc,stats    ]       Young Phase: Concurrent Mark                               0.000 / 0.000         0.000 / 0.000         0.000 / 0.000         0.000 / 0.000       ms
[0.373s][info][gc,stats    ]       Young Phase: Concurrent Mark Continue                      0.000 / 0.000         0.000 / 0.000         0.000 / 0.000         0.000 / 0.000       ms
[0.373s][info][gc,stats    ]       Young Phase: Concurrent Mark Free                          0.000 / 0.000         0.000 / 0.000         0.000 / 0.000         0.000 / 0.000       ms
[0.373s][info][gc,stats    ]       Young Phase: Concurrent Relocate                           0.000 / 0.000         0.000 / 0.000         0.000 / 0.000         0.000 / 0.000       ms
[0.373s][info][gc,stats    ]       Young Phase: Concurrent Reset Relocation Set               0.000 / 0.000         0.000 / 0.000         0.000 / 0.000         0.000 / 0.000       ms
[0.373s][info][gc,stats    ]       Young Phase: Concurrent Select Relocation Set              0.000 / 0.000         0.000 / 0.000         0.000 / 0.000         0.000 / 0.000       ms
[0.373s][info][gc,stats    ]    Young Subphase: Concurrent Mark Follow                        0.000 / 0.000         0.000 / 0.000         0.000 / 0.000         0.000 / 0.000       ms
[0.373s][info][gc,stats    ]    Young Subphase: Concurrent Mark Root Colored                  0.000 / 0.000         0.000 / 0.000         0.000 / 0.000         0.000 / 0.000       ms
[0.373s][info][gc,stats    ]    Young Subphase: Concurrent Mark Root Uncolored                0.000 / 0.000         0.000 / 0.000         0.000 / 0.000         0.000 / 0.000       ms
[0.373s][info][gc,stats    ]    Young Subphase: Concurrent Mark Roots                         0.000 / 0.000         0.000 / 0.000         0.000 / 0.000         0.000 / 0.000       ms
[0.373s][info][gc,stats    ]    Young Subphase: Concurrent Relocate Remset FP                 0.000 / 0.000         0.000 / 0.000         0.000 / 0.000         0.000 / 0.000       ms
[0.373s][info][gc,stats    ]    Young Subphase: Concurrent Roots ClassLoaderDataGraph         0.000 / 0.000         0.000 / 0.000         0.000 / 0.000         0.000 / 0.000       ms
[0.373s][info][gc,stats    ]    Young Subphase: Concurrent Roots CodeCache                    0.000 / 0.000         0.000 / 0.000         0.000 / 0.000         0.000 / 0.000       ms
[0.373s][info][gc,stats    ]    Young Subphase: Concurrent Roots JavaThreads                  0.000 / 0.000         0.000 / 0.000         0.000 / 0.000         0.000 / 0.000       ms
[0.373s][info][gc,stats    ]    Young Subphase: Concurrent Roots OopStorageSet                0.000 / 0.000         0.000 / 0.000         0.000 / 0.000         0.000 / 0.000       ms
[0.373s][info][gc,stats    ]    Young Subphase: Concurrent Weak Roots OopStorageSet           0.000 / 0.000         0.000 / 0.000         0.000 / 0.000         0.000 / 0.000       ms
[0.373s][info][gc,stats    ] =========================================================================================================================================================
[0.373s][info][gc,heap,exit] Heap
[0.373s][info][gc,heap,exit]  ZHeap           used 444M, capacity 1024M, max capacity 1024M
[0.373s][info][gc,heap,exit]  Metaspace       used 863K, committed 1024K, reserved 1114112K
[0.373s][info][gc,heap,exit]   class space    used 77K, committed 128K, reserved 1048576K
